[0.083s] Invoking command in '/home/albert/umov_ws/build/description': CMAKE_PREFIX_PATH=${CMAKE_PREFIX_PATH}:/home/albert/ws_moveit2/install/moveit_configs_utils:/home/albert/ws_moveit2/install/launch_param_builder:/home/albert/umov_ws/install/arduino_py_examples:/home/albert/udem2_ws/install/actions_py:/home/albert/udem2_ws/install/lifecycle_py:/home/albert/udem2_ws/install/executors_py:/home/albert/udem2_ws/install/components_py:/home/albert/udem_ws/install/turtlesim_catcher:/home/albert/udem_ws/install/my_py_pkg:/home/albert/udem_ws/install/lifecycle_py:/home/albert/bcdc_ws/install/agbot_teleop:/home/albert/bcdc_ws/install/agbot_py:/home/albert/arduinobot_ws/install/arduinobot_py_examples:/opt/ros/humble /home/albert/.local/bin/cmake /home/albert/umov_ws/src/description -DCMAKE_INSTALL_PREFIX=/home/albert/umov_ws/install/description
[0.215s] -- The C compiler identification is GNU 11.4.0
[0.363s] -- The CXX compiler identification is GNU 11.4.0
[0.395s] -- Detecting C compiler ABI info
[0.571s] -- Detecting C compiler ABI info - done
[0.637s] -- Check for working C compiler: /usr/bin/cc - skipped
[0.637s] -- Detecting C compile features
[0.638s] -- Detecting C compile features - done
[0.651s] -- Detecting CXX compiler ABI info
[0.885s] -- Detecting CXX compiler ABI info - done
[0.938s] -- Check for working CXX compiler: /usr/bin/c++ - skipped
[0.939s] -- Detecting CXX compile features
[0.941s] -- Detecting CXX compile features - done
[0.978s] -- Found ament_cmake: 1.3.11 (/opt/ros/humble/share/ament_cmake/cmake)
[1.506s] -- Found Python3: /usr/bin/python3 (found version "3.10.12") found components: Interpreter
[2.180s] -- Found urdf: 2.6.1 (/opt/ros/humble/share/urdf/cmake)
[2.512s] -- Found ament_lint_auto: 0.12.11 (/opt/ros/humble/share/ament_lint_auto/cmake)
[2.836s] -- Added test 'flake8' to check Python code syntax and style conventions
[2.842s] -- Added test 'lint_cmake' to check CMake code style
[2.848s] -- Added test 'pep257' to check Python code against some of the docstring style conventions in PEP 257
[2.857s] -- Added test 'xmllint' to check XML markup files
[2.867s] -- Configuring done (2.8s)
[2.872s] -- Generating done (0.0s)
[2.875s] -- Build files have been written to: /home/albert/umov_ws/build/description
[2.886s] Invoked command in '/home/albert/umov_ws/build/description' returned '0': CMAKE_PREFIX_PATH=${CMAKE_PREFIX_PATH}:/home/albert/ws_moveit2/install/moveit_configs_utils:/home/albert/ws_moveit2/install/launch_param_builder:/home/albert/umov_ws/install/arduino_py_examples:/home/albert/udem2_ws/install/actions_py:/home/albert/udem2_ws/install/lifecycle_py:/home/albert/udem2_ws/install/executors_py:/home/albert/udem2_ws/install/components_py:/home/albert/udem_ws/install/turtlesim_catcher:/home/albert/udem_ws/install/my_py_pkg:/home/albert/udem_ws/install/lifecycle_py:/home/albert/bcdc_ws/install/agbot_teleop:/home/albert/bcdc_ws/install/agbot_py:/home/albert/arduinobot_ws/install/arduinobot_py_examples:/opt/ros/humble /home/albert/.local/bin/cmake /home/albert/umov_ws/src/description -DCMAKE_INSTALL_PREFIX=/home/albert/umov_ws/install/description
[2.888s] Invoking command in '/home/albert/umov_ws/build/description': CMAKE_PREFIX_PATH=${CMAKE_PREFIX_PATH}:/home/albert/ws_moveit2/install/moveit_configs_utils:/home/albert/ws_moveit2/install/launch_param_builder:/home/albert/umov_ws/install/arduino_py_examples:/home/albert/udem2_ws/install/actions_py:/home/albert/udem2_ws/install/lifecycle_py:/home/albert/udem2_ws/install/executors_py:/home/albert/udem2_ws/install/components_py:/home/albert/udem_ws/install/turtlesim_catcher:/home/albert/udem_ws/install/my_py_pkg:/home/albert/udem_ws/install/lifecycle_py:/home/albert/bcdc_ws/install/agbot_teleop:/home/albert/bcdc_ws/install/agbot_py:/home/albert/arduinobot_ws/install/arduinobot_py_examples:/opt/ros/humble /home/albert/.local/bin/cmake --build /home/albert/umov_ws/build/description -- -j8 -l8
[2.928s] Invoked command in '/home/albert/umov_ws/build/description' returned '0': CMAKE_PREFIX_PATH=${CMAKE_PREFIX_PATH}:/home/albert/ws_moveit2/install/moveit_configs_utils:/home/albert/ws_moveit2/install/launch_param_builder:/home/albert/umov_ws/install/arduino_py_examples:/home/albert/udem2_ws/install/actions_py:/home/albert/udem2_ws/install/lifecycle_py:/home/albert/udem2_ws/install/executors_py:/home/albert/udem2_ws/install/components_py:/home/albert/udem_ws/install/turtlesim_catcher:/home/albert/udem_ws/install/my_py_pkg:/home/albert/udem_ws/install/lifecycle_py:/home/albert/bcdc_ws/install/agbot_teleop:/home/albert/bcdc_ws/install/agbot_py:/home/albert/arduinobot_ws/install/arduinobot_py_examples:/opt/ros/humble /home/albert/.local/bin/cmake --build /home/albert/umov_ws/build/description -- -j8 -l8
[2.931s] Invoking command in '/home/albert/umov_ws/build/description': CMAKE_PREFIX_PATH=${CMAKE_PREFIX_PATH}:/home/albert/ws_moveit2/install/moveit_configs_utils:/home/albert/ws_moveit2/install/launch_param_builder:/home/albert/umov_ws/install/arduino_py_examples:/home/albert/udem2_ws/install/actions_py:/home/albert/udem2_ws/install/lifecycle_py:/home/albert/udem2_ws/install/executors_py:/home/albert/udem2_ws/install/components_py:/home/albert/udem_ws/install/turtlesim_catcher:/home/albert/udem_ws/install/my_py_pkg:/home/albert/udem_ws/install/lifecycle_py:/home/albert/bcdc_ws/install/agbot_teleop:/home/albert/bcdc_ws/install/agbot_py:/home/albert/arduinobot_ws/install/arduinobot_py_examples:/opt/ros/humble /home/albert/.local/bin/cmake --install /home/albert/umov_ws/build/description
[2.939s] -- Install configuration: ""
[2.939s] -- Installing: /home/albert/umov_ws/install/description/share/description/launch
[2.939s] -- Installing: /home/albert/umov_ws/install/description/share/description/launch/gazebo.launch.py
[2.939s] -- Installing: /home/albert/umov_ws/install/description/share/description/launch/orig_gazebo.launch.py
[2.939s] -- Installing: /home/albert/umov_ws/install/description/share/description/launch/display.launch.py
[2.940s] -- Installing: /home/albert/umov_ws/install/description/share/description/meshes
[2.940s] -- Installing: /home/albert/umov_ws/install/description/share/description/meshes/right_finger.STL
[2.940s] -- Installing: /home/albert/umov_ws/install/description/share/description/meshes/triangular_link.STL
[2.942s] -- Installing: /home/albert/umov_ws/install/description/share/description/meshes/round_plate.STL
[2.943s] -- Installing: /home/albert/umov_ws/install/description/share/description/meshes/left_finger.STL
[2.943s] -- Installing: /home/albert/umov_ws/install/description/share/description/meshes/vertical_drive_arm.STL
[2.945s] -- Installing: /home/albert/umov_ws/install/description/share/description/meshes/claw_support.STL
[2.946s] -- Installing: /home/albert/umov_ws/install/description/share/description/meshes/link.STL
[2.947s] -- Installing: /home/albert/umov_ws/install/description/share/description/meshes/horizontal_arm.STL
[2.951s] -- Installing: /home/albert/umov_ws/install/description/share/description/meshes/basement.STL
[2.953s] -- Installing: /home/albert/umov_ws/install/description/share/description/meshes/forward_drive_arm.STL
[2.956s] -- Installing: /home/albert/umov_ws/install/description/share/description/meshes/servo_plate.STL
[2.957s] -- Installing: /home/albert/umov_ws/install/description/share/description/meshes/plate.STL
[2.961s] -- Installing: /home/albert/umov_ws/install/description/share/description/meshes/base_plate.STL
[2.966s] -- Installing: /home/albert/umov_ws/install/description/share/description/meshes/pi_camera.STL
[2.966s] -- Installing: /home/albert/umov_ws/install/description/share/description/models
[2.966s] -- Installing: /home/albert/umov_ws/install/description/share/description/models/ground_plane
[2.967s] -- Installing: /home/albert/umov_ws/install/description/share/description/models/ground_plane/model-1_2.sdf
[2.967s] -- Installing: /home/albert/umov_ws/install/description/share/description/models/ground_plane/model-1_3.sdf
[2.967s] -- Installing: /home/albert/umov_ws/install/description/share/description/models/ground_plane/model.config
[2.967s] -- Installing: /home/albert/umov_ws/install/description/share/description/models/ground_plane/model.sdf
[2.967s] -- Installing: /home/albert/umov_ws/install/description/share/description/models/ground_plane/model-1_4.sdf
[2.967s] -- Installing: /home/albert/umov_ws/install/description/share/description/models/sun
[2.968s] -- Installing: /home/albert/umov_ws/install/description/share/description/models/sun/model-1_2.sdf
[2.968s] -- Installing: /home/albert/umov_ws/install/description/share/description/models/sun/model-1_3.sdf
[2.968s] -- Installing: /home/albert/umov_ws/install/description/share/description/models/sun/model.config
[2.968s] -- Installing: /home/albert/umov_ws/install/description/share/description/models/sun/model.sdf
[2.968s] -- Installing: /home/albert/umov_ws/install/description/share/description/models/sun/model-1_4.sdf
[2.969s] -- Installing: /home/albert/umov_ws/install/description/share/description/urdf
[2.969s] -- Installing: /home/albert/umov_ws/install/description/share/description/urdf/common_properties.xacro
[2.969s] -- Installing: /home/albert/umov_ws/install/description/share/description/urdf/arduino_ros2_control.xacro
[2.969s] -- Installing: /home/albert/umov_ws/install/description/share/description/urdf/arduino.urdf.xacro
[2.969s] -- Installing: /home/albert/umov_ws/install/description/share/description/urdf/arduino_gazebo.xacro
[2.970s] -- Installing: /home/albert/umov_ws/install/description/share/description/rviz
[2.970s] -- Installing: /home/albert/umov_ws/install/description/share/description/rviz/display.rviz
[2.970s] -- Installing: /home/albert/umov_ws/install/description/share/ament_index/resource_index/package_run_dependencies/description
[2.971s] -- Installing: /home/albert/umov_ws/install/description/share/ament_index/resource_index/parent_prefix_path/description
[2.971s] -- Installing: /home/albert/umov_ws/install/description/share/description/environment/ament_prefix_path.sh
[2.971s] -- Installing: /home/albert/umov_ws/install/description/share/description/environment/ament_prefix_path.dsv
[2.972s] -- Installing: /home/albert/umov_ws/install/description/share/description/environment/path.sh
[2.972s] -- Installing: /home/albert/umov_ws/install/description/share/description/environment/path.dsv
[2.972s] -- Installing: /home/albert/umov_ws/install/description/share/description/local_setup.bash
[2.972s] -- Installing: /home/albert/umov_ws/install/description/share/description/local_setup.sh
[2.973s] -- Installing: /home/albert/umov_ws/install/description/share/description/local_setup.zsh
[2.973s] -- Installing: /home/albert/umov_ws/install/description/share/description/local_setup.dsv
[2.973s] -- Installing: /home/albert/umov_ws/install/description/share/description/package.dsv
[2.974s] -- Installing: /home/albert/umov_ws/install/description/share/ament_index/resource_index/packages/description
[2.974s] -- Installing: /home/albert/umov_ws/install/description/share/description/cmake/descriptionConfig.cmake
[2.974s] -- Installing: /home/albert/umov_ws/install/description/share/description/cmake/descriptionConfig-version.cmake
[2.974s] -- Installing: /home/albert/umov_ws/install/description/share/description/package.xml
[2.978s] Invoked command in '/home/albert/umov_ws/build/description' returned '0': CMAKE_PREFIX_PATH=${CMAKE_PREFIX_PATH}:/home/albert/ws_moveit2/install/moveit_configs_utils:/home/albert/ws_moveit2/install/launch_param_builder:/home/albert/umov_ws/install/arduino_py_examples:/home/albert/udem2_ws/install/actions_py:/home/albert/udem2_ws/install/lifecycle_py:/home/albert/udem2_ws/install/executors_py:/home/albert/udem2_ws/install/components_py:/home/albert/udem_ws/install/turtlesim_catcher:/home/albert/udem_ws/install/my_py_pkg:/home/albert/udem_ws/install/lifecycle_py:/home/albert/bcdc_ws/install/agbot_teleop:/home/albert/bcdc_ws/install/agbot_py:/home/albert/arduinobot_ws/install/arduinobot_py_examples:/opt/ros/humble /home/albert/.local/bin/cmake --install /home/albert/umov_ws/build/description
