[0.339s] Invoking command in '/home/albert/umov_ws/build/arduino_controller': CMAKE_PREFIX_PATH=${CMAKE_PREFIX_PATH}:/home/albert/ag_arm_ws/install/arm_py:/home/albert/ws_moveit2/install/moveit_configs_utils:/home/albert/ws_moveit2/install/launch_param_builder:/home/albert/umov_ws/install/arduino_py_examples:/home/albert/udem2_ws/install/actions_py:/home/albert/udem2_ws/install/lifecycle_py:/home/albert/udem2_ws/install/executors_py:/home/albert/udem2_ws/install/components_py:/home/albert/udem_ws/install/turtlesim_catcher:/home/albert/udem_ws/install/my_py_pkg:/home/albert/udem_ws/install/lifecycle_py:/home/albert/bcdc_ws/install/agbot_teleop:/home/albert/bcdc_ws/install/agbot_py:/home/albert/arduinobot_ws/install/arduinobot_py_examples:/opt/ros/humble /home/albert/.local/bin/cmake --build /home/albert/umov_ws/build/arduino_controller -- -j8 -l8
[0.676s] [100%] Built target arduino_controller
[0.871s] Invoked command in '/home/albert/umov_ws/build/arduino_controller' returned '0': CMAKE_PREFIX_PATH=${CMAKE_PREFIX_PATH}:/home/albert/ag_arm_ws/install/arm_py:/home/albert/ws_moveit2/install/moveit_configs_utils:/home/albert/ws_moveit2/install/launch_param_builder:/home/albert/umov_ws/install/arduino_py_examples:/home/albert/udem2_ws/install/actions_py:/home/albert/udem2_ws/install/lifecycle_py:/home/albert/udem2_ws/install/executors_py:/home/albert/udem2_ws/install/components_py:/home/albert/udem_ws/install/turtlesim_catcher:/home/albert/udem_ws/install/my_py_pkg:/home/albert/udem_ws/install/lifecycle_py:/home/albert/bcdc_ws/install/agbot_teleop:/home/albert/bcdc_ws/install/agbot_py:/home/albert/arduinobot_ws/install/arduinobot_py_examples:/opt/ros/humble /home/albert/.local/bin/cmake --build /home/albert/umov_ws/build/arduino_controller -- -j8 -l8
[0.876s] Invoking command in '/home/albert/umov_ws/build/arduino_controller': CMAKE_PREFIX_PATH=${CMAKE_PREFIX_PATH}:/home/albert/ag_arm_ws/install/arm_py:/home/albert/ws_moveit2/install/moveit_configs_utils:/home/albert/ws_moveit2/install/launch_param_builder:/home/albert/umov_ws/install/arduino_py_examples:/home/albert/udem2_ws/install/actions_py:/home/albert/udem2_ws/install/lifecycle_py:/home/albert/udem2_ws/install/executors_py:/home/albert/udem2_ws/install/components_py:/home/albert/udem_ws/install/turtlesim_catcher:/home/albert/udem_ws/install/my_py_pkg:/home/albert/udem_ws/install/lifecycle_py:/home/albert/bcdc_ws/install/agbot_teleop:/home/albert/bcdc_ws/install/agbot_py:/home/albert/arduinobot_ws/install/arduinobot_py_examples:/opt/ros/humble /home/albert/.local/bin/cmake --install /home/albert/umov_ws/build/arduino_controller
[0.898s] -- Install configuration: ""
[0.899s] -- Up-to-date: /home/albert/umov_ws/install/arduino_controller/share/arduino_controller/arduino_controller.xml
[0.906s] -- Up-to-date: /home/albert/umov_ws/install/arduino_controller/share/arduino_controller/launch
[0.915s] -- Up-to-date: /home/albert/umov_ws/install/arduino_controller/share/arduino_controller/launch/controller.launch.py
[0.916s] -- Up-to-date: /home/albert/umov_ws/install/arduino_controller/share/arduino_controller/config
[0.918s] -- Up-to-date: /home/albert/umov_ws/install/arduino_controller/share/arduino_controller/config/arduino_controllers.yaml
[0.920s] -- Up-to-date: /home/albert/umov_ws/install/arduino_controller/lib/libarduino_controller.so
[0.922s] -- Up-to-date: /home/albert/umov_ws/install/arduino_controller/include/include
[0.923s] -- Up-to-date: /home/albert/umov_ws/install/arduino_controller/include/include/arduino_controller
[0.923s] -- Up-to-date: /home/albert/umov_ws/install/arduino_controller/include/include/arduino_controller/arduino_interface.hpp
[0.925s] -- Up-to-date: /home/albert/umov_ws/install/arduino_controller/share/arduino_controller/environment/library_path.sh
[0.932s] -- Up-to-date: /home/albert/umov_ws/install/arduino_controller/share/arduino_controller/environment/library_path.dsv
[0.933s] -- Up-to-date: /home/albert/umov_ws/install/arduino_controller/share/ament_index/resource_index/package_run_dependencies/arduino_controller
[0.933s] -- Up-to-date: /home/albert/umov_ws/install/arduino_controller/share/ament_index/resource_index/parent_prefix_path/arduino_controller
[0.934s] -- Up-to-date: /home/albert/umov_ws/install/arduino_controller/share/arduino_controller/environment/ament_prefix_path.sh
[0.934s] -- Up-to-date: /home/albert/umov_ws/install/arduino_controller/share/arduino_controller/environment/ament_prefix_path.dsv
[0.934s] -- Up-to-date: /home/albert/umov_ws/install/arduino_controller/share/arduino_controller/environment/path.sh
[0.935s] -- Up-to-date: /home/albert/umov_ws/install/arduino_controller/share/arduino_controller/environment/path.dsv
[0.935s] -- Up-to-date: /home/albert/umov_ws/install/arduino_controller/share/arduino_controller/local_setup.bash
[0.935s] -- Up-to-date: /home/albert/umov_ws/install/arduino_controller/share/arduino_controller/local_setup.sh
[0.943s] -- Up-to-date: /home/albert/umov_ws/install/arduino_controller/share/arduino_controller/local_setup.zsh
[0.943s] -- Up-to-date: /home/albert/umov_ws/install/arduino_controller/share/arduino_controller/local_setup.dsv
[0.943s] -- Installing: /home/albert/umov_ws/install/arduino_controller/share/arduino_controller/package.dsv
[0.944s] -- Up-to-date: /home/albert/umov_ws/install/arduino_controller/share/ament_index/resource_index/packages/arduino_controller
[0.945s] -- Up-to-date: /home/albert/umov_ws/install/arduino_controller/share/ament_index/resource_index/hardware_interface__pluginlib__plugin/arduino_controller
[0.945s] -- Up-to-date: /home/albert/umov_ws/install/arduino_controller/share/arduino_controller/cmake/ament_cmake_export_include_directories-extras.cmake
[0.945s] -- Up-to-date: /home/albert/umov_ws/install/arduino_controller/share/arduino_controller/cmake/ament_cmake_export_libraries-extras.cmake
[0.946s] -- Up-to-date: /home/albert/umov_ws/install/arduino_controller/share/arduino_controller/cmake/ament_cmake_export_dependencies-extras.cmake
[0.946s] -- Up-to-date: /home/albert/umov_ws/install/arduino_controller/share/arduino_controller/cmake/arduino_controllerConfig.cmake
[0.946s] -- Up-to-date: /home/albert/umov_ws/install/arduino_controller/share/arduino_controller/cmake/arduino_controllerConfig-version.cmake
[0.946s] -- Up-to-date: /home/albert/umov_ws/install/arduino_controller/share/arduino_controller/package.xml
[1.109s] Invoked command in '/home/albert/umov_ws/build/arduino_controller' returned '0': CMAKE_PREFIX_PATH=${CMAKE_PREFIX_PATH}:/home/albert/ag_arm_ws/install/arm_py:/home/albert/ws_moveit2/install/moveit_configs_utils:/home/albert/ws_moveit2/install/launch_param_builder:/home/albert/umov_ws/install/arduino_py_examples:/home/albert/udem2_ws/install/actions_py:/home/albert/udem2_ws/install/lifecycle_py:/home/albert/udem2_ws/install/executors_py:/home/albert/udem2_ws/install/components_py:/home/albert/udem_ws/install/turtlesim_catcher:/home/albert/udem_ws/install/my_py_pkg:/home/albert/udem_ws/install/lifecycle_py:/home/albert/bcdc_ws/install/agbot_teleop:/home/albert/bcdc_ws/install/agbot_py:/home/albert/arduinobot_ws/install/arduinobot_py_examples:/opt/ros/humble /home/albert/.local/bin/cmake --install /home/albert/umov_ws/build/arduino_controller
