[2.585s] Invoking command in '/home/albert/umov_ws/src/arduino_py_examples': AMENT_PREFIX_PATH=/home/albert/umov_ws/install/arduino_msgs:${AMENT_PREFIX_PATH} CMAKE_PREFIX_PATH=/home/albert/umov_ws/install/arduino_msgs:${CMAKE_PREFIX_PATH} LD_LIBRARY_PATH=/home/albert/umov_ws/install/arduino_msgs/lib:/home/albert/ws_moveit2/install/pilz_industrial_motion_planner_testutils/lib:/home/albert/ws_moveit2/install/pilz_industrial_motion_planner/lib:/home/albert/ws_moveit2/install/moveit_visual_tools/lib:/home/albert/ws_moveit2/install/moveit_task_constructor_visualization/lib:/home/albert/ws_moveit2/install/moveit_task_constructor_demo/lib:/home/albert/ws_moveit2/install/moveit_task_constructor_capabilities/lib:/home/albert/ws_moveit2/install/moveit_task_constructor_core/lib:/home/albert/ws_moveit2/install/moveit_ros_control_interface/lib:/home/albert/ws_moveit2/install/moveit_simple_controller_manager/lib:/home/albert/ws_moveit2/install/moveit_setup_assistant/lib:/home/albert/ws_moveit2/install/moveit_setup_srdf_plugins/lib:/home/albert/ws_moveit2/install/moveit_setup_core_plugins/lib:/home/albert/ws_moveit2/install/moveit_setup_controllers/lib:/home/albert/ws_moveit2/install/moveit_setup_app_plugins/lib:/home/albert/ws_moveit2/install/moveit_setup_framework/lib:/home/albert/ws_moveit2/install/moveit_servo/lib:/home/albert/ws_moveit2/install/moveit_ros_visualization/lib:/home/albert/ws_moveit2/install/moveit_hybrid_planning/lib:/home/albert/ws_moveit2/install/moveit_ros_planning_interface/lib:/home/albert/ws_moveit2/install/moveit_ros_benchmarks/lib:/home/albert/ws_moveit2/install/moveit_ros_warehouse/lib:/home/albert/ws_moveit2/install/moveit_ros_robot_interaction/lib:/home/albert/ws_moveit2/install/moveit_ros_perception/lib:/home/albert/ws_moveit2/install/moveit_ros_move_group/lib:/home/albert/ws_moveit2/install/moveit_planners_ompl/lib:/home/albert/ws_moveit2/install/moveit_ros_planning/lib:/home/albert/ws_moveit2/install/moveit_ros_occupancy_map_monitor/lib:/home/albert/ws_moveit2/install/moveit_resources_prbt_ikfast_manipulator_plugin/lib:/home/albert/ws_moveit2/install/moveit_planners_chomp/lib:/home/albert/ws_moveit2/install/moveit_kinematics/lib:/home/albert/ws_moveit2/install/moveit_chomp_optimizer_adapter/lib:/home/albert/ws_moveit2/install/chomp_motion_planner/lib:/home/albert/ws_moveit2/install/moveit_core/lib:/home/albert/ws_moveit2/install/srdfdom/lib:/home/albert/ws_moveit2/install/rviz_marker_tools/lib:/home/albert/ws_moveit2/install/rosparam_shortcuts/lib:/home/albert/ws_moveit2/install/moveit_task_constructor_msgs/lib:/home/albert/umov_ws/install/arduinobot_remote/lib:/home/albert/umov_ws/install/arduino_cpp_examples/lib:/home/albert/umov_ws/install/arduinobot_msgs/lib:/home/albert/umov_ws/install/arduinobot_controller/lib:/home/albert/udem2_ws/install/final_project_cpp/lib:/home/albert/udem2_ws/install/robot_interfaces/lib:/home/albert/udem2_ws/install/components_cpp/lib:/home/albert/udem_ws/install/my_robot_interfaces/lib:/home/albert/bcdc_ws/install/aggiebot_msgs/lib:/home/albert/bcdc_ws/install/agbot_msgs/lib:/home/albert/arduinobot_ws/install/arduinobot_remote/lib:/home/albert/arduinobot_ws/install/arduinobot_cpp_examples/lib:/home/albert/arduinobot_ws/install/arduinobot_msgs/lib:/usr/lib/x86_64-linux-gnu/gazebo-11/plugins:/opt/ros/humble/opt/rviz_ogre_vendor/lib:/opt/ros/humble/lib/x86_64-linux-gnu:/opt/ros/humble/lib:/usr/share/gazebo/../../lib/x86_64-linux-gnu/gazebo-11/plugins PYTHONPATH=/home/albert/umov_ws/build/arduino_py_examples/prefix_override:/usr/lib/python3/dist-packages/colcon_core/task/python/colcon_distutils_commands:/home/albert/umov_ws/install/arduino_py_examples/lib/python3.10/site-packages:/home/albert/umov_ws/install/arduino_msgs/local/lib/python3.10/dist-packages:${PYTHONPATH} /usr/bin/python3 -W ignore:setup.py install is deprecated -W ignore:easy_install command is deprecated setup.py egg_info --egg-base ../../build/arduino_py_examples build --build-base /home/albert/umov_ws/build/arduino_py_examples/build install --record /home/albert/umov_ws/build/arduino_py_examples/install.log --single-version-externally-managed install_data
[3.645s] running egg_info
[3.647s] creating ../../build/arduino_py_examples/arduino_py_examples.egg-info
[3.648s] writing ../../build/arduino_py_examples/arduino_py_examples.egg-info/PKG-INFO
[3.648s] writing dependency_links to ../../build/arduino_py_examples/arduino_py_examples.egg-info/dependency_links.txt
[3.649s] writing entry points to ../../build/arduino_py_examples/arduino_py_examples.egg-info/entry_points.txt
[3.649s] writing requirements to ../../build/arduino_py_examples/arduino_py_examples.egg-info/requires.txt
[3.649s] writing top-level names to ../../build/arduino_py_examples/arduino_py_examples.egg-info/top_level.txt
[3.650s] writing manifest file '../../build/arduino_py_examples/arduino_py_examples.egg-info/SOURCES.txt'
[3.656s] reading manifest file '../../build/arduino_py_examples/arduino_py_examples.egg-info/SOURCES.txt'
[3.661s] writing manifest file '../../build/arduino_py_examples/arduino_py_examples.egg-info/SOURCES.txt'
[3.662s] running build
[3.662s] running build_py
[3.662s] creating /home/albert/umov_ws/build/arduino_py_examples/build
[3.662s] creating /home/albert/umov_ws/build/arduino_py_examples/build/lib
[3.663s] creating /home/albert/umov_ws/build/arduino_py_examples/build/lib/arduino_py_examples
[3.663s] copying arduino_py_examples/simple_service_server.py -> /home/albert/umov_ws/build/arduino_py_examples/build/lib/arduino_py_examples
[3.664s] copying arduino_py_examples/simple_subscriber.py -> /home/albert/umov_ws/build/arduino_py_examples/build/lib/arduino_py_examples
[3.664s] copying arduino_py_examples/__init__.py -> /home/albert/umov_ws/build/arduino_py_examples/build/lib/arduino_py_examples
[3.664s] copying arduino_py_examples/simple_parameter.py -> /home/albert/umov_ws/build/arduino_py_examples/build/lib/arduino_py_examples
[3.664s] copying arduino_py_examples/simple_service_client.py -> /home/albert/umov_ws/build/arduino_py_examples/build/lib/arduino_py_examples
[3.665s] copying arduino_py_examples/moveit_interface.py -> /home/albert/umov_ws/build/arduino_py_examples/build/lib/arduino_py_examples
[3.665s] copying arduino_py_examples/simple_lifecycle_node.py -> /home/albert/umov_ws/build/arduino_py_examples/build/lib/arduino_py_examples
[3.665s] copying arduino_py_examples/simple_action_client.py -> /home/albert/umov_ws/build/arduino_py_examples/build/lib/arduino_py_examples
[3.665s] copying arduino_py_examples/simple_publisher.py -> /home/albert/umov_ws/build/arduino_py_examples/build/lib/arduino_py_examples
[3.666s] copying arduino_py_examples/simple_action_server.py -> /home/albert/umov_ws/build/arduino_py_examples/build/lib/arduino_py_examples
[3.666s] running install
[3.666s] running install_lib
[3.667s] creating /home/albert/umov_ws/install/arduino_py_examples/lib/python3.10/site-packages/arduino_py_examples
[3.668s] copying /home/albert/umov_ws/build/arduino_py_examples/build/lib/arduino_py_examples/simple_service_server.py -> /home/albert/umov_ws/install/arduino_py_examples/lib/python3.10/site-packages/arduino_py_examples
[3.668s] copying /home/albert/umov_ws/build/arduino_py_examples/build/lib/arduino_py_examples/simple_subscriber.py -> /home/albert/umov_ws/install/arduino_py_examples/lib/python3.10/site-packages/arduino_py_examples
[3.668s] copying /home/albert/umov_ws/build/arduino_py_examples/build/lib/arduino_py_examples/__init__.py -> /home/albert/umov_ws/install/arduino_py_examples/lib/python3.10/site-packages/arduino_py_examples
[3.669s] copying /home/albert/umov_ws/build/arduino_py_examples/build/lib/arduino_py_examples/simple_parameter.py -> /home/albert/umov_ws/install/arduino_py_examples/lib/python3.10/site-packages/arduino_py_examples
[3.669s] copying /home/albert/umov_ws/build/arduino_py_examples/build/lib/arduino_py_examples/simple_service_client.py -> /home/albert/umov_ws/install/arduino_py_examples/lib/python3.10/site-packages/arduino_py_examples
[3.669s] copying /home/albert/umov_ws/build/arduino_py_examples/build/lib/arduino_py_examples/moveit_interface.py -> /home/albert/umov_ws/install/arduino_py_examples/lib/python3.10/site-packages/arduino_py_examples
[3.670s] copying /home/albert/umov_ws/build/arduino_py_examples/build/lib/arduino_py_examples/simple_lifecycle_node.py -> /home/albert/umov_ws/install/arduino_py_examples/lib/python3.10/site-packages/arduino_py_examples
[3.670s] copying /home/albert/umov_ws/build/arduino_py_examples/build/lib/arduino_py_examples/simple_action_client.py -> /home/albert/umov_ws/install/arduino_py_examples/lib/python3.10/site-packages/arduino_py_examples
[3.670s] copying /home/albert/umov_ws/build/arduino_py_examples/build/lib/arduino_py_examples/simple_publisher.py -> /home/albert/umov_ws/install/arduino_py_examples/lib/python3.10/site-packages/arduino_py_examples
[3.670s] copying /home/albert/umov_ws/build/arduino_py_examples/build/lib/arduino_py_examples/simple_action_server.py -> /home/albert/umov_ws/install/arduino_py_examples/lib/python3.10/site-packages/arduino_py_examples
[3.674s] byte-compiling /home/albert/umov_ws/install/arduino_py_examples/lib/python3.10/site-packages/arduino_py_examples/simple_service_server.py to simple_service_server.cpython-310.pyc
[3.674s] byte-compiling /home/albert/umov_ws/install/arduino_py_examples/lib/python3.10/site-packages/arduino_py_examples/simple_subscriber.py to simple_subscriber.cpython-310.pyc
[3.676s] byte-compiling /home/albert/umov_ws/install/arduino_py_examples/lib/python3.10/site-packages/arduino_py_examples/__init__.py to __init__.cpython-310.pyc
[3.677s] byte-compiling /home/albert/umov_ws/install/arduino_py_examples/lib/python3.10/site-packages/arduino_py_examples/simple_parameter.py to simple_parameter.cpython-310.pyc
[3.678s] byte-compiling /home/albert/umov_ws/install/arduino_py_examples/lib/python3.10/site-packages/arduino_py_examples/simple_service_client.py to simple_service_client.cpython-310.pyc
[3.680s] byte-compiling /home/albert/umov_ws/install/arduino_py_examples/lib/python3.10/site-packages/arduino_py_examples/moveit_interface.py to moveit_interface.cpython-310.pyc
[3.681s] byte-compiling /home/albert/umov_ws/install/arduino_py_examples/lib/python3.10/site-packages/arduino_py_examples/simple_lifecycle_node.py to simple_lifecycle_node.cpython-310.pyc
[3.682s] byte-compiling /home/albert/umov_ws/install/arduino_py_examples/lib/python3.10/site-packages/arduino_py_examples/simple_action_client.py to simple_action_client.cpython-310.pyc
[3.683s] byte-compiling /home/albert/umov_ws/install/arduino_py_examples/lib/python3.10/site-packages/arduino_py_examples/simple_publisher.py to simple_publisher.cpython-310.pyc
[3.684s] byte-compiling /home/albert/umov_ws/install/arduino_py_examples/lib/python3.10/site-packages/arduino_py_examples/simple_action_server.py to simple_action_server.cpython-310.pyc
[3.687s] running install_data
[3.687s] creating /home/albert/umov_ws/install/arduino_py_examples/share/ament_index
[3.687s] creating /home/albert/umov_ws/install/arduino_py_examples/share/ament_index/resource_index
[3.687s] creating /home/albert/umov_ws/install/arduino_py_examples/share/ament_index/resource_index/packages
[3.687s] copying resource/arduino_py_examples -> /home/albert/umov_ws/install/arduino_py_examples/share/ament_index/resource_index/packages
[3.688s] copying package.xml -> /home/albert/umov_ws/install/arduino_py_examples/share/arduino_py_examples
[3.688s] creating /home/albert/umov_ws/install/arduino_py_examples/share/arduino_py_examples/launch
[3.688s] running install_egg_info
[3.695s] Copying ../../build/arduino_py_examples/arduino_py_examples.egg-info to /home/albert/umov_ws/install/arduino_py_examples/lib/python3.10/site-packages/arduino_py_examples-0.0.0-py3.10.egg-info
[3.696s] running install_scripts
[3.769s] Installing moveit_interface = arduino_py_examples.moveit_interface:mainsimple_lifecycle_node script to /home/albert/umov_ws/install/arduino_py_examples/lib/arduino_py_examples
[3.770s] Installing simple_action_client script to /home/albert/umov_ws/install/arduino_py_examples/lib/arduino_py_examples
[3.770s] Installing simple_action_server script to /home/albert/umov_ws/install/arduino_py_examples/lib/arduino_py_examples
[3.771s] Installing simple_parameter script to /home/albert/umov_ws/install/arduino_py_examples/lib/arduino_py_examples
[3.772s] Installing simple_publisher script to /home/albert/umov_ws/install/arduino_py_examples/lib/arduino_py_examples
[3.772s] Installing simple_service_client script to /home/albert/umov_ws/install/arduino_py_examples/lib/arduino_py_examples
[3.773s] Installing simple_service_server script to /home/albert/umov_ws/install/arduino_py_examples/lib/arduino_py_examples
[3.775s] Installing simple_subscriber script to /home/albert/umov_ws/install/arduino_py_examples/lib/arduino_py_examples
[3.776s] writing list of installed files to '/home/albert/umov_ws/build/arduino_py_examples/install.log'
[3.834s] Invoked command in '/home/albert/umov_ws/src/arduino_py_examples' returned '0': AMENT_PREFIX_PATH=/home/albert/umov_ws/install/arduino_msgs:${AMENT_PREFIX_PATH} CMAKE_PREFIX_PATH=/home/albert/umov_ws/install/arduino_msgs:${CMAKE_PREFIX_PATH} LD_LIBRARY_PATH=/home/albert/umov_ws/install/arduino_msgs/lib:/home/albert/ws_moveit2/install/pilz_industrial_motion_planner_testutils/lib:/home/albert/ws_moveit2/install/pilz_industrial_motion_planner/lib:/home/albert/ws_moveit2/install/moveit_visual_tools/lib:/home/albert/ws_moveit2/install/moveit_task_constructor_visualization/lib:/home/albert/ws_moveit2/install/moveit_task_constructor_demo/lib:/home/albert/ws_moveit2/install/moveit_task_constructor_capabilities/lib:/home/albert/ws_moveit2/install/moveit_task_constructor_core/lib:/home/albert/ws_moveit2/install/moveit_ros_control_interface/lib:/home/albert/ws_moveit2/install/moveit_simple_controller_manager/lib:/home/albert/ws_moveit2/install/moveit_setup_assistant/lib:/home/albert/ws_moveit2/install/moveit_setup_srdf_plugins/lib:/home/albert/ws_moveit2/install/moveit_setup_core_plugins/lib:/home/albert/ws_moveit2/install/moveit_setup_controllers/lib:/home/albert/ws_moveit2/install/moveit_setup_app_plugins/lib:/home/albert/ws_moveit2/install/moveit_setup_framework/lib:/home/albert/ws_moveit2/install/moveit_servo/lib:/home/albert/ws_moveit2/install/moveit_ros_visualization/lib:/home/albert/ws_moveit2/install/moveit_hybrid_planning/lib:/home/albert/ws_moveit2/install/moveit_ros_planning_interface/lib:/home/albert/ws_moveit2/install/moveit_ros_benchmarks/lib:/home/albert/ws_moveit2/install/moveit_ros_warehouse/lib:/home/albert/ws_moveit2/install/moveit_ros_robot_interaction/lib:/home/albert/ws_moveit2/install/moveit_ros_perception/lib:/home/albert/ws_moveit2/install/moveit_ros_move_group/lib:/home/albert/ws_moveit2/install/moveit_planners_ompl/lib:/home/albert/ws_moveit2/install/moveit_ros_planning/lib:/home/albert/ws_moveit2/install/moveit_ros_occupancy_map_monitor/lib:/home/albert/ws_moveit2/install/moveit_resources_prbt_ikfast_manipulator_plugin/lib:/home/albert/ws_moveit2/install/moveit_planners_chomp/lib:/home/albert/ws_moveit2/install/moveit_kinematics/lib:/home/albert/ws_moveit2/install/moveit_chomp_optimizer_adapter/lib:/home/albert/ws_moveit2/install/chomp_motion_planner/lib:/home/albert/ws_moveit2/install/moveit_core/lib:/home/albert/ws_moveit2/install/srdfdom/lib:/home/albert/ws_moveit2/install/rviz_marker_tools/lib:/home/albert/ws_moveit2/install/rosparam_shortcuts/lib:/home/albert/ws_moveit2/install/moveit_task_constructor_msgs/lib:/home/albert/umov_ws/install/arduinobot_remote/lib:/home/albert/umov_ws/install/arduino_cpp_examples/lib:/home/albert/umov_ws/install/arduinobot_msgs/lib:/home/albert/umov_ws/install/arduinobot_controller/lib:/home/albert/udem2_ws/install/final_project_cpp/lib:/home/albert/udem2_ws/install/robot_interfaces/lib:/home/albert/udem2_ws/install/components_cpp/lib:/home/albert/udem_ws/install/my_robot_interfaces/lib:/home/albert/bcdc_ws/install/aggiebot_msgs/lib:/home/albert/bcdc_ws/install/agbot_msgs/lib:/home/albert/arduinobot_ws/install/arduinobot_remote/lib:/home/albert/arduinobot_ws/install/arduinobot_cpp_examples/lib:/home/albert/arduinobot_ws/install/arduinobot_msgs/lib:/usr/lib/x86_64-linux-gnu/gazebo-11/plugins:/opt/ros/humble/opt/rviz_ogre_vendor/lib:/opt/ros/humble/lib/x86_64-linux-gnu:/opt/ros/humble/lib:/usr/share/gazebo/../../lib/x86_64-linux-gnu/gazebo-11/plugins PYTHONPATH=/home/albert/umov_ws/build/arduino_py_examples/prefix_override:/usr/lib/python3/dist-packages/colcon_core/task/python/colcon_distutils_commands:/home/albert/umov_ws/install/arduino_py_examples/lib/python3.10/site-packages:/home/albert/umov_ws/install/arduino_msgs/local/lib/python3.10/dist-packages:${PYTHONPATH} /usr/bin/python3 -W ignore:setup.py install is deprecated -W ignore:easy_install command is deprecated setup.py egg_info --egg-base ../../build/arduino_py_examples build --build-base /home/albert/umov_ws/build/arduino_py_examples/build install --record /home/albert/umov_ws/build/arduino_py_examples/install.log --single-version-externally-managed install_data
