[0.174s] Invoking command in '/home/albert/umov_ws/build/description': CMAKE_PREFIX_PATH=${CMAKE_PREFIX_PATH}:/home/albert/ws_moveit2/install/moveit_configs_utils:/home/albert/ws_moveit2/install/launch_param_builder:/home/albert/umov_ws/install/arduino_py_examples:/home/albert/udem2_ws/install/actions_py:/home/albert/udem2_ws/install/lifecycle_py:/home/albert/udem2_ws/install/executors_py:/home/albert/udem2_ws/install/components_py:/home/albert/udem_ws/install/turtlesim_catcher:/home/albert/udem_ws/install/my_py_pkg:/home/albert/udem_ws/install/lifecycle_py:/home/albert/bcdc_ws/install/agbot_teleop:/home/albert/bcdc_ws/install/agbot_py:/home/albert/arduinobot_ws/install/arduinobot_py_examples:/opt/ros/humble /home/albert/.local/bin/cmake /home/albert/umov_ws/src/description -DCMAKE_INSTALL_PREFIX=/home/albert/umov_ws/install/description
[0.561s] -- The C compiler identification is GNU 11.4.0
[0.894s] -- The CXX compiler identification is GNU 11.4.0
[0.940s] -- Detecting C compiler ABI info
[1.345s] -- Detecting C compiler ABI info - done
[1.437s] -- Check for working C compiler: /usr/bin/cc - skipped
[1.437s] -- Detecting C compile features
[1.447s] -- Detecting C compile features - done
[1.464s] -- Detecting CXX compiler ABI info
[1.912s] -- Detecting CXX compiler ABI info - done
[1.993s] -- Check for working CXX compiler: /usr/bin/c++ - skipped
[1.994s] -- Detecting CXX compile features
[1.996s] -- Detecting CXX compile features - done
[2.076s] -- Found ament_cmake: 1.3.11 (/opt/ros/humble/share/ament_cmake/cmake)
[3.281s] -- Found Python3: /usr/bin/python3 (found version "3.10.12") found components: Interpreter
[5.008s] -- Found urdf: 2.6.1 (/opt/ros/humble/share/urdf/cmake)
[6.181s] -- Found ament_lint_auto: 0.12.11 (/opt/ros/humble/share/ament_lint_auto/cmake)
[7.003s] -- Added test 'flake8' to check Python code syntax and style conventions
[7.026s] -- Added test 'lint_cmake' to check CMake code style
[7.042s] -- Added test 'pep257' to check Python code against some of the docstring style conventions in PEP 257
[7.076s] -- Added test 'xmllint' to check XML markup files
[7.108s] -- Configuring done (6.9s)
[7.118s] -- Generating done (0.0s)
[7.125s] -- Build files have been written to: /home/albert/umov_ws/build/description
[7.145s] Invoked command in '/home/albert/umov_ws/build/description' returned '0': CMAKE_PREFIX_PATH=${CMAKE_PREFIX_PATH}:/home/albert/ws_moveit2/install/moveit_configs_utils:/home/albert/ws_moveit2/install/launch_param_builder:/home/albert/umov_ws/install/arduino_py_examples:/home/albert/udem2_ws/install/actions_py:/home/albert/udem2_ws/install/lifecycle_py:/home/albert/udem2_ws/install/executors_py:/home/albert/udem2_ws/install/components_py:/home/albert/udem_ws/install/turtlesim_catcher:/home/albert/udem_ws/install/my_py_pkg:/home/albert/udem_ws/install/lifecycle_py:/home/albert/bcdc_ws/install/agbot_teleop:/home/albert/bcdc_ws/install/agbot_py:/home/albert/arduinobot_ws/install/arduinobot_py_examples:/opt/ros/humble /home/albert/.local/bin/cmake /home/albert/umov_ws/src/description -DCMAKE_INSTALL_PREFIX=/home/albert/umov_ws/install/description
[7.155s] Invoking command in '/home/albert/umov_ws/build/description': CMAKE_PREFIX_PATH=${CMAKE_PREFIX_PATH}:/home/albert/ws_moveit2/install/moveit_configs_utils:/home/albert/ws_moveit2/install/launch_param_builder:/home/albert/umov_ws/install/arduino_py_examples:/home/albert/udem2_ws/install/actions_py:/home/albert/udem2_ws/install/lifecycle_py:/home/albert/udem2_ws/install/executors_py:/home/albert/udem2_ws/install/components_py:/home/albert/udem_ws/install/turtlesim_catcher:/home/albert/udem_ws/install/my_py_pkg:/home/albert/udem_ws/install/lifecycle_py:/home/albert/bcdc_ws/install/agbot_teleop:/home/albert/bcdc_ws/install/agbot_py:/home/albert/arduinobot_ws/install/arduinobot_py_examples:/opt/ros/humble /home/albert/.local/bin/cmake --build /home/albert/umov_ws/build/description -- -j8 -l8
[7.290s] Invoked command in '/home/albert/umov_ws/build/description' returned '0': CMAKE_PREFIX_PATH=${CMAKE_PREFIX_PATH}:/home/albert/ws_moveit2/install/moveit_configs_utils:/home/albert/ws_moveit2/install/launch_param_builder:/home/albert/umov_ws/install/arduino_py_examples:/home/albert/udem2_ws/install/actions_py:/home/albert/udem2_ws/install/lifecycle_py:/home/albert/udem2_ws/install/executors_py:/home/albert/udem2_ws/install/components_py:/home/albert/udem_ws/install/turtlesim_catcher:/home/albert/udem_ws/install/my_py_pkg:/home/albert/udem_ws/install/lifecycle_py:/home/albert/bcdc_ws/install/agbot_teleop:/home/albert/bcdc_ws/install/agbot_py:/home/albert/arduinobot_ws/install/arduinobot_py_examples:/opt/ros/humble /home/albert/.local/bin/cmake --build /home/albert/umov_ws/build/description -- -j8 -l8
[7.291s] Invoking command in '/home/albert/umov_ws/build/description': CMAKE_PREFIX_PATH=${CMAKE_PREFIX_PATH}:/home/albert/ws_moveit2/install/moveit_configs_utils:/home/albert/ws_moveit2/install/launch_param_builder:/home/albert/umov_ws/install/arduino_py_examples:/home/albert/udem2_ws/install/actions_py:/home/albert/udem2_ws/install/lifecycle_py:/home/albert/udem2_ws/install/executors_py:/home/albert/udem2_ws/install/components_py:/home/albert/udem_ws/install/turtlesim_catcher:/home/albert/udem_ws/install/my_py_pkg:/home/albert/udem_ws/install/lifecycle_py:/home/albert/bcdc_ws/install/agbot_teleop:/home/albert/bcdc_ws/install/agbot_py:/home/albert/arduinobot_ws/install/arduinobot_py_examples:/opt/ros/humble /home/albert/.local/bin/cmake --install /home/albert/umov_ws/build/description
[7.302s] -- Install configuration: ""
[7.303s] -- Installing: /home/albert/umov_ws/install/description/share/description/launch
[7.303s] -- Installing: /home/albert/umov_ws/install/description/share/description/launch/gazebo.launch.py
[7.303s] -- Installing: /home/albert/umov_ws/install/description/share/description/launch/orig_gazebo.launch.py
[7.304s] -- Installing: /home/albert/umov_ws/install/description/share/description/launch/display.launch.py
[7.307s] -- Installing: /home/albert/umov_ws/install/description/share/description/meshes
[7.308s] -- Installing: /home/albert/umov_ws/install/description/share/description/meshes/right_finger.STL
[7.309s] -- Installing: /home/albert/umov_ws/install/description/share/description/meshes/triangular_link.STL
[7.319s] -- Installing: /home/albert/umov_ws/install/description/share/description/meshes/round_plate.STL
[7.326s] -- Installing: /home/albert/umov_ws/install/description/share/description/meshes/left_finger.STL
[7.335s] -- Installing: /home/albert/umov_ws/install/description/share/description/meshes/vertical_drive_arm.STL
[7.348s] -- Installing: /home/albert/umov_ws/install/description/share/description/meshes/claw_support.STL
[7.351s] -- Installing: /home/albert/umov_ws/install/description/share/description/meshes/link.STL
[7.369s] -- Installing: /home/albert/umov_ws/install/description/share/description/meshes/horizontal_arm.STL
[7.400s] -- Installing: /home/albert/umov_ws/install/description/share/description/meshes/basement.STL
[7.410s] -- Installing: /home/albert/umov_ws/install/description/share/description/meshes/forward_drive_arm.STL
[7.423s] -- Installing: /home/albert/umov_ws/install/description/share/description/meshes/servo_plate.STL
[7.424s] -- Installing: /home/albert/umov_ws/install/description/share/description/meshes/plate.STL
[7.441s] -- Installing: /home/albert/umov_ws/install/description/share/description/meshes/base_plate.STL
[7.459s] -- Installing: /home/albert/umov_ws/install/description/share/description/meshes/pi_camera.STL
[7.460s] -- Installing: /home/albert/umov_ws/install/description/share/description/models
[7.460s] -- Installing: /home/albert/umov_ws/install/description/share/description/models/ground_plane
[7.460s] -- Installing: /home/albert/umov_ws/install/description/share/description/models/ground_plane/model-1_2.sdf
[7.462s] -- Installing: /home/albert/umov_ws/install/description/share/description/models/ground_plane/model-1_3.sdf
[7.463s] -- Installing: /home/albert/umov_ws/install/description/share/description/models/ground_plane/model.config
[7.463s] -- Installing: /home/albert/umov_ws/install/description/share/description/models/ground_plane/model.sdf
[7.466s] -- Installing: /home/albert/umov_ws/install/description/share/description/models/ground_plane/model-1_4.sdf
[7.466s] -- Installing: /home/albert/umov_ws/install/description/share/description/models/sun
[7.466s] -- Installing: /home/albert/umov_ws/install/description/share/description/models/sun/model-1_2.sdf
[7.469s] -- Installing: /home/albert/umov_ws/install/description/share/description/models/sun/model-1_3.sdf
[7.470s] -- Installing: /home/albert/umov_ws/install/description/share/description/models/sun/model.config
[7.470s] -- Installing: /home/albert/umov_ws/install/description/share/description/models/sun/model.sdf
[7.470s] -- Installing: /home/albert/umov_ws/install/description/share/description/models/sun/model-1_4.sdf
[7.470s] -- Installing: /home/albert/umov_ws/install/description/share/description/urdf
[7.470s] -- Installing: /home/albert/umov_ws/install/description/share/description/urdf/common_properties.xacro
[7.471s] -- Installing: /home/albert/umov_ws/install/description/share/description/urdf/arduinobot.urdf.xacro
[7.471s] -- Installing: /home/albert/umov_ws/install/description/share/description/urdf/arduinobot_gazebo.xacro
[7.474s] -- Installing: /home/albert/umov_ws/install/description/share/description/urdf/arduinobot_ros2_control.xacro
[7.475s] -- Installing: /home/albert/umov_ws/install/description/share/description/rviz
[7.475s] -- Installing: /home/albert/umov_ws/install/description/share/description/rviz/display.rviz
[7.478s] -- Installing: /home/albert/umov_ws/install/description/share/ament_index/resource_index/package_run_dependencies/description
[7.478s] -- Installing: /home/albert/umov_ws/install/description/share/ament_index/resource_index/parent_prefix_path/description
[7.479s] -- Installing: /home/albert/umov_ws/install/description/share/description/environment/ament_prefix_path.sh
[7.479s] -- Installing: /home/albert/umov_ws/install/description/share/description/environment/ament_prefix_path.dsv
[7.479s] -- Installing: /home/albert/umov_ws/install/description/share/description/environment/path.sh
[7.480s] -- Installing: /home/albert/umov_ws/install/description/share/description/environment/path.dsv
[7.480s] -- Installing: /home/albert/umov_ws/install/description/share/description/local_setup.bash
[7.481s] -- Installing: /home/albert/umov_ws/install/description/share/description/local_setup.sh
[7.481s] -- Installing: /home/albert/umov_ws/install/description/share/description/local_setup.zsh
[7.485s] -- Installing: /home/albert/umov_ws/install/description/share/description/local_setup.dsv
[7.485s] -- Installing: /home/albert/umov_ws/install/description/share/description/package.dsv
[7.486s] -- Installing: /home/albert/umov_ws/install/description/share/ament_index/resource_index/packages/description
[7.486s] -- Installing: /home/albert/umov_ws/install/description/share/description/cmake/descriptionConfig.cmake
[7.489s] -- Installing: /home/albert/umov_ws/install/description/share/description/cmake/descriptionConfig-version.cmake
[7.489s] -- Installing: /home/albert/umov_ws/install/description/share/description/package.xml
[7.491s] Invoked command in '/home/albert/umov_ws/build/description' returned '0': CMAKE_PREFIX_PATH=${CMAKE_PREFIX_PATH}:/home/albert/ws_moveit2/install/moveit_configs_utils:/home/albert/ws_moveit2/install/launch_param_builder:/home/albert/umov_ws/install/arduino_py_examples:/home/albert/udem2_ws/install/actions_py:/home/albert/udem2_ws/install/lifecycle_py:/home/albert/udem2_ws/install/executors_py:/home/albert/udem2_ws/install/components_py:/home/albert/udem_ws/install/turtlesim_catcher:/home/albert/udem_ws/install/my_py_pkg:/home/albert/udem_ws/install/lifecycle_py:/home/albert/bcdc_ws/install/agbot_teleop:/home/albert/bcdc_ws/install/agbot_py:/home/albert/arduinobot_ws/install/arduinobot_py_examples:/opt/ros/humble /home/albert/.local/bin/cmake --install /home/albert/umov_ws/build/description
