[01m[K/home/albert/umov_ws/src/arduinobot_remote/src/task_server.cpp:[m[K In member function ‘[01m[Krclcpp_action::CancelResponse TaskServer::cancel_callback(std::shared_ptr<rclcpp_action::ServerGoalHandle<arduinobot_msgs::action::ArduinobotTask> >)[m[K’:
[01m[K/home/albert/umov_ws/src/arduinobot_remote/src/task_server.cpp:60:105:[m[K [01;35m[Kwarning: [m[Kunused parameter ‘[01m[Kgoal_handle[m[K’ [[01;35m[K]8;;https://gcc.gnu.org/onlinedocs/gcc/Warning-Options.html#index-Wunused-parameter-Wunused-parameter]8;;[m[K]
   60 |         [01;35m[Kconst std::shared_ptr<rclcpp_action::ServerGoalHandle<arduinobot_msgs::action::ArduinobotTask>> goal_handle[m[K)
      |         [01;35m[K~~~~~~~~~~~~~~~~~~~~~~~~~~~~~~~~~~~~~~~~~~~~~~~~~~~~~~~~~~~~~~~~~~~~~~~~~~~~~~~~~~~~~~~~~~~~~~~~^~~~~~~~~~~[m[K
[01m[K/home/albert/umov_ws/src/arduinobot_remote/src/task_server.cpp:[m[K In member function ‘[01m[Kvoid TaskServer::execute_goal(std::shared_ptr<rclcpp_action::ServerGoalHandle<arduinobot_msgs::action::ArduinobotTask> >)[m[K’:
[01m[K/home/albert/umov_ws/src/arduinobot_remote/src/task_server.cpp:85:5:[m[K [01;31m[Kerror: [m[K‘[01m[Karm_move_group[m[K’ was not declared in this scope
   85 |     [01;31m[Karm_move_group[m[K.setStartStateToCurrentState();
      |     [01;31m[K^~~~~~~~~~~~~~[m[K
[01m[K/home/albert/umov_ws/src/arduinobot_remote/src/task_server.cpp:86:5:[m[K [01;31m[Kerror: [m[K‘[01m[Kgripper_move_group[m[K’ was not declared in this scope
   86 |     [01;31m[Kgripper_move_group[m[K.setStartStateToCurrentState();
      |     [01;31m[K^~~~~~~~~~~~~~~~~~[m[K
[01m[K/home/albert/umov_ws/src/arduinobot_remote/src/task_server.cpp:131:40:[m[K [01;31m[Kerror: [m[K‘[01m[Karm_joint_goal[m[K’ was not declared in this scope; did you mean ‘[01m[Karm_joint_goal_[m[K’?
  131 |     arm_move_group.setJointValueTarget([01;31m[Karm_joint_goal[m[K);
      |                                        [01;31m[K^~~~~~~~~~~~~~[m[K
      |                                        [32m[Karm_joint_goal_[m[K
[01m[K/home/albert/umov_ws/src/arduinobot_remote/src/task_server.cpp:132:44:[m[K [01;31m[Kerror: [m[K‘[01m[Kgripper_joint_goal[m[K’ was not declared in this scope; did you mean ‘[01m[Kgripper_joint_goal_[m[K’?
  132 |     gripper_move_group.setJointValueTarget([01;31m[Kgripper_joint_goal[m[K);
      |                                            [01;31m[K^~~~~~~~~~~~~~~~~~[m[K
      |                                            [32m[Kgripper_joint_goal_[m[K
[01m[K/home/albert/umov_ws/src/arduinobot_remote/src/task_server.cpp:[m[K In function ‘[01m[Kint main(int, char**)[m[K’:
[01m[K/home/albert/umov_ws/src/arduinobot_remote/src/task_server.cpp:236:5:[m[K [01;31m[Kerror: [m[K‘[01m[Kmove_robot[m[K’ was not declared in this scope
  236 |     [01;31m[Kmove_robot[m[K(node);
      |     [01;31m[K^~~~~~~~~~[m[K
gmake[2]: *** [CMakeFiles/task_server.dir/build.make:76: CMakeFiles/task_server.dir/src/task_server.cpp.o] Error 1
gmake[1]: *** [CMakeFiles/Makefile2:142: CMakeFiles/task_server.dir/all] Error 2
gmake: *** [Makefile:146: all] Error 2
