[0.241s] Invoking command in '/home/albert/umov_ws/build/arduinobot_firmware': CMAKE_PREFIX_PATH=${CMAKE_PREFIX_PATH}:/home/albert/ws_moveit2/install/moveit_configs_utils:/home/albert/ws_moveit2/install/launch_param_builder:/home/albert/umov_ws/install/arduino_py_examples:/home/albert/udem2_ws/install/actions_py:/home/albert/udem2_ws/install/lifecycle_py:/home/albert/udem2_ws/install/executors_py:/home/albert/udem2_ws/install/components_py:/home/albert/udem_ws/install/turtlesim_catcher:/home/albert/udem_ws/install/my_py_pkg:/home/albert/udem_ws/install/lifecycle_py:/home/albert/bcdc_ws/install/agbot_teleop:/home/albert/bcdc_ws/install/agbot_py:/home/albert/arduinobot_ws/install/arduinobot_py_examples:/opt/ros/humble /home/albert/.local/bin/cmake --build /home/albert/umov_ws/build/arduinobot_firmware -- -j8 -l8
[0.674s] [  0%] Built target ament_cmake_python_copy_arduinobot_firmware
[0.677s] [ 50%] Built target simple_serial_transmitter
[0.679s] [100%] Built target simple_serial_receiver
[2.435s] running egg_info
[2.435s] writing arduinobot_firmware.egg-info/PKG-INFO
[2.436s] writing dependency_links to arduinobot_firmware.egg-info/dependency_links.txt
[2.436s] writing top-level names to arduinobot_firmware.egg-info/top_level.txt
[2.436s] reading manifest file 'arduinobot_firmware.egg-info/SOURCES.txt'
[2.440s] writing manifest file 'arduinobot_firmware.egg-info/SOURCES.txt'
[2.496s] [100%] Built target ament_cmake_python_build_arduinobot_firmware_egg
[2.530s] Invoked command in '/home/albert/umov_ws/build/arduinobot_firmware' returned '0': CMAKE_PREFIX_PATH=${CMAKE_PREFIX_PATH}:/home/albert/ws_moveit2/install/moveit_configs_utils:/home/albert/ws_moveit2/install/launch_param_builder:/home/albert/umov_ws/install/arduino_py_examples:/home/albert/udem2_ws/install/actions_py:/home/albert/udem2_ws/install/lifecycle_py:/home/albert/udem2_ws/install/executors_py:/home/albert/udem2_ws/install/components_py:/home/albert/udem_ws/install/turtlesim_catcher:/home/albert/udem_ws/install/my_py_pkg:/home/albert/udem_ws/install/lifecycle_py:/home/albert/bcdc_ws/install/agbot_teleop:/home/albert/bcdc_ws/install/agbot_py:/home/albert/arduinobot_ws/install/arduinobot_py_examples:/opt/ros/humble /home/albert/.local/bin/cmake --build /home/albert/umov_ws/build/arduinobot_firmware -- -j8 -l8
[2.538s] Invoking command in '/home/albert/umov_ws/build/arduinobot_firmware': CMAKE_PREFIX_PATH=${CMAKE_PREFIX_PATH}:/home/albert/ws_moveit2/install/moveit_configs_utils:/home/albert/ws_moveit2/install/launch_param_builder:/home/albert/umov_ws/install/arduino_py_examples:/home/albert/udem2_ws/install/actions_py:/home/albert/udem2_ws/install/lifecycle_py:/home/albert/udem2_ws/install/executors_py:/home/albert/udem2_ws/install/components_py:/home/albert/udem_ws/install/turtlesim_catcher:/home/albert/udem_ws/install/my_py_pkg:/home/albert/udem_ws/install/lifecycle_py:/home/albert/bcdc_ws/install/agbot_teleop:/home/albert/bcdc_ws/install/agbot_py:/home/albert/arduinobot_ws/install/arduinobot_py_examples:/opt/ros/humble /home/albert/.local/bin/cmake --install /home/albert/umov_ws/build/arduinobot_firmware
[2.552s] -- Install configuration: ""
[2.553s] -- Up-to-date: /home/albert/umov_ws/install/arduinobot_firmware/share/arduinobot_firmware/environment/pythonpath.sh
[2.553s] -- Up-to-date: /home/albert/umov_ws/install/arduinobot_firmware/share/arduinobot_firmware/environment/pythonpath.dsv
[2.553s] -- Up-to-date: /home/albert/umov_ws/install/arduinobot_firmware/local/lib/python3.10/dist-packages/arduinobot_firmware-0.0.0-py3.10.egg-info
[2.553s] -- Installing: /home/albert/umov_ws/install/arduinobot_firmware/local/lib/python3.10/dist-packages/arduinobot_firmware-0.0.0-py3.10.egg-info/SOURCES.txt
[2.554s] -- Installing: /home/albert/umov_ws/install/arduinobot_firmware/local/lib/python3.10/dist-packages/arduinobot_firmware-0.0.0-py3.10.egg-info/top_level.txt
[2.554s] -- Installing: /home/albert/umov_ws/install/arduinobot_firmware/local/lib/python3.10/dist-packages/arduinobot_firmware-0.0.0-py3.10.egg-info/PKG-INFO
[2.554s] -- Installing: /home/albert/umov_ws/install/arduinobot_firmware/local/lib/python3.10/dist-packages/arduinobot_firmware-0.0.0-py3.10.egg-info/dependency_links.txt
[2.558s] -- Up-to-date: /home/albert/umov_ws/install/arduinobot_firmware/local/lib/python3.10/dist-packages/arduinobot_firmware
[2.558s] -- Up-to-date: /home/albert/umov_ws/install/arduinobot_firmware/local/lib/python3.10/dist-packages/arduinobot_firmware/simple_serial_receiver.py
[2.558s] -- Up-to-date: /home/albert/umov_ws/install/arduinobot_firmware/local/lib/python3.10/dist-packages/arduinobot_firmware/__init__.py
[2.559s] -- Up-to-date: /home/albert/umov_ws/install/arduinobot_firmware/local/lib/python3.10/dist-packages/arduinobot_firmware/simple_serial_transmitter.py
[2.812s] Listing '/home/albert/umov_ws/install/arduinobot_firmware/local/lib/python3.10/dist-packages/arduinobot_firmware'...
[2.840s] -- Up-to-date: /home/albert/umov_ws/install/arduinobot_firmware/lib/arduinobot_firmware/simple_serial_transmitter
[2.843s] -- Up-to-date: /home/albert/umov_ws/install/arduinobot_firmware/lib/arduinobot_firmware/simple_serial_receiver
[2.848s] -- Up-to-date: /home/albert/umov_ws/install/arduinobot_firmware/lib/arduinobot_firmware/simple_serial_transmitter.py
[2.854s] -- Up-to-date: /home/albert/umov_ws/install/arduinobot_firmware/lib/arduinobot_firmware/simple_serial_receiver.py
[2.862s] -- Up-to-date: /home/albert/umov_ws/install/arduinobot_firmware/share/ament_index/resource_index/package_run_dependencies/arduinobot_firmware
[2.862s] -- Up-to-date: /home/albert/umov_ws/install/arduinobot_firmware/share/ament_index/resource_index/parent_prefix_path/arduinobot_firmware
[2.862s] -- Up-to-date: /home/albert/umov_ws/install/arduinobot_firmware/share/arduinobot_firmware/environment/ament_prefix_path.sh
[2.863s] -- Up-to-date: /home/albert/umov_ws/install/arduinobot_firmware/share/arduinobot_firmware/environment/ament_prefix_path.dsv
[2.863s] -- Up-to-date: /home/albert/umov_ws/install/arduinobot_firmware/share/arduinobot_firmware/environment/path.sh
[2.863s] -- Up-to-date: /home/albert/umov_ws/install/arduinobot_firmware/share/arduinobot_firmware/environment/path.dsv
[2.863s] -- Up-to-date: /home/albert/umov_ws/install/arduinobot_firmware/share/arduinobot_firmware/local_setup.bash
[2.864s] -- Up-to-date: /home/albert/umov_ws/install/arduinobot_firmware/share/arduinobot_firmware/local_setup.sh
[2.864s] -- Up-to-date: /home/albert/umov_ws/install/arduinobot_firmware/share/arduinobot_firmware/local_setup.zsh
[2.864s] -- Up-to-date: /home/albert/umov_ws/install/arduinobot_firmware/share/arduinobot_firmware/local_setup.dsv
[2.865s] -- Installing: /home/albert/umov_ws/install/arduinobot_firmware/share/arduinobot_firmware/package.dsv
[2.865s] -- Up-to-date: /home/albert/umov_ws/install/arduinobot_firmware/share/ament_index/resource_index/packages/arduinobot_firmware
[2.868s] -- Up-to-date: /home/albert/umov_ws/install/arduinobot_firmware/share/arduinobot_firmware/cmake/arduinobot_firmwareConfig.cmake
[2.869s] -- Up-to-date: /home/albert/umov_ws/install/arduinobot_firmware/share/arduinobot_firmware/cmake/arduinobot_firmwareConfig-version.cmake
[2.869s] -- Up-to-date: /home/albert/umov_ws/install/arduinobot_firmware/share/arduinobot_firmware/package.xml
[3.315s] Invoked command in '/home/albert/umov_ws/build/arduinobot_firmware' returned '0': CMAKE_PREFIX_PATH=${CMAKE_PREFIX_PATH}:/home/albert/ws_moveit2/install/moveit_configs_utils:/home/albert/ws_moveit2/install/launch_param_builder:/home/albert/umov_ws/install/arduino_py_examples:/home/albert/udem2_ws/install/actions_py:/home/albert/udem2_ws/install/lifecycle_py:/home/albert/udem2_ws/install/executors_py:/home/albert/udem2_ws/install/components_py:/home/albert/udem_ws/install/turtlesim_catcher:/home/albert/udem_ws/install/my_py_pkg:/home/albert/udem_ws/install/lifecycle_py:/home/albert/bcdc_ws/install/agbot_teleop:/home/albert/bcdc_ws/install/agbot_py:/home/albert/arduinobot_ws/install/arduinobot_py_examples:/opt/ros/humble /home/albert/.local/bin/cmake --install /home/albert/umov_ws/build/arduinobot_firmware
