[  8%] Built target simple_subscriber
[ 16%] Built target simple_publisher
[ 25%] Built target simple_action_server
[ 33%] Built target moveit_interface
[ 41%] Built target simple_action_server_node
[ 50%] Built target simple_action_client
[ 58%] Built target simple_action_client_node
[ 66%] Built target simple_lifecycle_node
[ 75%] Built target simple_moveit_interface
[ 83%] Built target simple_service_server
[ 91%] Built target simple_service_client
[100%] Built target simple_parameter
-- Install configuration: ""
-- Installing: /home/albert/umov_ws/install/arduino_cpp_examples/lib/arduino_cpp_examples/simple_action_server_node
-- Set non-toolchain portion of runtime path of "/home/albert/umov_ws/install/arduino_cpp_examples/lib/arduino_cpp_examples/simple_action_server_node" to ""
-- Installing: /home/albert/umov_ws/install/arduino_cpp_examples/lib/arduino_cpp_examples/simple_action_client_node
-- Set non-toolchain portion of runtime path of "/home/albert/umov_ws/install/arduino_cpp_examples/lib/arduino_cpp_examples/simple_action_client_node" to ""
-- Installing: /home/albert/umov_ws/install/arduino_cpp_examples/lib/arduino_cpp_examples/simple_publisher
-- Set non-toolchain portion of runtime path of "/home/albert/umov_ws/install/arduino_cpp_examples/lib/arduino_cpp_examples/simple_publisher" to ""
-- Installing: /home/albert/umov_ws/install/arduino_cpp_examples/lib/arduino_cpp_examples/simple_subscriber
-- Set non-toolchain portion of runtime path of "/home/albert/umov_ws/install/arduino_cpp_examples/lib/arduino_cpp_examples/simple_subscriber" to ""
-- Installing: /home/albert/umov_ws/install/arduino_cpp_examples/lib/arduino_cpp_examples/simple_parameter
-- Set non-toolchain portion of runtime path of "/home/albert/umov_ws/install/arduino_cpp_examples/lib/arduino_cpp_examples/simple_parameter" to ""
-- Installing: /home/albert/umov_ws/install/arduino_cpp_examples/lib/arduino_cpp_examples/simple_service_server
-- Set non-toolchain portion of runtime path of "/home/albert/umov_ws/install/arduino_cpp_examples/lib/arduino_cpp_examples/simple_service_server" to ""
-- Installing: /home/albert/umov_ws/install/arduino_cpp_examples/lib/arduino_cpp_examples/simple_service_client
-- Set non-toolchain portion of runtime path of "/home/albert/umov_ws/install/arduino_cpp_examples/lib/arduino_cpp_examples/simple_service_client" to ""
-- Installing: /home/albert/umov_ws/install/arduino_cpp_examples/lib/arduino_cpp_examples/simple_moveit_interface
-- Set non-toolchain portion of runtime path of "/home/albert/umov_ws/install/arduino_cpp_examples/lib/arduino_cpp_examples/simple_moveit_interface" to ""
-- Installing: /home/albert/umov_ws/install/arduino_cpp_examples/lib/arduino_cpp_examples/moveit_interface
-- Set non-toolchain portion of runtime path of "/home/albert/umov_ws/install/arduino_cpp_examples/lib/arduino_cpp_examples/moveit_interface" to ""
-- Installing: /home/albert/umov_ws/install/arduino_cpp_examples/lib/arduino_cpp_examples/simple_lifecycle_node
-- Set non-toolchain portion of runtime path of "/home/albert/umov_ws/install/arduino_cpp_examples/lib/arduino_cpp_examples/simple_lifecycle_node" to ""
-- Installing: /home/albert/umov_ws/install/arduino_cpp_examples/lib/libsimple_action_server.so
-- Set non-toolchain portion of runtime path of "/home/albert/umov_ws/install/arduino_cpp_examples/lib/libsimple_action_server.so" to ""
-- Installing: /home/albert/umov_ws/install/arduino_cpp_examples/lib/libsimple_action_client.so
-- Set non-toolchain portion of runtime path of "/home/albert/umov_ws/install/arduino_cpp_examples/lib/libsimple_action_client.so" to ""
-- Installing: /home/albert/umov_ws/install/arduino_cpp_examples/share/ament_index/resource_index/package_run_dependencies/arduino_cpp_examples
-- Installing: /home/albert/umov_ws/install/arduino_cpp_examples/share/ament_index/resource_index/parent_prefix_path/arduino_cpp_examples
-- Installing: /home/albert/umov_ws/install/arduino_cpp_examples/share/arduino_cpp_examples/environment/ament_prefix_path.sh
-- Installing: /home/albert/umov_ws/install/arduino_cpp_examples/share/arduino_cpp_examples/environment/ament_prefix_path.dsv
-- Installing: /home/albert/umov_ws/install/arduino_cpp_examples/share/arduino_cpp_examples/environment/path.sh
-- Installing: /home/albert/umov_ws/install/arduino_cpp_examples/share/arduino_cpp_examples/environment/path.dsv
-- Installing: /home/albert/umov_ws/install/arduino_cpp_examples/share/arduino_cpp_examples/local_setup.bash
-- Installing: /home/albert/umov_ws/install/arduino_cpp_examples/share/arduino_cpp_examples/local_setup.sh
-- Installing: /home/albert/umov_ws/install/arduino_cpp_examples/share/arduino_cpp_examples/local_setup.zsh
-- Installing: /home/albert/umov_ws/install/arduino_cpp_examples/share/arduino_cpp_examples/local_setup.dsv
-- Installing: /home/albert/umov_ws/install/arduino_cpp_examples/share/arduino_cpp_examples/package.dsv
-- Installing: /home/albert/umov_ws/install/arduino_cpp_examples/share/ament_index/resource_index/packages/arduino_cpp_examples
-- Installing: /home/albert/umov_ws/install/arduino_cpp_examples/share/ament_index/resource_index/rclcpp_components/arduino_cpp_examples
-- Installing: /home/albert/umov_ws/install/arduino_cpp_examples/share/arduino_cpp_examples/cmake/arduino_cpp_examplesConfig.cmake
-- Installing: /home/albert/umov_ws/install/arduino_cpp_examples/share/arduino_cpp_examples/cmake/arduino_cpp_examplesConfig-version.cmake
-- Installing: /home/albert/umov_ws/install/arduino_cpp_examples/share/arduino_cpp_examples/package.xml
