-- Found ament_cmake: 1.3.11 (/opt/ros/humble/share/ament_cmake/cmake)
-- Found trajectory_msgs: 4.2.4 (/opt/ros/humble/share/trajectory_msgs/cmake)
-- Found rosidl_generator_c: 3.1.6 (/opt/ros/humble/share/rosidl_generator_c/cmake)
-- Found rosidl_adapter: 3.1.6 (/opt/ros/humble/share/rosidl_adapter/cmake)
-- Found rosidl_generator_cpp: 3.1.6 (/opt/ros/humble/share/rosidl_generator_cpp/cmake)
-- Using all available rosidl_typesupport_c: rosidl_typesupport_fastrtps_c;rosidl_typesupport_introspection_c
-- Using all available rosidl_typesupport_cpp: rosidl_typesupport_fastrtps_cpp;rosidl_typesupport_introspection_cpp
-- Found sensor_msgs: 4.2.4 (/opt/ros/humble/share/sensor_msgs/cmake)
-- Found rclcpp: 16.0.11 (/opt/ros/humble/share/rclcpp/cmake)
-- Found rmw_implementation_cmake: 6.1.2 (/opt/ros/humble/share/rmw_implementation_cmake/cmake)
-- Found rmw_cyclonedds_cpp: 1.3.4 (/opt/ros/humble/share/rmw_cyclonedds_cpp/cmake)
-- Using RMW implementation 'rmw_cyclonedds_cpp' as default
-- Found rclpy: 3.3.15 (/opt/ros/humble/share/rclpy/cmake)
-- Found hardware_interface: 2.44.0 (/opt/ros/humble/share/hardware_interface/cmake)
-- Found ament_lint_auto: 0.12.11 (/opt/ros/humble/share/ament_lint_auto/cmake)
-- Added test 'cppcheck' to perform static code analysis on C / C++ code
-- Configured cppcheck include dirs: /home/albert/umov_ws/src/arduinobot_controller/include;/home/albert/umov_ws/src/arduinobot_controller/
-- Configured cppcheck exclude dirs and/or files: 
-- Added test 'flake8' to check Python code syntax and style conventions
-- Added test 'lint_cmake' to check CMake code style
-- Added test 'pep257' to check Python code against some of the docstring style conventions in PEP 257
-- Added test 'uncrustify' to check C / C++ code style
-- Configured uncrustify additional arguments: 
-- Added test 'xmllint' to check XML markup files
-- Configuring done (0.9s)
-- Generating done (0.0s)
-- Build files have been written to: /home/albert/umov_ws/build/arduinobot_controller
[ 50%] [32mBuilding CXX object CMakeFiles/arduinobot_controller.dir/src/arduinobot_interface.cpp.o[0m
[100%] [32m[1mLinking CXX shared library libarduinobot_controller.so[0m
[100%] Built target arduinobot_controller
-- Install configuration: ""
-- Up-to-date: /home/albert/umov_ws/install/arduinobot_controller/share/arduinobot_controller/arduinobot_controller.xml
-- Up-to-date: /home/albert/umov_ws/install/arduinobot_controller/share/arduinobot_controller/launch
-- Installing: /home/albert/umov_ws/install/arduinobot_controller/share/arduinobot_controller/launch/controller.launch.py
-- Up-to-date: /home/albert/umov_ws/install/arduinobot_controller/share/arduinobot_controller/config
-- Installing: /home/albert/umov_ws/install/arduinobot_controller/share/arduinobot_controller/config/arduinobot_controllers.yaml
-- Installing: /home/albert/umov_ws/install/arduinobot_controller/lib/libarduinobot_controller.so
-- Set non-toolchain portion of runtime path of "/home/albert/umov_ws/install/arduinobot_controller/lib/libarduinobot_controller.so" to ""
-- Up-to-date: /home/albert/umov_ws/install/arduinobot_controller/include/include
-- Up-to-date: /home/albert/umov_ws/install/arduinobot_controller/include/include/arduinobot_controller
-- Up-to-date: /home/albert/umov_ws/install/arduinobot_controller/include/include/arduinobot_controller/arduinobot_interface.hpp
-- Up-to-date: /home/albert/umov_ws/install/arduinobot_controller/share/arduinobot_controller/environment/library_path.sh
-- Installing: /home/albert/umov_ws/install/arduinobot_controller/share/arduinobot_controller/environment/library_path.dsv
-- Up-to-date: /home/albert/umov_ws/install/arduinobot_controller/share/ament_index/resource_index/package_run_dependencies/arduinobot_controller
-- Installing: /home/albert/umov_ws/install/arduinobot_controller/share/ament_index/resource_index/parent_prefix_path/arduinobot_controller
-- Installing: /home/albert/umov_ws/install/arduinobot_controller/share/arduinobot_controller/environment/ament_prefix_path.sh
-- Installing: /home/albert/umov_ws/install/arduinobot_controller/share/arduinobot_controller/environment/ament_prefix_path.dsv
-- Installing: /home/albert/umov_ws/install/arduinobot_controller/share/arduinobot_controller/environment/path.sh
-- Installing: /home/albert/umov_ws/install/arduinobot_controller/share/arduinobot_controller/environment/path.dsv
-- Up-to-date: /home/albert/umov_ws/install/arduinobot_controller/share/arduinobot_controller/local_setup.bash
-- Up-to-date: /home/albert/umov_ws/install/arduinobot_controller/share/arduinobot_controller/local_setup.sh
-- Up-to-date: /home/albert/umov_ws/install/arduinobot_controller/share/arduinobot_controller/local_setup.zsh
-- Installing: /home/albert/umov_ws/install/arduinobot_controller/share/arduinobot_controller/local_setup.dsv
-- Installing: /home/albert/umov_ws/install/arduinobot_controller/share/arduinobot_controller/package.dsv
-- Up-to-date: /home/albert/umov_ws/install/arduinobot_controller/share/ament_index/resource_index/packages/arduinobot_controller
-- Up-to-date: /home/albert/umov_ws/install/arduinobot_controller/share/ament_index/resource_index/hardware_interface__pluginlib__plugin/arduinobot_controller
-- Up-to-date: /home/albert/umov_ws/install/arduinobot_controller/share/arduinobot_controller/cmake/ament_cmake_export_include_directories-extras.cmake
-- Up-to-date: /home/albert/umov_ws/install/arduinobot_controller/share/arduinobot_controller/cmake/ament_cmake_export_libraries-extras.cmake
-- Up-to-date: /home/albert/umov_ws/install/arduinobot_controller/share/arduinobot_controller/cmake/ament_cmake_export_dependencies-extras.cmake
-- Up-to-date: /home/albert/umov_ws/install/arduinobot_controller/share/arduinobot_controller/cmake/arduinobot_controllerConfig.cmake
-- Up-to-date: /home/albert/umov_ws/install/arduinobot_controller/share/arduinobot_controller/cmake/arduinobot_controllerConfig-version.cmake
-- Up-to-date: /home/albert/umov_ws/install/arduinobot_controller/share/arduinobot_controller/package.xml
