[0.493s] Invoking command in '/home/albert/umov_ws/build/arduinobot_msgs': CMAKE_PREFIX_PATH=${CMAKE_PREFIX_PATH}:/home/albert/ws_moveit2/install/moveit_configs_utils:/home/albert/ws_moveit2/install/launch_param_builder:/home/albert/umov_ws/install/arduino_py_examples:/home/albert/udem2_ws/install/actions_py:/home/albert/udem2_ws/install/lifecycle_py:/home/albert/udem2_ws/install/executors_py:/home/albert/udem2_ws/install/components_py:/home/albert/udem_ws/install/turtlesim_catcher:/home/albert/udem_ws/install/my_py_pkg:/home/albert/udem_ws/install/lifecycle_py:/home/albert/bcdc_ws/install/agbot_teleop:/home/albert/bcdc_ws/install/agbot_py:/home/albert/arduinobot_ws/install/arduinobot_py_examples:/opt/ros/humble /home/albert/.local/bin/cmake --build /home/albert/umov_ws/build/arduinobot_msgs -- -j8 -l8
[0.725s] [  1%] Built target arduinobot_msgs__cpp
[0.755s] [ 12%] Built target arduinobot_msgs__rosidl_generator_c
[1.006s] [ 12%] Built target ament_cmake_python_copy_arduinobot_msgs
[1.052s] [ 23%] Built target arduinobot_msgs__rosidl_typesupport_introspection_c
[1.053s] [ 34%] Built target arduinobot_msgs__rosidl_typesupport_introspection_cpp
[1.053s] [ 46%] Built target arduinobot_msgs__rosidl_typesupport_fastrtps_cpp
[1.053s] [ 57%] Built target arduinobot_msgs__rosidl_typesupport_cpp
[1.054s] [ 68%] Built target arduinobot_msgs__rosidl_typesupport_fastrtps_c
[1.079s] [ 79%] Built target arduinobot_msgs__rosidl_typesupport_c
[1.142s] [ 79%] Built target arduinobot_msgs
[1.207s] [ 80%] Built target arduinobot_msgs__py
[1.332s] [ 90%] Built target arduinobot_msgs__rosidl_generator_py
[1.455s] [ 93%] Built target arduinobot_msgs__rosidl_typesupport_c__pyext
[1.477s] [ 96%] Built target arduinobot_msgs__rosidl_typesupport_introspection_c__pyext
[1.485s] [100%] Built target arduinobot_msgs__rosidl_typesupport_fastrtps_c__pyext
[2.565s] running egg_info
[2.566s] writing arduinobot_msgs.egg-info/PKG-INFO
[2.566s] writing dependency_links to arduinobot_msgs.egg-info/dependency_links.txt
[2.567s] writing top-level names to arduinobot_msgs.egg-info/top_level.txt
[2.575s] reading manifest file 'arduinobot_msgs.egg-info/SOURCES.txt'
[2.577s] writing manifest file 'arduinobot_msgs.egg-info/SOURCES.txt'
[2.626s] [100%] Built target ament_cmake_python_build_arduinobot_msgs_egg
[2.639s] Invoked command in '/home/albert/umov_ws/build/arduinobot_msgs' returned '0': CMAKE_PREFIX_PATH=${CMAKE_PREFIX_PATH}:/home/albert/ws_moveit2/install/moveit_configs_utils:/home/albert/ws_moveit2/install/launch_param_builder:/home/albert/umov_ws/install/arduino_py_examples:/home/albert/udem2_ws/install/actions_py:/home/albert/udem2_ws/install/lifecycle_py:/home/albert/udem2_ws/install/executors_py:/home/albert/udem2_ws/install/components_py:/home/albert/udem_ws/install/turtlesim_catcher:/home/albert/udem_ws/install/my_py_pkg:/home/albert/udem_ws/install/lifecycle_py:/home/albert/bcdc_ws/install/agbot_teleop:/home/albert/bcdc_ws/install/agbot_py:/home/albert/arduinobot_ws/install/arduinobot_py_examples:/opt/ros/humble /home/albert/.local/bin/cmake --build /home/albert/umov_ws/build/arduinobot_msgs -- -j8 -l8
[2.644s] Invoking command in '/home/albert/umov_ws/build/arduinobot_msgs': CMAKE_PREFIX_PATH=${CMAKE_PREFIX_PATH}:/home/albert/ws_moveit2/install/moveit_configs_utils:/home/albert/ws_moveit2/install/launch_param_builder:/home/albert/umov_ws/install/arduino_py_examples:/home/albert/udem2_ws/install/actions_py:/home/albert/udem2_ws/install/lifecycle_py:/home/albert/udem2_ws/install/executors_py:/home/albert/udem2_ws/install/components_py:/home/albert/udem_ws/install/turtlesim_catcher:/home/albert/udem_ws/install/my_py_pkg:/home/albert/udem_ws/install/lifecycle_py:/home/albert/bcdc_ws/install/agbot_teleop:/home/albert/bcdc_ws/install/agbot_py:/home/albert/arduinobot_ws/install/arduinobot_py_examples:/opt/ros/humble /home/albert/.local/bin/cmake --install /home/albert/umov_ws/build/arduinobot_msgs
[2.657s] -- Install configuration: ""
[2.658s] -- Up-to-date: /home/albert/umov_ws/install/arduinobot_msgs/share/ament_index/resource_index/rosidl_interfaces/arduinobot_msgs
[2.658s] -- Up-to-date: /home/albert/umov_ws/install/arduinobot_msgs/include/arduinobot_msgs/arduinobot_msgs
[2.658s] -- Up-to-date: /home/albert/umov_ws/install/arduinobot_msgs/include/arduinobot_msgs/arduinobot_msgs/msg
[2.659s] -- Up-to-date: /home/albert/umov_ws/install/arduinobot_msgs/include/arduinobot_msgs/arduinobot_msgs/msg/rosidl_generator_c__visibility_control.h
[2.659s] -- Up-to-date: /home/albert/umov_ws/install/arduinobot_msgs/include/arduinobot_msgs/arduinobot_msgs/action
[2.659s] -- Up-to-date: /home/albert/umov_ws/install/arduinobot_msgs/include/arduinobot_msgs/arduinobot_msgs/action/arduinobot_task.h
[2.659s] -- Up-to-date: /home/albert/umov_ws/install/arduinobot_msgs/include/arduinobot_msgs/arduinobot_msgs/action/fibonacci.h
[2.660s] -- Up-to-date: /home/albert/umov_ws/install/arduinobot_msgs/include/arduinobot_msgs/arduinobot_msgs/action/detail
[2.660s] -- Up-to-date: /home/albert/umov_ws/install/arduinobot_msgs/include/arduinobot_msgs/arduinobot_msgs/action/detail/fibonacci__functions.c
[2.660s] -- Up-to-date: /home/albert/umov_ws/install/arduinobot_msgs/include/arduinobot_msgs/arduinobot_msgs/action/detail/arduinobot_task__functions.c
[2.661s] -- Up-to-date: /home/albert/umov_ws/install/arduinobot_msgs/include/arduinobot_msgs/arduinobot_msgs/action/detail/fibonacci__type_support.h
[2.661s] -- Up-to-date: /home/albert/umov_ws/install/arduinobot_msgs/include/arduinobot_msgs/arduinobot_msgs/action/detail/arduinobot_task__functions.h
[2.662s] -- Up-to-date: /home/albert/umov_ws/install/arduinobot_msgs/include/arduinobot_msgs/arduinobot_msgs/action/detail/fibonacci__struct.h
[2.662s] -- Up-to-date: /home/albert/umov_ws/install/arduinobot_msgs/include/arduinobot_msgs/arduinobot_msgs/action/detail/arduinobot_task__type_support.h
[2.662s] -- Up-to-date: /home/albert/umov_ws/install/arduinobot_msgs/include/arduinobot_msgs/arduinobot_msgs/action/detail/arduinobot_task__struct.h
[2.663s] -- Up-to-date: /home/albert/umov_ws/install/arduinobot_msgs/include/arduinobot_msgs/arduinobot_msgs/action/detail/fibonacci__functions.h
[2.663s] -- Up-to-date: /home/albert/umov_ws/install/arduinobot_msgs/include/arduinobot_msgs/arduinobot_msgs/srv
[2.663s] -- Up-to-date: /home/albert/umov_ws/install/arduinobot_msgs/include/arduinobot_msgs/arduinobot_msgs/srv/quaternion_to_euler.h
[2.664s] -- Up-to-date: /home/albert/umov_ws/install/arduinobot_msgs/include/arduinobot_msgs/arduinobot_msgs/srv/detail
[2.664s] -- Up-to-date: /home/albert/umov_ws/install/arduinobot_msgs/include/arduinobot_msgs/arduinobot_msgs/srv/detail/euler_to_quaternion__functions.c
[2.664s] -- Up-to-date: /home/albert/umov_ws/install/arduinobot_msgs/include/arduinobot_msgs/arduinobot_msgs/srv/detail/add_two_ints__functions.h
[2.665s] -- Up-to-date: /home/albert/umov_ws/install/arduinobot_msgs/include/arduinobot_msgs/arduinobot_msgs/srv/detail/euler_to_quaternion__struct.h
[2.665s] -- Up-to-date: /home/albert/umov_ws/install/arduinobot_msgs/include/arduinobot_msgs/arduinobot_msgs/srv/detail/add_two_ints__functions.c
[2.666s] -- Up-to-date: /home/albert/umov_ws/install/arduinobot_msgs/include/arduinobot_msgs/arduinobot_msgs/srv/detail/quaternion_to_euler__functions.c
[2.666s] -- Up-to-date: /home/albert/umov_ws/install/arduinobot_msgs/include/arduinobot_msgs/arduinobot_msgs/srv/detail/euler_to_quaternion__functions.h
[2.666s] -- Up-to-date: /home/albert/umov_ws/install/arduinobot_msgs/include/arduinobot_msgs/arduinobot_msgs/srv/detail/quaternion_to_euler__functions.h
[2.666s] -- Up-to-date: /home/albert/umov_ws/install/arduinobot_msgs/include/arduinobot_msgs/arduinobot_msgs/srv/detail/quaternion_to_euler__type_support.h
[2.667s] -- Up-to-date: /home/albert/umov_ws/install/arduinobot_msgs/include/arduinobot_msgs/arduinobot_msgs/srv/detail/add_two_ints__type_support.h
[2.667s] -- Up-to-date: /home/albert/umov_ws/install/arduinobot_msgs/include/arduinobot_msgs/arduinobot_msgs/srv/detail/euler_to_quaternion__type_support.h
[2.667s] -- Up-to-date: /home/albert/umov_ws/install/arduinobot_msgs/include/arduinobot_msgs/arduinobot_msgs/srv/detail/quaternion_to_euler__struct.h
[2.667s] -- Up-to-date: /home/albert/umov_ws/install/arduinobot_msgs/include/arduinobot_msgs/arduinobot_msgs/srv/detail/add_two_ints__struct.h
[2.668s] -- Up-to-date: /home/albert/umov_ws/install/arduinobot_msgs/include/arduinobot_msgs/arduinobot_msgs/srv/euler_to_quaternion.h
[2.668s] -- Up-to-date: /home/albert/umov_ws/install/arduinobot_msgs/include/arduinobot_msgs/arduinobot_msgs/srv/add_two_ints.h
[2.668s] -- Up-to-date: /home/albert/umov_ws/install/arduinobot_msgs/share/arduinobot_msgs/environment/library_path.sh
[2.668s] -- Up-to-date: /home/albert/umov_ws/install/arduinobot_msgs/share/arduinobot_msgs/environment/library_path.dsv
[2.669s] -- Up-to-date: /home/albert/umov_ws/install/arduinobot_msgs/lib/libarduinobot_msgs__rosidl_generator_c.so
[2.669s] -- Up-to-date: /home/albert/umov_ws/install/arduinobot_msgs/include/arduinobot_msgs/arduinobot_msgs
[2.669s] -- Up-to-date: /home/albert/umov_ws/install/arduinobot_msgs/include/arduinobot_msgs/arduinobot_msgs/msg
[2.669s] -- Up-to-date: /home/albert/umov_ws/install/arduinobot_msgs/include/arduinobot_msgs/arduinobot_msgs/msg/rosidl_typesupport_fastrtps_c__visibility_control.h
[2.670s] -- Up-to-date: /home/albert/umov_ws/install/arduinobot_msgs/include/arduinobot_msgs/arduinobot_msgs/action
[2.670s] -- Up-to-date: /home/albert/umov_ws/install/arduinobot_msgs/include/arduinobot_msgs/arduinobot_msgs/action/detail
[2.670s] -- Up-to-date: /home/albert/umov_ws/install/arduinobot_msgs/include/arduinobot_msgs/arduinobot_msgs/action/detail/fibonacci__rosidl_typesupport_fastrtps_c.h
[2.671s] -- Up-to-date: /home/albert/umov_ws/install/arduinobot_msgs/include/arduinobot_msgs/arduinobot_msgs/action/detail/arduinobot_task__rosidl_typesupport_fastrtps_c.h
[2.671s] -- Up-to-date: /home/albert/umov_ws/install/arduinobot_msgs/include/arduinobot_msgs/arduinobot_msgs/srv
[2.671s] -- Up-to-date: /home/albert/umov_ws/install/arduinobot_msgs/include/arduinobot_msgs/arduinobot_msgs/srv/detail
[2.672s] -- Up-to-date: /home/albert/umov_ws/install/arduinobot_msgs/include/arduinobot_msgs/arduinobot_msgs/srv/detail/add_two_ints__rosidl_typesupport_fastrtps_c.h
[2.672s] -- Up-to-date: /home/albert/umov_ws/install/arduinobot_msgs/include/arduinobot_msgs/arduinobot_msgs/srv/detail/euler_to_quaternion__rosidl_typesupport_fastrtps_c.h
[2.672s] -- Up-to-date: /home/albert/umov_ws/install/arduinobot_msgs/include/arduinobot_msgs/arduinobot_msgs/srv/detail/quaternion_to_euler__rosidl_typesupport_fastrtps_c.h
[2.673s] -- Up-to-date: /home/albert/umov_ws/install/arduinobot_msgs/lib/libarduinobot_msgs__rosidl_typesupport_fastrtps_c.so
[2.673s] -- Up-to-date: /home/albert/umov_ws/install/arduinobot_msgs/include/arduinobot_msgs/arduinobot_msgs
[2.673s] -- Up-to-date: /home/albert/umov_ws/install/arduinobot_msgs/include/arduinobot_msgs/arduinobot_msgs/msg
[2.673s] -- Up-to-date: /home/albert/umov_ws/install/arduinobot_msgs/include/arduinobot_msgs/arduinobot_msgs/msg/rosidl_generator_cpp__visibility_control.hpp
[2.674s] -- Up-to-date: /home/albert/umov_ws/install/arduinobot_msgs/include/arduinobot_msgs/arduinobot_msgs/action
[2.674s] -- Up-to-date: /home/albert/umov_ws/install/arduinobot_msgs/include/arduinobot_msgs/arduinobot_msgs/action/fibonacci.hpp
[2.674s] -- Up-to-date: /home/albert/umov_ws/install/arduinobot_msgs/include/arduinobot_msgs/arduinobot_msgs/action/detail
[2.674s] -- Up-to-date: /home/albert/umov_ws/install/arduinobot_msgs/include/arduinobot_msgs/arduinobot_msgs/action/detail/fibonacci__type_support.hpp
[2.674s] -- Up-to-date: /home/albert/umov_ws/install/arduinobot_msgs/include/arduinobot_msgs/arduinobot_msgs/action/detail/arduinobot_task__traits.hpp
[2.674s] -- Up-to-date: /home/albert/umov_ws/install/arduinobot_msgs/include/arduinobot_msgs/arduinobot_msgs/action/detail/arduinobot_task__builder.hpp
[2.674s] -- Up-to-date: /home/albert/umov_ws/install/arduinobot_msgs/include/arduinobot_msgs/arduinobot_msgs/action/detail/fibonacci__builder.hpp
[2.675s] -- Up-to-date: /home/albert/umov_ws/install/arduinobot_msgs/include/arduinobot_msgs/arduinobot_msgs/action/detail/fibonacci__struct.hpp
[2.675s] -- Up-to-date: /home/albert/umov_ws/install/arduinobot_msgs/include/arduinobot_msgs/arduinobot_msgs/action/detail/arduinobot_task__struct.hpp
[2.675s] -- Up-to-date: /home/albert/umov_ws/install/arduinobot_msgs/include/arduinobot_msgs/arduinobot_msgs/action/detail/arduinobot_task__type_support.hpp
[2.675s] -- Up-to-date: /home/albert/umov_ws/install/arduinobot_msgs/include/arduinobot_msgs/arduinobot_msgs/action/detail/fibonacci__traits.hpp
[2.675s] -- Up-to-date: /home/albert/umov_ws/install/arduinobot_msgs/include/arduinobot_msgs/arduinobot_msgs/action/arduinobot_task.hpp
[2.675s] -- Up-to-date: /home/albert/umov_ws/install/arduinobot_msgs/include/arduinobot_msgs/arduinobot_msgs/srv
[2.675s] -- Up-to-date: /home/albert/umov_ws/install/arduinobot_msgs/include/arduinobot_msgs/arduinobot_msgs/srv/euler_to_quaternion.hpp
[2.675s] -- Up-to-date: /home/albert/umov_ws/install/arduinobot_msgs/include/arduinobot_msgs/arduinobot_msgs/srv/detail
[2.675s] -- Up-to-date: /home/albert/umov_ws/install/arduinobot_msgs/include/arduinobot_msgs/arduinobot_msgs/srv/detail/quaternion_to_euler__struct.hpp
[2.675s] -- Up-to-date: /home/albert/umov_ws/install/arduinobot_msgs/include/arduinobot_msgs/arduinobot_msgs/srv/detail/quaternion_to_euler__builder.hpp
[2.676s] -- Up-to-date: /home/albert/umov_ws/install/arduinobot_msgs/include/arduinobot_msgs/arduinobot_msgs/srv/detail/euler_to_quaternion__traits.hpp
[2.676s] -- Up-to-date: /home/albert/umov_ws/install/arduinobot_msgs/include/arduinobot_msgs/arduinobot_msgs/srv/detail/add_two_ints__type_support.hpp
[2.676s] -- Up-to-date: /home/albert/umov_ws/install/arduinobot_msgs/include/arduinobot_msgs/arduinobot_msgs/srv/detail/add_two_ints__builder.hpp
[2.676s] -- Up-to-date: /home/albert/umov_ws/install/arduinobot_msgs/include/arduinobot_msgs/arduinobot_msgs/srv/detail/euler_to_quaternion__type_support.hpp
[2.676s] -- Up-to-date: /home/albert/umov_ws/install/arduinobot_msgs/include/arduinobot_msgs/arduinobot_msgs/srv/detail/quaternion_to_euler__traits.hpp
[2.676s] -- Up-to-date: /home/albert/umov_ws/install/arduinobot_msgs/include/arduinobot_msgs/arduinobot_msgs/srv/detail/euler_to_quaternion__builder.hpp
[2.676s] -- Up-to-date: /home/albert/umov_ws/install/arduinobot_msgs/include/arduinobot_msgs/arduinobot_msgs/srv/detail/add_two_ints__traits.hpp
[2.676s] -- Up-to-date: /home/albert/umov_ws/install/arduinobot_msgs/include/arduinobot_msgs/arduinobot_msgs/srv/detail/add_two_ints__struct.hpp
[2.676s] -- Up-to-date: /home/albert/umov_ws/install/arduinobot_msgs/include/arduinobot_msgs/arduinobot_msgs/srv/detail/euler_to_quaternion__struct.hpp
[2.676s] -- Up-to-date: /home/albert/umov_ws/install/arduinobot_msgs/include/arduinobot_msgs/arduinobot_msgs/srv/detail/quaternion_to_euler__type_support.hpp
[2.676s] -- Up-to-date: /home/albert/umov_ws/install/arduinobot_msgs/include/arduinobot_msgs/arduinobot_msgs/srv/quaternion_to_euler.hpp
[2.677s] -- Up-to-date: /home/albert/umov_ws/install/arduinobot_msgs/include/arduinobot_msgs/arduinobot_msgs/srv/add_two_ints.hpp
[2.677s] -- Up-to-date: /home/albert/umov_ws/install/arduinobot_msgs/include/arduinobot_msgs/arduinobot_msgs
[2.677s] -- Up-to-date: /home/albert/umov_ws/install/arduinobot_msgs/include/arduinobot_msgs/arduinobot_msgs/msg
[2.677s] -- Up-to-date: /home/albert/umov_ws/install/arduinobot_msgs/include/arduinobot_msgs/arduinobot_msgs/msg/rosidl_typesupport_fastrtps_cpp__visibility_control.h
[2.677s] -- Up-to-date: /home/albert/umov_ws/install/arduinobot_msgs/include/arduinobot_msgs/arduinobot_msgs/action
[2.677s] -- Up-to-date: /home/albert/umov_ws/install/arduinobot_msgs/include/arduinobot_msgs/arduinobot_msgs/action/detail
[2.677s] -- Up-to-date: /home/albert/umov_ws/install/arduinobot_msgs/include/arduinobot_msgs/arduinobot_msgs/action/detail/arduinobot_task__rosidl_typesupport_fastrtps_cpp.hpp
[2.677s] -- Up-to-date: /home/albert/umov_ws/install/arduinobot_msgs/include/arduinobot_msgs/arduinobot_msgs/action/detail/dds_fastrtps
[2.677s] -- Up-to-date: /home/albert/umov_ws/install/arduinobot_msgs/include/arduinobot_msgs/arduinobot_msgs/action/detail/fibonacci__rosidl_typesupport_fastrtps_cpp.hpp
[2.678s] -- Up-to-date: /home/albert/umov_ws/install/arduinobot_msgs/include/arduinobot_msgs/arduinobot_msgs/srv
[2.678s] -- Up-to-date: /home/albert/umov_ws/install/arduinobot_msgs/include/arduinobot_msgs/arduinobot_msgs/srv/detail
[2.678s] -- Up-to-date: /home/albert/umov_ws/install/arduinobot_msgs/include/arduinobot_msgs/arduinobot_msgs/srv/detail/euler_to_quaternion__rosidl_typesupport_fastrtps_cpp.hpp
[2.678s] -- Up-to-date: /home/albert/umov_ws/install/arduinobot_msgs/include/arduinobot_msgs/arduinobot_msgs/srv/detail/quaternion_to_euler__rosidl_typesupport_fastrtps_cpp.hpp
[2.678s] -- Up-to-date: /home/albert/umov_ws/install/arduinobot_msgs/include/arduinobot_msgs/arduinobot_msgs/srv/detail/dds_fastrtps
[2.678s] -- Up-to-date: /home/albert/umov_ws/install/arduinobot_msgs/include/arduinobot_msgs/arduinobot_msgs/srv/detail/add_two_ints__rosidl_typesupport_fastrtps_cpp.hpp
[2.679s] -- Up-to-date: /home/albert/umov_ws/install/arduinobot_msgs/lib/libarduinobot_msgs__rosidl_typesupport_fastrtps_cpp.so
[2.679s] -- Up-to-date: /home/albert/umov_ws/install/arduinobot_msgs/include/arduinobot_msgs/arduinobot_msgs
[2.679s] -- Up-to-date: /home/albert/umov_ws/install/arduinobot_msgs/include/arduinobot_msgs/arduinobot_msgs/msg
[2.680s] -- Up-to-date: /home/albert/umov_ws/install/arduinobot_msgs/include/arduinobot_msgs/arduinobot_msgs/msg/rosidl_typesupport_introspection_c__visibility_control.h
[2.680s] -- Up-to-date: /home/albert/umov_ws/install/arduinobot_msgs/include/arduinobot_msgs/arduinobot_msgs/action
[2.680s] -- Up-to-date: /home/albert/umov_ws/install/arduinobot_msgs/include/arduinobot_msgs/arduinobot_msgs/action/detail
[2.680s] -- Up-to-date: /home/albert/umov_ws/install/arduinobot_msgs/include/arduinobot_msgs/arduinobot_msgs/action/detail/fibonacci__type_support.c
[2.680s] -- Up-to-date: /home/albert/umov_ws/install/arduinobot_msgs/include/arduinobot_msgs/arduinobot_msgs/action/detail/fibonacci__rosidl_typesupport_introspection_c.h
[2.680s] -- Up-to-date: /home/albert/umov_ws/install/arduinobot_msgs/include/arduinobot_msgs/arduinobot_msgs/action/detail/arduinobot_task__rosidl_typesupport_introspection_c.h
[2.680s] -- Up-to-date: /home/albert/umov_ws/install/arduinobot_msgs/include/arduinobot_msgs/arduinobot_msgs/action/detail/arduinobot_task__type_support.c
[2.680s] -- Up-to-date: /home/albert/umov_ws/install/arduinobot_msgs/include/arduinobot_msgs/arduinobot_msgs/srv
[2.680s] -- Up-to-date: /home/albert/umov_ws/install/arduinobot_msgs/include/arduinobot_msgs/arduinobot_msgs/srv/detail
[2.680s] -- Up-to-date: /home/albert/umov_ws/install/arduinobot_msgs/include/arduinobot_msgs/arduinobot_msgs/srv/detail/add_two_ints__rosidl_typesupport_introspection_c.h
[2.681s] -- Up-to-date: /home/albert/umov_ws/install/arduinobot_msgs/include/arduinobot_msgs/arduinobot_msgs/srv/detail/euler_to_quaternion__type_support.c
[2.681s] -- Up-to-date: /home/albert/umov_ws/install/arduinobot_msgs/include/arduinobot_msgs/arduinobot_msgs/srv/detail/add_two_ints__type_support.c
[2.681s] -- Up-to-date: /home/albert/umov_ws/install/arduinobot_msgs/include/arduinobot_msgs/arduinobot_msgs/srv/detail/quaternion_to_euler__type_support.c
[2.681s] -- Up-to-date: /home/albert/umov_ws/install/arduinobot_msgs/include/arduinobot_msgs/arduinobot_msgs/srv/detail/quaternion_to_euler__rosidl_typesupport_introspection_c.h
[2.681s] -- Up-to-date: /home/albert/umov_ws/install/arduinobot_msgs/include/arduinobot_msgs/arduinobot_msgs/srv/detail/euler_to_quaternion__rosidl_typesupport_introspection_c.h
[2.681s] -- Up-to-date: /home/albert/umov_ws/install/arduinobot_msgs/lib/libarduinobot_msgs__rosidl_typesupport_introspection_c.so
[2.682s] -- Up-to-date: /home/albert/umov_ws/install/arduinobot_msgs/lib/libarduinobot_msgs__rosidl_typesupport_c.so
[2.682s] -- Up-to-date: /home/albert/umov_ws/install/arduinobot_msgs/include/arduinobot_msgs/arduinobot_msgs
[2.682s] -- Up-to-date: /home/albert/umov_ws/install/arduinobot_msgs/include/arduinobot_msgs/arduinobot_msgs/action
[2.682s] -- Up-to-date: /home/albert/umov_ws/install/arduinobot_msgs/include/arduinobot_msgs/arduinobot_msgs/action/detail
[2.682s] -- Up-to-date: /home/albert/umov_ws/install/arduinobot_msgs/include/arduinobot_msgs/arduinobot_msgs/action/detail/fibonacci__type_support.cpp
[2.682s] -- Up-to-date: /home/albert/umov_ws/install/arduinobot_msgs/include/arduinobot_msgs/arduinobot_msgs/action/detail/arduinobot_task__rosidl_typesupport_introspection_cpp.hpp
[2.682s] -- Up-to-date: /home/albert/umov_ws/install/arduinobot_msgs/include/arduinobot_msgs/arduinobot_msgs/action/detail/fibonacci__rosidl_typesupport_introspection_cpp.hpp
[2.682s] -- Up-to-date: /home/albert/umov_ws/install/arduinobot_msgs/include/arduinobot_msgs/arduinobot_msgs/action/detail/arduinobot_task__type_support.cpp
[2.682s] -- Up-to-date: /home/albert/umov_ws/install/arduinobot_msgs/include/arduinobot_msgs/arduinobot_msgs/srv
[2.682s] -- Up-to-date: /home/albert/umov_ws/install/arduinobot_msgs/include/arduinobot_msgs/arduinobot_msgs/srv/detail
[2.682s] -- Up-to-date: /home/albert/umov_ws/install/arduinobot_msgs/include/arduinobot_msgs/arduinobot_msgs/srv/detail/euler_to_quaternion__rosidl_typesupport_introspection_cpp.hpp
[2.683s] -- Up-to-date: /home/albert/umov_ws/install/arduinobot_msgs/include/arduinobot_msgs/arduinobot_msgs/srv/detail/euler_to_quaternion__type_support.cpp
[2.683s] -- Up-to-date: /home/albert/umov_ws/install/arduinobot_msgs/include/arduinobot_msgs/arduinobot_msgs/srv/detail/add_two_ints__type_support.cpp
[2.683s] -- Up-to-date: /home/albert/umov_ws/install/arduinobot_msgs/include/arduinobot_msgs/arduinobot_msgs/srv/detail/quaternion_to_euler__type_support.cpp
[2.683s] -- Up-to-date: /home/albert/umov_ws/install/arduinobot_msgs/include/arduinobot_msgs/arduinobot_msgs/srv/detail/quaternion_to_euler__rosidl_typesupport_introspection_cpp.hpp
[2.683s] -- Up-to-date: /home/albert/umov_ws/install/arduinobot_msgs/include/arduinobot_msgs/arduinobot_msgs/srv/detail/add_two_ints__rosidl_typesupport_introspection_cpp.hpp
[2.683s] -- Up-to-date: /home/albert/umov_ws/install/arduinobot_msgs/lib/libarduinobot_msgs__rosidl_typesupport_introspection_cpp.so
[2.683s] -- Up-to-date: /home/albert/umov_ws/install/arduinobot_msgs/lib/libarduinobot_msgs__rosidl_typesupport_cpp.so
[2.683s] -- Up-to-date: /home/albert/umov_ws/install/arduinobot_msgs/share/arduinobot_msgs/environment/pythonpath.sh
[2.683s] -- Up-to-date: /home/albert/umov_ws/install/arduinobot_msgs/share/arduinobot_msgs/environment/pythonpath.dsv
[2.683s] -- Up-to-date: /home/albert/umov_ws/install/arduinobot_msgs/local/lib/python3.10/dist-packages/arduinobot_msgs-0.0.0-py3.10.egg-info
[2.683s] -- Installing: /home/albert/umov_ws/install/arduinobot_msgs/local/lib/python3.10/dist-packages/arduinobot_msgs-0.0.0-py3.10.egg-info/SOURCES.txt
[2.684s] -- Installing: /home/albert/umov_ws/install/arduinobot_msgs/local/lib/python3.10/dist-packages/arduinobot_msgs-0.0.0-py3.10.egg-info/top_level.txt
[2.684s] -- Installing: /home/albert/umov_ws/install/arduinobot_msgs/local/lib/python3.10/dist-packages/arduinobot_msgs-0.0.0-py3.10.egg-info/PKG-INFO
[2.684s] -- Installing: /home/albert/umov_ws/install/arduinobot_msgs/local/lib/python3.10/dist-packages/arduinobot_msgs-0.0.0-py3.10.egg-info/dependency_links.txt
[2.684s] -- Up-to-date: /home/albert/umov_ws/install/arduinobot_msgs/local/lib/python3.10/dist-packages/arduinobot_msgs
[2.684s] -- Up-to-date: /home/albert/umov_ws/install/arduinobot_msgs/local/lib/python3.10/dist-packages/arduinobot_msgs/_arduinobot_msgs_s.ep.rosidl_typesupport_fastrtps_c.c
[2.684s] -- Up-to-date: /home/albert/umov_ws/install/arduinobot_msgs/local/lib/python3.10/dist-packages/arduinobot_msgs/arduinobot_msgs_s__rosidl_typesupport_fastrtps_c.cpython-310-x86_64-linux-gnu.so
[2.684s] -- Up-to-date: /home/albert/umov_ws/install/arduinobot_msgs/local/lib/python3.10/dist-packages/arduinobot_msgs/__init__.py
[2.684s] -- Up-to-date: /home/albert/umov_ws/install/arduinobot_msgs/local/lib/python3.10/dist-packages/arduinobot_msgs/action
[2.684s] -- Up-to-date: /home/albert/umov_ws/install/arduinobot_msgs/local/lib/python3.10/dist-packages/arduinobot_msgs/action/_arduinobot_task_s.c
[2.684s] -- Up-to-date: /home/albert/umov_ws/install/arduinobot_msgs/local/lib/python3.10/dist-packages/arduinobot_msgs/action/__init__.py
[2.685s] -- Up-to-date: /home/albert/umov_ws/install/arduinobot_msgs/local/lib/python3.10/dist-packages/arduinobot_msgs/action/_arduinobot_task.py
[2.685s] -- Up-to-date: /home/albert/umov_ws/install/arduinobot_msgs/local/lib/python3.10/dist-packages/arduinobot_msgs/action/_fibonacci_s.c
[2.685s] -- Up-to-date: /home/albert/umov_ws/install/arduinobot_msgs/local/lib/python3.10/dist-packages/arduinobot_msgs/action/_fibonacci.py
[2.685s] -- Up-to-date: /home/albert/umov_ws/install/arduinobot_msgs/local/lib/python3.10/dist-packages/arduinobot_msgs/_arduinobot_msgs_s.ep.rosidl_typesupport_introspection_c.c
[2.685s] -- Up-to-date: /home/albert/umov_ws/install/arduinobot_msgs/local/lib/python3.10/dist-packages/arduinobot_msgs/_arduinobot_msgs_s.ep.rosidl_typesupport_c.c
[2.685s] -- Up-to-date: /home/albert/umov_ws/install/arduinobot_msgs/local/lib/python3.10/dist-packages/arduinobot_msgs/libarduinobot_msgs__rosidl_generator_py.so
[2.685s] -- Up-to-date: /home/albert/umov_ws/install/arduinobot_msgs/local/lib/python3.10/dist-packages/arduinobot_msgs/arduinobot_msgs_s__rosidl_typesupport_c.cpython-310-x86_64-linux-gnu.so
[2.685s] -- Up-to-date: /home/albert/umov_ws/install/arduinobot_msgs/local/lib/python3.10/dist-packages/arduinobot_msgs/arduinobot_msgs_s__rosidl_typesupport_introspection_c.cpython-310-x86_64-linux-gnu.so
[2.685s] -- Up-to-date: /home/albert/umov_ws/install/arduinobot_msgs/local/lib/python3.10/dist-packages/arduinobot_msgs/srv
[2.685s] -- Up-to-date: /home/albert/umov_ws/install/arduinobot_msgs/local/lib/python3.10/dist-packages/arduinobot_msgs/srv/_quaternion_to_euler_s.c
[2.685s] -- Up-to-date: /home/albert/umov_ws/install/arduinobot_msgs/local/lib/python3.10/dist-packages/arduinobot_msgs/srv/_euler_to_quaternion.py
[2.686s] -- Up-to-date: /home/albert/umov_ws/install/arduinobot_msgs/local/lib/python3.10/dist-packages/arduinobot_msgs/srv/__init__.py
[2.686s] -- Up-to-date: /home/albert/umov_ws/install/arduinobot_msgs/local/lib/python3.10/dist-packages/arduinobot_msgs/srv/_quaternion_to_euler.py
[2.686s] -- Up-to-date: /home/albert/umov_ws/install/arduinobot_msgs/local/lib/python3.10/dist-packages/arduinobot_msgs/srv/_add_two_ints_s.c
[2.686s] -- Up-to-date: /home/albert/umov_ws/install/arduinobot_msgs/local/lib/python3.10/dist-packages/arduinobot_msgs/srv/_add_two_ints.py
[2.686s] -- Up-to-date: /home/albert/umov_ws/install/arduinobot_msgs/local/lib/python3.10/dist-packages/arduinobot_msgs/srv/_euler_to_quaternion_s.c
[2.807s] Listing '/home/albert/umov_ws/install/arduinobot_msgs/local/lib/python3.10/dist-packages/arduinobot_msgs'...
[2.807s] Listing '/home/albert/umov_ws/install/arduinobot_msgs/local/lib/python3.10/dist-packages/arduinobot_msgs/action'...
[2.807s] Listing '/home/albert/umov_ws/install/arduinobot_msgs/local/lib/python3.10/dist-packages/arduinobot_msgs/srv'...
[2.818s] -- Up-to-date: /home/albert/umov_ws/install/arduinobot_msgs/local/lib/python3.10/dist-packages/arduinobot_msgs/arduinobot_msgs_s__rosidl_typesupport_fastrtps_c.cpython-310-x86_64-linux-gnu.so
[2.818s] -- Up-to-date: /home/albert/umov_ws/install/arduinobot_msgs/local/lib/python3.10/dist-packages/arduinobot_msgs/arduinobot_msgs_s__rosidl_typesupport_introspection_c.cpython-310-x86_64-linux-gnu.so
[2.819s] -- Up-to-date: /home/albert/umov_ws/install/arduinobot_msgs/local/lib/python3.10/dist-packages/arduinobot_msgs/arduinobot_msgs_s__rosidl_typesupport_c.cpython-310-x86_64-linux-gnu.so
[2.820s] -- Up-to-date: /home/albert/umov_ws/install/arduinobot_msgs/lib/libarduinobot_msgs__rosidl_generator_py.so
[2.821s] -- Up-to-date: /home/albert/umov_ws/install/arduinobot_msgs/share/arduinobot_msgs/srv/AddTwoInts.idl
[2.821s] -- Up-to-date: /home/albert/umov_ws/install/arduinobot_msgs/share/arduinobot_msgs/srv/EulerToQuaternion.idl
[2.821s] -- Up-to-date: /home/albert/umov_ws/install/arduinobot_msgs/share/arduinobot_msgs/srv/QuaternionToEuler.idl
[2.821s] -- Up-to-date: /home/albert/umov_ws/install/arduinobot_msgs/share/arduinobot_msgs/action/Fibonacci.idl
[2.822s] -- Up-to-date: /home/albert/umov_ws/install/arduinobot_msgs/share/arduinobot_msgs/action/ArduinobotTask.idl
[2.822s] -- Up-to-date: /home/albert/umov_ws/install/arduinobot_msgs/share/arduinobot_msgs/srv/AddTwoInts.srv
[2.822s] -- Up-to-date: /home/albert/umov_ws/install/arduinobot_msgs/share/arduinobot_msgs/srv/AddTwoInts_Request.msg
[2.823s] -- Up-to-date: /home/albert/umov_ws/install/arduinobot_msgs/share/arduinobot_msgs/srv/AddTwoInts_Response.msg
[2.823s] -- Up-to-date: /home/albert/umov_ws/install/arduinobot_msgs/share/arduinobot_msgs/srv/EulerToQuaternion.srv
[2.823s] -- Up-to-date: /home/albert/umov_ws/install/arduinobot_msgs/share/arduinobot_msgs/srv/EulerToQuaternion_Request.msg
[2.823s] -- Up-to-date: /home/albert/umov_ws/install/arduinobot_msgs/share/arduinobot_msgs/srv/EulerToQuaternion_Response.msg
[2.824s] -- Up-to-date: /home/albert/umov_ws/install/arduinobot_msgs/share/arduinobot_msgs/srv/QuaternionToEuler.srv
[2.824s] -- Up-to-date: /home/albert/umov_ws/install/arduinobot_msgs/share/arduinobot_msgs/srv/QuaternionToEuler_Request.msg
[2.824s] -- Up-to-date: /home/albert/umov_ws/install/arduinobot_msgs/share/arduinobot_msgs/srv/QuaternionToEuler_Response.msg
[2.824s] -- Up-to-date: /home/albert/umov_ws/install/arduinobot_msgs/share/arduinobot_msgs/action/Fibonacci.action
[2.825s] -- Up-to-date: /home/albert/umov_ws/install/arduinobot_msgs/share/arduinobot_msgs/action/ArduinobotTask.action
[2.825s] -- Up-to-date: /home/albert/umov_ws/install/arduinobot_msgs/share/ament_index/resource_index/package_run_dependencies/arduinobot_msgs
[2.825s] -- Up-to-date: /home/albert/umov_ws/install/arduinobot_msgs/share/ament_index/resource_index/parent_prefix_path/arduinobot_msgs
[2.825s] -- Up-to-date: /home/albert/umov_ws/install/arduinobot_msgs/share/arduinobot_msgs/environment/ament_prefix_path.sh
[2.825s] -- Up-to-date: /home/albert/umov_ws/install/arduinobot_msgs/share/arduinobot_msgs/environment/ament_prefix_path.dsv
[2.826s] -- Up-to-date: /home/albert/umov_ws/install/arduinobot_msgs/share/arduinobot_msgs/environment/path.sh
[2.826s] -- Up-to-date: /home/albert/umov_ws/install/arduinobot_msgs/share/arduinobot_msgs/environment/path.dsv
[2.826s] -- Up-to-date: /home/albert/umov_ws/install/arduinobot_msgs/share/arduinobot_msgs/local_setup.bash
[2.826s] -- Up-to-date: /home/albert/umov_ws/install/arduinobot_msgs/share/arduinobot_msgs/local_setup.sh
[2.827s] -- Up-to-date: /home/albert/umov_ws/install/arduinobot_msgs/share/arduinobot_msgs/local_setup.zsh
[2.827s] -- Up-to-date: /home/albert/umov_ws/install/arduinobot_msgs/share/arduinobot_msgs/local_setup.dsv
[2.827s] -- Installing: /home/albert/umov_ws/install/arduinobot_msgs/share/arduinobot_msgs/package.dsv
[2.827s] -- Up-to-date: /home/albert/umov_ws/install/arduinobot_msgs/share/ament_index/resource_index/packages/arduinobot_msgs
[2.828s] -- Up-to-date: /home/albert/umov_ws/install/arduinobot_msgs/share/arduinobot_msgs/cmake/export_arduinobot_msgs__rosidl_generator_cExport.cmake
[2.828s] -- Up-to-date: /home/albert/umov_ws/install/arduinobot_msgs/share/arduinobot_msgs/cmake/export_arduinobot_msgs__rosidl_generator_cExport-noconfig.cmake
[2.828s] -- Up-to-date: /home/albert/umov_ws/install/arduinobot_msgs/share/arduinobot_msgs/cmake/export_arduinobot_msgs__rosidl_typesupport_fastrtps_cExport.cmake
[2.828s] -- Up-to-date: /home/albert/umov_ws/install/arduinobot_msgs/share/arduinobot_msgs/cmake/export_arduinobot_msgs__rosidl_typesupport_fastrtps_cExport-noconfig.cmake
[2.828s] -- Up-to-date: /home/albert/umov_ws/install/arduinobot_msgs/share/arduinobot_msgs/cmake/export_arduinobot_msgs__rosidl_generator_cppExport.cmake
[2.828s] -- Up-to-date: /home/albert/umov_ws/install/arduinobot_msgs/share/arduinobot_msgs/cmake/export_arduinobot_msgs__rosidl_typesupport_fastrtps_cppExport.cmake
[2.829s] -- Up-to-date: /home/albert/umov_ws/install/arduinobot_msgs/share/arduinobot_msgs/cmake/export_arduinobot_msgs__rosidl_typesupport_fastrtps_cppExport-noconfig.cmake
[2.829s] -- Up-to-date: /home/albert/umov_ws/install/arduinobot_msgs/share/arduinobot_msgs/cmake/arduinobot_msgs__rosidl_typesupport_introspection_cExport.cmake
[2.829s] -- Up-to-date: /home/albert/umov_ws/install/arduinobot_msgs/share/arduinobot_msgs/cmake/arduinobot_msgs__rosidl_typesupport_introspection_cExport-noconfig.cmake
[2.829s] -- Up-to-date: /home/albert/umov_ws/install/arduinobot_msgs/share/arduinobot_msgs/cmake/arduinobot_msgs__rosidl_typesupport_cExport.cmake
[2.830s] -- Up-to-date: /home/albert/umov_ws/install/arduinobot_msgs/share/arduinobot_msgs/cmake/arduinobot_msgs__rosidl_typesupport_cExport-noconfig.cmake
[2.830s] -- Up-to-date: /home/albert/umov_ws/install/arduinobot_msgs/share/arduinobot_msgs/cmake/arduinobot_msgs__rosidl_typesupport_introspection_cppExport.cmake
[2.832s] -- Up-to-date: /home/albert/umov_ws/install/arduinobot_msgs/share/arduinobot_msgs/cmake/arduinobot_msgs__rosidl_typesupport_introspection_cppExport-noconfig.cmake
[2.832s] -- Up-to-date: /home/albert/umov_ws/install/arduinobot_msgs/share/arduinobot_msgs/cmake/arduinobot_msgs__rosidl_typesupport_cppExport.cmake
[2.833s] -- Up-to-date: /home/albert/umov_ws/install/arduinobot_msgs/share/arduinobot_msgs/cmake/arduinobot_msgs__rosidl_typesupport_cppExport-noconfig.cmake
[2.833s] -- Up-to-date: /home/albert/umov_ws/install/arduinobot_msgs/share/arduinobot_msgs/cmake/export_arduinobot_msgs__rosidl_generator_pyExport.cmake
[2.834s] -- Up-to-date: /home/albert/umov_ws/install/arduinobot_msgs/share/arduinobot_msgs/cmake/export_arduinobot_msgs__rosidl_generator_pyExport-noconfig.cmake
[2.834s] -- Up-to-date: /home/albert/umov_ws/install/arduinobot_msgs/share/arduinobot_msgs/cmake/rosidl_cmake-extras.cmake
[2.834s] -- Up-to-date: /home/albert/umov_ws/install/arduinobot_msgs/share/arduinobot_msgs/cmake/ament_cmake_export_dependencies-extras.cmake
[2.834s] -- Up-to-date: /home/albert/umov_ws/install/arduinobot_msgs/share/arduinobot_msgs/cmake/ament_cmake_export_include_directories-extras.cmake
[2.834s] -- Up-to-date: /home/albert/umov_ws/install/arduinobot_msgs/share/arduinobot_msgs/cmake/ament_cmake_export_libraries-extras.cmake
[2.834s] -- Up-to-date: /home/albert/umov_ws/install/arduinobot_msgs/share/arduinobot_msgs/cmake/ament_cmake_export_targets-extras.cmake
[2.834s] -- Up-to-date: /home/albert/umov_ws/install/arduinobot_msgs/share/arduinobot_msgs/cmake/rosidl_cmake_export_typesupport_targets-extras.cmake
[2.834s] -- Up-to-date: /home/albert/umov_ws/install/arduinobot_msgs/share/arduinobot_msgs/cmake/rosidl_cmake_export_typesupport_libraries-extras.cmake
[2.835s] -- Up-to-date: /home/albert/umov_ws/install/arduinobot_msgs/share/arduinobot_msgs/cmake/arduinobot_msgsConfig.cmake
[2.835s] -- Up-to-date: /home/albert/umov_ws/install/arduinobot_msgs/share/arduinobot_msgs/cmake/arduinobot_msgsConfig-version.cmake
[2.835s] -- Up-to-date: /home/albert/umov_ws/install/arduinobot_msgs/share/arduinobot_msgs/package.xml
[2.835s] Invoked command in '/home/albert/umov_ws/build/arduinobot_msgs' returned '0': CMAKE_PREFIX_PATH=${CMAKE_PREFIX_PATH}:/home/albert/ws_moveit2/install/moveit_configs_utils:/home/albert/ws_moveit2/install/launch_param_builder:/home/albert/umov_ws/install/arduino_py_examples:/home/albert/udem2_ws/install/actions_py:/home/albert/udem2_ws/install/lifecycle_py:/home/albert/udem2_ws/install/executors_py:/home/albert/udem2_ws/install/components_py:/home/albert/udem_ws/install/turtlesim_catcher:/home/albert/udem_ws/install/my_py_pkg:/home/albert/udem_ws/install/lifecycle_py:/home/albert/bcdc_ws/install/agbot_teleop:/home/albert/bcdc_ws/install/agbot_py:/home/albert/arduinobot_ws/install/arduinobot_py_examples:/opt/ros/humble /home/albert/.local/bin/cmake --install /home/albert/umov_ws/build/arduinobot_msgs
