[0.043s] Invoking command in '/home/albert/umov_ws/build/description': CMAKE_PREFIX_PATH=${CMAKE_PREFIX_PATH}:/home/albert/udem2_ws/install/actions_py:/home/albert/udem2_ws/install/lifecycle_py:/home/albert/udem2_ws/install/executors_py:/home/albert/udem2_ws/install/components_py:/home/albert/bcdc_ws/install/agbot_teleop:/home/albert/bcdc_ws/install/agbot_py:/home/albert/ws_moveit2/install/moveit_configs_utils:/home/albert/ws_moveit2/install/launch_param_builder:/home/albert/umov_ws/install/arduino_py_examples:/home/albert/arduinobot_ws/install/arduinobot_py_examples:/home/albert/udem_ws/install/turtlesim_catcher:/home/albert/udem_ws/install/my_py_pkg:/home/albert/udem_ws/install/lifecycle_py:/opt/ros/humble /home/albert/.local/bin/cmake --build /home/albert/umov_ws/build/description -- -j8 -l8
[0.108s] -- Found ament_cmake: 1.3.10 (/opt/ros/humble/share/ament_cmake/cmake)
[0.534s] -- Found urdf: 2.6.1 (/opt/ros/humble/share/urdf/cmake)
[0.641s] -- Found ament_lint_auto: 0.12.11 (/opt/ros/humble/share/ament_lint_auto/cmake)
[0.773s] -- Added test 'flake8' to check Python code syntax and style conventions
[0.775s] -- Added test 'lint_cmake' to check CMake code style
[0.776s] -- Added test 'pep257' to check Python code against some of the docstring style conventions in PEP 257
[0.781s] -- Added test 'xmllint' to check XML markup files
[0.783s] -- Configuring done (0.7s)
[0.791s] -- Generating done (0.0s)
[0.793s] -- Build files have been written to: /home/albert/umov_ws/build/description
[0.815s] Invoked command in '/home/albert/umov_ws/build/description' returned '0': CMAKE_PREFIX_PATH=${CMAKE_PREFIX_PATH}:/home/albert/udem2_ws/install/actions_py:/home/albert/udem2_ws/install/lifecycle_py:/home/albert/udem2_ws/install/executors_py:/home/albert/udem2_ws/install/components_py:/home/albert/bcdc_ws/install/agbot_teleop:/home/albert/bcdc_ws/install/agbot_py:/home/albert/ws_moveit2/install/moveit_configs_utils:/home/albert/ws_moveit2/install/launch_param_builder:/home/albert/umov_ws/install/arduino_py_examples:/home/albert/arduinobot_ws/install/arduinobot_py_examples:/home/albert/udem_ws/install/turtlesim_catcher:/home/albert/udem_ws/install/my_py_pkg:/home/albert/udem_ws/install/lifecycle_py:/opt/ros/humble /home/albert/.local/bin/cmake --build /home/albert/umov_ws/build/description -- -j8 -l8
[0.873s] Invoking command in '/home/albert/umov_ws/build/description': CMAKE_PREFIX_PATH=${CMAKE_PREFIX_PATH}:/home/albert/udem2_ws/install/actions_py:/home/albert/udem2_ws/install/lifecycle_py:/home/albert/udem2_ws/install/executors_py:/home/albert/udem2_ws/install/components_py:/home/albert/bcdc_ws/install/agbot_teleop:/home/albert/bcdc_ws/install/agbot_py:/home/albert/ws_moveit2/install/moveit_configs_utils:/home/albert/ws_moveit2/install/launch_param_builder:/home/albert/umov_ws/install/arduino_py_examples:/home/albert/arduinobot_ws/install/arduinobot_py_examples:/home/albert/udem_ws/install/turtlesim_catcher:/home/albert/udem_ws/install/my_py_pkg:/home/albert/udem_ws/install/lifecycle_py:/opt/ros/humble /home/albert/.local/bin/cmake --install /home/albert/umov_ws/build/description
[0.876s] -- Install configuration: ""
[0.877s] -- Up-to-date: /home/albert/umov_ws/install/description/share/description/launch
[0.877s] -- Installing: /home/albert/umov_ws/install/description/share/description/launch/gazebo.launch.py
[0.877s] -- Up-to-date: /home/albert/umov_ws/install/description/share/description/launch/display.launch.py
[0.877s] -- Up-to-date: /home/albert/umov_ws/install/description/share/description/meshes
[0.878s] -- Up-to-date: /home/albert/umov_ws/install/description/share/description/meshes/right_finger.STL
[0.878s] -- Up-to-date: /home/albert/umov_ws/install/description/share/description/meshes/triangular_link.STL
[0.878s] -- Up-to-date: /home/albert/umov_ws/install/description/share/description/meshes/round_plate.STL
[0.878s] -- Up-to-date: /home/albert/umov_ws/install/description/share/description/meshes/left_finger.STL
[0.878s] -- Up-to-date: /home/albert/umov_ws/install/description/share/description/meshes/vertical_drive_arm.STL
[0.878s] -- Up-to-date: /home/albert/umov_ws/install/description/share/description/meshes/claw_support.STL
[0.878s] -- Up-to-date: /home/albert/umov_ws/install/description/share/description/meshes/link.STL
[0.879s] -- Up-to-date: /home/albert/umov_ws/install/description/share/description/meshes/horizontal_arm.STL
[0.879s] -- Up-to-date: /home/albert/umov_ws/install/description/share/description/meshes/basement.STL
[0.879s] -- Up-to-date: /home/albert/umov_ws/install/description/share/description/meshes/forward_drive_arm.STL
[0.879s] -- Up-to-date: /home/albert/umov_ws/install/description/share/description/meshes/servo_plate.STL
[0.879s] -- Up-to-date: /home/albert/umov_ws/install/description/share/description/meshes/plate.STL
[0.879s] -- Up-to-date: /home/albert/umov_ws/install/description/share/description/meshes/base_plate.STL
[0.879s] -- Up-to-date: /home/albert/umov_ws/install/description/share/description/meshes/pi_camera.STL
[0.879s] -- Up-to-date: /home/albert/umov_ws/install/description/share/description/models
[0.880s] -- Up-to-date: /home/albert/umov_ws/install/description/share/description/models/ground_plane
[0.880s] -- Up-to-date: /home/albert/umov_ws/install/description/share/description/models/ground_plane/model-1_2.sdf
[0.880s] -- Up-to-date: /home/albert/umov_ws/install/description/share/description/models/ground_plane/model-1_3.sdf
[0.880s] -- Up-to-date: /home/albert/umov_ws/install/description/share/description/models/ground_plane/model.config
[0.880s] -- Up-to-date: /home/albert/umov_ws/install/description/share/description/models/ground_plane/model.sdf
[0.880s] -- Up-to-date: /home/albert/umov_ws/install/description/share/description/models/ground_plane/model-1_4.sdf
[0.880s] -- Up-to-date: /home/albert/umov_ws/install/description/share/description/models/sun
[0.881s] -- Up-to-date: /home/albert/umov_ws/install/description/share/description/models/sun/model-1_2.sdf
[0.881s] -- Up-to-date: /home/albert/umov_ws/install/description/share/description/models/sun/model-1_3.sdf
[0.881s] -- Up-to-date: /home/albert/umov_ws/install/description/share/description/models/sun/model.config
[0.881s] -- Up-to-date: /home/albert/umov_ws/install/description/share/description/models/sun/model.sdf
[0.881s] -- Up-to-date: /home/albert/umov_ws/install/description/share/description/models/sun/model-1_4.sdf
[0.882s] -- Up-to-date: /home/albert/umov_ws/install/description/share/description/urdf
[0.882s] -- Up-to-date: /home/albert/umov_ws/install/description/share/description/urdf/common_properties.xacro
[0.882s] -- Installing: /home/albert/umov_ws/install/description/share/description/urdf/arduinobot.urdf.xacro
[0.882s] -- Up-to-date: /home/albert/umov_ws/install/description/share/description/urdf/arduinobot_gazebo.xacro
[0.883s] -- Up-to-date: /home/albert/umov_ws/install/description/share/description/urdf/arduinobot_ros2_control.xacro
[0.883s] -- Up-to-date: /home/albert/umov_ws/install/description/share/description/rviz
[0.883s] -- Up-to-date: /home/albert/umov_ws/install/description/share/description/rviz/display.rviz
[0.883s] -- Up-to-date: /home/albert/umov_ws/install/description/share/ament_index/resource_index/package_run_dependencies/description
[0.883s] -- Installing: /home/albert/umov_ws/install/description/share/ament_index/resource_index/parent_prefix_path/description
[0.883s] -- Installing: /home/albert/umov_ws/install/description/share/description/environment/ament_prefix_path.sh
[0.883s] -- Installing: /home/albert/umov_ws/install/description/share/description/environment/ament_prefix_path.dsv
[0.884s] -- Installing: /home/albert/umov_ws/install/description/share/description/environment/path.sh
[0.884s] -- Installing: /home/albert/umov_ws/install/description/share/description/environment/path.dsv
[0.884s] -- Up-to-date: /home/albert/umov_ws/install/description/share/description/local_setup.bash
[0.884s] -- Up-to-date: /home/albert/umov_ws/install/description/share/description/local_setup.sh
[0.884s] -- Up-to-date: /home/albert/umov_ws/install/description/share/description/local_setup.zsh
[0.885s] -- Installing: /home/albert/umov_ws/install/description/share/description/local_setup.dsv
[0.885s] -- Installing: /home/albert/umov_ws/install/description/share/description/package.dsv
[0.885s] -- Up-to-date: /home/albert/umov_ws/install/description/share/ament_index/resource_index/packages/description
[0.885s] -- Up-to-date: /home/albert/umov_ws/install/description/share/description/cmake/descriptionConfig.cmake
[0.885s] -- Up-to-date: /home/albert/umov_ws/install/description/share/description/cmake/descriptionConfig-version.cmake
[0.885s] -- Up-to-date: /home/albert/umov_ws/install/description/share/description/package.xml
[0.885s] Invoked command in '/home/albert/umov_ws/build/description' returned '0': CMAKE_PREFIX_PATH=${CMAKE_PREFIX_PATH}:/home/albert/udem2_ws/install/actions_py:/home/albert/udem2_ws/install/lifecycle_py:/home/albert/udem2_ws/install/executors_py:/home/albert/udem2_ws/install/components_py:/home/albert/bcdc_ws/install/agbot_teleop:/home/albert/bcdc_ws/install/agbot_py:/home/albert/ws_moveit2/install/moveit_configs_utils:/home/albert/ws_moveit2/install/launch_param_builder:/home/albert/umov_ws/install/arduino_py_examples:/home/albert/arduinobot_ws/install/arduinobot_py_examples:/home/albert/udem_ws/install/turtlesim_catcher:/home/albert/udem_ws/install/my_py_pkg:/home/albert/udem_ws/install/lifecycle_py:/opt/ros/humble /home/albert/.local/bin/cmake --install /home/albert/umov_ws/build/description
