[0.122s] Invoking command in '/home/albert/umov_ws/build/description': CMAKE_PREFIX_PATH=${CMAKE_PREFIX_PATH}:/home/albert/ws_moveit2/install/moveit_configs_utils:/home/albert/ws_moveit2/install/launch_param_builder:/home/albert/umov_ws/install/arduino_py_examples:/home/albert/udem2_ws/install/actions_py:/home/albert/udem2_ws/install/lifecycle_py:/home/albert/udem2_ws/install/executors_py:/home/albert/udem2_ws/install/components_py:/home/albert/udem_ws/install/turtlesim_catcher:/home/albert/udem_ws/install/my_py_pkg:/home/albert/udem_ws/install/lifecycle_py:/home/albert/bcdc_ws/install/agbot_teleop:/home/albert/bcdc_ws/install/agbot_py:/home/albert/arduinobot_ws/install/arduinobot_py_examples:/opt/ros/humble /home/albert/.local/bin/cmake /home/albert/umov_ws/src/description -DCMAKE_INSTALL_PREFIX=/home/albert/umov_ws/install/description
[0.304s] -- The C compiler identification is GNU 11.4.0
[0.510s] -- The CXX compiler identification is GNU 11.4.0
[0.564s] -- Detecting C compiler ABI info
[0.797s] -- Detecting C compiler ABI info - done
[0.884s] -- Check for working C compiler: /usr/bin/cc - skipped
[0.885s] -- Detecting C compile features
[0.886s] -- Detecting C compile features - done
[0.904s] -- Detecting CXX compiler ABI info
[1.247s] -- Detecting CXX compiler ABI info - done
[1.385s] -- Check for working CXX compiler: /usr/bin/c++ - skipped
[1.386s] -- Detecting CXX compile features
[1.390s] -- Detecting CXX compile features - done
[1.448s] -- Found ament_cmake: 1.3.11 (/opt/ros/humble/share/ament_cmake/cmake)
[2.115s] -- Found Python3: /usr/bin/python3 (found version "3.10.12") found components: Interpreter
[2.876s] -- Found urdf: 2.6.1 (/opt/ros/humble/share/urdf/cmake)
[3.466s] -- Found ament_lint_auto: 0.12.11 (/opt/ros/humble/share/ament_lint_auto/cmake)
[4.008s] -- Added test 'flake8' to check Python code syntax and style conventions
[4.022s] -- Added test 'lint_cmake' to check CMake code style
[4.034s] -- Added test 'pep257' to check Python code against some of the docstring style conventions in PEP 257
[4.050s] -- Added test 'xmllint' to check XML markup files
[4.072s] -- Configuring done (3.9s)
[4.080s] -- Generating done (0.0s)
[4.085s] -- Build files have been written to: /home/albert/umov_ws/build/description
[4.107s] Invoked command in '/home/albert/umov_ws/build/description' returned '0': CMAKE_PREFIX_PATH=${CMAKE_PREFIX_PATH}:/home/albert/ws_moveit2/install/moveit_configs_utils:/home/albert/ws_moveit2/install/launch_param_builder:/home/albert/umov_ws/install/arduino_py_examples:/home/albert/udem2_ws/install/actions_py:/home/albert/udem2_ws/install/lifecycle_py:/home/albert/udem2_ws/install/executors_py:/home/albert/udem2_ws/install/components_py:/home/albert/udem_ws/install/turtlesim_catcher:/home/albert/udem_ws/install/my_py_pkg:/home/albert/udem_ws/install/lifecycle_py:/home/albert/bcdc_ws/install/agbot_teleop:/home/albert/bcdc_ws/install/agbot_py:/home/albert/arduinobot_ws/install/arduinobot_py_examples:/opt/ros/humble /home/albert/.local/bin/cmake /home/albert/umov_ws/src/description -DCMAKE_INSTALL_PREFIX=/home/albert/umov_ws/install/description
[4.115s] Invoking command in '/home/albert/umov_ws/build/description': CMAKE_PREFIX_PATH=${CMAKE_PREFIX_PATH}:/home/albert/ws_moveit2/install/moveit_configs_utils:/home/albert/ws_moveit2/install/launch_param_builder:/home/albert/umov_ws/install/arduino_py_examples:/home/albert/udem2_ws/install/actions_py:/home/albert/udem2_ws/install/lifecycle_py:/home/albert/udem2_ws/install/executors_py:/home/albert/udem2_ws/install/components_py:/home/albert/udem_ws/install/turtlesim_catcher:/home/albert/udem_ws/install/my_py_pkg:/home/albert/udem_ws/install/lifecycle_py:/home/albert/bcdc_ws/install/agbot_teleop:/home/albert/bcdc_ws/install/agbot_py:/home/albert/arduinobot_ws/install/arduinobot_py_examples:/opt/ros/humble /home/albert/.local/bin/cmake --build /home/albert/umov_ws/build/description -- -j8 -l8
[4.176s] Invoked command in '/home/albert/umov_ws/build/description' returned '0': CMAKE_PREFIX_PATH=${CMAKE_PREFIX_PATH}:/home/albert/ws_moveit2/install/moveit_configs_utils:/home/albert/ws_moveit2/install/launch_param_builder:/home/albert/umov_ws/install/arduino_py_examples:/home/albert/udem2_ws/install/actions_py:/home/albert/udem2_ws/install/lifecycle_py:/home/albert/udem2_ws/install/executors_py:/home/albert/udem2_ws/install/components_py:/home/albert/udem_ws/install/turtlesim_catcher:/home/albert/udem_ws/install/my_py_pkg:/home/albert/udem_ws/install/lifecycle_py:/home/albert/bcdc_ws/install/agbot_teleop:/home/albert/bcdc_ws/install/agbot_py:/home/albert/arduinobot_ws/install/arduinobot_py_examples:/opt/ros/humble /home/albert/.local/bin/cmake --build /home/albert/umov_ws/build/description -- -j8 -l8
[4.179s] Invoking command in '/home/albert/umov_ws/build/description': CMAKE_PREFIX_PATH=${CMAKE_PREFIX_PATH}:/home/albert/ws_moveit2/install/moveit_configs_utils:/home/albert/ws_moveit2/install/launch_param_builder:/home/albert/umov_ws/install/arduino_py_examples:/home/albert/udem2_ws/install/actions_py:/home/albert/udem2_ws/install/lifecycle_py:/home/albert/udem2_ws/install/executors_py:/home/albert/udem2_ws/install/components_py:/home/albert/udem_ws/install/turtlesim_catcher:/home/albert/udem_ws/install/my_py_pkg:/home/albert/udem_ws/install/lifecycle_py:/home/albert/bcdc_ws/install/agbot_teleop:/home/albert/bcdc_ws/install/agbot_py:/home/albert/arduinobot_ws/install/arduinobot_py_examples:/opt/ros/humble /home/albert/.local/bin/cmake --install /home/albert/umov_ws/build/description
[4.191s] -- Install configuration: ""
[4.191s] -- Installing: /home/albert/umov_ws/install/description/share/description/launch
[4.191s] -- Installing: /home/albert/umov_ws/install/description/share/description/launch/gazebo.launch.py
[4.191s] -- Installing: /home/albert/umov_ws/install/description/share/description/launch/orig_gazebo.launch.py
[4.191s] -- Installing: /home/albert/umov_ws/install/description/share/description/launch/display.launch.py
[4.192s] -- Installing: /home/albert/umov_ws/install/description/share/description/meshes
[4.192s] -- Installing: /home/albert/umov_ws/install/description/share/description/meshes/right_finger.STL
[4.192s] -- Installing: /home/albert/umov_ws/install/description/share/description/meshes/triangular_link.STL
[4.195s] -- Installing: /home/albert/umov_ws/install/description/share/description/meshes/round_plate.STL
[4.195s] -- Installing: /home/albert/umov_ws/install/description/share/description/meshes/left_finger.STL
[4.195s] -- Installing: /home/albert/umov_ws/install/description/share/description/meshes/vertical_drive_arm.STL
[4.199s] -- Installing: /home/albert/umov_ws/install/description/share/description/meshes/claw_support.STL
[4.200s] -- Installing: /home/albert/umov_ws/install/description/share/description/meshes/link.STL
[4.201s] -- Installing: /home/albert/umov_ws/install/description/share/description/meshes/horizontal_arm.STL
[4.204s] -- Installing: /home/albert/umov_ws/install/description/share/description/meshes/basement.STL
[4.206s] -- Installing: /home/albert/umov_ws/install/description/share/description/meshes/forward_drive_arm.STL
[4.212s] -- Installing: /home/albert/umov_ws/install/description/share/description/meshes/servo_plate.STL
[4.213s] -- Installing: /home/albert/umov_ws/install/description/share/description/meshes/plate.STL
[4.216s] -- Installing: /home/albert/umov_ws/install/description/share/description/meshes/base_plate.STL
[4.222s] -- Installing: /home/albert/umov_ws/install/description/share/description/meshes/pi_camera.STL
[4.223s] -- Installing: /home/albert/umov_ws/install/description/share/description/models
[4.224s] -- Installing: /home/albert/umov_ws/install/description/share/description/models/ground_plane
[4.224s] -- Installing: /home/albert/umov_ws/install/description/share/description/models/ground_plane/model-1_2.sdf
[4.225s] -- Installing: /home/albert/umov_ws/install/description/share/description/models/ground_plane/model-1_3.sdf
[4.226s] -- Installing: /home/albert/umov_ws/install/description/share/description/models/ground_plane/model.config
[4.226s] -- Installing: /home/albert/umov_ws/install/description/share/description/models/ground_plane/model.sdf
[4.227s] -- Installing: /home/albert/umov_ws/install/description/share/description/models/ground_plane/model-1_4.sdf
[4.228s] -- Installing: /home/albert/umov_ws/install/description/share/description/models/sun
[4.228s] -- Installing: /home/albert/umov_ws/install/description/share/description/models/sun/model-1_2.sdf
[4.229s] -- Installing: /home/albert/umov_ws/install/description/share/description/models/sun/model-1_3.sdf
[4.230s] -- Installing: /home/albert/umov_ws/install/description/share/description/models/sun/model.config
[4.231s] -- Installing: /home/albert/umov_ws/install/description/share/description/models/sun/model.sdf
[4.231s] -- Installing: /home/albert/umov_ws/install/description/share/description/models/sun/model-1_4.sdf
[4.231s] -- Installing: /home/albert/umov_ws/install/description/share/description/urdf
[4.231s] -- Installing: /home/albert/umov_ws/install/description/share/description/urdf/common_properties.xacro
[4.231s] -- Installing: /home/albert/umov_ws/install/description/share/description/urdf/arduinobot.urdf.xacro
[4.231s] -- Installing: /home/albert/umov_ws/install/description/share/description/urdf/arduinobot_gazebo.xacro
[4.232s] -- Installing: /home/albert/umov_ws/install/description/share/description/urdf/arduinobot_ros2_control.xacro
[4.232s] -- Installing: /home/albert/umov_ws/install/description/share/description/rviz
[4.232s] -- Installing: /home/albert/umov_ws/install/description/share/description/rviz/display.rviz
[4.232s] -- Installing: /home/albert/umov_ws/install/description/share/ament_index/resource_index/package_run_dependencies/description
[4.232s] -- Installing: /home/albert/umov_ws/install/description/share/ament_index/resource_index/parent_prefix_path/description
[4.232s] -- Installing: /home/albert/umov_ws/install/description/share/description/environment/ament_prefix_path.sh
[4.233s] -- Installing: /home/albert/umov_ws/install/description/share/description/environment/ament_prefix_path.dsv
[4.233s] -- Installing: /home/albert/umov_ws/install/description/share/description/environment/path.sh
[4.234s] -- Installing: /home/albert/umov_ws/install/description/share/description/environment/path.dsv
[4.236s] -- Installing: /home/albert/umov_ws/install/description/share/description/local_setup.bash
[4.236s] -- Installing: /home/albert/umov_ws/install/description/share/description/local_setup.sh
[4.237s] -- Installing: /home/albert/umov_ws/install/description/share/description/local_setup.zsh
[4.237s] -- Installing: /home/albert/umov_ws/install/description/share/description/local_setup.dsv
[4.237s] -- Installing: /home/albert/umov_ws/install/description/share/description/package.dsv
[4.237s] -- Installing: /home/albert/umov_ws/install/description/share/ament_index/resource_index/packages/description
[4.239s] -- Installing: /home/albert/umov_ws/install/description/share/description/cmake/descriptionConfig.cmake
[4.239s] -- Installing: /home/albert/umov_ws/install/description/share/description/cmake/descriptionConfig-version.cmake
[4.240s] -- Installing: /home/albert/umov_ws/install/description/share/description/package.xml
[4.240s] Invoked command in '/home/albert/umov_ws/build/description' returned '0': CMAKE_PREFIX_PATH=${CMAKE_PREFIX_PATH}:/home/albert/ws_moveit2/install/moveit_configs_utils:/home/albert/ws_moveit2/install/launch_param_builder:/home/albert/umov_ws/install/arduino_py_examples:/home/albert/udem2_ws/install/actions_py:/home/albert/udem2_ws/install/lifecycle_py:/home/albert/udem2_ws/install/executors_py:/home/albert/udem2_ws/install/components_py:/home/albert/udem_ws/install/turtlesim_catcher:/home/albert/udem_ws/install/my_py_pkg:/home/albert/udem_ws/install/lifecycle_py:/home/albert/bcdc_ws/install/agbot_teleop:/home/albert/bcdc_ws/install/agbot_py:/home/albert/arduinobot_ws/install/arduinobot_py_examples:/opt/ros/humble /home/albert/.local/bin/cmake --install /home/albert/umov_ws/build/description
