[0.103s] Invoking command in '/home/albert/umov_ws/build/arduinobot_msgs': CMAKE_PREFIX_PATH=${CMAKE_PREFIX_PATH}:/home/albert/ws_moveit2/install/moveit_configs_utils:/home/albert/ws_moveit2/install/launch_param_builder:/home/albert/umov_ws/install/arduino_py_examples:/home/albert/udem2_ws/install/actions_py:/home/albert/udem2_ws/install/lifecycle_py:/home/albert/udem2_ws/install/executors_py:/home/albert/udem2_ws/install/components_py:/home/albert/udem_ws/install/turtlesim_catcher:/home/albert/udem_ws/install/my_py_pkg:/home/albert/udem_ws/install/lifecycle_py:/home/albert/bcdc_ws/install/agbot_teleop:/home/albert/bcdc_ws/install/agbot_py:/home/albert/arduinobot_ws/install/arduinobot_py_examples:/opt/ros/humble /home/albert/.local/bin/cmake --build /home/albert/umov_ws/build/arduinobot_msgs -- -j8 -l8
[0.171s] [  1%] Built target arduinobot_msgs__cpp
[0.194s] [ 12%] Built target arduinobot_msgs__rosidl_generator_c
[0.195s] [ 12%] Built target ament_cmake_python_copy_arduinobot_msgs
[0.226s] [ 23%] Built target arduinobot_msgs__rosidl_typesupport_introspection_cpp
[0.233s] [ 34%] Built target arduinobot_msgs__rosidl_typesupport_fastrtps_cpp
[0.234s] [ 46%] Built target arduinobot_msgs__rosidl_typesupport_introspection_c
[0.235s] [ 58%] Built target arduinobot_msgs__rosidl_typesupport_cpp
[0.235s] [ 68%] Built target arduinobot_msgs__rosidl_typesupport_fastrtps_c
[0.237s] [ 79%] Built target arduinobot_msgs__rosidl_typesupport_c
[0.264s] [ 79%] Built target arduinobot_msgs
[0.292s] [ 80%] Built target arduinobot_msgs__py
[0.334s] [ 90%] Built target arduinobot_msgs__rosidl_generator_py
[0.375s] [ 93%] Built target arduinobot_msgs__rosidl_typesupport_fastrtps_c__pyext
[0.375s] [ 96%] Built target arduinobot_msgs__rosidl_typesupport_introspection_c__pyext
[0.387s] [100%] Built target arduinobot_msgs__rosidl_typesupport_c__pyext
[0.712s] running egg_info
[0.712s] writing arduinobot_msgs.egg-info/PKG-INFO
[0.713s] writing dependency_links to arduinobot_msgs.egg-info/dependency_links.txt
[0.713s] writing top-level names to arduinobot_msgs.egg-info/top_level.txt
[0.716s] reading manifest file 'arduinobot_msgs.egg-info/SOURCES.txt'
[0.716s] writing manifest file 'arduinobot_msgs.egg-info/SOURCES.txt'
[0.747s] [100%] Built target ament_cmake_python_build_arduinobot_msgs_egg
[0.754s] Invoked command in '/home/albert/umov_ws/build/arduinobot_msgs' returned '0': CMAKE_PREFIX_PATH=${CMAKE_PREFIX_PATH}:/home/albert/ws_moveit2/install/moveit_configs_utils:/home/albert/ws_moveit2/install/launch_param_builder:/home/albert/umov_ws/install/arduino_py_examples:/home/albert/udem2_ws/install/actions_py:/home/albert/udem2_ws/install/lifecycle_py:/home/albert/udem2_ws/install/executors_py:/home/albert/udem2_ws/install/components_py:/home/albert/udem_ws/install/turtlesim_catcher:/home/albert/udem_ws/install/my_py_pkg:/home/albert/udem_ws/install/lifecycle_py:/home/albert/bcdc_ws/install/agbot_teleop:/home/albert/bcdc_ws/install/agbot_py:/home/albert/arduinobot_ws/install/arduinobot_py_examples:/opt/ros/humble /home/albert/.local/bin/cmake --build /home/albert/umov_ws/build/arduinobot_msgs -- -j8 -l8
[0.756s] Invoking command in '/home/albert/umov_ws/build/arduinobot_msgs': CMAKE_PREFIX_PATH=${CMAKE_PREFIX_PATH}:/home/albert/ws_moveit2/install/moveit_configs_utils:/home/albert/ws_moveit2/install/launch_param_builder:/home/albert/umov_ws/install/arduino_py_examples:/home/albert/udem2_ws/install/actions_py:/home/albert/udem2_ws/install/lifecycle_py:/home/albert/udem2_ws/install/executors_py:/home/albert/udem2_ws/install/components_py:/home/albert/udem_ws/install/turtlesim_catcher:/home/albert/udem_ws/install/my_py_pkg:/home/albert/udem_ws/install/lifecycle_py:/home/albert/bcdc_ws/install/agbot_teleop:/home/albert/bcdc_ws/install/agbot_py:/home/albert/arduinobot_ws/install/arduinobot_py_examples:/opt/ros/humble /home/albert/.local/bin/cmake --install /home/albert/umov_ws/build/arduinobot_msgs
[0.762s] -- Install configuration: ""
[0.763s] -- Up-to-date: /home/albert/umov_ws/install/arduinobot_msgs/share/ament_index/resource_index/rosidl_interfaces/arduinobot_msgs
[0.763s] -- Up-to-date: /home/albert/umov_ws/install/arduinobot_msgs/include/arduinobot_msgs/arduinobot_msgs
[0.763s] -- Up-to-date: /home/albert/umov_ws/install/arduinobot_msgs/include/arduinobot_msgs/arduinobot_msgs/msg
[0.763s] -- Up-to-date: /home/albert/umov_ws/install/arduinobot_msgs/include/arduinobot_msgs/arduinobot_msgs/msg/rosidl_generator_c__visibility_control.h
[0.763s] -- Up-to-date: /home/albert/umov_ws/install/arduinobot_msgs/include/arduinobot_msgs/arduinobot_msgs/action
[0.763s] -- Up-to-date: /home/albert/umov_ws/install/arduinobot_msgs/include/arduinobot_msgs/arduinobot_msgs/action/arduinobot_task.h
[0.763s] -- Up-to-date: /home/albert/umov_ws/install/arduinobot_msgs/include/arduinobot_msgs/arduinobot_msgs/action/fibonacci.h
[0.763s] -- Up-to-date: /home/albert/umov_ws/install/arduinobot_msgs/include/arduinobot_msgs/arduinobot_msgs/action/detail
[0.764s] -- Up-to-date: /home/albert/umov_ws/install/arduinobot_msgs/include/arduinobot_msgs/arduinobot_msgs/action/detail/fibonacci__functions.c
[0.764s] -- Up-to-date: /home/albert/umov_ws/install/arduinobot_msgs/include/arduinobot_msgs/arduinobot_msgs/action/detail/arduinobot_task__functions.c
[0.764s] -- Up-to-date: /home/albert/umov_ws/install/arduinobot_msgs/include/arduinobot_msgs/arduinobot_msgs/action/detail/fibonacci__type_support.h
[0.764s] -- Up-to-date: /home/albert/umov_ws/install/arduinobot_msgs/include/arduinobot_msgs/arduinobot_msgs/action/detail/arduinobot_task__functions.h
[0.764s] -- Up-to-date: /home/albert/umov_ws/install/arduinobot_msgs/include/arduinobot_msgs/arduinobot_msgs/action/detail/fibonacci__struct.h
[0.764s] -- Up-to-date: /home/albert/umov_ws/install/arduinobot_msgs/include/arduinobot_msgs/arduinobot_msgs/action/detail/arduinobot_task__type_support.h
[0.764s] -- Up-to-date: /home/albert/umov_ws/install/arduinobot_msgs/include/arduinobot_msgs/arduinobot_msgs/action/detail/arduinobot_task__struct.h
[0.764s] -- Up-to-date: /home/albert/umov_ws/install/arduinobot_msgs/include/arduinobot_msgs/arduinobot_msgs/action/detail/fibonacci__functions.h
[0.765s] -- Up-to-date: /home/albert/umov_ws/install/arduinobot_msgs/include/arduinobot_msgs/arduinobot_msgs/srv
[0.765s] -- Up-to-date: /home/albert/umov_ws/install/arduinobot_msgs/include/arduinobot_msgs/arduinobot_msgs/srv/quaternion_to_euler.h
[0.765s] -- Up-to-date: /home/albert/umov_ws/install/arduinobot_msgs/include/arduinobot_msgs/arduinobot_msgs/srv/detail
[0.765s] -- Up-to-date: /home/albert/umov_ws/install/arduinobot_msgs/include/arduinobot_msgs/arduinobot_msgs/srv/detail/euler_to_quaternion__functions.c
[0.765s] -- Up-to-date: /home/albert/umov_ws/install/arduinobot_msgs/include/arduinobot_msgs/arduinobot_msgs/srv/detail/add_two_ints__functions.h
[0.765s] -- Up-to-date: /home/albert/umov_ws/install/arduinobot_msgs/include/arduinobot_msgs/arduinobot_msgs/srv/detail/euler_to_quaternion__struct.h
[0.766s] -- Up-to-date: /home/albert/umov_ws/install/arduinobot_msgs/include/arduinobot_msgs/arduinobot_msgs/srv/detail/add_two_ints__functions.c
[0.766s] -- Up-to-date: /home/albert/umov_ws/install/arduinobot_msgs/include/arduinobot_msgs/arduinobot_msgs/srv/detail/quaternion_to_euler__functions.c
[0.766s] -- Up-to-date: /home/albert/umov_ws/install/arduinobot_msgs/include/arduinobot_msgs/arduinobot_msgs/srv/detail/euler_to_quaternion__functions.h
[0.766s] -- Up-to-date: /home/albert/umov_ws/install/arduinobot_msgs/include/arduinobot_msgs/arduinobot_msgs/srv/detail/quaternion_to_euler__functions.h
[0.766s] -- Up-to-date: /home/albert/umov_ws/install/arduinobot_msgs/include/arduinobot_msgs/arduinobot_msgs/srv/detail/quaternion_to_euler__type_support.h
[0.766s] -- Up-to-date: /home/albert/umov_ws/install/arduinobot_msgs/include/arduinobot_msgs/arduinobot_msgs/srv/detail/add_two_ints__type_support.h
[0.766s] -- Up-to-date: /home/albert/umov_ws/install/arduinobot_msgs/include/arduinobot_msgs/arduinobot_msgs/srv/detail/euler_to_quaternion__type_support.h
[0.767s] -- Up-to-date: /home/albert/umov_ws/install/arduinobot_msgs/include/arduinobot_msgs/arduinobot_msgs/srv/detail/quaternion_to_euler__struct.h
[0.767s] -- Up-to-date: /home/albert/umov_ws/install/arduinobot_msgs/include/arduinobot_msgs/arduinobot_msgs/srv/detail/add_two_ints__struct.h
[0.767s] -- Up-to-date: /home/albert/umov_ws/install/arduinobot_msgs/include/arduinobot_msgs/arduinobot_msgs/srv/euler_to_quaternion.h
[0.767s] -- Up-to-date: /home/albert/umov_ws/install/arduinobot_msgs/include/arduinobot_msgs/arduinobot_msgs/srv/add_two_ints.h
[0.767s] -- Up-to-date: /home/albert/umov_ws/install/arduinobot_msgs/share/arduinobot_msgs/environment/library_path.sh
[0.767s] -- Up-to-date: /home/albert/umov_ws/install/arduinobot_msgs/share/arduinobot_msgs/environment/library_path.dsv
[0.767s] -- Up-to-date: /home/albert/umov_ws/install/arduinobot_msgs/lib/libarduinobot_msgs__rosidl_generator_c.so
[0.768s] -- Up-to-date: /home/albert/umov_ws/install/arduinobot_msgs/include/arduinobot_msgs/arduinobot_msgs
[0.768s] -- Up-to-date: /home/albert/umov_ws/install/arduinobot_msgs/include/arduinobot_msgs/arduinobot_msgs/msg
[0.768s] -- Up-to-date: /home/albert/umov_ws/install/arduinobot_msgs/include/arduinobot_msgs/arduinobot_msgs/msg/rosidl_typesupport_fastrtps_c__visibility_control.h
[0.768s] -- Up-to-date: /home/albert/umov_ws/install/arduinobot_msgs/include/arduinobot_msgs/arduinobot_msgs/action
[0.768s] -- Up-to-date: /home/albert/umov_ws/install/arduinobot_msgs/include/arduinobot_msgs/arduinobot_msgs/action/detail
[0.768s] -- Up-to-date: /home/albert/umov_ws/install/arduinobot_msgs/include/arduinobot_msgs/arduinobot_msgs/action/detail/fibonacci__rosidl_typesupport_fastrtps_c.h
[0.768s] -- Up-to-date: /home/albert/umov_ws/install/arduinobot_msgs/include/arduinobot_msgs/arduinobot_msgs/action/detail/arduinobot_task__rosidl_typesupport_fastrtps_c.h
[0.768s] -- Up-to-date: /home/albert/umov_ws/install/arduinobot_msgs/include/arduinobot_msgs/arduinobot_msgs/srv
[0.768s] -- Up-to-date: /home/albert/umov_ws/install/arduinobot_msgs/include/arduinobot_msgs/arduinobot_msgs/srv/detail
[0.769s] -- Up-to-date: /home/albert/umov_ws/install/arduinobot_msgs/include/arduinobot_msgs/arduinobot_msgs/srv/detail/add_two_ints__rosidl_typesupport_fastrtps_c.h
[0.769s] -- Up-to-date: /home/albert/umov_ws/install/arduinobot_msgs/include/arduinobot_msgs/arduinobot_msgs/srv/detail/euler_to_quaternion__rosidl_typesupport_fastrtps_c.h
[0.769s] -- Up-to-date: /home/albert/umov_ws/install/arduinobot_msgs/include/arduinobot_msgs/arduinobot_msgs/srv/detail/quaternion_to_euler__rosidl_typesupport_fastrtps_c.h
[0.769s] -- Up-to-date: /home/albert/umov_ws/install/arduinobot_msgs/lib/libarduinobot_msgs__rosidl_typesupport_fastrtps_c.so
[0.769s] -- Up-to-date: /home/albert/umov_ws/install/arduinobot_msgs/include/arduinobot_msgs/arduinobot_msgs
[0.769s] -- Up-to-date: /home/albert/umov_ws/install/arduinobot_msgs/include/arduinobot_msgs/arduinobot_msgs/msg
[0.769s] -- Up-to-date: /home/albert/umov_ws/install/arduinobot_msgs/include/arduinobot_msgs/arduinobot_msgs/msg/rosidl_generator_cpp__visibility_control.hpp
[0.769s] -- Up-to-date: /home/albert/umov_ws/install/arduinobot_msgs/include/arduinobot_msgs/arduinobot_msgs/action
[0.769s] -- Up-to-date: /home/albert/umov_ws/install/arduinobot_msgs/include/arduinobot_msgs/arduinobot_msgs/action/fibonacci.hpp
[0.770s] -- Up-to-date: /home/albert/umov_ws/install/arduinobot_msgs/include/arduinobot_msgs/arduinobot_msgs/action/detail
[0.770s] -- Up-to-date: /home/albert/umov_ws/install/arduinobot_msgs/include/arduinobot_msgs/arduinobot_msgs/action/detail/fibonacci__type_support.hpp
[0.770s] -- Up-to-date: /home/albert/umov_ws/install/arduinobot_msgs/include/arduinobot_msgs/arduinobot_msgs/action/detail/arduinobot_task__traits.hpp
[0.770s] -- Up-to-date: /home/albert/umov_ws/install/arduinobot_msgs/include/arduinobot_msgs/arduinobot_msgs/action/detail/arduinobot_task__builder.hpp
[0.770s] -- Up-to-date: /home/albert/umov_ws/install/arduinobot_msgs/include/arduinobot_msgs/arduinobot_msgs/action/detail/fibonacci__builder.hpp
[0.770s] -- Up-to-date: /home/albert/umov_ws/install/arduinobot_msgs/include/arduinobot_msgs/arduinobot_msgs/action/detail/fibonacci__struct.hpp
[0.771s] -- Up-to-date: /home/albert/umov_ws/install/arduinobot_msgs/include/arduinobot_msgs/arduinobot_msgs/action/detail/arduinobot_task__struct.hpp
[0.771s] -- Up-to-date: /home/albert/umov_ws/install/arduinobot_msgs/include/arduinobot_msgs/arduinobot_msgs/action/detail/arduinobot_task__type_support.hpp
[0.771s] -- Up-to-date: /home/albert/umov_ws/install/arduinobot_msgs/include/arduinobot_msgs/arduinobot_msgs/action/detail/fibonacci__traits.hpp
[0.771s] -- Up-to-date: /home/albert/umov_ws/install/arduinobot_msgs/include/arduinobot_msgs/arduinobot_msgs/action/arduinobot_task.hpp
[0.771s] -- Up-to-date: /home/albert/umov_ws/install/arduinobot_msgs/include/arduinobot_msgs/arduinobot_msgs/srv
[0.771s] -- Up-to-date: /home/albert/umov_ws/install/arduinobot_msgs/include/arduinobot_msgs/arduinobot_msgs/srv/euler_to_quaternion.hpp
[0.771s] -- Up-to-date: /home/albert/umov_ws/install/arduinobot_msgs/include/arduinobot_msgs/arduinobot_msgs/srv/detail
[0.771s] -- Up-to-date: /home/albert/umov_ws/install/arduinobot_msgs/include/arduinobot_msgs/arduinobot_msgs/srv/detail/quaternion_to_euler__struct.hpp
[0.771s] -- Up-to-date: /home/albert/umov_ws/install/arduinobot_msgs/include/arduinobot_msgs/arduinobot_msgs/srv/detail/quaternion_to_euler__builder.hpp
[0.772s] -- Up-to-date: /home/albert/umov_ws/install/arduinobot_msgs/include/arduinobot_msgs/arduinobot_msgs/srv/detail/euler_to_quaternion__traits.hpp
[0.772s] -- Up-to-date: /home/albert/umov_ws/install/arduinobot_msgs/include/arduinobot_msgs/arduinobot_msgs/srv/detail/add_two_ints__type_support.hpp
[0.772s] -- Up-to-date: /home/albert/umov_ws/install/arduinobot_msgs/include/arduinobot_msgs/arduinobot_msgs/srv/detail/add_two_ints__builder.hpp
[0.772s] -- Up-to-date: /home/albert/umov_ws/install/arduinobot_msgs/include/arduinobot_msgs/arduinobot_msgs/srv/detail/euler_to_quaternion__type_support.hpp
[0.772s] -- Up-to-date: /home/albert/umov_ws/install/arduinobot_msgs/include/arduinobot_msgs/arduinobot_msgs/srv/detail/quaternion_to_euler__traits.hpp
[0.772s] -- Up-to-date: /home/albert/umov_ws/install/arduinobot_msgs/include/arduinobot_msgs/arduinobot_msgs/srv/detail/euler_to_quaternion__builder.hpp
[0.772s] -- Up-to-date: /home/albert/umov_ws/install/arduinobot_msgs/include/arduinobot_msgs/arduinobot_msgs/srv/detail/add_two_ints__traits.hpp
[0.772s] -- Up-to-date: /home/albert/umov_ws/install/arduinobot_msgs/include/arduinobot_msgs/arduinobot_msgs/srv/detail/add_two_ints__struct.hpp
[0.772s] -- Up-to-date: /home/albert/umov_ws/install/arduinobot_msgs/include/arduinobot_msgs/arduinobot_msgs/srv/detail/euler_to_quaternion__struct.hpp
[0.772s] -- Up-to-date: /home/albert/umov_ws/install/arduinobot_msgs/include/arduinobot_msgs/arduinobot_msgs/srv/detail/quaternion_to_euler__type_support.hpp
[0.773s] -- Up-to-date: /home/albert/umov_ws/install/arduinobot_msgs/include/arduinobot_msgs/arduinobot_msgs/srv/quaternion_to_euler.hpp
[0.773s] -- Up-to-date: /home/albert/umov_ws/install/arduinobot_msgs/include/arduinobot_msgs/arduinobot_msgs/srv/add_two_ints.hpp
[0.773s] -- Up-to-date: /home/albert/umov_ws/install/arduinobot_msgs/include/arduinobot_msgs/arduinobot_msgs
[0.773s] -- Up-to-date: /home/albert/umov_ws/install/arduinobot_msgs/include/arduinobot_msgs/arduinobot_msgs/msg
[0.773s] -- Up-to-date: /home/albert/umov_ws/install/arduinobot_msgs/include/arduinobot_msgs/arduinobot_msgs/msg/rosidl_typesupport_fastrtps_cpp__visibility_control.h
[0.773s] -- Up-to-date: /home/albert/umov_ws/install/arduinobot_msgs/include/arduinobot_msgs/arduinobot_msgs/action
[0.773s] -- Up-to-date: /home/albert/umov_ws/install/arduinobot_msgs/include/arduinobot_msgs/arduinobot_msgs/action/detail
[0.773s] -- Up-to-date: /home/albert/umov_ws/install/arduinobot_msgs/include/arduinobot_msgs/arduinobot_msgs/action/detail/arduinobot_task__rosidl_typesupport_fastrtps_cpp.hpp
[0.773s] -- Up-to-date: /home/albert/umov_ws/install/arduinobot_msgs/include/arduinobot_msgs/arduinobot_msgs/action/detail/dds_fastrtps
[0.773s] -- Up-to-date: /home/albert/umov_ws/install/arduinobot_msgs/include/arduinobot_msgs/arduinobot_msgs/action/detail/fibonacci__rosidl_typesupport_fastrtps_cpp.hpp
[0.773s] -- Up-to-date: /home/albert/umov_ws/install/arduinobot_msgs/include/arduinobot_msgs/arduinobot_msgs/srv
[0.774s] -- Up-to-date: /home/albert/umov_ws/install/arduinobot_msgs/include/arduinobot_msgs/arduinobot_msgs/srv/detail
[0.774s] -- Up-to-date: /home/albert/umov_ws/install/arduinobot_msgs/include/arduinobot_msgs/arduinobot_msgs/srv/detail/euler_to_quaternion__rosidl_typesupport_fastrtps_cpp.hpp
[0.774s] -- Up-to-date: /home/albert/umov_ws/install/arduinobot_msgs/include/arduinobot_msgs/arduinobot_msgs/srv/detail/quaternion_to_euler__rosidl_typesupport_fastrtps_cpp.hpp
[0.774s] -- Up-to-date: /home/albert/umov_ws/install/arduinobot_msgs/include/arduinobot_msgs/arduinobot_msgs/srv/detail/dds_fastrtps
[0.774s] -- Up-to-date: /home/albert/umov_ws/install/arduinobot_msgs/include/arduinobot_msgs/arduinobot_msgs/srv/detail/add_two_ints__rosidl_typesupport_fastrtps_cpp.hpp
[0.774s] -- Up-to-date: /home/albert/umov_ws/install/arduinobot_msgs/lib/libarduinobot_msgs__rosidl_typesupport_fastrtps_cpp.so
[0.774s] -- Up-to-date: /home/albert/umov_ws/install/arduinobot_msgs/include/arduinobot_msgs/arduinobot_msgs
[0.774s] -- Up-to-date: /home/albert/umov_ws/install/arduinobot_msgs/include/arduinobot_msgs/arduinobot_msgs/msg
[0.774s] -- Up-to-date: /home/albert/umov_ws/install/arduinobot_msgs/include/arduinobot_msgs/arduinobot_msgs/msg/rosidl_typesupport_introspection_c__visibility_control.h
[0.774s] -- Up-to-date: /home/albert/umov_ws/install/arduinobot_msgs/include/arduinobot_msgs/arduinobot_msgs/action
[0.774s] -- Up-to-date: /home/albert/umov_ws/install/arduinobot_msgs/include/arduinobot_msgs/arduinobot_msgs/action/detail
[0.774s] -- Up-to-date: /home/albert/umov_ws/install/arduinobot_msgs/include/arduinobot_msgs/arduinobot_msgs/action/detail/fibonacci__type_support.c
[0.774s] -- Up-to-date: /home/albert/umov_ws/install/arduinobot_msgs/include/arduinobot_msgs/arduinobot_msgs/action/detail/fibonacci__rosidl_typesupport_introspection_c.h
[0.774s] -- Up-to-date: /home/albert/umov_ws/install/arduinobot_msgs/include/arduinobot_msgs/arduinobot_msgs/action/detail/arduinobot_task__rosidl_typesupport_introspection_c.h
[0.774s] -- Up-to-date: /home/albert/umov_ws/install/arduinobot_msgs/include/arduinobot_msgs/arduinobot_msgs/action/detail/arduinobot_task__type_support.c
[0.775s] -- Up-to-date: /home/albert/umov_ws/install/arduinobot_msgs/include/arduinobot_msgs/arduinobot_msgs/srv
[0.775s] -- Up-to-date: /home/albert/umov_ws/install/arduinobot_msgs/include/arduinobot_msgs/arduinobot_msgs/srv/detail
[0.775s] -- Up-to-date: /home/albert/umov_ws/install/arduinobot_msgs/include/arduinobot_msgs/arduinobot_msgs/srv/detail/add_two_ints__rosidl_typesupport_introspection_c.h
[0.775s] -- Up-to-date: /home/albert/umov_ws/install/arduinobot_msgs/include/arduinobot_msgs/arduinobot_msgs/srv/detail/euler_to_quaternion__type_support.c
[0.775s] -- Up-to-date: /home/albert/umov_ws/install/arduinobot_msgs/include/arduinobot_msgs/arduinobot_msgs/srv/detail/add_two_ints__type_support.c
[0.775s] -- Up-to-date: /home/albert/umov_ws/install/arduinobot_msgs/include/arduinobot_msgs/arduinobot_msgs/srv/detail/quaternion_to_euler__type_support.c
[0.775s] -- Up-to-date: /home/albert/umov_ws/install/arduinobot_msgs/include/arduinobot_msgs/arduinobot_msgs/srv/detail/quaternion_to_euler__rosidl_typesupport_introspection_c.h
[0.775s] -- Up-to-date: /home/albert/umov_ws/install/arduinobot_msgs/include/arduinobot_msgs/arduinobot_msgs/srv/detail/euler_to_quaternion__rosidl_typesupport_introspection_c.h
[0.775s] -- Up-to-date: /home/albert/umov_ws/install/arduinobot_msgs/lib/libarduinobot_msgs__rosidl_typesupport_introspection_c.so
[0.775s] -- Up-to-date: /home/albert/umov_ws/install/arduinobot_msgs/lib/libarduinobot_msgs__rosidl_typesupport_c.so
[0.775s] -- Up-to-date: /home/albert/umov_ws/install/arduinobot_msgs/include/arduinobot_msgs/arduinobot_msgs
[0.775s] -- Up-to-date: /home/albert/umov_ws/install/arduinobot_msgs/include/arduinobot_msgs/arduinobot_msgs/action
[0.776s] -- Up-to-date: /home/albert/umov_ws/install/arduinobot_msgs/include/arduinobot_msgs/arduinobot_msgs/action/detail
[0.776s] -- Up-to-date: /home/albert/umov_ws/install/arduinobot_msgs/include/arduinobot_msgs/arduinobot_msgs/action/detail/fibonacci__type_support.cpp
[0.776s] -- Up-to-date: /home/albert/umov_ws/install/arduinobot_msgs/include/arduinobot_msgs/arduinobot_msgs/action/detail/arduinobot_task__rosidl_typesupport_introspection_cpp.hpp
[0.776s] -- Up-to-date: /home/albert/umov_ws/install/arduinobot_msgs/include/arduinobot_msgs/arduinobot_msgs/action/detail/fibonacci__rosidl_typesupport_introspection_cpp.hpp
[0.776s] -- Up-to-date: /home/albert/umov_ws/install/arduinobot_msgs/include/arduinobot_msgs/arduinobot_msgs/action/detail/arduinobot_task__type_support.cpp
[0.776s] -- Up-to-date: /home/albert/umov_ws/install/arduinobot_msgs/include/arduinobot_msgs/arduinobot_msgs/srv
[0.776s] -- Up-to-date: /home/albert/umov_ws/install/arduinobot_msgs/include/arduinobot_msgs/arduinobot_msgs/srv/detail
[0.776s] -- Up-to-date: /home/albert/umov_ws/install/arduinobot_msgs/include/arduinobot_msgs/arduinobot_msgs/srv/detail/euler_to_quaternion__rosidl_typesupport_introspection_cpp.hpp
[0.776s] -- Up-to-date: /home/albert/umov_ws/install/arduinobot_msgs/include/arduinobot_msgs/arduinobot_msgs/srv/detail/euler_to_quaternion__type_support.cpp
[0.776s] -- Up-to-date: /home/albert/umov_ws/install/arduinobot_msgs/include/arduinobot_msgs/arduinobot_msgs/srv/detail/add_two_ints__type_support.cpp
[0.777s] -- Up-to-date: /home/albert/umov_ws/install/arduinobot_msgs/include/arduinobot_msgs/arduinobot_msgs/srv/detail/quaternion_to_euler__type_support.cpp
[0.777s] -- Up-to-date: /home/albert/umov_ws/install/arduinobot_msgs/include/arduinobot_msgs/arduinobot_msgs/srv/detail/quaternion_to_euler__rosidl_typesupport_introspection_cpp.hpp
[0.777s] -- Up-to-date: /home/albert/umov_ws/install/arduinobot_msgs/include/arduinobot_msgs/arduinobot_msgs/srv/detail/add_two_ints__rosidl_typesupport_introspection_cpp.hpp
[0.777s] -- Up-to-date: /home/albert/umov_ws/install/arduinobot_msgs/lib/libarduinobot_msgs__rosidl_typesupport_introspection_cpp.so
[0.777s] -- Up-to-date: /home/albert/umov_ws/install/arduinobot_msgs/lib/libarduinobot_msgs__rosidl_typesupport_cpp.so
[0.777s] -- Up-to-date: /home/albert/umov_ws/install/arduinobot_msgs/share/arduinobot_msgs/environment/pythonpath.sh
[0.777s] -- Up-to-date: /home/albert/umov_ws/install/arduinobot_msgs/share/arduinobot_msgs/environment/pythonpath.dsv
[0.777s] -- Up-to-date: /home/albert/umov_ws/install/arduinobot_msgs/local/lib/python3.10/dist-packages/arduinobot_msgs-0.0.0-py3.10.egg-info
[0.777s] -- Installing: /home/albert/umov_ws/install/arduinobot_msgs/local/lib/python3.10/dist-packages/arduinobot_msgs-0.0.0-py3.10.egg-info/SOURCES.txt
[0.777s] -- Installing: /home/albert/umov_ws/install/arduinobot_msgs/local/lib/python3.10/dist-packages/arduinobot_msgs-0.0.0-py3.10.egg-info/top_level.txt
[0.777s] -- Installing: /home/albert/umov_ws/install/arduinobot_msgs/local/lib/python3.10/dist-packages/arduinobot_msgs-0.0.0-py3.10.egg-info/PKG-INFO
[0.778s] -- Installing: /home/albert/umov_ws/install/arduinobot_msgs/local/lib/python3.10/dist-packages/arduinobot_msgs-0.0.0-py3.10.egg-info/dependency_links.txt
[0.778s] -- Up-to-date: /home/albert/umov_ws/install/arduinobot_msgs/local/lib/python3.10/dist-packages/arduinobot_msgs
[0.778s] -- Up-to-date: /home/albert/umov_ws/install/arduinobot_msgs/local/lib/python3.10/dist-packages/arduinobot_msgs/_arduinobot_msgs_s.ep.rosidl_typesupport_fastrtps_c.c
[0.778s] -- Up-to-date: /home/albert/umov_ws/install/arduinobot_msgs/local/lib/python3.10/dist-packages/arduinobot_msgs/arduinobot_msgs_s__rosidl_typesupport_fastrtps_c.cpython-310-x86_64-linux-gnu.so
[0.778s] -- Up-to-date: /home/albert/umov_ws/install/arduinobot_msgs/local/lib/python3.10/dist-packages/arduinobot_msgs/__init__.py
[0.778s] -- Up-to-date: /home/albert/umov_ws/install/arduinobot_msgs/local/lib/python3.10/dist-packages/arduinobot_msgs/action
[0.778s] -- Up-to-date: /home/albert/umov_ws/install/arduinobot_msgs/local/lib/python3.10/dist-packages/arduinobot_msgs/action/_arduinobot_task_s.c
[0.778s] -- Up-to-date: /home/albert/umov_ws/install/arduinobot_msgs/local/lib/python3.10/dist-packages/arduinobot_msgs/action/__init__.py
[0.778s] -- Up-to-date: /home/albert/umov_ws/install/arduinobot_msgs/local/lib/python3.10/dist-packages/arduinobot_msgs/action/_arduinobot_task.py
[0.778s] -- Up-to-date: /home/albert/umov_ws/install/arduinobot_msgs/local/lib/python3.10/dist-packages/arduinobot_msgs/action/_fibonacci_s.c
[0.778s] -- Up-to-date: /home/albert/umov_ws/install/arduinobot_msgs/local/lib/python3.10/dist-packages/arduinobot_msgs/action/_fibonacci.py
[0.778s] -- Up-to-date: /home/albert/umov_ws/install/arduinobot_msgs/local/lib/python3.10/dist-packages/arduinobot_msgs/_arduinobot_msgs_s.ep.rosidl_typesupport_introspection_c.c
[0.778s] -- Up-to-date: /home/albert/umov_ws/install/arduinobot_msgs/local/lib/python3.10/dist-packages/arduinobot_msgs/_arduinobot_msgs_s.ep.rosidl_typesupport_c.c
[0.778s] -- Up-to-date: /home/albert/umov_ws/install/arduinobot_msgs/local/lib/python3.10/dist-packages/arduinobot_msgs/libarduinobot_msgs__rosidl_generator_py.so
[0.778s] -- Up-to-date: /home/albert/umov_ws/install/arduinobot_msgs/local/lib/python3.10/dist-packages/arduinobot_msgs/arduinobot_msgs_s__rosidl_typesupport_c.cpython-310-x86_64-linux-gnu.so
[0.778s] -- Up-to-date: /home/albert/umov_ws/install/arduinobot_msgs/local/lib/python3.10/dist-packages/arduinobot_msgs/arduinobot_msgs_s__rosidl_typesupport_introspection_c.cpython-310-x86_64-linux-gnu.so
[0.778s] -- Up-to-date: /home/albert/umov_ws/install/arduinobot_msgs/local/lib/python3.10/dist-packages/arduinobot_msgs/srv
[0.779s] -- Up-to-date: /home/albert/umov_ws/install/arduinobot_msgs/local/lib/python3.10/dist-packages/arduinobot_msgs/srv/_quaternion_to_euler_s.c
[0.779s] -- Up-to-date: /home/albert/umov_ws/install/arduinobot_msgs/local/lib/python3.10/dist-packages/arduinobot_msgs/srv/_euler_to_quaternion.py
[0.779s] -- Up-to-date: /home/albert/umov_ws/install/arduinobot_msgs/local/lib/python3.10/dist-packages/arduinobot_msgs/srv/__init__.py
[0.779s] -- Up-to-date: /home/albert/umov_ws/install/arduinobot_msgs/local/lib/python3.10/dist-packages/arduinobot_msgs/srv/_quaternion_to_euler.py
[0.779s] -- Up-to-date: /home/albert/umov_ws/install/arduinobot_msgs/local/lib/python3.10/dist-packages/arduinobot_msgs/srv/_add_two_ints_s.c
[0.779s] -- Up-to-date: /home/albert/umov_ws/install/arduinobot_msgs/local/lib/python3.10/dist-packages/arduinobot_msgs/srv/_add_two_ints.py
[0.779s] -- Up-to-date: /home/albert/umov_ws/install/arduinobot_msgs/local/lib/python3.10/dist-packages/arduinobot_msgs/srv/_euler_to_quaternion_s.c
[0.822s] Listing '/home/albert/umov_ws/install/arduinobot_msgs/local/lib/python3.10/dist-packages/arduinobot_msgs'...
[0.822s] Listing '/home/albert/umov_ws/install/arduinobot_msgs/local/lib/python3.10/dist-packages/arduinobot_msgs/action'...
[0.822s] Listing '/home/albert/umov_ws/install/arduinobot_msgs/local/lib/python3.10/dist-packages/arduinobot_msgs/srv'...
[0.827s] -- Up-to-date: /home/albert/umov_ws/install/arduinobot_msgs/local/lib/python3.10/dist-packages/arduinobot_msgs/arduinobot_msgs_s__rosidl_typesupport_fastrtps_c.cpython-310-x86_64-linux-gnu.so
[0.828s] -- Up-to-date: /home/albert/umov_ws/install/arduinobot_msgs/local/lib/python3.10/dist-packages/arduinobot_msgs/arduinobot_msgs_s__rosidl_typesupport_introspection_c.cpython-310-x86_64-linux-gnu.so
[0.828s] -- Up-to-date: /home/albert/umov_ws/install/arduinobot_msgs/local/lib/python3.10/dist-packages/arduinobot_msgs/arduinobot_msgs_s__rosidl_typesupport_c.cpython-310-x86_64-linux-gnu.so
[0.829s] -- Up-to-date: /home/albert/umov_ws/install/arduinobot_msgs/lib/libarduinobot_msgs__rosidl_generator_py.so
[0.829s] -- Up-to-date: /home/albert/umov_ws/install/arduinobot_msgs/share/arduinobot_msgs/srv/AddTwoInts.idl
[0.829s] -- Up-to-date: /home/albert/umov_ws/install/arduinobot_msgs/share/arduinobot_msgs/srv/EulerToQuaternion.idl
[0.830s] -- Up-to-date: /home/albert/umov_ws/install/arduinobot_msgs/share/arduinobot_msgs/srv/QuaternionToEuler.idl
[0.830s] -- Up-to-date: /home/albert/umov_ws/install/arduinobot_msgs/share/arduinobot_msgs/action/Fibonacci.idl
[0.830s] -- Up-to-date: /home/albert/umov_ws/install/arduinobot_msgs/share/arduinobot_msgs/action/ArduinobotTask.idl
[0.830s] -- Up-to-date: /home/albert/umov_ws/install/arduinobot_msgs/share/arduinobot_msgs/srv/AddTwoInts.srv
[0.830s] -- Up-to-date: /home/albert/umov_ws/install/arduinobot_msgs/share/arduinobot_msgs/srv/AddTwoInts_Request.msg
[0.830s] -- Up-to-date: /home/albert/umov_ws/install/arduinobot_msgs/share/arduinobot_msgs/srv/AddTwoInts_Response.msg
[0.831s] -- Up-to-date: /home/albert/umov_ws/install/arduinobot_msgs/share/arduinobot_msgs/srv/EulerToQuaternion.srv
[0.831s] -- Up-to-date: /home/albert/umov_ws/install/arduinobot_msgs/share/arduinobot_msgs/srv/EulerToQuaternion_Request.msg
[0.831s] -- Up-to-date: /home/albert/umov_ws/install/arduinobot_msgs/share/arduinobot_msgs/srv/EulerToQuaternion_Response.msg
[0.831s] -- Up-to-date: /home/albert/umov_ws/install/arduinobot_msgs/share/arduinobot_msgs/srv/QuaternionToEuler.srv
[0.831s] -- Up-to-date: /home/albert/umov_ws/install/arduinobot_msgs/share/arduinobot_msgs/srv/QuaternionToEuler_Request.msg
[0.831s] -- Up-to-date: /home/albert/umov_ws/install/arduinobot_msgs/share/arduinobot_msgs/srv/QuaternionToEuler_Response.msg
[0.832s] -- Up-to-date: /home/albert/umov_ws/install/arduinobot_msgs/share/arduinobot_msgs/action/Fibonacci.action
[0.832s] -- Up-to-date: /home/albert/umov_ws/install/arduinobot_msgs/share/arduinobot_msgs/action/ArduinobotTask.action
[0.832s] -- Up-to-date: /home/albert/umov_ws/install/arduinobot_msgs/share/ament_index/resource_index/package_run_dependencies/arduinobot_msgs
[0.832s] -- Up-to-date: /home/albert/umov_ws/install/arduinobot_msgs/share/ament_index/resource_index/parent_prefix_path/arduinobot_msgs
[0.833s] -- Up-to-date: /home/albert/umov_ws/install/arduinobot_msgs/share/arduinobot_msgs/environment/ament_prefix_path.sh
[0.833s] -- Up-to-date: /home/albert/umov_ws/install/arduinobot_msgs/share/arduinobot_msgs/environment/ament_prefix_path.dsv
[0.833s] -- Up-to-date: /home/albert/umov_ws/install/arduinobot_msgs/share/arduinobot_msgs/environment/path.sh
[0.833s] -- Up-to-date: /home/albert/umov_ws/install/arduinobot_msgs/share/arduinobot_msgs/environment/path.dsv
[0.833s] -- Up-to-date: /home/albert/umov_ws/install/arduinobot_msgs/share/arduinobot_msgs/local_setup.bash
[0.834s] -- Up-to-date: /home/albert/umov_ws/install/arduinobot_msgs/share/arduinobot_msgs/local_setup.sh
[0.834s] -- Up-to-date: /home/albert/umov_ws/install/arduinobot_msgs/share/arduinobot_msgs/local_setup.zsh
[0.834s] -- Up-to-date: /home/albert/umov_ws/install/arduinobot_msgs/share/arduinobot_msgs/local_setup.dsv
[0.834s] -- Installing: /home/albert/umov_ws/install/arduinobot_msgs/share/arduinobot_msgs/package.dsv
[0.834s] -- Up-to-date: /home/albert/umov_ws/install/arduinobot_msgs/share/ament_index/resource_index/packages/arduinobot_msgs
[0.834s] -- Up-to-date: /home/albert/umov_ws/install/arduinobot_msgs/share/arduinobot_msgs/cmake/export_arduinobot_msgs__rosidl_generator_cExport.cmake
[0.834s] -- Up-to-date: /home/albert/umov_ws/install/arduinobot_msgs/share/arduinobot_msgs/cmake/export_arduinobot_msgs__rosidl_generator_cExport-noconfig.cmake
[0.835s] -- Up-to-date: /home/albert/umov_ws/install/arduinobot_msgs/share/arduinobot_msgs/cmake/export_arduinobot_msgs__rosidl_typesupport_fastrtps_cExport.cmake
[0.835s] -- Up-to-date: /home/albert/umov_ws/install/arduinobot_msgs/share/arduinobot_msgs/cmake/export_arduinobot_msgs__rosidl_typesupport_fastrtps_cExport-noconfig.cmake
[0.835s] -- Up-to-date: /home/albert/umov_ws/install/arduinobot_msgs/share/arduinobot_msgs/cmake/export_arduinobot_msgs__rosidl_generator_cppExport.cmake
[0.835s] -- Up-to-date: /home/albert/umov_ws/install/arduinobot_msgs/share/arduinobot_msgs/cmake/export_arduinobot_msgs__rosidl_typesupport_fastrtps_cppExport.cmake
[0.835s] -- Up-to-date: /home/albert/umov_ws/install/arduinobot_msgs/share/arduinobot_msgs/cmake/export_arduinobot_msgs__rosidl_typesupport_fastrtps_cppExport-noconfig.cmake
[0.835s] -- Up-to-date: /home/albert/umov_ws/install/arduinobot_msgs/share/arduinobot_msgs/cmake/arduinobot_msgs__rosidl_typesupport_introspection_cExport.cmake
[0.835s] -- Up-to-date: /home/albert/umov_ws/install/arduinobot_msgs/share/arduinobot_msgs/cmake/arduinobot_msgs__rosidl_typesupport_introspection_cExport-noconfig.cmake
[0.836s] -- Up-to-date: /home/albert/umov_ws/install/arduinobot_msgs/share/arduinobot_msgs/cmake/arduinobot_msgs__rosidl_typesupport_cExport.cmake
[0.836s] -- Up-to-date: /home/albert/umov_ws/install/arduinobot_msgs/share/arduinobot_msgs/cmake/arduinobot_msgs__rosidl_typesupport_cExport-noconfig.cmake
[0.836s] -- Up-to-date: /home/albert/umov_ws/install/arduinobot_msgs/share/arduinobot_msgs/cmake/arduinobot_msgs__rosidl_typesupport_introspection_cppExport.cmake
[0.836s] -- Up-to-date: /home/albert/umov_ws/install/arduinobot_msgs/share/arduinobot_msgs/cmake/arduinobot_msgs__rosidl_typesupport_introspection_cppExport-noconfig.cmake
[0.837s] -- Up-to-date: /home/albert/umov_ws/install/arduinobot_msgs/share/arduinobot_msgs/cmake/arduinobot_msgs__rosidl_typesupport_cppExport.cmake
[0.837s] -- Up-to-date: /home/albert/umov_ws/install/arduinobot_msgs/share/arduinobot_msgs/cmake/arduinobot_msgs__rosidl_typesupport_cppExport-noconfig.cmake
[0.837s] -- Up-to-date: /home/albert/umov_ws/install/arduinobot_msgs/share/arduinobot_msgs/cmake/export_arduinobot_msgs__rosidl_generator_pyExport.cmake
[0.838s] -- Up-to-date: /home/albert/umov_ws/install/arduinobot_msgs/share/arduinobot_msgs/cmake/export_arduinobot_msgs__rosidl_generator_pyExport-noconfig.cmake
[0.838s] -- Up-to-date: /home/albert/umov_ws/install/arduinobot_msgs/share/arduinobot_msgs/cmake/rosidl_cmake-extras.cmake
[0.838s] -- Up-to-date: /home/albert/umov_ws/install/arduinobot_msgs/share/arduinobot_msgs/cmake/ament_cmake_export_dependencies-extras.cmake
[0.838s] -- Up-to-date: /home/albert/umov_ws/install/arduinobot_msgs/share/arduinobot_msgs/cmake/ament_cmake_export_include_directories-extras.cmake
[0.838s] -- Up-to-date: /home/albert/umov_ws/install/arduinobot_msgs/share/arduinobot_msgs/cmake/ament_cmake_export_libraries-extras.cmake
[0.839s] -- Up-to-date: /home/albert/umov_ws/install/arduinobot_msgs/share/arduinobot_msgs/cmake/ament_cmake_export_targets-extras.cmake
[0.839s] -- Up-to-date: /home/albert/umov_ws/install/arduinobot_msgs/share/arduinobot_msgs/cmake/rosidl_cmake_export_typesupport_targets-extras.cmake
[0.839s] -- Up-to-date: /home/albert/umov_ws/install/arduinobot_msgs/share/arduinobot_msgs/cmake/rosidl_cmake_export_typesupport_libraries-extras.cmake
[0.839s] -- Up-to-date: /home/albert/umov_ws/install/arduinobot_msgs/share/arduinobot_msgs/cmake/arduinobot_msgsConfig.cmake
[0.839s] -- Up-to-date: /home/albert/umov_ws/install/arduinobot_msgs/share/arduinobot_msgs/cmake/arduinobot_msgsConfig-version.cmake
[0.839s] -- Up-to-date: /home/albert/umov_ws/install/arduinobot_msgs/share/arduinobot_msgs/package.xml
[0.839s] Invoked command in '/home/albert/umov_ws/build/arduinobot_msgs' returned '0': CMAKE_PREFIX_PATH=${CMAKE_PREFIX_PATH}:/home/albert/ws_moveit2/install/moveit_configs_utils:/home/albert/ws_moveit2/install/launch_param_builder:/home/albert/umov_ws/install/arduino_py_examples:/home/albert/udem2_ws/install/actions_py:/home/albert/udem2_ws/install/lifecycle_py:/home/albert/udem2_ws/install/executors_py:/home/albert/udem2_ws/install/components_py:/home/albert/udem_ws/install/turtlesim_catcher:/home/albert/udem_ws/install/my_py_pkg:/home/albert/udem_ws/install/lifecycle_py:/home/albert/bcdc_ws/install/agbot_teleop:/home/albert/bcdc_ws/install/agbot_py:/home/albert/arduinobot_ws/install/arduinobot_py_examples:/opt/ros/humble /home/albert/.local/bin/cmake --install /home/albert/umov_ws/build/arduinobot_msgs
