[0.113s] Invoking command in '/home/albert/umov_ws/build/arduino_msgs': CMAKE_PREFIX_PATH=${CMAKE_PREFIX_PATH}:/home/albert/ws_moveit2/install/moveit_configs_utils:/home/albert/ws_moveit2/install/launch_param_builder:/home/albert/umov_ws/install/arduino_py_examples:/home/albert/udem2_ws/install/actions_py:/home/albert/udem2_ws/install/lifecycle_py:/home/albert/udem2_ws/install/executors_py:/home/albert/udem2_ws/install/components_py:/home/albert/udem_ws/install/turtlesim_catcher:/home/albert/udem_ws/install/my_py_pkg:/home/albert/udem_ws/install/lifecycle_py:/home/albert/bcdc_ws/install/agbot_teleop:/home/albert/bcdc_ws/install/agbot_py:/home/albert/arduinobot_ws/install/arduinobot_py_examples:/opt/ros/humble /home/albert/.local/bin/cmake --build /home/albert/umov_ws/build/arduino_msgs -- -j8 -l8
[0.215s] [  1%] Built target arduino_msgs__cpp
[0.215s] [ 12%] Built target arduino_msgs__rosidl_generator_c
[0.222s] [ 12%] Built target ament_cmake_python_copy_arduino_msgs
[0.262s] [ 23%] Built target arduino_msgs__rosidl_typesupport_introspection_cpp
[0.264s] [ 34%] Built target arduino_msgs__rosidl_typesupport_fastrtps_cpp
[0.269s] [ 46%] Built target arduino_msgs__rosidl_typesupport_cpp
[0.275s] [ 65%] Built target arduino_msgs__rosidl_typesupport_introspection_c
[0.276s] [ 68%] Built target arduino_msgs__rosidl_typesupport_fastrtps_c
[0.276s] [ 79%] Built target arduino_msgs__rosidl_typesupport_c
[0.301s] [ 79%] Built target arduino_msgs
[0.330s] [ 80%] Built target arduino_msgs__py
[0.368s] [ 90%] Built target arduino_msgs__rosidl_generator_py
[0.407s] [ 93%] Built target arduino_msgs__rosidl_typesupport_fastrtps_c__pyext
[0.414s] [ 96%] Built target arduino_msgs__rosidl_typesupport_c__pyext
[0.414s] [100%] Built target arduino_msgs__rosidl_typesupport_introspection_c__pyext
[0.853s] running egg_info
[0.854s] writing arduino_msgs.egg-info/PKG-INFO
[0.854s] writing dependency_links to arduino_msgs.egg-info/dependency_links.txt
[0.854s] writing top-level names to arduino_msgs.egg-info/top_level.txt
[0.859s] reading manifest file 'arduino_msgs.egg-info/SOURCES.txt'
[0.860s] writing manifest file 'arduino_msgs.egg-info/SOURCES.txt'
[0.897s] [100%] Built target ament_cmake_python_build_arduino_msgs_egg
[0.908s] Invoked command in '/home/albert/umov_ws/build/arduino_msgs' returned '0': CMAKE_PREFIX_PATH=${CMAKE_PREFIX_PATH}:/home/albert/ws_moveit2/install/moveit_configs_utils:/home/albert/ws_moveit2/install/launch_param_builder:/home/albert/umov_ws/install/arduino_py_examples:/home/albert/udem2_ws/install/actions_py:/home/albert/udem2_ws/install/lifecycle_py:/home/albert/udem2_ws/install/executors_py:/home/albert/udem2_ws/install/components_py:/home/albert/udem_ws/install/turtlesim_catcher:/home/albert/udem_ws/install/my_py_pkg:/home/albert/udem_ws/install/lifecycle_py:/home/albert/bcdc_ws/install/agbot_teleop:/home/albert/bcdc_ws/install/agbot_py:/home/albert/arduinobot_ws/install/arduinobot_py_examples:/opt/ros/humble /home/albert/.local/bin/cmake --build /home/albert/umov_ws/build/arduino_msgs -- -j8 -l8
[0.911s] Invoking command in '/home/albert/umov_ws/build/arduino_msgs': CMAKE_PREFIX_PATH=${CMAKE_PREFIX_PATH}:/home/albert/ws_moveit2/install/moveit_configs_utils:/home/albert/ws_moveit2/install/launch_param_builder:/home/albert/umov_ws/install/arduino_py_examples:/home/albert/udem2_ws/install/actions_py:/home/albert/udem2_ws/install/lifecycle_py:/home/albert/udem2_ws/install/executors_py:/home/albert/udem2_ws/install/components_py:/home/albert/udem_ws/install/turtlesim_catcher:/home/albert/udem_ws/install/my_py_pkg:/home/albert/udem_ws/install/lifecycle_py:/home/albert/bcdc_ws/install/agbot_teleop:/home/albert/bcdc_ws/install/agbot_py:/home/albert/arduinobot_ws/install/arduinobot_py_examples:/opt/ros/humble /home/albert/.local/bin/cmake --install /home/albert/umov_ws/build/arduino_msgs
[0.918s] -- Install configuration: ""
[0.918s] -- Up-to-date: /home/albert/umov_ws/install/arduino_msgs/share/ament_index/resource_index/rosidl_interfaces/arduino_msgs
[0.918s] -- Up-to-date: /home/albert/umov_ws/install/arduino_msgs/include/arduino_msgs/arduino_msgs
[0.919s] -- Up-to-date: /home/albert/umov_ws/install/arduino_msgs/include/arduino_msgs/arduino_msgs/msg
[0.919s] -- Up-to-date: /home/albert/umov_ws/install/arduino_msgs/include/arduino_msgs/arduino_msgs/msg/rosidl_generator_c__visibility_control.h
[0.919s] -- Up-to-date: /home/albert/umov_ws/install/arduino_msgs/include/arduino_msgs/arduino_msgs/action
[0.920s] -- Up-to-date: /home/albert/umov_ws/install/arduino_msgs/include/arduino_msgs/arduino_msgs/action/arduino_task.h
[0.920s] -- Up-to-date: /home/albert/umov_ws/install/arduino_msgs/include/arduino_msgs/arduino_msgs/action/fibonacci.h
[0.920s] -- Up-to-date: /home/albert/umov_ws/install/arduino_msgs/include/arduino_msgs/arduino_msgs/action/detail
[0.920s] -- Up-to-date: /home/albert/umov_ws/install/arduino_msgs/include/arduino_msgs/arduino_msgs/action/detail/fibonacci__functions.c
[0.921s] -- Up-to-date: /home/albert/umov_ws/install/arduino_msgs/include/arduino_msgs/arduino_msgs/action/detail/arduino_task__struct.h
[0.921s] -- Up-to-date: /home/albert/umov_ws/install/arduino_msgs/include/arduino_msgs/arduino_msgs/action/detail/fibonacci__type_support.h
[0.921s] -- Up-to-date: /home/albert/umov_ws/install/arduino_msgs/include/arduino_msgs/arduino_msgs/action/detail/fibonacci__struct.h
[0.921s] -- Up-to-date: /home/albert/umov_ws/install/arduino_msgs/include/arduino_msgs/arduino_msgs/action/detail/arduino_task__functions.c
[0.921s] -- Up-to-date: /home/albert/umov_ws/install/arduino_msgs/include/arduino_msgs/arduino_msgs/action/detail/fibonacci__functions.h
[0.922s] -- Up-to-date: /home/albert/umov_ws/install/arduino_msgs/include/arduino_msgs/arduino_msgs/action/detail/arduino_task__functions.h
[0.922s] -- Up-to-date: /home/albert/umov_ws/install/arduino_msgs/include/arduino_msgs/arduino_msgs/action/detail/arduino_task__type_support.h
[0.922s] -- Up-to-date: /home/albert/umov_ws/install/arduino_msgs/include/arduino_msgs/arduino_msgs/srv
[0.923s] -- Up-to-date: /home/albert/umov_ws/install/arduino_msgs/include/arduino_msgs/arduino_msgs/srv/quaternion_to_euler.h
[0.924s] -- Up-to-date: /home/albert/umov_ws/install/arduino_msgs/include/arduino_msgs/arduino_msgs/srv/detail
[0.924s] -- Up-to-date: /home/albert/umov_ws/install/arduino_msgs/include/arduino_msgs/arduino_msgs/srv/detail/euler_to_quaternion__functions.c
[0.924s] -- Up-to-date: /home/albert/umov_ws/install/arduino_msgs/include/arduino_msgs/arduino_msgs/srv/detail/add_two_ints__functions.h
[0.925s] -- Up-to-date: /home/albert/umov_ws/install/arduino_msgs/include/arduino_msgs/arduino_msgs/srv/detail/euler_to_quaternion__struct.h
[0.925s] -- Up-to-date: /home/albert/umov_ws/install/arduino_msgs/include/arduino_msgs/arduino_msgs/srv/detail/add_two_ints__functions.c
[0.925s] -- Up-to-date: /home/albert/umov_ws/install/arduino_msgs/include/arduino_msgs/arduino_msgs/srv/detail/quaternion_to_euler__functions.c
[0.925s] -- Up-to-date: /home/albert/umov_ws/install/arduino_msgs/include/arduino_msgs/arduino_msgs/srv/detail/euler_to_quaternion__functions.h
[0.926s] -- Up-to-date: /home/albert/umov_ws/install/arduino_msgs/include/arduino_msgs/arduino_msgs/srv/detail/quaternion_to_euler__functions.h
[0.926s] -- Up-to-date: /home/albert/umov_ws/install/arduino_msgs/include/arduino_msgs/arduino_msgs/srv/detail/quaternion_to_euler__type_support.h
[0.926s] -- Up-to-date: /home/albert/umov_ws/install/arduino_msgs/include/arduino_msgs/arduino_msgs/srv/detail/add_two_ints__type_support.h
[0.926s] -- Up-to-date: /home/albert/umov_ws/install/arduino_msgs/include/arduino_msgs/arduino_msgs/srv/detail/euler_to_quaternion__type_support.h
[0.927s] -- Up-to-date: /home/albert/umov_ws/install/arduino_msgs/include/arduino_msgs/arduino_msgs/srv/detail/quaternion_to_euler__struct.h
[0.927s] -- Up-to-date: /home/albert/umov_ws/install/arduino_msgs/include/arduino_msgs/arduino_msgs/srv/detail/add_two_ints__struct.h
[0.927s] -- Up-to-date: /home/albert/umov_ws/install/arduino_msgs/include/arduino_msgs/arduino_msgs/srv/euler_to_quaternion.h
[0.927s] -- Up-to-date: /home/albert/umov_ws/install/arduino_msgs/include/arduino_msgs/arduino_msgs/srv/add_two_ints.h
[0.927s] -- Up-to-date: /home/albert/umov_ws/install/arduino_msgs/share/arduino_msgs/environment/library_path.sh
[0.927s] -- Up-to-date: /home/albert/umov_ws/install/arduino_msgs/share/arduino_msgs/environment/library_path.dsv
[0.928s] -- Up-to-date: /home/albert/umov_ws/install/arduino_msgs/lib/libarduino_msgs__rosidl_generator_c.so
[0.928s] -- Up-to-date: /home/albert/umov_ws/install/arduino_msgs/include/arduino_msgs/arduino_msgs
[0.929s] -- Up-to-date: /home/albert/umov_ws/install/arduino_msgs/include/arduino_msgs/arduino_msgs/msg
[0.929s] -- Up-to-date: /home/albert/umov_ws/install/arduino_msgs/include/arduino_msgs/arduino_msgs/msg/rosidl_typesupport_fastrtps_c__visibility_control.h
[0.929s] -- Up-to-date: /home/albert/umov_ws/install/arduino_msgs/include/arduino_msgs/arduino_msgs/action
[0.929s] -- Up-to-date: /home/albert/umov_ws/install/arduino_msgs/include/arduino_msgs/arduino_msgs/action/detail
[0.929s] -- Up-to-date: /home/albert/umov_ws/install/arduino_msgs/include/arduino_msgs/arduino_msgs/action/detail/arduino_task__rosidl_typesupport_fastrtps_c.h
[0.929s] -- Up-to-date: /home/albert/umov_ws/install/arduino_msgs/include/arduino_msgs/arduino_msgs/action/detail/fibonacci__rosidl_typesupport_fastrtps_c.h
[0.929s] -- Up-to-date: /home/albert/umov_ws/install/arduino_msgs/include/arduino_msgs/arduino_msgs/srv
[0.930s] -- Up-to-date: /home/albert/umov_ws/install/arduino_msgs/include/arduino_msgs/arduino_msgs/srv/detail
[0.930s] -- Up-to-date: /home/albert/umov_ws/install/arduino_msgs/include/arduino_msgs/arduino_msgs/srv/detail/add_two_ints__rosidl_typesupport_fastrtps_c.h
[0.930s] -- Up-to-date: /home/albert/umov_ws/install/arduino_msgs/include/arduino_msgs/arduino_msgs/srv/detail/euler_to_quaternion__rosidl_typesupport_fastrtps_c.h
[0.930s] -- Up-to-date: /home/albert/umov_ws/install/arduino_msgs/include/arduino_msgs/arduino_msgs/srv/detail/quaternion_to_euler__rosidl_typesupport_fastrtps_c.h
[0.930s] -- Up-to-date: /home/albert/umov_ws/install/arduino_msgs/lib/libarduino_msgs__rosidl_typesupport_fastrtps_c.so
[0.930s] -- Up-to-date: /home/albert/umov_ws/install/arduino_msgs/include/arduino_msgs/arduino_msgs
[0.931s] -- Up-to-date: /home/albert/umov_ws/install/arduino_msgs/include/arduino_msgs/arduino_msgs/msg
[0.931s] -- Up-to-date: /home/albert/umov_ws/install/arduino_msgs/include/arduino_msgs/arduino_msgs/msg/rosidl_generator_cpp__visibility_control.hpp
[0.931s] -- Up-to-date: /home/albert/umov_ws/install/arduino_msgs/include/arduino_msgs/arduino_msgs/action
[0.932s] -- Up-to-date: /home/albert/umov_ws/install/arduino_msgs/include/arduino_msgs/arduino_msgs/action/arduino_task.hpp
[0.934s] -- Up-to-date: /home/albert/umov_ws/install/arduino_msgs/include/arduino_msgs/arduino_msgs/action/fibonacci.hpp
[0.934s] -- Up-to-date: /home/albert/umov_ws/install/arduino_msgs/include/arduino_msgs/arduino_msgs/action/detail
[0.934s] -- Up-to-date: /home/albert/umov_ws/install/arduino_msgs/include/arduino_msgs/arduino_msgs/action/detail/fibonacci__type_support.hpp
[0.934s] -- Up-to-date: /home/albert/umov_ws/install/arduino_msgs/include/arduino_msgs/arduino_msgs/action/detail/arduino_task__builder.hpp
[0.935s] -- Up-to-date: /home/albert/umov_ws/install/arduino_msgs/include/arduino_msgs/arduino_msgs/action/detail/fibonacci__builder.hpp
[0.935s] -- Up-to-date: /home/albert/umov_ws/install/arduino_msgs/include/arduino_msgs/arduino_msgs/action/detail/arduino_task__type_support.hpp
[0.935s] -- Up-to-date: /home/albert/umov_ws/install/arduino_msgs/include/arduino_msgs/arduino_msgs/action/detail/fibonacci__struct.hpp
[0.935s] -- Up-to-date: /home/albert/umov_ws/install/arduino_msgs/include/arduino_msgs/arduino_msgs/action/detail/arduino_task__struct.hpp
[0.935s] -- Up-to-date: /home/albert/umov_ws/install/arduino_msgs/include/arduino_msgs/arduino_msgs/action/detail/arduino_task__traits.hpp
[0.935s] -- Up-to-date: /home/albert/umov_ws/install/arduino_msgs/include/arduino_msgs/arduino_msgs/action/detail/fibonacci__traits.hpp
[0.935s] -- Up-to-date: /home/albert/umov_ws/install/arduino_msgs/include/arduino_msgs/arduino_msgs/srv
[0.935s] -- Up-to-date: /home/albert/umov_ws/install/arduino_msgs/include/arduino_msgs/arduino_msgs/srv/euler_to_quaternion.hpp
[0.935s] -- Up-to-date: /home/albert/umov_ws/install/arduino_msgs/include/arduino_msgs/arduino_msgs/srv/detail
[0.935s] -- Up-to-date: /home/albert/umov_ws/install/arduino_msgs/include/arduino_msgs/arduino_msgs/srv/detail/quaternion_to_euler__struct.hpp
[0.936s] -- Up-to-date: /home/albert/umov_ws/install/arduino_msgs/include/arduino_msgs/arduino_msgs/srv/detail/quaternion_to_euler__builder.hpp
[0.936s] -- Up-to-date: /home/albert/umov_ws/install/arduino_msgs/include/arduino_msgs/arduino_msgs/srv/detail/euler_to_quaternion__traits.hpp
[0.936s] -- Up-to-date: /home/albert/umov_ws/install/arduino_msgs/include/arduino_msgs/arduino_msgs/srv/detail/add_two_ints__type_support.hpp
[0.936s] -- Up-to-date: /home/albert/umov_ws/install/arduino_msgs/include/arduino_msgs/arduino_msgs/srv/detail/add_two_ints__builder.hpp
[0.936s] -- Up-to-date: /home/albert/umov_ws/install/arduino_msgs/include/arduino_msgs/arduino_msgs/srv/detail/euler_to_quaternion__type_support.hpp
[0.936s] -- Up-to-date: /home/albert/umov_ws/install/arduino_msgs/include/arduino_msgs/arduino_msgs/srv/detail/quaternion_to_euler__traits.hpp
[0.936s] -- Up-to-date: /home/albert/umov_ws/install/arduino_msgs/include/arduino_msgs/arduino_msgs/srv/detail/euler_to_quaternion__builder.hpp
[0.936s] -- Up-to-date: /home/albert/umov_ws/install/arduino_msgs/include/arduino_msgs/arduino_msgs/srv/detail/add_two_ints__traits.hpp
[0.936s] -- Up-to-date: /home/albert/umov_ws/install/arduino_msgs/include/arduino_msgs/arduino_msgs/srv/detail/add_two_ints__struct.hpp
[0.936s] -- Up-to-date: /home/albert/umov_ws/install/arduino_msgs/include/arduino_msgs/arduino_msgs/srv/detail/euler_to_quaternion__struct.hpp
[0.936s] -- Up-to-date: /home/albert/umov_ws/install/arduino_msgs/include/arduino_msgs/arduino_msgs/srv/detail/quaternion_to_euler__type_support.hpp
[0.937s] -- Up-to-date: /home/albert/umov_ws/install/arduino_msgs/include/arduino_msgs/arduino_msgs/srv/quaternion_to_euler.hpp
[0.937s] -- Up-to-date: /home/albert/umov_ws/install/arduino_msgs/include/arduino_msgs/arduino_msgs/srv/add_two_ints.hpp
[0.937s] -- Up-to-date: /home/albert/umov_ws/install/arduino_msgs/include/arduino_msgs/arduino_msgs
[0.937s] -- Up-to-date: /home/albert/umov_ws/install/arduino_msgs/include/arduino_msgs/arduino_msgs/msg
[0.938s] -- Up-to-date: /home/albert/umov_ws/install/arduino_msgs/include/arduino_msgs/arduino_msgs/msg/rosidl_typesupport_fastrtps_cpp__visibility_control.h
[0.938s] -- Up-to-date: /home/albert/umov_ws/install/arduino_msgs/include/arduino_msgs/arduino_msgs/action
[0.938s] -- Up-to-date: /home/albert/umov_ws/install/arduino_msgs/include/arduino_msgs/arduino_msgs/action/detail
[0.938s] -- Up-to-date: /home/albert/umov_ws/install/arduino_msgs/include/arduino_msgs/arduino_msgs/action/detail/arduino_task__rosidl_typesupport_fastrtps_cpp.hpp
[0.938s] -- Up-to-date: /home/albert/umov_ws/install/arduino_msgs/include/arduino_msgs/arduino_msgs/action/detail/dds_fastrtps
[0.939s] -- Up-to-date: /home/albert/umov_ws/install/arduino_msgs/include/arduino_msgs/arduino_msgs/action/detail/fibonacci__rosidl_typesupport_fastrtps_cpp.hpp
[0.939s] -- Up-to-date: /home/albert/umov_ws/install/arduino_msgs/include/arduino_msgs/arduino_msgs/srv
[0.939s] -- Up-to-date: /home/albert/umov_ws/install/arduino_msgs/include/arduino_msgs/arduino_msgs/srv/detail
[0.939s] -- Up-to-date: /home/albert/umov_ws/install/arduino_msgs/include/arduino_msgs/arduino_msgs/srv/detail/euler_to_quaternion__rosidl_typesupport_fastrtps_cpp.hpp
[0.939s] -- Up-to-date: /home/albert/umov_ws/install/arduino_msgs/include/arduino_msgs/arduino_msgs/srv/detail/quaternion_to_euler__rosidl_typesupport_fastrtps_cpp.hpp
[0.940s] -- Up-to-date: /home/albert/umov_ws/install/arduino_msgs/include/arduino_msgs/arduino_msgs/srv/detail/dds_fastrtps
[0.940s] -- Up-to-date: /home/albert/umov_ws/install/arduino_msgs/include/arduino_msgs/arduino_msgs/srv/detail/add_two_ints__rosidl_typesupport_fastrtps_cpp.hpp
[0.940s] -- Up-to-date: /home/albert/umov_ws/install/arduino_msgs/lib/libarduino_msgs__rosidl_typesupport_fastrtps_cpp.so
[0.940s] -- Up-to-date: /home/albert/umov_ws/install/arduino_msgs/include/arduino_msgs/arduino_msgs
[0.940s] -- Up-to-date: /home/albert/umov_ws/install/arduino_msgs/include/arduino_msgs/arduino_msgs/msg
[0.940s] -- Up-to-date: /home/albert/umov_ws/install/arduino_msgs/include/arduino_msgs/arduino_msgs/msg/rosidl_typesupport_introspection_c__visibility_control.h
[0.941s] -- Up-to-date: /home/albert/umov_ws/install/arduino_msgs/include/arduino_msgs/arduino_msgs/action
[0.941s] -- Up-to-date: /home/albert/umov_ws/install/arduino_msgs/include/arduino_msgs/arduino_msgs/action/detail
[0.941s] -- Up-to-date: /home/albert/umov_ws/install/arduino_msgs/include/arduino_msgs/arduino_msgs/action/detail/arduino_task__type_support.c
[0.941s] -- Up-to-date: /home/albert/umov_ws/install/arduino_msgs/include/arduino_msgs/arduino_msgs/action/detail/fibonacci__type_support.c
[0.942s] -- Up-to-date: /home/albert/umov_ws/install/arduino_msgs/include/arduino_msgs/arduino_msgs/action/detail/fibonacci__rosidl_typesupport_introspection_c.h
[0.942s] -- Up-to-date: /home/albert/umov_ws/install/arduino_msgs/include/arduino_msgs/arduino_msgs/action/detail/arduino_task__rosidl_typesupport_introspection_c.h
[0.942s] -- Up-to-date: /home/albert/umov_ws/install/arduino_msgs/include/arduino_msgs/arduino_msgs/srv
[0.942s] -- Up-to-date: /home/albert/umov_ws/install/arduino_msgs/include/arduino_msgs/arduino_msgs/srv/detail
[0.942s] -- Up-to-date: /home/albert/umov_ws/install/arduino_msgs/include/arduino_msgs/arduino_msgs/srv/detail/add_two_ints__rosidl_typesupport_introspection_c.h
[0.942s] -- Up-to-date: /home/albert/umov_ws/install/arduino_msgs/include/arduino_msgs/arduino_msgs/srv/detail/euler_to_quaternion__type_support.c
[0.942s] -- Up-to-date: /home/albert/umov_ws/install/arduino_msgs/include/arduino_msgs/arduino_msgs/srv/detail/add_two_ints__type_support.c
[0.943s] -- Up-to-date: /home/albert/umov_ws/install/arduino_msgs/include/arduino_msgs/arduino_msgs/srv/detail/quaternion_to_euler__type_support.c
[0.943s] -- Up-to-date: /home/albert/umov_ws/install/arduino_msgs/include/arduino_msgs/arduino_msgs/srv/detail/quaternion_to_euler__rosidl_typesupport_introspection_c.h
[0.943s] -- Up-to-date: /home/albert/umov_ws/install/arduino_msgs/include/arduino_msgs/arduino_msgs/srv/detail/euler_to_quaternion__rosidl_typesupport_introspection_c.h
[0.943s] -- Up-to-date: /home/albert/umov_ws/install/arduino_msgs/lib/libarduino_msgs__rosidl_typesupport_introspection_c.so
[0.943s] -- Up-to-date: /home/albert/umov_ws/install/arduino_msgs/lib/libarduino_msgs__rosidl_typesupport_c.so
[0.943s] -- Up-to-date: /home/albert/umov_ws/install/arduino_msgs/include/arduino_msgs/arduino_msgs
[0.944s] -- Up-to-date: /home/albert/umov_ws/install/arduino_msgs/include/arduino_msgs/arduino_msgs/action
[0.944s] -- Up-to-date: /home/albert/umov_ws/install/arduino_msgs/include/arduino_msgs/arduino_msgs/action/detail
[0.944s] -- Up-to-date: /home/albert/umov_ws/install/arduino_msgs/include/arduino_msgs/arduino_msgs/action/detail/arduino_task__type_support.cpp
[0.944s] -- Up-to-date: /home/albert/umov_ws/install/arduino_msgs/include/arduino_msgs/arduino_msgs/action/detail/fibonacci__type_support.cpp
[0.944s] -- Up-to-date: /home/albert/umov_ws/install/arduino_msgs/include/arduino_msgs/arduino_msgs/action/detail/fibonacci__rosidl_typesupport_introspection_cpp.hpp
[0.944s] -- Up-to-date: /home/albert/umov_ws/install/arduino_msgs/include/arduino_msgs/arduino_msgs/action/detail/arduino_task__rosidl_typesupport_introspection_cpp.hpp
[0.944s] -- Up-to-date: /home/albert/umov_ws/install/arduino_msgs/include/arduino_msgs/arduino_msgs/srv
[0.944s] -- Up-to-date: /home/albert/umov_ws/install/arduino_msgs/include/arduino_msgs/arduino_msgs/srv/detail
[0.944s] -- Up-to-date: /home/albert/umov_ws/install/arduino_msgs/include/arduino_msgs/arduino_msgs/srv/detail/euler_to_quaternion__rosidl_typesupport_introspection_cpp.hpp
[0.944s] -- Up-to-date: /home/albert/umov_ws/install/arduino_msgs/include/arduino_msgs/arduino_msgs/srv/detail/euler_to_quaternion__type_support.cpp
[0.945s] -- Up-to-date: /home/albert/umov_ws/install/arduino_msgs/include/arduino_msgs/arduino_msgs/srv/detail/add_two_ints__type_support.cpp
[0.945s] -- Up-to-date: /home/albert/umov_ws/install/arduino_msgs/include/arduino_msgs/arduino_msgs/srv/detail/quaternion_to_euler__type_support.cpp
[0.945s] -- Up-to-date: /home/albert/umov_ws/install/arduino_msgs/include/arduino_msgs/arduino_msgs/srv/detail/quaternion_to_euler__rosidl_typesupport_introspection_cpp.hpp
[0.945s] -- Up-to-date: /home/albert/umov_ws/install/arduino_msgs/include/arduino_msgs/arduino_msgs/srv/detail/add_two_ints__rosidl_typesupport_introspection_cpp.hpp
[0.945s] -- Up-to-date: /home/albert/umov_ws/install/arduino_msgs/lib/libarduino_msgs__rosidl_typesupport_introspection_cpp.so
[0.945s] -- Up-to-date: /home/albert/umov_ws/install/arduino_msgs/lib/libarduino_msgs__rosidl_typesupport_cpp.so
[0.945s] -- Up-to-date: /home/albert/umov_ws/install/arduino_msgs/share/arduino_msgs/environment/pythonpath.sh
[0.945s] -- Up-to-date: /home/albert/umov_ws/install/arduino_msgs/share/arduino_msgs/environment/pythonpath.dsv
[0.945s] -- Up-to-date: /home/albert/umov_ws/install/arduino_msgs/local/lib/python3.10/dist-packages/arduino_msgs-0.0.0-py3.10.egg-info
[0.945s] -- Installing: /home/albert/umov_ws/install/arduino_msgs/local/lib/python3.10/dist-packages/arduino_msgs-0.0.0-py3.10.egg-info/SOURCES.txt
[0.945s] -- Installing: /home/albert/umov_ws/install/arduino_msgs/local/lib/python3.10/dist-packages/arduino_msgs-0.0.0-py3.10.egg-info/top_level.txt
[0.946s] -- Installing: /home/albert/umov_ws/install/arduino_msgs/local/lib/python3.10/dist-packages/arduino_msgs-0.0.0-py3.10.egg-info/PKG-INFO
[0.946s] -- Installing: /home/albert/umov_ws/install/arduino_msgs/local/lib/python3.10/dist-packages/arduino_msgs-0.0.0-py3.10.egg-info/dependency_links.txt
[0.946s] -- Up-to-date: /home/albert/umov_ws/install/arduino_msgs/local/lib/python3.10/dist-packages/arduino_msgs
[0.946s] -- Up-to-date: /home/albert/umov_ws/install/arduino_msgs/local/lib/python3.10/dist-packages/arduino_msgs/libarduino_msgs__rosidl_generator_py.so
[0.946s] -- Up-to-date: /home/albert/umov_ws/install/arduino_msgs/local/lib/python3.10/dist-packages/arduino_msgs/__init__.py
[0.946s] -- Up-to-date: /home/albert/umov_ws/install/arduino_msgs/local/lib/python3.10/dist-packages/arduino_msgs/action
[0.946s] -- Up-to-date: /home/albert/umov_ws/install/arduino_msgs/local/lib/python3.10/dist-packages/arduino_msgs/action/__init__.py
[0.946s] -- Up-to-date: /home/albert/umov_ws/install/arduino_msgs/local/lib/python3.10/dist-packages/arduino_msgs/action/_fibonacci_s.c
[0.947s] -- Up-to-date: /home/albert/umov_ws/install/arduino_msgs/local/lib/python3.10/dist-packages/arduino_msgs/action/_arduino_task.py
[0.947s] -- Up-to-date: /home/albert/umov_ws/install/arduino_msgs/local/lib/python3.10/dist-packages/arduino_msgs/action/_arduino_task_s.c
[0.947s] -- Up-to-date: /home/albert/umov_ws/install/arduino_msgs/local/lib/python3.10/dist-packages/arduino_msgs/action/_fibonacci.py
[0.947s] -- Up-to-date: /home/albert/umov_ws/install/arduino_msgs/local/lib/python3.10/dist-packages/arduino_msgs/arduino_msgs_s__rosidl_typesupport_introspection_c.cpython-310-x86_64-linux-gnu.so
[0.947s] -- Up-to-date: /home/albert/umov_ws/install/arduino_msgs/local/lib/python3.10/dist-packages/arduino_msgs/_arduino_msgs_s.ep.rosidl_typesupport_c.c
[0.947s] -- Up-to-date: /home/albert/umov_ws/install/arduino_msgs/local/lib/python3.10/dist-packages/arduino_msgs/arduino_msgs_s__rosidl_typesupport_fastrtps_c.cpython-310-x86_64-linux-gnu.so
[0.947s] -- Up-to-date: /home/albert/umov_ws/install/arduino_msgs/local/lib/python3.10/dist-packages/arduino_msgs/_arduino_msgs_s.ep.rosidl_typesupport_fastrtps_c.c
[0.947s] -- Up-to-date: /home/albert/umov_ws/install/arduino_msgs/local/lib/python3.10/dist-packages/arduino_msgs/arduino_msgs_s__rosidl_typesupport_c.cpython-310-x86_64-linux-gnu.so
[0.948s] -- Up-to-date: /home/albert/umov_ws/install/arduino_msgs/local/lib/python3.10/dist-packages/arduino_msgs/_arduino_msgs_s.ep.rosidl_typesupport_introspection_c.c
[0.948s] -- Up-to-date: /home/albert/umov_ws/install/arduino_msgs/local/lib/python3.10/dist-packages/arduino_msgs/srv
[0.948s] -- Up-to-date: /home/albert/umov_ws/install/arduino_msgs/local/lib/python3.10/dist-packages/arduino_msgs/srv/_quaternion_to_euler_s.c
[0.948s] -- Up-to-date: /home/albert/umov_ws/install/arduino_msgs/local/lib/python3.10/dist-packages/arduino_msgs/srv/_euler_to_quaternion.py
[0.948s] -- Up-to-date: /home/albert/umov_ws/install/arduino_msgs/local/lib/python3.10/dist-packages/arduino_msgs/srv/__init__.py
[0.948s] -- Up-to-date: /home/albert/umov_ws/install/arduino_msgs/local/lib/python3.10/dist-packages/arduino_msgs/srv/_quaternion_to_euler.py
[0.948s] -- Up-to-date: /home/albert/umov_ws/install/arduino_msgs/local/lib/python3.10/dist-packages/arduino_msgs/srv/_add_two_ints_s.c
[0.948s] -- Up-to-date: /home/albert/umov_ws/install/arduino_msgs/local/lib/python3.10/dist-packages/arduino_msgs/srv/_add_two_ints.py
[0.948s] -- Up-to-date: /home/albert/umov_ws/install/arduino_msgs/local/lib/python3.10/dist-packages/arduino_msgs/srv/_euler_to_quaternion_s.c
[1.014s] Listing '/home/albert/umov_ws/install/arduino_msgs/local/lib/python3.10/dist-packages/arduino_msgs'...
[1.015s] Listing '/home/albert/umov_ws/install/arduino_msgs/local/lib/python3.10/dist-packages/arduino_msgs/action'...
[1.015s] Listing '/home/albert/umov_ws/install/arduino_msgs/local/lib/python3.10/dist-packages/arduino_msgs/srv'...
[1.021s] -- Up-to-date: /home/albert/umov_ws/install/arduino_msgs/local/lib/python3.10/dist-packages/arduino_msgs/arduino_msgs_s__rosidl_typesupport_fastrtps_c.cpython-310-x86_64-linux-gnu.so
[1.022s] -- Up-to-date: /home/albert/umov_ws/install/arduino_msgs/local/lib/python3.10/dist-packages/arduino_msgs/arduino_msgs_s__rosidl_typesupport_introspection_c.cpython-310-x86_64-linux-gnu.so
[1.023s] -- Up-to-date: /home/albert/umov_ws/install/arduino_msgs/local/lib/python3.10/dist-packages/arduino_msgs/arduino_msgs_s__rosidl_typesupport_c.cpython-310-x86_64-linux-gnu.so
[1.024s] -- Up-to-date: /home/albert/umov_ws/install/arduino_msgs/lib/libarduino_msgs__rosidl_generator_py.so
[1.024s] -- Up-to-date: /home/albert/umov_ws/install/arduino_msgs/share/arduino_msgs/srv/AddTwoInts.idl
[1.025s] -- Up-to-date: /home/albert/umov_ws/install/arduino_msgs/share/arduino_msgs/srv/EulerToQuaternion.idl
[1.025s] -- Up-to-date: /home/albert/umov_ws/install/arduino_msgs/share/arduino_msgs/srv/QuaternionToEuler.idl
[1.025s] -- Up-to-date: /home/albert/umov_ws/install/arduino_msgs/share/arduino_msgs/action/Fibonacci.idl
[1.026s] -- Up-to-date: /home/albert/umov_ws/install/arduino_msgs/share/arduino_msgs/action/ArduinoTask.idl
[1.026s] -- Up-to-date: /home/albert/umov_ws/install/arduino_msgs/share/arduino_msgs/srv/AddTwoInts.srv
[1.027s] -- Up-to-date: /home/albert/umov_ws/install/arduino_msgs/share/arduino_msgs/srv/AddTwoInts_Request.msg
[1.027s] -- Up-to-date: /home/albert/umov_ws/install/arduino_msgs/share/arduino_msgs/srv/AddTwoInts_Response.msg
[1.027s] -- Up-to-date: /home/albert/umov_ws/install/arduino_msgs/share/arduino_msgs/srv/EulerToQuaternion.srv
[1.027s] -- Up-to-date: /home/albert/umov_ws/install/arduino_msgs/share/arduino_msgs/srv/EulerToQuaternion_Request.msg
[1.028s] -- Up-to-date: /home/albert/umov_ws/install/arduino_msgs/share/arduino_msgs/srv/EulerToQuaternion_Response.msg
[1.028s] -- Up-to-date: /home/albert/umov_ws/install/arduino_msgs/share/arduino_msgs/srv/QuaternionToEuler.srv
[1.028s] -- Up-to-date: /home/albert/umov_ws/install/arduino_msgs/share/arduino_msgs/srv/QuaternionToEuler_Request.msg
[1.029s] -- Up-to-date: /home/albert/umov_ws/install/arduino_msgs/share/arduino_msgs/srv/QuaternionToEuler_Response.msg
[1.029s] -- Up-to-date: /home/albert/umov_ws/install/arduino_msgs/share/arduino_msgs/action/Fibonacci.action
[1.030s] -- Up-to-date: /home/albert/umov_ws/install/arduino_msgs/share/arduino_msgs/action/ArduinoTask.action
[1.032s] -- Up-to-date: /home/albert/umov_ws/install/arduino_msgs/share/ament_index/resource_index/package_run_dependencies/arduino_msgs
[1.033s] -- Up-to-date: /home/albert/umov_ws/install/arduino_msgs/share/ament_index/resource_index/parent_prefix_path/arduino_msgs
[1.033s] -- Up-to-date: /home/albert/umov_ws/install/arduino_msgs/share/arduino_msgs/environment/ament_prefix_path.sh
[1.034s] -- Up-to-date: /home/albert/umov_ws/install/arduino_msgs/share/arduino_msgs/environment/ament_prefix_path.dsv
[1.034s] -- Up-to-date: /home/albert/umov_ws/install/arduino_msgs/share/arduino_msgs/environment/path.sh
[1.035s] -- Up-to-date: /home/albert/umov_ws/install/arduino_msgs/share/arduino_msgs/environment/path.dsv
[1.035s] -- Up-to-date: /home/albert/umov_ws/install/arduino_msgs/share/arduino_msgs/local_setup.bash
[1.036s] -- Up-to-date: /home/albert/umov_ws/install/arduino_msgs/share/arduino_msgs/local_setup.sh
[1.037s] -- Up-to-date: /home/albert/umov_ws/install/arduino_msgs/share/arduino_msgs/local_setup.zsh
[1.037s] -- Up-to-date: /home/albert/umov_ws/install/arduino_msgs/share/arduino_msgs/local_setup.dsv
[1.037s] -- Installing: /home/albert/umov_ws/install/arduino_msgs/share/arduino_msgs/package.dsv
[1.037s] -- Up-to-date: /home/albert/umov_ws/install/arduino_msgs/share/ament_index/resource_index/packages/arduino_msgs
[1.037s] -- Up-to-date: /home/albert/umov_ws/install/arduino_msgs/share/arduino_msgs/cmake/export_arduino_msgs__rosidl_generator_cExport.cmake
[1.040s] -- Up-to-date: /home/albert/umov_ws/install/arduino_msgs/share/arduino_msgs/cmake/export_arduino_msgs__rosidl_generator_cExport-noconfig.cmake
[1.040s] -- Up-to-date: /home/albert/umov_ws/install/arduino_msgs/share/arduino_msgs/cmake/export_arduino_msgs__rosidl_typesupport_fastrtps_cExport.cmake
[1.041s] -- Up-to-date: /home/albert/umov_ws/install/arduino_msgs/share/arduino_msgs/cmake/export_arduino_msgs__rosidl_typesupport_fastrtps_cExport-noconfig.cmake
[1.041s] -- Up-to-date: /home/albert/umov_ws/install/arduino_msgs/share/arduino_msgs/cmake/export_arduino_msgs__rosidl_generator_cppExport.cmake
[1.042s] -- Up-to-date: /home/albert/umov_ws/install/arduino_msgs/share/arduino_msgs/cmake/export_arduino_msgs__rosidl_typesupport_fastrtps_cppExport.cmake
[1.042s] -- Up-to-date: /home/albert/umov_ws/install/arduino_msgs/share/arduino_msgs/cmake/export_arduino_msgs__rosidl_typesupport_fastrtps_cppExport-noconfig.cmake
[1.042s] -- Up-to-date: /home/albert/umov_ws/install/arduino_msgs/share/arduino_msgs/cmake/arduino_msgs__rosidl_typesupport_introspection_cExport.cmake
[1.043s] -- Up-to-date: /home/albert/umov_ws/install/arduino_msgs/share/arduino_msgs/cmake/arduino_msgs__rosidl_typesupport_introspection_cExport-noconfig.cmake
[1.043s] -- Up-to-date: /home/albert/umov_ws/install/arduino_msgs/share/arduino_msgs/cmake/arduino_msgs__rosidl_typesupport_cExport.cmake
[1.044s] -- Up-to-date: /home/albert/umov_ws/install/arduino_msgs/share/arduino_msgs/cmake/arduino_msgs__rosidl_typesupport_cExport-noconfig.cmake
[1.044s] -- Up-to-date: /home/albert/umov_ws/install/arduino_msgs/share/arduino_msgs/cmake/arduino_msgs__rosidl_typesupport_introspection_cppExport.cmake
[1.044s] -- Up-to-date: /home/albert/umov_ws/install/arduino_msgs/share/arduino_msgs/cmake/arduino_msgs__rosidl_typesupport_introspection_cppExport-noconfig.cmake
[1.046s] -- Up-to-date: /home/albert/umov_ws/install/arduino_msgs/share/arduino_msgs/cmake/arduino_msgs__rosidl_typesupport_cppExport.cmake
[1.046s] -- Up-to-date: /home/albert/umov_ws/install/arduino_msgs/share/arduino_msgs/cmake/arduino_msgs__rosidl_typesupport_cppExport-noconfig.cmake
[1.046s] -- Up-to-date: /home/albert/umov_ws/install/arduino_msgs/share/arduino_msgs/cmake/export_arduino_msgs__rosidl_generator_pyExport.cmake
[1.046s] -- Up-to-date: /home/albert/umov_ws/install/arduino_msgs/share/arduino_msgs/cmake/export_arduino_msgs__rosidl_generator_pyExport-noconfig.cmake
[1.047s] -- Up-to-date: /home/albert/umov_ws/install/arduino_msgs/share/arduino_msgs/cmake/rosidl_cmake-extras.cmake
[1.047s] -- Up-to-date: /home/albert/umov_ws/install/arduino_msgs/share/arduino_msgs/cmake/ament_cmake_export_dependencies-extras.cmake
[1.048s] -- Up-to-date: /home/albert/umov_ws/install/arduino_msgs/share/arduino_msgs/cmake/ament_cmake_export_include_directories-extras.cmake
[1.048s] -- Up-to-date: /home/albert/umov_ws/install/arduino_msgs/share/arduino_msgs/cmake/ament_cmake_export_libraries-extras.cmake
[1.050s] -- Up-to-date: /home/albert/umov_ws/install/arduino_msgs/share/arduino_msgs/cmake/ament_cmake_export_targets-extras.cmake
[1.050s] -- Up-to-date: /home/albert/umov_ws/install/arduino_msgs/share/arduino_msgs/cmake/rosidl_cmake_export_typesupport_targets-extras.cmake
[1.050s] -- Up-to-date: /home/albert/umov_ws/install/arduino_msgs/share/arduino_msgs/cmake/rosidl_cmake_export_typesupport_libraries-extras.cmake
[1.051s] -- Up-to-date: /home/albert/umov_ws/install/arduino_msgs/share/arduino_msgs/cmake/arduino_msgsConfig.cmake
[1.051s] -- Up-to-date: /home/albert/umov_ws/install/arduino_msgs/share/arduino_msgs/cmake/arduino_msgsConfig-version.cmake
[1.051s] -- Up-to-date: /home/albert/umov_ws/install/arduino_msgs/share/arduino_msgs/package.xml
[1.066s] Invoked command in '/home/albert/umov_ws/build/arduino_msgs' returned '0': CMAKE_PREFIX_PATH=${CMAKE_PREFIX_PATH}:/home/albert/ws_moveit2/install/moveit_configs_utils:/home/albert/ws_moveit2/install/launch_param_builder:/home/albert/umov_ws/install/arduino_py_examples:/home/albert/udem2_ws/install/actions_py:/home/albert/udem2_ws/install/lifecycle_py:/home/albert/udem2_ws/install/executors_py:/home/albert/udem2_ws/install/components_py:/home/albert/udem_ws/install/turtlesim_catcher:/home/albert/udem_ws/install/my_py_pkg:/home/albert/udem_ws/install/lifecycle_py:/home/albert/bcdc_ws/install/agbot_teleop:/home/albert/bcdc_ws/install/agbot_py:/home/albert/arduinobot_ws/install/arduinobot_py_examples:/opt/ros/humble /home/albert/.local/bin/cmake --install /home/albert/umov_ws/build/arduino_msgs
