[0.073s] Invoking command in '/home/albert/umov_ws/build/arduinobot_firmware': CMAKE_PREFIX_PATH=${CMAKE_PREFIX_PATH}:/home/albert/ws_moveit2/install/moveit_configs_utils:/home/albert/ws_moveit2/install/launch_param_builder:/home/albert/umov_ws/install/arduino_py_examples:/home/albert/udem2_ws/install/actions_py:/home/albert/udem2_ws/install/lifecycle_py:/home/albert/udem2_ws/install/executors_py:/home/albert/udem2_ws/install/components_py:/home/albert/udem_ws/install/turtlesim_catcher:/home/albert/udem_ws/install/my_py_pkg:/home/albert/udem_ws/install/lifecycle_py:/home/albert/bcdc_ws/install/agbot_teleop:/home/albert/bcdc_ws/install/agbot_py:/home/albert/arduinobot_ws/install/arduinobot_py_examples:/opt/ros/humble /home/albert/.local/bin/cmake /home/albert/umov_ws/src/arduinobot_firmware -DCMAKE_INSTALL_PREFIX=/home/albert/umov_ws/install/arduinobot_firmware
[0.211s] -- The C compiler identification is GNU 11.4.0
[0.333s] -- The CXX compiler identification is GNU 11.4.0
[0.360s] -- Detecting C compiler ABI info
[0.512s] -- Detecting C compiler ABI info - done
[0.584s] -- Check for working C compiler: /usr/bin/cc - skipped
[0.584s] -- Detecting C compile features
[0.584s] -- Detecting C compile features - done
[0.594s] -- Detecting CXX compiler ABI info
[0.805s] -- Detecting CXX compiler ABI info - done
[0.861s] -- Check for working CXX compiler: /usr/bin/c++ - skipped
[0.862s] -- Detecting CXX compile features
[0.866s] -- Detecting CXX compile features - done
[0.885s] -- Found ament_cmake: 1.3.11 (/opt/ros/humble/share/ament_cmake/cmake)
[1.388s] -- Found Python3: /usr/bin/python3 (found version "3.10.12") found components: Interpreter
[1.937s] -- Found rclpy: 3.3.15 (/opt/ros/humble/share/rclpy/cmake)
[1.960s] -- Found rclcpp: 16.0.11 (/opt/ros/humble/share/rclcpp/cmake)
[2.304s] -- Found rosidl_generator_c: 3.1.6 (/opt/ros/humble/share/rosidl_generator_c/cmake)
[2.363s] -- Found rosidl_adapter: 3.1.6 (/opt/ros/humble/share/rosidl_adapter/cmake)
[2.436s] -- Found rosidl_generator_cpp: 3.1.6 (/opt/ros/humble/share/rosidl_generator_cpp/cmake)
[2.531s] -- Using all available rosidl_typesupport_c: rosidl_typesupport_fastrtps_c;rosidl_typesupport_introspection_c
[2.634s] -- Using all available rosidl_typesupport_cpp: rosidl_typesupport_fastrtps_cpp;rosidl_typesupport_introspection_cpp
[2.947s] -- Found rmw_implementation_cmake: 6.1.2 (/opt/ros/humble/share/rmw_implementation_cmake/cmake)
[2.989s] -- Found rmw_cyclonedds_cpp: 1.3.4 (/opt/ros/humble/share/rmw_cyclonedds_cpp/cmake)
[3.171s] -- Using RMW implementation 'rmw_cyclonedds_cpp' as default
[3.237s] -- Performing Test CMAKE_HAVE_LIBC_PTHREAD
[3.407s] -- Performing Test CMAKE_HAVE_LIBC_PTHREAD - Success
[3.409s] -- Found Threads: TRUE
[3.643s] -- Found PkgConfig: /usr/bin/pkg-config (found version "0.29.2")
[3.645s] -- Checking for module 'libserial'
[3.697s] --   Found libserial, version 1.0.0
[4.043s] -- Found ament_lint_auto: 0.12.11 (/opt/ros/humble/share/ament_lint_auto/cmake)
[4.338s] -- Added test 'cppcheck' to perform static code analysis on C / C++ code
[4.338s] -- Configured cppcheck include dirs: 
[4.338s] -- Configured cppcheck exclude dirs and/or files: 
[4.344s] -- Added test 'flake8' to check Python code syntax and style conventions
[4.352s] -- Added test 'lint_cmake' to check CMake code style
[4.357s] -- Added test 'pep257' to check Python code against some of the docstring style conventions in PEP 257
[4.364s] -- Added test 'uncrustify' to check C / C++ code style
[4.364s] -- Configured uncrustify additional arguments: 
[4.371s] -- Added test 'xmllint' to check XML markup files
[4.383s] -- Configuring done (4.3s)
[4.408s] -- Generating done (0.0s)
[4.418s] -- Build files have been written to: /home/albert/umov_ws/build/arduinobot_firmware
[4.435s] Invoked command in '/home/albert/umov_ws/build/arduinobot_firmware' returned '0': CMAKE_PREFIX_PATH=${CMAKE_PREFIX_PATH}:/home/albert/ws_moveit2/install/moveit_configs_utils:/home/albert/ws_moveit2/install/launch_param_builder:/home/albert/umov_ws/install/arduino_py_examples:/home/albert/udem2_ws/install/actions_py:/home/albert/udem2_ws/install/lifecycle_py:/home/albert/udem2_ws/install/executors_py:/home/albert/udem2_ws/install/components_py:/home/albert/udem_ws/install/turtlesim_catcher:/home/albert/udem_ws/install/my_py_pkg:/home/albert/udem_ws/install/lifecycle_py:/home/albert/bcdc_ws/install/agbot_teleop:/home/albert/bcdc_ws/install/agbot_py:/home/albert/arduinobot_ws/install/arduinobot_py_examples:/opt/ros/humble /home/albert/.local/bin/cmake /home/albert/umov_ws/src/arduinobot_firmware -DCMAKE_INSTALL_PREFIX=/home/albert/umov_ws/install/arduinobot_firmware
[4.442s] Invoking command in '/home/albert/umov_ws/build/arduinobot_firmware': CMAKE_PREFIX_PATH=${CMAKE_PREFIX_PATH}:/home/albert/ws_moveit2/install/moveit_configs_utils:/home/albert/ws_moveit2/install/launch_param_builder:/home/albert/umov_ws/install/arduino_py_examples:/home/albert/udem2_ws/install/actions_py:/home/albert/udem2_ws/install/lifecycle_py:/home/albert/udem2_ws/install/executors_py:/home/albert/udem2_ws/install/components_py:/home/albert/udem_ws/install/turtlesim_catcher:/home/albert/udem_ws/install/my_py_pkg:/home/albert/udem_ws/install/lifecycle_py:/home/albert/bcdc_ws/install/agbot_teleop:/home/albert/bcdc_ws/install/agbot_py:/home/albert/arduinobot_ws/install/arduinobot_py_examples:/opt/ros/humble /home/albert/.local/bin/cmake --build /home/albert/umov_ws/build/arduinobot_firmware -- -j8 -l8
[4.569s] [ 25%] [32mBuilding CXX object CMakeFiles/simple_serial_receiver.dir/src/simple_serial_receiver.cpp.o[0m
[4.572s] [ 25%] Built target ament_cmake_python_copy_arduinobot_firmware
[4.576s] [ 50%] [32mBuilding CXX object CMakeFiles/simple_serial_transmitter.dir/src/simple_serial_transmitter.cpp.o[0m
[5.466s] running egg_info
[5.468s] creating arduinobot_firmware.egg-info
[5.469s] writing arduinobot_firmware.egg-info/PKG-INFO
[5.470s] writing dependency_links to arduinobot_firmware.egg-info/dependency_links.txt
[5.473s] writing top-level names to arduinobot_firmware.egg-info/top_level.txt
[5.473s] writing manifest file 'arduinobot_firmware.egg-info/SOURCES.txt'
[5.479s] reading manifest file 'arduinobot_firmware.egg-info/SOURCES.txt'
[5.484s] writing manifest file 'arduinobot_firmware.egg-info/SOURCES.txt'
[5.558s] [ 50%] Built target ament_cmake_python_build_arduinobot_firmware_egg
[15.632s] [ 75%] [32m[1mLinking CXX executable simple_serial_receiver[0m
[16.427s] [ 75%] Built target simple_serial_receiver
[21.090s] [100%] [32m[1mLinking CXX executable simple_serial_transmitter[0m
[21.873s] [100%] Built target simple_serial_transmitter
[22.750s] Invoked command in '/home/albert/umov_ws/build/arduinobot_firmware' returned '0': CMAKE_PREFIX_PATH=${CMAKE_PREFIX_PATH}:/home/albert/ws_moveit2/install/moveit_configs_utils:/home/albert/ws_moveit2/install/launch_param_builder:/home/albert/umov_ws/install/arduino_py_examples:/home/albert/udem2_ws/install/actions_py:/home/albert/udem2_ws/install/lifecycle_py:/home/albert/udem2_ws/install/executors_py:/home/albert/udem2_ws/install/components_py:/home/albert/udem_ws/install/turtlesim_catcher:/home/albert/udem_ws/install/my_py_pkg:/home/albert/udem_ws/install/lifecycle_py:/home/albert/bcdc_ws/install/agbot_teleop:/home/albert/bcdc_ws/install/agbot_py:/home/albert/arduinobot_ws/install/arduinobot_py_examples:/opt/ros/humble /home/albert/.local/bin/cmake --build /home/albert/umov_ws/build/arduinobot_firmware -- -j8 -l8
[22.753s] Invoking command in '/home/albert/umov_ws/build/arduinobot_firmware': CMAKE_PREFIX_PATH=${CMAKE_PREFIX_PATH}:/home/albert/ws_moveit2/install/moveit_configs_utils:/home/albert/ws_moveit2/install/launch_param_builder:/home/albert/umov_ws/install/arduino_py_examples:/home/albert/udem2_ws/install/actions_py:/home/albert/udem2_ws/install/lifecycle_py:/home/albert/udem2_ws/install/executors_py:/home/albert/udem2_ws/install/components_py:/home/albert/udem_ws/install/turtlesim_catcher:/home/albert/udem_ws/install/my_py_pkg:/home/albert/udem_ws/install/lifecycle_py:/home/albert/bcdc_ws/install/agbot_teleop:/home/albert/bcdc_ws/install/agbot_py:/home/albert/arduinobot_ws/install/arduinobot_py_examples:/opt/ros/humble /home/albert/.local/bin/cmake --install /home/albert/umov_ws/build/arduinobot_firmware
[22.756s] -- Install configuration: ""
[22.759s] -- Installing: /home/albert/umov_ws/install/arduinobot_firmware/share/arduinobot_firmware/environment/pythonpath.sh
[22.760s] -- Installing: /home/albert/umov_ws/install/arduinobot_firmware/share/arduinobot_firmware/environment/pythonpath.dsv
[22.760s] -- Installing: /home/albert/umov_ws/install/arduinobot_firmware/local/lib/python3.10/dist-packages/arduinobot_firmware-0.0.0-py3.10.egg-info
[22.760s] -- Installing: /home/albert/umov_ws/install/arduinobot_firmware/local/lib/python3.10/dist-packages/arduinobot_firmware-0.0.0-py3.10.egg-info/SOURCES.txt
[22.760s] -- Installing: /home/albert/umov_ws/install/arduinobot_firmware/local/lib/python3.10/dist-packages/arduinobot_firmware-0.0.0-py3.10.egg-info/top_level.txt
[22.760s] -- Installing: /home/albert/umov_ws/install/arduinobot_firmware/local/lib/python3.10/dist-packages/arduinobot_firmware-0.0.0-py3.10.egg-info/PKG-INFO
[22.761s] -- Installing: /home/albert/umov_ws/install/arduinobot_firmware/local/lib/python3.10/dist-packages/arduinobot_firmware-0.0.0-py3.10.egg-info/dependency_links.txt
[22.761s] -- Installing: /home/albert/umov_ws/install/arduinobot_firmware/local/lib/python3.10/dist-packages/arduinobot_firmware
[22.761s] -- Installing: /home/albert/umov_ws/install/arduinobot_firmware/local/lib/python3.10/dist-packages/arduinobot_firmware/simple_serial_receiver.py
[22.761s] -- Installing: /home/albert/umov_ws/install/arduinobot_firmware/local/lib/python3.10/dist-packages/arduinobot_firmware/__init__.py
[22.761s] -- Installing: /home/albert/umov_ws/install/arduinobot_firmware/local/lib/python3.10/dist-packages/arduinobot_firmware/simple_serial_transmitter.py
[22.762s] -- Installing: /home/albert/umov_ws/install/arduinobot_firmware/local/lib/python3.10/dist-packages/arduinobot_firmware/simple_serial_receiver
[22.762s] -- Installing: /home/albert/umov_ws/install/arduinobot_firmware/local/lib/python3.10/dist-packages/arduinobot_firmware/simple_serial_receiver/simple_serial_receiver.ino
[22.880s] Listing '/home/albert/umov_ws/install/arduinobot_firmware/local/lib/python3.10/dist-packages/arduinobot_firmware'...
[22.880s] Compiling '/home/albert/umov_ws/install/arduinobot_firmware/local/lib/python3.10/dist-packages/arduinobot_firmware/__init__.py'...
[22.880s] Listing '/home/albert/umov_ws/install/arduinobot_firmware/local/lib/python3.10/dist-packages/arduinobot_firmware/simple_serial_receiver'...
[22.880s] Compiling '/home/albert/umov_ws/install/arduinobot_firmware/local/lib/python3.10/dist-packages/arduinobot_firmware/simple_serial_receiver.py'...
[22.881s] Compiling '/home/albert/umov_ws/install/arduinobot_firmware/local/lib/python3.10/dist-packages/arduinobot_firmware/simple_serial_transmitter.py'...
[22.891s] -- Installing: /home/albert/umov_ws/install/arduinobot_firmware/lib/arduinobot_firmware/simple_serial_transmitter
[22.896s] -- Set non-toolchain portion of runtime path of "/home/albert/umov_ws/install/arduinobot_firmware/lib/arduinobot_firmware/simple_serial_transmitter" to ""
[22.896s] -- Installing: /home/albert/umov_ws/install/arduinobot_firmware/lib/arduinobot_firmware/simple_serial_receiver
[22.899s] -- Set non-toolchain portion of runtime path of "/home/albert/umov_ws/install/arduinobot_firmware/lib/arduinobot_firmware/simple_serial_receiver" to ""
[22.899s] -- Installing: /home/albert/umov_ws/install/arduinobot_firmware/lib/arduinobot_firmware/simple_serial_transmitter.py
[22.899s] -- Installing: /home/albert/umov_ws/install/arduinobot_firmware/lib/arduinobot_firmware/simple_serial_receiver.py
[22.900s] -- Installing: /home/albert/umov_ws/install/arduinobot_firmware/share/ament_index/resource_index/package_run_dependencies/arduinobot_firmware
[22.902s] -- Installing: /home/albert/umov_ws/install/arduinobot_firmware/share/ament_index/resource_index/parent_prefix_path/arduinobot_firmware
[22.902s] -- Installing: /home/albert/umov_ws/install/arduinobot_firmware/share/arduinobot_firmware/environment/ament_prefix_path.sh
[22.902s] -- Installing: /home/albert/umov_ws/install/arduinobot_firmware/share/arduinobot_firmware/environment/ament_prefix_path.dsv
[22.903s] -- Installing: /home/albert/umov_ws/install/arduinobot_firmware/share/arduinobot_firmware/environment/path.sh
[22.904s] -- Installing: /home/albert/umov_ws/install/arduinobot_firmware/share/arduinobot_firmware/environment/path.dsv
[22.904s] -- Installing: /home/albert/umov_ws/install/arduinobot_firmware/share/arduinobot_firmware/local_setup.bash
[22.904s] -- Installing: /home/albert/umov_ws/install/arduinobot_firmware/share/arduinobot_firmware/local_setup.sh
[22.905s] -- Installing: /home/albert/umov_ws/install/arduinobot_firmware/share/arduinobot_firmware/local_setup.zsh
[22.905s] -- Installing: /home/albert/umov_ws/install/arduinobot_firmware/share/arduinobot_firmware/local_setup.dsv
[22.906s] -- Installing: /home/albert/umov_ws/install/arduinobot_firmware/share/arduinobot_firmware/package.dsv
[22.906s] -- Installing: /home/albert/umov_ws/install/arduinobot_firmware/share/ament_index/resource_index/packages/arduinobot_firmware
[22.906s] -- Installing: /home/albert/umov_ws/install/arduinobot_firmware/share/arduinobot_firmware/cmake/arduinobot_firmwareConfig.cmake
[22.909s] -- Installing: /home/albert/umov_ws/install/arduinobot_firmware/share/arduinobot_firmware/cmake/arduinobot_firmwareConfig-version.cmake
[22.913s] -- Installing: /home/albert/umov_ws/install/arduinobot_firmware/share/arduinobot_firmware/package.xml
[22.915s] Invoked command in '/home/albert/umov_ws/build/arduinobot_firmware' returned '0': CMAKE_PREFIX_PATH=${CMAKE_PREFIX_PATH}:/home/albert/ws_moveit2/install/moveit_configs_utils:/home/albert/ws_moveit2/install/launch_param_builder:/home/albert/umov_ws/install/arduino_py_examples:/home/albert/udem2_ws/install/actions_py:/home/albert/udem2_ws/install/lifecycle_py:/home/albert/udem2_ws/install/executors_py:/home/albert/udem2_ws/install/components_py:/home/albert/udem_ws/install/turtlesim_catcher:/home/albert/udem_ws/install/my_py_pkg:/home/albert/udem_ws/install/lifecycle_py:/home/albert/bcdc_ws/install/agbot_teleop:/home/albert/bcdc_ws/install/agbot_py:/home/albert/arduinobot_ws/install/arduinobot_py_examples:/opt/ros/humble /home/albert/.local/bin/cmake --install /home/albert/umov_ws/build/arduinobot_firmware
