[0.101s] Invoking command in '/home/albert/umov_ws/build/arduinobot_bringup': CMAKE_PREFIX_PATH=${CMAKE_PREFIX_PATH}:/home/albert/ws_moveit2/install/moveit_configs_utils:/home/albert/ws_moveit2/install/launch_param_builder:/home/albert/umov_ws/install/arduino_py_examples:/home/albert/udem2_ws/install/actions_py:/home/albert/udem2_ws/install/lifecycle_py:/home/albert/udem2_ws/install/executors_py:/home/albert/udem2_ws/install/components_py:/home/albert/udem_ws/install/turtlesim_catcher:/home/albert/udem_ws/install/my_py_pkg:/home/albert/udem_ws/install/lifecycle_py:/home/albert/bcdc_ws/install/agbot_teleop:/home/albert/bcdc_ws/install/agbot_py:/home/albert/arduinobot_ws/install/arduinobot_py_examples:/opt/ros/humble /home/albert/.local/bin/cmake /home/albert/umov_ws/src/arduinobot_bringup -DCMAKE_INSTALL_PREFIX=/home/albert/umov_ws/install/arduinobot_bringup
[0.282s] -- The C compiler identification is GNU 11.4.0
[0.461s] -- The CXX compiler identification is GNU 11.4.0
[0.497s] -- Detecting C compiler ABI info
[0.764s] -- Detecting C compiler ABI info - done
[0.834s] -- Check for working C compiler: /usr/bin/cc - skipped
[0.835s] -- Detecting C compile features
[0.837s] -- Detecting C compile features - done
[0.851s] -- Detecting CXX compiler ABI info
[1.181s] -- Detecting CXX compiler ABI info - done
[1.261s] -- Check for working CXX compiler: /usr/bin/c++ - skipped
[1.262s] -- Detecting CXX compile features
[1.267s] -- Detecting CXX compile features - done
[1.301s] -- Found ament_cmake: 1.3.11 (/opt/ros/humble/share/ament_cmake/cmake)
[1.991s] -- Found Python3: /usr/bin/python3 (found version "3.10.12") found components: Interpreter
[2.829s] -- Found ament_lint_auto: 0.12.11 (/opt/ros/humble/share/ament_lint_auto/cmake)
[3.358s] -- Added test 'flake8' to check Python code syntax and style conventions
[3.368s] -- Added test 'lint_cmake' to check CMake code style
[3.379s] -- Added test 'pep257' to check Python code against some of the docstring style conventions in PEP 257
[3.394s] -- Added test 'xmllint' to check XML markup files
[3.415s] -- Configuring done (3.3s)
[3.426s] -- Generating done (0.0s)
[3.431s] -- Build files have been written to: /home/albert/umov_ws/build/arduinobot_bringup
[3.455s] Invoked command in '/home/albert/umov_ws/build/arduinobot_bringup' returned '0': CMAKE_PREFIX_PATH=${CMAKE_PREFIX_PATH}:/home/albert/ws_moveit2/install/moveit_configs_utils:/home/albert/ws_moveit2/install/launch_param_builder:/home/albert/umov_ws/install/arduino_py_examples:/home/albert/udem2_ws/install/actions_py:/home/albert/udem2_ws/install/lifecycle_py:/home/albert/udem2_ws/install/executors_py:/home/albert/udem2_ws/install/components_py:/home/albert/udem_ws/install/turtlesim_catcher:/home/albert/udem_ws/install/my_py_pkg:/home/albert/udem_ws/install/lifecycle_py:/home/albert/bcdc_ws/install/agbot_teleop:/home/albert/bcdc_ws/install/agbot_py:/home/albert/arduinobot_ws/install/arduinobot_py_examples:/opt/ros/humble /home/albert/.local/bin/cmake /home/albert/umov_ws/src/arduinobot_bringup -DCMAKE_INSTALL_PREFIX=/home/albert/umov_ws/install/arduinobot_bringup
[3.457s] Invoking command in '/home/albert/umov_ws/build/arduinobot_bringup': CMAKE_PREFIX_PATH=${CMAKE_PREFIX_PATH}:/home/albert/ws_moveit2/install/moveit_configs_utils:/home/albert/ws_moveit2/install/launch_param_builder:/home/albert/umov_ws/install/arduino_py_examples:/home/albert/udem2_ws/install/actions_py:/home/albert/udem2_ws/install/lifecycle_py:/home/albert/udem2_ws/install/executors_py:/home/albert/udem2_ws/install/components_py:/home/albert/udem_ws/install/turtlesim_catcher:/home/albert/udem_ws/install/my_py_pkg:/home/albert/udem_ws/install/lifecycle_py:/home/albert/bcdc_ws/install/agbot_teleop:/home/albert/bcdc_ws/install/agbot_py:/home/albert/arduinobot_ws/install/arduinobot_py_examples:/opt/ros/humble /home/albert/.local/bin/cmake --build /home/albert/umov_ws/build/arduinobot_bringup -- -j8 -l8
[3.570s] Invoked command in '/home/albert/umov_ws/build/arduinobot_bringup' returned '0': CMAKE_PREFIX_PATH=${CMAKE_PREFIX_PATH}:/home/albert/ws_moveit2/install/moveit_configs_utils:/home/albert/ws_moveit2/install/launch_param_builder:/home/albert/umov_ws/install/arduino_py_examples:/home/albert/udem2_ws/install/actions_py:/home/albert/udem2_ws/install/lifecycle_py:/home/albert/udem2_ws/install/executors_py:/home/albert/udem2_ws/install/components_py:/home/albert/udem_ws/install/turtlesim_catcher:/home/albert/udem_ws/install/my_py_pkg:/home/albert/udem_ws/install/lifecycle_py:/home/albert/bcdc_ws/install/agbot_teleop:/home/albert/bcdc_ws/install/agbot_py:/home/albert/arduinobot_ws/install/arduinobot_py_examples:/opt/ros/humble /home/albert/.local/bin/cmake --build /home/albert/umov_ws/build/arduinobot_bringup -- -j8 -l8
[3.588s] Invoking command in '/home/albert/umov_ws/build/arduinobot_bringup': CMAKE_PREFIX_PATH=${CMAKE_PREFIX_PATH}:/home/albert/ws_moveit2/install/moveit_configs_utils:/home/albert/ws_moveit2/install/launch_param_builder:/home/albert/umov_ws/install/arduino_py_examples:/home/albert/udem2_ws/install/actions_py:/home/albert/udem2_ws/install/lifecycle_py:/home/albert/udem2_ws/install/executors_py:/home/albert/udem2_ws/install/components_py:/home/albert/udem_ws/install/turtlesim_catcher:/home/albert/udem_ws/install/my_py_pkg:/home/albert/udem_ws/install/lifecycle_py:/home/albert/bcdc_ws/install/agbot_teleop:/home/albert/bcdc_ws/install/agbot_py:/home/albert/arduinobot_ws/install/arduinobot_py_examples:/opt/ros/humble /home/albert/.local/bin/cmake --install /home/albert/umov_ws/build/arduinobot_bringup
[3.607s] -- Install configuration: ""
[3.607s] -- Installing: /home/albert/umov_ws/install/arduinobot_bringup/share/arduinobot_bringup/launch
[3.608s] -- Installing: /home/albert/umov_ws/install/arduinobot_bringup/share/arduinobot_bringup/launch/real_robot.launch.py
[3.608s] -- Installing: /home/albert/umov_ws/install/arduinobot_bringup/share/arduinobot_bringup/launch/simulated_robot.launch.py
[3.609s] -- Installing: /home/albert/umov_ws/install/arduinobot_bringup/share/ament_index/resource_index/package_run_dependencies/arduinobot_bringup
[3.610s] -- Installing: /home/albert/umov_ws/install/arduinobot_bringup/share/ament_index/resource_index/parent_prefix_path/arduinobot_bringup
[3.613s] -- Installing: /home/albert/umov_ws/install/arduinobot_bringup/share/arduinobot_bringup/environment/ament_prefix_path.sh
[3.614s] -- Installing: /home/albert/umov_ws/install/arduinobot_bringup/share/arduinobot_bringup/environment/ament_prefix_path.dsv
[3.614s] -- Installing: /home/albert/umov_ws/install/arduinobot_bringup/share/arduinobot_bringup/environment/path.sh
[3.614s] -- Installing: /home/albert/umov_ws/install/arduinobot_bringup/share/arduinobot_bringup/environment/path.dsv
[3.615s] -- Installing: /home/albert/umov_ws/install/arduinobot_bringup/share/arduinobot_bringup/local_setup.bash
[3.615s] -- Installing: /home/albert/umov_ws/install/arduinobot_bringup/share/arduinobot_bringup/local_setup.sh
[3.615s] -- Installing: /home/albert/umov_ws/install/arduinobot_bringup/share/arduinobot_bringup/local_setup.zsh
[3.615s] -- Installing: /home/albert/umov_ws/install/arduinobot_bringup/share/arduinobot_bringup/local_setup.dsv
[3.616s] -- Installing: /home/albert/umov_ws/install/arduinobot_bringup/share/arduinobot_bringup/package.dsv
[3.616s] -- Installing: /home/albert/umov_ws/install/arduinobot_bringup/share/ament_index/resource_index/packages/arduinobot_bringup
[3.620s] -- Installing: /home/albert/umov_ws/install/arduinobot_bringup/share/arduinobot_bringup/cmake/arduinobot_bringupConfig.cmake
[3.621s] -- Installing: /home/albert/umov_ws/install/arduinobot_bringup/share/arduinobot_bringup/cmake/arduinobot_bringupConfig-version.cmake
[3.624s] -- Installing: /home/albert/umov_ws/install/arduinobot_bringup/share/arduinobot_bringup/package.xml
[3.631s] Invoked command in '/home/albert/umov_ws/build/arduinobot_bringup' returned '0': CMAKE_PREFIX_PATH=${CMAKE_PREFIX_PATH}:/home/albert/ws_moveit2/install/moveit_configs_utils:/home/albert/ws_moveit2/install/launch_param_builder:/home/albert/umov_ws/install/arduino_py_examples:/home/albert/udem2_ws/install/actions_py:/home/albert/udem2_ws/install/lifecycle_py:/home/albert/udem2_ws/install/executors_py:/home/albert/udem2_ws/install/components_py:/home/albert/udem_ws/install/turtlesim_catcher:/home/albert/udem_ws/install/my_py_pkg:/home/albert/udem_ws/install/lifecycle_py:/home/albert/bcdc_ws/install/agbot_teleop:/home/albert/bcdc_ws/install/agbot_py:/home/albert/arduinobot_ws/install/arduinobot_py_examples:/opt/ros/humble /home/albert/.local/bin/cmake --install /home/albert/umov_ws/build/arduinobot_bringup
