[0.096s] Invoking command in '/home/albert/umov_ws/build/arduino_msgs': CMAKE_PREFIX_PATH=${CMAKE_PREFIX_PATH}:/home/albert/ws_moveit2/install/moveit_configs_utils:/home/albert/ws_moveit2/install/launch_param_builder:/home/albert/umov_ws/install/arduino_py_examples:/home/albert/udem2_ws/install/actions_py:/home/albert/udem2_ws/install/lifecycle_py:/home/albert/udem2_ws/install/executors_py:/home/albert/udem2_ws/install/components_py:/home/albert/udem_ws/install/turtlesim_catcher:/home/albert/udem_ws/install/my_py_pkg:/home/albert/udem_ws/install/lifecycle_py:/home/albert/bcdc_ws/install/agbot_teleop:/home/albert/bcdc_ws/install/agbot_py:/home/albert/arduinobot_ws/install/arduinobot_py_examples:/opt/ros/humble /home/albert/.local/bin/cmake /home/albert/umov_ws/src/arduino_msgs -DCMAKE_INSTALL_PREFIX=/home/albert/umov_ws/install/arduino_msgs
[0.541s] -- The C compiler identification is GNU 11.4.0
[0.706s] -- The CXX compiler identification is GNU 11.4.0
[0.726s] -- Detecting C compiler ABI info
[0.891s] -- Detecting C compiler ABI info - done
[0.917s] -- Check for working C compiler: /usr/bin/cc - skipped
[0.918s] -- Detecting C compile features
[0.918s] -- Detecting C compile features - done
[0.930s] -- Detecting CXX compiler ABI info
[1.067s] -- Detecting CXX compiler ABI info - done
[1.094s] -- Check for working CXX compiler: /usr/bin/c++ - skipped
[1.095s] -- Detecting CXX compile features
[1.096s] -- Detecting CXX compile features - done
[1.120s] -- Found ament_cmake: 1.3.11 (/opt/ros/humble/share/ament_cmake/cmake)
[1.419s] -- Found Python3: /usr/bin/python3 (found version "3.10.12") found components: Interpreter
[1.909s] -- Found std_msgs: 4.2.4 (/opt/ros/humble/share/std_msgs/cmake)
[2.267s] -- Found rosidl_generator_c: 3.1.6 (/opt/ros/humble/share/rosidl_generator_c/cmake)
[2.338s] -- Found rosidl_adapter: 3.1.6 (/opt/ros/humble/share/rosidl_adapter/cmake)
[2.410s] -- Found rosidl_generator_cpp: 3.1.6 (/opt/ros/humble/share/rosidl_generator_cpp/cmake)
[2.535s] -- Using all available rosidl_typesupport_c: rosidl_typesupport_fastrtps_c;rosidl_typesupport_introspection_c
[2.656s] -- Using all available rosidl_typesupport_cpp: rosidl_typesupport_fastrtps_cpp;rosidl_typesupport_introspection_cpp
[2.809s] -- Found rosidl_default_generators: 1.2.0 (/opt/ros/humble/share/rosidl_default_generators/cmake)
[4.058s] -- Found ament_cmake_ros: 0.10.0 (/opt/ros/humble/share/ament_cmake_ros/cmake)
[5.937s] -- Using all available rosidl_typesupport_c: rosidl_typesupport_fastrtps_c;rosidl_typesupport_introspection_c
[6.598s] -- Using all available rosidl_typesupport_cpp: rosidl_typesupport_fastrtps_cpp;rosidl_typesupport_introspection_cpp
[6.601s] [33mCMake Warning (dev) at /opt/ros/humble/share/rosidl_generator_py/cmake/rosidl_generator_py_generate_interfaces.cmake:20 (find_package):
[6.602s]   Policy CMP0148 is not set: The FindPythonInterp and FindPythonLibs modules
[6.602s]   are removed.  Run "cmake --help-policy CMP0148" for policy details.  Use
[6.602s]   the cmake_policy command to set the policy and suppress this warning.
[6.602s] 
[6.602s] Call Stack (most recent call first):
[6.603s]   /opt/ros/humble/share/ament_cmake_core/cmake/core/ament_execute_extensions.cmake:48 (include)
[6.603s]   /opt/ros/humble/share/rosidl_cmake/cmake/rosidl_generate_interfaces.cmake:286 (ament_execute_extensions)
[6.603s]   CMakeLists.txt:12 (rosidl_generate_interfaces)
[6.603s] This warning is for project developers.  Use -Wno-dev to suppress it.
[6.603s] [0m
[6.655s] -- Found PythonInterp: /usr/bin/python3 (found suitable version "3.10.12", minimum required is "3.6")
[6.678s] -- Found python_cmake_module: 0.10.0 (/opt/ros/humble/share/python_cmake_module/cmake)
[6.679s] [33mCMake Warning (dev) at /opt/ros/humble/share/python_cmake_module/cmake/Modules/FindPythonExtra.cmake:52 (find_package):
[6.679s]   Policy CMP0148 is not set: The FindPythonInterp and FindPythonLibs modules
[6.679s]   are removed.  Run "cmake --help-policy CMP0148" for policy details.  Use
[6.679s]   the cmake_policy command to set the policy and suppress this warning.
[6.679s] 
[6.680s] Call Stack (most recent call first):
[6.680s]   /opt/ros/humble/share/rosidl_generator_py/cmake/rosidl_generator_py_generate_interfaces.cmake:23 (find_package)
[6.680s]   /opt/ros/humble/share/ament_cmake_core/cmake/core/ament_execute_extensions.cmake:48 (include)
[6.680s]   /opt/ros/humble/share/rosidl_cmake/cmake/rosidl_generate_interfaces.cmake:286 (ament_execute_extensions)
[6.680s]   CMakeLists.txt:12 (rosidl_generate_interfaces)
[6.680s] This warning is for project developers.  Use -Wno-dev to suppress it.
[6.681s] [0m
[6.724s] [33mCMake Warning (dev) at /opt/ros/humble/share/python_cmake_module/cmake/Modules/FindPythonExtra.cmake:140 (find_package):
[6.724s]   Policy CMP0148 is not set: The FindPythonInterp and FindPythonLibs modules
[6.724s]   are removed.  Run "cmake --help-policy CMP0148" for policy details.  Use
[6.724s]   the cmake_policy command to set the policy and suppress this warning.
[6.725s] 
[6.725s] Call Stack (most recent call first):
[6.725s]   /opt/ros/humble/share/rosidl_generator_py/cmake/rosidl_generator_py_generate_interfaces.cmake:23 (find_package)
[6.725s]   /opt/ros/humble/share/ament_cmake_core/cmake/core/ament_execute_extensions.cmake:48 (include)
[6.725s]   /opt/ros/humble/share/rosidl_cmake/cmake/rosidl_generate_interfaces.cmake:286 (ament_execute_extensions)
[6.726s]   CMakeLists.txt:12 (rosidl_generate_interfaces)
[6.726s] This warning is for project developers.  Use -Wno-dev to suppress it.
[6.726s] [0m
[6.751s] -- Found PythonLibs: /usr/lib/x86_64-linux-gnu/libpython3.10.so (found suitable version "3.10.12", minimum required is "3.5")
[6.751s] -- Using PYTHON_EXECUTABLE: /usr/bin/python3
[6.751s] -- Using PYTHON_INCLUDE_DIRS: /usr/include/python3.10
[6.752s] -- Using PYTHON_LIBRARIES: /usr/lib/x86_64-linux-gnu/libpython3.10.so
[6.800s] -- Found PythonExtra: .so
[7.159s] -- Configuring done (7.0s)
[7.234s] -- Generating done (0.1s)
[7.254s] -- Build files have been written to: /home/albert/umov_ws/build/arduino_msgs
[7.269s] Invoked command in '/home/albert/umov_ws/build/arduino_msgs' returned '0': CMAKE_PREFIX_PATH=${CMAKE_PREFIX_PATH}:/home/albert/ws_moveit2/install/moveit_configs_utils:/home/albert/ws_moveit2/install/launch_param_builder:/home/albert/umov_ws/install/arduino_py_examples:/home/albert/udem2_ws/install/actions_py:/home/albert/udem2_ws/install/lifecycle_py:/home/albert/udem2_ws/install/executors_py:/home/albert/udem2_ws/install/components_py:/home/albert/udem_ws/install/turtlesim_catcher:/home/albert/udem_ws/install/my_py_pkg:/home/albert/udem_ws/install/lifecycle_py:/home/albert/bcdc_ws/install/agbot_teleop:/home/albert/bcdc_ws/install/agbot_py:/home/albert/arduinobot_ws/install/arduinobot_py_examples:/opt/ros/humble /home/albert/.local/bin/cmake /home/albert/umov_ws/src/arduino_msgs -DCMAKE_INSTALL_PREFIX=/home/albert/umov_ws/install/arduino_msgs
[7.272s] Invoking command in '/home/albert/umov_ws/build/arduino_msgs': CMAKE_PREFIX_PATH=${CMAKE_PREFIX_PATH}:/home/albert/ws_moveit2/install/moveit_configs_utils:/home/albert/ws_moveit2/install/launch_param_builder:/home/albert/umov_ws/install/arduino_py_examples:/home/albert/udem2_ws/install/actions_py:/home/albert/udem2_ws/install/lifecycle_py:/home/albert/udem2_ws/install/executors_py:/home/albert/udem2_ws/install/components_py:/home/albert/udem_ws/install/turtlesim_catcher:/home/albert/udem_ws/install/my_py_pkg:/home/albert/udem_ws/install/lifecycle_py:/home/albert/bcdc_ws/install/agbot_teleop:/home/albert/bcdc_ws/install/agbot_py:/home/albert/arduinobot_ws/install/arduinobot_py_examples:/opt/ros/humble /home/albert/.local/bin/cmake --build /home/albert/umov_ws/build/arduino_msgs -- -j8 -l8
[7.326s] [  1%] [34m[1mGenerating C code for ROS interfaces[0m
[7.344s] [  3%] [34m[1mGenerating C++ code for ROS interfaces[0m
[7.353s] [  3%] Built target ament_cmake_python_copy_arduino_msgs
[8.363s] running egg_info
[8.364s] creating arduino_msgs.egg-info
[8.364s] writing arduino_msgs.egg-info/PKG-INFO
[8.364s] writing dependency_links to arduino_msgs.egg-info/dependency_links.txt
[8.365s] writing top-level names to arduino_msgs.egg-info/top_level.txt
[8.366s] writing manifest file 'arduino_msgs.egg-info/SOURCES.txt'
[8.372s] reading manifest file 'arduino_msgs.egg-info/SOURCES.txt'
[8.373s] writing manifest file 'arduino_msgs.egg-info/SOURCES.txt'
[8.425s] [  3%] Built target ament_cmake_python_build_arduino_msgs_egg
[9.948s] [  4%] [32mBuilding C object CMakeFiles/arduino_msgs__rosidl_generator_c.dir/rosidl_generator_c/arduino_msgs/srv/detail/euler_to_quaternion__functions.c.o[0m
[9.959s] [  6%] [32mBuilding C object CMakeFiles/arduino_msgs__rosidl_generator_c.dir/rosidl_generator_c/arduino_msgs/srv/detail/add_two_ints__functions.c.o[0m
[9.967s] [  7%] [32mBuilding C object CMakeFiles/arduino_msgs__rosidl_generator_c.dir/rosidl_generator_c/arduino_msgs/srv/detail/quaternion_to_euler__functions.c.o[0m
[9.970s] [  9%] [32mBuilding C object CMakeFiles/arduino_msgs__rosidl_generator_c.dir/rosidl_generator_c/arduino_msgs/action/detail/fibonacci__functions.c.o[0m
[9.970s] [ 11%] [32mBuilding C object CMakeFiles/arduino_msgs__rosidl_generator_c.dir/rosidl_generator_c/arduino_msgs/action/detail/arduino_task__functions.c.o[0m
[10.437s] [ 11%] Built target arduino_msgs__cpp
[10.457s] [ 12%] [34m[1mGenerating C++ type support dispatch for ROS interfaces[0m
[10.463s] [ 14%] [34m[1mGenerating C++ type support for eProsima Fast-RTPS[0m
[10.463s] [ 15%] [34m[1mGenerating C++ introspection for ROS interfaces[0m
[10.483s] [ 17%] [32m[1mLinking C shared library libarduino_msgs__rosidl_generator_c.so[0m
[10.617s] [ 17%] Built target arduino_msgs__rosidl_generator_c
[10.659s] [ 19%] [34m[1mGenerating C type support for eProsima Fast-RTPS[0m
[10.668s] [ 20%] [34m[1mGenerating C type support dispatch for ROS interfaces[0m
[10.669s] [ 22%] [34m[1mGenerating C introspection for ROS interfaces[0m
[13.028s] [ 23%] [32mBuilding CXX object CMakeFiles/arduino_msgs__rosidl_typesupport_cpp.dir/rosidl_typesupport_cpp/arduino_msgs/srv/add_two_ints__type_support.cpp.o[0m
[13.046s] [ 25%] [32mBuilding CXX object CMakeFiles/arduino_msgs__rosidl_typesupport_cpp.dir/rosidl_typesupport_cpp/arduino_msgs/srv/quaternion_to_euler__type_support.cpp.o[0m
[13.047s] [ 26%] [32mBuilding CXX object CMakeFiles/arduino_msgs__rosidl_typesupport_cpp.dir/rosidl_typesupport_cpp/arduino_msgs/srv/euler_to_quaternion__type_support.cpp.o[0m
[13.755s] [ 28%] [32mBuilding CXX object CMakeFiles/arduino_msgs__rosidl_typesupport_introspection_cpp.dir/rosidl_typesupport_introspection_cpp/arduino_msgs/srv/detail/add_two_ints__type_support.cpp.o[0m
[13.989s] [ 30%] [32mBuilding C object CMakeFiles/arduino_msgs__rosidl_typesupport_introspection_c.dir/rosidl_typesupport_introspection_c/arduino_msgs/srv/detail/add_two_ints__type_support.c.o[0m
[14.085s] [ 31%] [32mBuilding CXX object CMakeFiles/arduino_msgs__rosidl_typesupport_c.dir/rosidl_typesupport_c/arduino_msgs/srv/add_two_ints__type_support.cpp.o[0m
[14.112s] [ 33%] [32mBuilding C object CMakeFiles/arduino_msgs__rosidl_typesupport_introspection_c.dir/rosidl_typesupport_introspection_c/arduino_msgs/srv/detail/euler_to_quaternion__type_support.c.o[0m
[14.163s] [ 34%] [32mBuilding CXX object CMakeFiles/arduino_msgs__rosidl_typesupport_introspection_cpp.dir/rosidl_typesupport_introspection_cpp/arduino_msgs/srv/detail/euler_to_quaternion__type_support.cpp.o[0m
[14.195s] [ 36%] [32mBuilding C object CMakeFiles/arduino_msgs__rosidl_typesupport_introspection_c.dir/rosidl_typesupport_introspection_c/arduino_msgs/srv/detail/quaternion_to_euler__type_support.c.o[0m
[14.266s] [ 38%] [32mBuilding CXX object CMakeFiles/arduino_msgs__rosidl_typesupport_cpp.dir/rosidl_typesupport_cpp/arduino_msgs/action/fibonacci__type_support.cpp.o[0m
[14.280s] [ 39%] [32mBuilding CXX object CMakeFiles/arduino_msgs__rosidl_typesupport_c.dir/rosidl_typesupport_c/arduino_msgs/srv/euler_to_quaternion__type_support.cpp.o[0m
[14.295s] [ 41%] [32mBuilding CXX object CMakeFiles/arduino_msgs__rosidl_typesupport_introspection_cpp.dir/rosidl_typesupport_introspection_cpp/arduino_msgs/srv/detail/quaternion_to_euler__type_support.cpp.o[0m
[14.324s] [ 42%] [32mBuilding CXX object CMakeFiles/arduino_msgs__rosidl_typesupport_fastrtps_cpp.dir/rosidl_typesupport_fastrtps_cpp/arduino_msgs/srv/detail/dds_fastrtps/add_two_ints__type_support.cpp.o[0m
[14.344s] [ 44%] [32mBuilding CXX object CMakeFiles/arduino_msgs__rosidl_typesupport_fastrtps_c.dir/rosidl_typesupport_fastrtps_c/arduino_msgs/srv/detail/add_two_ints__type_support_c.cpp.o[0m
[14.388s] [ 46%] [32mBuilding C object CMakeFiles/arduino_msgs__rosidl_typesupport_introspection_c.dir/rosidl_typesupport_introspection_c/arduino_msgs/action/detail/fibonacci__type_support.c.o[0m
[14.423s] [ 47%] [32mBuilding CXX object CMakeFiles/arduino_msgs__rosidl_typesupport_c.dir/rosidl_typesupport_c/arduino_msgs/srv/quaternion_to_euler__type_support.cpp.o[0m
[14.567s] [ 49%] [32mBuilding CXX object CMakeFiles/arduino_msgs__rosidl_typesupport_c.dir/rosidl_typesupport_c/arduino_msgs/action/fibonacci__type_support.cpp.o[0m
[14.649s] [ 50%] [32mBuilding C object CMakeFiles/arduino_msgs__rosidl_typesupport_introspection_c.dir/rosidl_typesupport_introspection_c/arduino_msgs/action/detail/arduino_task__type_support.c.o[0m
[14.767s] [ 52%] [32mBuilding CXX object CMakeFiles/arduino_msgs__rosidl_typesupport_c.dir/rosidl_typesupport_c/arduino_msgs/action/arduino_task__type_support.cpp.o[0m
[14.869s] [ 53%] [32m[1mLinking C shared library libarduino_msgs__rosidl_typesupport_introspection_c.so[0m
[14.939s] [ 55%] [32m[1mLinking CXX shared library libarduino_msgs__rosidl_typesupport_c.so[0m
[15.021s] [ 55%] Built target arduino_msgs__rosidl_typesupport_introspection_c
[15.042s] [ 57%] [32mBuilding CXX object CMakeFiles/arduino_msgs__rosidl_typesupport_fastrtps_cpp.dir/rosidl_typesupport_fastrtps_cpp/arduino_msgs/srv/detail/dds_fastrtps/euler_to_quaternion__type_support.cpp.o[0m
[15.145s] [ 57%] Built target arduino_msgs__rosidl_typesupport_c
[15.169s] [ 58%] [32mBuilding CXX object CMakeFiles/arduino_msgs__rosidl_typesupport_fastrtps_cpp.dir/rosidl_typesupport_fastrtps_cpp/arduino_msgs/srv/detail/dds_fastrtps/quaternion_to_euler__type_support.cpp.o[0m
[15.407s] [ 60%] [32mBuilding CXX object CMakeFiles/arduino_msgs__rosidl_typesupport_fastrtps_c.dir/rosidl_typesupport_fastrtps_c/arduino_msgs/srv/detail/euler_to_quaternion__type_support_c.cpp.o[0m
[15.609s] [ 61%] [32mBuilding CXX object CMakeFiles/arduino_msgs__rosidl_typesupport_cpp.dir/rosidl_typesupport_cpp/arduino_msgs/action/arduino_task__type_support.cpp.o[0m
[15.825s] [ 63%] [32mBuilding CXX object CMakeFiles/arduino_msgs__rosidl_typesupport_introspection_cpp.dir/rosidl_typesupport_introspection_cpp/arduino_msgs/action/detail/fibonacci__type_support.cpp.o[0m
[15.843s] [ 65%] [32mBuilding CXX object CMakeFiles/arduino_msgs__rosidl_typesupport_introspection_cpp.dir/rosidl_typesupport_introspection_cpp/arduino_msgs/action/detail/arduino_task__type_support.cpp.o[0m
[16.008s] [ 66%] [32mBuilding CXX object CMakeFiles/arduino_msgs__rosidl_typesupport_fastrtps_cpp.dir/rosidl_typesupport_fastrtps_cpp/arduino_msgs/action/detail/dds_fastrtps/fibonacci__type_support.cpp.o[0m
[16.491s] [ 68%] [32mBuilding CXX object CMakeFiles/arduino_msgs__rosidl_typesupport_fastrtps_c.dir/rosidl_typesupport_fastrtps_c/arduino_msgs/srv/detail/quaternion_to_euler__type_support_c.cpp.o[0m
[16.514s] [ 69%] [32mBuilding CXX object CMakeFiles/arduino_msgs__rosidl_typesupport_fastrtps_c.dir/rosidl_typesupport_fastrtps_c/arduino_msgs/action/detail/fibonacci__type_support_c.cpp.o[0m
[16.766s] [ 71%] [32mBuilding CXX object CMakeFiles/arduino_msgs__rosidl_typesupport_fastrtps_c.dir/rosidl_typesupport_fastrtps_c/arduino_msgs/action/detail/arduino_task__type_support_c.cpp.o[0m
[16.915s] [ 73%] [32mBuilding CXX object CMakeFiles/arduino_msgs__rosidl_typesupport_fastrtps_cpp.dir/rosidl_typesupport_fastrtps_cpp/arduino_msgs/action/detail/dds_fastrtps/arduino_task__type_support.cpp.o[0m
[17.185s] [ 74%] [32m[1mLinking CXX shared library libarduino_msgs__rosidl_typesupport_cpp.so[0m
[17.328s] [ 74%] Built target arduino_msgs__rosidl_typesupport_cpp
[17.863s] [ 76%] [32m[1mLinking CXX shared library libarduino_msgs__rosidl_typesupport_introspection_cpp.so[0m
[17.966s] [ 77%] [32m[1mLinking CXX shared library libarduino_msgs__rosidl_typesupport_fastrtps_c.so[0m
[18.010s] [ 77%] Built target arduino_msgs__rosidl_typesupport_introspection_cpp
[18.114s] [ 77%] Built target arduino_msgs__rosidl_typesupport_fastrtps_c
[18.357s] [ 79%] [32m[1mLinking CXX shared library libarduino_msgs__rosidl_typesupport_fastrtps_cpp.so[0m
[18.467s] [ 79%] Built target arduino_msgs__rosidl_typesupport_fastrtps_cpp
[18.492s] [ 79%] Built target arduino_msgs
[18.518s] [ 80%] [34m[1mGenerating Python code for ROS interfaces[0m
[21.282s] [ 80%] Built target arduino_msgs__py
[21.309s] [ 82%] [32mBuilding C object CMakeFiles/arduino_msgs__rosidl_generator_py.dir/rosidl_generator_py/arduino_msgs/srv/_euler_to_quaternion_s.c.o[0m
[21.310s] [ 85%] [32mBuilding C object CMakeFiles/arduino_msgs__rosidl_generator_py.dir/rosidl_generator_py/arduino_msgs/srv/_add_two_ints_s.c.o[0m
[21.311s] [ 85%] [32mBuilding C object CMakeFiles/arduino_msgs__rosidl_generator_py.dir/rosidl_generator_py/arduino_msgs/action/_fibonacci_s.c.o[0m
[21.311s] [ 87%] [32mBuilding C object CMakeFiles/arduino_msgs__rosidl_generator_py.dir/rosidl_generator_py/arduino_msgs/srv/_quaternion_to_euler_s.c.o[0m
[21.311s] [ 88%] [32mBuilding C object CMakeFiles/arduino_msgs__rosidl_generator_py.dir/rosidl_generator_py/arduino_msgs/action/_arduino_task_s.c.o[0m
[21.661s] [ 90%] [32m[1mLinking C shared library rosidl_generator_py/arduino_msgs/libarduino_msgs__rosidl_generator_py.so[0m
[21.723s] [ 90%] Built target arduino_msgs__rosidl_generator_py
[21.756s] [ 92%] [32mBuilding C object CMakeFiles/arduino_msgs__rosidl_typesupport_fastrtps_c__pyext.dir/rosidl_generator_py/arduino_msgs/_arduino_msgs_s.ep.rosidl_typesupport_fastrtps_c.c.o[0m
[21.759s] [ 93%] [32mBuilding C object CMakeFiles/arduino_msgs__rosidl_typesupport_introspection_c__pyext.dir/rosidl_generator_py/arduino_msgs/_arduino_msgs_s.ep.rosidl_typesupport_introspection_c.c.o[0m
[21.759s] [ 95%] [32mBuilding C object CMakeFiles/arduino_msgs__rosidl_typesupport_c__pyext.dir/rosidl_generator_py/arduino_msgs/_arduino_msgs_s.ep.rosidl_typesupport_c.c.o[0m
[22.030s] [ 96%] [32m[1mLinking C shared library rosidl_generator_py/arduino_msgs/arduino_msgs_s__rosidl_typesupport_introspection_c.cpython-310-x86_64-linux-gnu.so[0m
[22.033s] [ 98%] [32m[1mLinking C shared library rosidl_generator_py/arduino_msgs/arduino_msgs_s__rosidl_typesupport_c.cpython-310-x86_64-linux-gnu.so[0m
[22.096s] [ 98%] Built target arduino_msgs__rosidl_typesupport_introspection_c__pyext
[22.104s] [ 98%] Built target arduino_msgs__rosidl_typesupport_c__pyext
[22.117s] [100%] [32m[1mLinking C shared library rosidl_generator_py/arduino_msgs/arduino_msgs_s__rosidl_typesupport_fastrtps_c.cpython-310-x86_64-linux-gnu.so[0m
[22.178s] [100%] Built target arduino_msgs__rosidl_typesupport_fastrtps_c__pyext
[22.188s] Invoked command in '/home/albert/umov_ws/build/arduino_msgs' returned '0': CMAKE_PREFIX_PATH=${CMAKE_PREFIX_PATH}:/home/albert/ws_moveit2/install/moveit_configs_utils:/home/albert/ws_moveit2/install/launch_param_builder:/home/albert/umov_ws/install/arduino_py_examples:/home/albert/udem2_ws/install/actions_py:/home/albert/udem2_ws/install/lifecycle_py:/home/albert/udem2_ws/install/executors_py:/home/albert/udem2_ws/install/components_py:/home/albert/udem_ws/install/turtlesim_catcher:/home/albert/udem_ws/install/my_py_pkg:/home/albert/udem_ws/install/lifecycle_py:/home/albert/bcdc_ws/install/agbot_teleop:/home/albert/bcdc_ws/install/agbot_py:/home/albert/arduinobot_ws/install/arduinobot_py_examples:/opt/ros/humble /home/albert/.local/bin/cmake --build /home/albert/umov_ws/build/arduino_msgs -- -j8 -l8
[22.191s] Invoking command in '/home/albert/umov_ws/build/arduino_msgs': CMAKE_PREFIX_PATH=${CMAKE_PREFIX_PATH}:/home/albert/ws_moveit2/install/moveit_configs_utils:/home/albert/ws_moveit2/install/launch_param_builder:/home/albert/umov_ws/install/arduino_py_examples:/home/albert/udem2_ws/install/actions_py:/home/albert/udem2_ws/install/lifecycle_py:/home/albert/udem2_ws/install/executors_py:/home/albert/udem2_ws/install/components_py:/home/albert/udem_ws/install/turtlesim_catcher:/home/albert/udem_ws/install/my_py_pkg:/home/albert/udem_ws/install/lifecycle_py:/home/albert/bcdc_ws/install/agbot_teleop:/home/albert/bcdc_ws/install/agbot_py:/home/albert/arduinobot_ws/install/arduinobot_py_examples:/opt/ros/humble /home/albert/.local/bin/cmake --install /home/albert/umov_ws/build/arduino_msgs
[22.197s] -- Install configuration: ""
[22.197s] -- Installing: /home/albert/umov_ws/install/arduino_msgs/share/ament_index/resource_index/rosidl_interfaces/arduino_msgs
[22.197s] -- Installing: /home/albert/umov_ws/install/arduino_msgs/include/arduino_msgs/arduino_msgs
[22.197s] -- Installing: /home/albert/umov_ws/install/arduino_msgs/include/arduino_msgs/arduino_msgs/msg
[22.198s] -- Installing: /home/albert/umov_ws/install/arduino_msgs/include/arduino_msgs/arduino_msgs/msg/rosidl_generator_c__visibility_control.h
[22.198s] -- Installing: /home/albert/umov_ws/install/arduino_msgs/include/arduino_msgs/arduino_msgs/action
[22.198s] -- Installing: /home/albert/umov_ws/install/arduino_msgs/include/arduino_msgs/arduino_msgs/action/arduino_task.h
[22.199s] -- Installing: /home/albert/umov_ws/install/arduino_msgs/include/arduino_msgs/arduino_msgs/action/fibonacci.h
[22.199s] -- Installing: /home/albert/umov_ws/install/arduino_msgs/include/arduino_msgs/arduino_msgs/action/detail
[22.199s] -- Installing: /home/albert/umov_ws/install/arduino_msgs/include/arduino_msgs/arduino_msgs/action/detail/fibonacci__functions.c
[22.199s] -- Installing: /home/albert/umov_ws/install/arduino_msgs/include/arduino_msgs/arduino_msgs/action/detail/arduino_task__struct.h
[22.200s] -- Installing: /home/albert/umov_ws/install/arduino_msgs/include/arduino_msgs/arduino_msgs/action/detail/fibonacci__type_support.h
[22.200s] -- Installing: /home/albert/umov_ws/install/arduino_msgs/include/arduino_msgs/arduino_msgs/action/detail/fibonacci__struct.h
[22.200s] -- Installing: /home/albert/umov_ws/install/arduino_msgs/include/arduino_msgs/arduino_msgs/action/detail/arduino_task__functions.c
[22.200s] -- Installing: /home/albert/umov_ws/install/arduino_msgs/include/arduino_msgs/arduino_msgs/action/detail/fibonacci__functions.h
[22.200s] -- Installing: /home/albert/umov_ws/install/arduino_msgs/include/arduino_msgs/arduino_msgs/action/detail/arduino_task__functions.h
[22.201s] -- Installing: /home/albert/umov_ws/install/arduino_msgs/include/arduino_msgs/arduino_msgs/action/detail/arduino_task__type_support.h
[22.201s] -- Installing: /home/albert/umov_ws/install/arduino_msgs/include/arduino_msgs/arduino_msgs/srv
[22.201s] -- Installing: /home/albert/umov_ws/install/arduino_msgs/include/arduino_msgs/arduino_msgs/srv/quaternion_to_euler.h
[22.201s] -- Installing: /home/albert/umov_ws/install/arduino_msgs/include/arduino_msgs/arduino_msgs/srv/detail
[22.202s] -- Installing: /home/albert/umov_ws/install/arduino_msgs/include/arduino_msgs/arduino_msgs/srv/detail/euler_to_quaternion__functions.c
[22.202s] -- Installing: /home/albert/umov_ws/install/arduino_msgs/include/arduino_msgs/arduino_msgs/srv/detail/add_two_ints__functions.h
[22.202s] -- Installing: /home/albert/umov_ws/install/arduino_msgs/include/arduino_msgs/arduino_msgs/srv/detail/euler_to_quaternion__struct.h
[22.202s] -- Installing: /home/albert/umov_ws/install/arduino_msgs/include/arduino_msgs/arduino_msgs/srv/detail/add_two_ints__functions.c
[22.202s] -- Installing: /home/albert/umov_ws/install/arduino_msgs/include/arduino_msgs/arduino_msgs/srv/detail/quaternion_to_euler__functions.c
[22.203s] -- Installing: /home/albert/umov_ws/install/arduino_msgs/include/arduino_msgs/arduino_msgs/srv/detail/euler_to_quaternion__functions.h
[22.203s] -- Installing: /home/albert/umov_ws/install/arduino_msgs/include/arduino_msgs/arduino_msgs/srv/detail/quaternion_to_euler__functions.h
[22.203s] -- Installing: /home/albert/umov_ws/install/arduino_msgs/include/arduino_msgs/arduino_msgs/srv/detail/quaternion_to_euler__type_support.h
[22.203s] -- Installing: /home/albert/umov_ws/install/arduino_msgs/include/arduino_msgs/arduino_msgs/srv/detail/add_two_ints__type_support.h
[22.204s] -- Installing: /home/albert/umov_ws/install/arduino_msgs/include/arduino_msgs/arduino_msgs/srv/detail/euler_to_quaternion__type_support.h
[22.204s] -- Installing: /home/albert/umov_ws/install/arduino_msgs/include/arduino_msgs/arduino_msgs/srv/detail/quaternion_to_euler__struct.h
[22.204s] -- Installing: /home/albert/umov_ws/install/arduino_msgs/include/arduino_msgs/arduino_msgs/srv/detail/add_two_ints__struct.h
[22.204s] -- Installing: /home/albert/umov_ws/install/arduino_msgs/include/arduino_msgs/arduino_msgs/srv/euler_to_quaternion.h
[22.205s] -- Installing: /home/albert/umov_ws/install/arduino_msgs/include/arduino_msgs/arduino_msgs/srv/add_two_ints.h
[22.205s] -- Installing: /home/albert/umov_ws/install/arduino_msgs/share/arduino_msgs/environment/library_path.sh
[22.205s] -- Installing: /home/albert/umov_ws/install/arduino_msgs/share/arduino_msgs/environment/library_path.dsv
[22.205s] -- Installing: /home/albert/umov_ws/install/arduino_msgs/lib/libarduino_msgs__rosidl_generator_c.so
[22.206s] -- Set non-toolchain portion of runtime path of "/home/albert/umov_ws/install/arduino_msgs/lib/libarduino_msgs__rosidl_generator_c.so" to ""
[22.207s] -- Up-to-date: /home/albert/umov_ws/install/arduino_msgs/include/arduino_msgs/arduino_msgs
[22.207s] -- Up-to-date: /home/albert/umov_ws/install/arduino_msgs/include/arduino_msgs/arduino_msgs/msg
[22.207s] -- Installing: /home/albert/umov_ws/install/arduino_msgs/include/arduino_msgs/arduino_msgs/msg/rosidl_typesupport_fastrtps_c__visibility_control.h
[22.207s] -- Up-to-date: /home/albert/umov_ws/install/arduino_msgs/include/arduino_msgs/arduino_msgs/action
[22.208s] -- Up-to-date: /home/albert/umov_ws/install/arduino_msgs/include/arduino_msgs/arduino_msgs/action/detail
[22.208s] -- Installing: /home/albert/umov_ws/install/arduino_msgs/include/arduino_msgs/arduino_msgs/action/detail/arduino_task__rosidl_typesupport_fastrtps_c.h
[22.208s] -- Installing: /home/albert/umov_ws/install/arduino_msgs/include/arduino_msgs/arduino_msgs/action/detail/fibonacci__rosidl_typesupport_fastrtps_c.h
[22.208s] -- Up-to-date: /home/albert/umov_ws/install/arduino_msgs/include/arduino_msgs/arduino_msgs/srv
[22.209s] -- Up-to-date: /home/albert/umov_ws/install/arduino_msgs/include/arduino_msgs/arduino_msgs/srv/detail
[22.209s] -- Installing: /home/albert/umov_ws/install/arduino_msgs/include/arduino_msgs/arduino_msgs/srv/detail/add_two_ints__rosidl_typesupport_fastrtps_c.h
[22.209s] -- Installing: /home/albert/umov_ws/install/arduino_msgs/include/arduino_msgs/arduino_msgs/srv/detail/euler_to_quaternion__rosidl_typesupport_fastrtps_c.h
[22.209s] -- Installing: /home/albert/umov_ws/install/arduino_msgs/include/arduino_msgs/arduino_msgs/srv/detail/quaternion_to_euler__rosidl_typesupport_fastrtps_c.h
[22.209s] -- Installing: /home/albert/umov_ws/install/arduino_msgs/lib/libarduino_msgs__rosidl_typesupport_fastrtps_c.so
[22.210s] -- Set non-toolchain portion of runtime path of "/home/albert/umov_ws/install/arduino_msgs/lib/libarduino_msgs__rosidl_typesupport_fastrtps_c.so" to ""
[22.210s] -- Up-to-date: /home/albert/umov_ws/install/arduino_msgs/include/arduino_msgs/arduino_msgs
[22.210s] -- Up-to-date: /home/albert/umov_ws/install/arduino_msgs/include/arduino_msgs/arduino_msgs/msg
[22.210s] -- Installing: /home/albert/umov_ws/install/arduino_msgs/include/arduino_msgs/arduino_msgs/msg/rosidl_generator_cpp__visibility_control.hpp
[22.211s] -- Up-to-date: /home/albert/umov_ws/install/arduino_msgs/include/arduino_msgs/arduino_msgs/action
[22.211s] -- Installing: /home/albert/umov_ws/install/arduino_msgs/include/arduino_msgs/arduino_msgs/action/arduino_task.hpp
[22.211s] -- Installing: /home/albert/umov_ws/install/arduino_msgs/include/arduino_msgs/arduino_msgs/action/fibonacci.hpp
[22.211s] -- Up-to-date: /home/albert/umov_ws/install/arduino_msgs/include/arduino_msgs/arduino_msgs/action/detail
[22.212s] -- Installing: /home/albert/umov_ws/install/arduino_msgs/include/arduino_msgs/arduino_msgs/action/detail/fibonacci__type_support.hpp
[22.212s] -- Installing: /home/albert/umov_ws/install/arduino_msgs/include/arduino_msgs/arduino_msgs/action/detail/arduino_task__builder.hpp
[22.212s] -- Installing: /home/albert/umov_ws/install/arduino_msgs/include/arduino_msgs/arduino_msgs/action/detail/fibonacci__builder.hpp
[22.212s] -- Installing: /home/albert/umov_ws/install/arduino_msgs/include/arduino_msgs/arduino_msgs/action/detail/arduino_task__type_support.hpp
[22.212s] -- Installing: /home/albert/umov_ws/install/arduino_msgs/include/arduino_msgs/arduino_msgs/action/detail/fibonacci__struct.hpp
[22.213s] -- Installing: /home/albert/umov_ws/install/arduino_msgs/include/arduino_msgs/arduino_msgs/action/detail/arduino_task__struct.hpp
[22.213s] -- Installing: /home/albert/umov_ws/install/arduino_msgs/include/arduino_msgs/arduino_msgs/action/detail/arduino_task__traits.hpp
[22.213s] -- Installing: /home/albert/umov_ws/install/arduino_msgs/include/arduino_msgs/arduino_msgs/action/detail/fibonacci__traits.hpp
[22.213s] -- Up-to-date: /home/albert/umov_ws/install/arduino_msgs/include/arduino_msgs/arduino_msgs/srv
[22.214s] -- Installing: /home/albert/umov_ws/install/arduino_msgs/include/arduino_msgs/arduino_msgs/srv/euler_to_quaternion.hpp
[22.214s] -- Up-to-date: /home/albert/umov_ws/install/arduino_msgs/include/arduino_msgs/arduino_msgs/srv/detail
[22.214s] -- Installing: /home/albert/umov_ws/install/arduino_msgs/include/arduino_msgs/arduino_msgs/srv/detail/quaternion_to_euler__struct.hpp
[22.214s] -- Installing: /home/albert/umov_ws/install/arduino_msgs/include/arduino_msgs/arduino_msgs/srv/detail/quaternion_to_euler__builder.hpp
[22.215s] -- Installing: /home/albert/umov_ws/install/arduino_msgs/include/arduino_msgs/arduino_msgs/srv/detail/euler_to_quaternion__traits.hpp
[22.215s] -- Installing: /home/albert/umov_ws/install/arduino_msgs/include/arduino_msgs/arduino_msgs/srv/detail/add_two_ints__type_support.hpp
[22.215s] -- Installing: /home/albert/umov_ws/install/arduino_msgs/include/arduino_msgs/arduino_msgs/srv/detail/add_two_ints__builder.hpp
[22.215s] -- Installing: /home/albert/umov_ws/install/arduino_msgs/include/arduino_msgs/arduino_msgs/srv/detail/euler_to_quaternion__type_support.hpp
[22.215s] -- Installing: /home/albert/umov_ws/install/arduino_msgs/include/arduino_msgs/arduino_msgs/srv/detail/quaternion_to_euler__traits.hpp
[22.216s] -- Installing: /home/albert/umov_ws/install/arduino_msgs/include/arduino_msgs/arduino_msgs/srv/detail/euler_to_quaternion__builder.hpp
[22.216s] -- Installing: /home/albert/umov_ws/install/arduino_msgs/include/arduino_msgs/arduino_msgs/srv/detail/add_two_ints__traits.hpp
[22.216s] -- Installing: /home/albert/umov_ws/install/arduino_msgs/include/arduino_msgs/arduino_msgs/srv/detail/add_two_ints__struct.hpp
[22.216s] -- Installing: /home/albert/umov_ws/install/arduino_msgs/include/arduino_msgs/arduino_msgs/srv/detail/euler_to_quaternion__struct.hpp
[22.217s] -- Installing: /home/albert/umov_ws/install/arduino_msgs/include/arduino_msgs/arduino_msgs/srv/detail/quaternion_to_euler__type_support.hpp
[22.217s] -- Installing: /home/albert/umov_ws/install/arduino_msgs/include/arduino_msgs/arduino_msgs/srv/quaternion_to_euler.hpp
[22.217s] -- Installing: /home/albert/umov_ws/install/arduino_msgs/include/arduino_msgs/arduino_msgs/srv/add_two_ints.hpp
[22.217s] -- Up-to-date: /home/albert/umov_ws/install/arduino_msgs/include/arduino_msgs/arduino_msgs
[22.218s] -- Up-to-date: /home/albert/umov_ws/install/arduino_msgs/include/arduino_msgs/arduino_msgs/msg
[22.218s] -- Installing: /home/albert/umov_ws/install/arduino_msgs/include/arduino_msgs/arduino_msgs/msg/rosidl_typesupport_fastrtps_cpp__visibility_control.h
[22.218s] -- Up-to-date: /home/albert/umov_ws/install/arduino_msgs/include/arduino_msgs/arduino_msgs/action
[22.218s] -- Up-to-date: /home/albert/umov_ws/install/arduino_msgs/include/arduino_msgs/arduino_msgs/action/detail
[22.218s] -- Installing: /home/albert/umov_ws/install/arduino_msgs/include/arduino_msgs/arduino_msgs/action/detail/arduino_task__rosidl_typesupport_fastrtps_cpp.hpp
[22.219s] -- Installing: /home/albert/umov_ws/install/arduino_msgs/include/arduino_msgs/arduino_msgs/action/detail/dds_fastrtps
[22.219s] -- Installing: /home/albert/umov_ws/install/arduino_msgs/include/arduino_msgs/arduino_msgs/action/detail/fibonacci__rosidl_typesupport_fastrtps_cpp.hpp
[22.219s] -- Up-to-date: /home/albert/umov_ws/install/arduino_msgs/include/arduino_msgs/arduino_msgs/srv
[22.219s] -- Up-to-date: /home/albert/umov_ws/install/arduino_msgs/include/arduino_msgs/arduino_msgs/srv/detail
[22.220s] -- Installing: /home/albert/umov_ws/install/arduino_msgs/include/arduino_msgs/arduino_msgs/srv/detail/euler_to_quaternion__rosidl_typesupport_fastrtps_cpp.hpp
[22.220s] -- Installing: /home/albert/umov_ws/install/arduino_msgs/include/arduino_msgs/arduino_msgs/srv/detail/quaternion_to_euler__rosidl_typesupport_fastrtps_cpp.hpp
[22.220s] -- Installing: /home/albert/umov_ws/install/arduino_msgs/include/arduino_msgs/arduino_msgs/srv/detail/dds_fastrtps
[22.220s] -- Installing: /home/albert/umov_ws/install/arduino_msgs/include/arduino_msgs/arduino_msgs/srv/detail/add_two_ints__rosidl_typesupport_fastrtps_cpp.hpp
[22.220s] -- Installing: /home/albert/umov_ws/install/arduino_msgs/lib/libarduino_msgs__rosidl_typesupport_fastrtps_cpp.so
[22.220s] -- Set non-toolchain portion of runtime path of "/home/albert/umov_ws/install/arduino_msgs/lib/libarduino_msgs__rosidl_typesupport_fastrtps_cpp.so" to ""
[22.221s] -- Up-to-date: /home/albert/umov_ws/install/arduino_msgs/include/arduino_msgs/arduino_msgs
[22.221s] -- Up-to-date: /home/albert/umov_ws/install/arduino_msgs/include/arduino_msgs/arduino_msgs/msg
[22.221s] -- Installing: /home/albert/umov_ws/install/arduino_msgs/include/arduino_msgs/arduino_msgs/msg/rosidl_typesupport_introspection_c__visibility_control.h
[22.221s] -- Up-to-date: /home/albert/umov_ws/install/arduino_msgs/include/arduino_msgs/arduino_msgs/action
[22.222s] -- Up-to-date: /home/albert/umov_ws/install/arduino_msgs/include/arduino_msgs/arduino_msgs/action/detail
[22.222s] -- Installing: /home/albert/umov_ws/install/arduino_msgs/include/arduino_msgs/arduino_msgs/action/detail/arduino_task__type_support.c
[22.222s] -- Installing: /home/albert/umov_ws/install/arduino_msgs/include/arduino_msgs/arduino_msgs/action/detail/fibonacci__type_support.c
[22.222s] -- Installing: /home/albert/umov_ws/install/arduino_msgs/include/arduino_msgs/arduino_msgs/action/detail/fibonacci__rosidl_typesupport_introspection_c.h
[22.223s] -- Installing: /home/albert/umov_ws/install/arduino_msgs/include/arduino_msgs/arduino_msgs/action/detail/arduino_task__rosidl_typesupport_introspection_c.h
[22.223s] -- Up-to-date: /home/albert/umov_ws/install/arduino_msgs/include/arduino_msgs/arduino_msgs/srv
[22.223s] -- Up-to-date: /home/albert/umov_ws/install/arduino_msgs/include/arduino_msgs/arduino_msgs/srv/detail
[22.223s] -- Installing: /home/albert/umov_ws/install/arduino_msgs/include/arduino_msgs/arduino_msgs/srv/detail/add_two_ints__rosidl_typesupport_introspection_c.h
[22.224s] -- Installing: /home/albert/umov_ws/install/arduino_msgs/include/arduino_msgs/arduino_msgs/srv/detail/euler_to_quaternion__type_support.c
[22.224s] -- Installing: /home/albert/umov_ws/install/arduino_msgs/include/arduino_msgs/arduino_msgs/srv/detail/add_two_ints__type_support.c
[22.224s] -- Installing: /home/albert/umov_ws/install/arduino_msgs/include/arduino_msgs/arduino_msgs/srv/detail/quaternion_to_euler__type_support.c
[22.224s] -- Installing: /home/albert/umov_ws/install/arduino_msgs/include/arduino_msgs/arduino_msgs/srv/detail/quaternion_to_euler__rosidl_typesupport_introspection_c.h
[22.225s] -- Installing: /home/albert/umov_ws/install/arduino_msgs/include/arduino_msgs/arduino_msgs/srv/detail/euler_to_quaternion__rosidl_typesupport_introspection_c.h
[22.225s] -- Installing: /home/albert/umov_ws/install/arduino_msgs/lib/libarduino_msgs__rosidl_typesupport_introspection_c.so
[22.225s] -- Set non-toolchain portion of runtime path of "/home/albert/umov_ws/install/arduino_msgs/lib/libarduino_msgs__rosidl_typesupport_introspection_c.so" to ""
[22.225s] -- Installing: /home/albert/umov_ws/install/arduino_msgs/lib/libarduino_msgs__rosidl_typesupport_c.so
[22.226s] -- Set non-toolchain portion of runtime path of "/home/albert/umov_ws/install/arduino_msgs/lib/libarduino_msgs__rosidl_typesupport_c.so" to ""
[22.226s] -- Up-to-date: /home/albert/umov_ws/install/arduino_msgs/include/arduino_msgs/arduino_msgs
[22.226s] -- Up-to-date: /home/albert/umov_ws/install/arduino_msgs/include/arduino_msgs/arduino_msgs/action
[22.227s] -- Up-to-date: /home/albert/umov_ws/install/arduino_msgs/include/arduino_msgs/arduino_msgs/action/detail
[22.227s] -- Installing: /home/albert/umov_ws/install/arduino_msgs/include/arduino_msgs/arduino_msgs/action/detail/arduino_task__type_support.cpp
[22.227s] -- Installing: /home/albert/umov_ws/install/arduino_msgs/include/arduino_msgs/arduino_msgs/action/detail/fibonacci__type_support.cpp
[22.227s] -- Installing: /home/albert/umov_ws/install/arduino_msgs/include/arduino_msgs/arduino_msgs/action/detail/fibonacci__rosidl_typesupport_introspection_cpp.hpp
[22.228s] -- Installing: /home/albert/umov_ws/install/arduino_msgs/include/arduino_msgs/arduino_msgs/action/detail/arduino_task__rosidl_typesupport_introspection_cpp.hpp
[22.228s] -- Up-to-date: /home/albert/umov_ws/install/arduino_msgs/include/arduino_msgs/arduino_msgs/srv
[22.228s] -- Up-to-date: /home/albert/umov_ws/install/arduino_msgs/include/arduino_msgs/arduino_msgs/srv/detail
[22.228s] -- Installing: /home/albert/umov_ws/install/arduino_msgs/include/arduino_msgs/arduino_msgs/srv/detail/euler_to_quaternion__rosidl_typesupport_introspection_cpp.hpp
[22.228s] -- Installing: /home/albert/umov_ws/install/arduino_msgs/include/arduino_msgs/arduino_msgs/srv/detail/euler_to_quaternion__type_support.cpp
[22.229s] -- Installing: /home/albert/umov_ws/install/arduino_msgs/include/arduino_msgs/arduino_msgs/srv/detail/add_two_ints__type_support.cpp
[22.229s] -- Installing: /home/albert/umov_ws/install/arduino_msgs/include/arduino_msgs/arduino_msgs/srv/detail/quaternion_to_euler__type_support.cpp
[22.229s] -- Installing: /home/albert/umov_ws/install/arduino_msgs/include/arduino_msgs/arduino_msgs/srv/detail/quaternion_to_euler__rosidl_typesupport_introspection_cpp.hpp
[22.229s] -- Installing: /home/albert/umov_ws/install/arduino_msgs/include/arduino_msgs/arduino_msgs/srv/detail/add_two_ints__rosidl_typesupport_introspection_cpp.hpp
[22.230s] -- Installing: /home/albert/umov_ws/install/arduino_msgs/lib/libarduino_msgs__rosidl_typesupport_introspection_cpp.so
[22.230s] -- Set non-toolchain portion of runtime path of "/home/albert/umov_ws/install/arduino_msgs/lib/libarduino_msgs__rosidl_typesupport_introspection_cpp.so" to ""
[22.230s] -- Installing: /home/albert/umov_ws/install/arduino_msgs/lib/libarduino_msgs__rosidl_typesupport_cpp.so
[22.231s] -- Set non-toolchain portion of runtime path of "/home/albert/umov_ws/install/arduino_msgs/lib/libarduino_msgs__rosidl_typesupport_cpp.so" to ""
[22.231s] -- Installing: /home/albert/umov_ws/install/arduino_msgs/share/arduino_msgs/environment/pythonpath.sh
[22.232s] -- Installing: /home/albert/umov_ws/install/arduino_msgs/share/arduino_msgs/environment/pythonpath.dsv
[22.232s] -- Installing: /home/albert/umov_ws/install/arduino_msgs/local/lib/python3.10/dist-packages/arduino_msgs-0.0.0-py3.10.egg-info
[22.232s] -- Installing: /home/albert/umov_ws/install/arduino_msgs/local/lib/python3.10/dist-packages/arduino_msgs-0.0.0-py3.10.egg-info/SOURCES.txt
[22.232s] -- Installing: /home/albert/umov_ws/install/arduino_msgs/local/lib/python3.10/dist-packages/arduino_msgs-0.0.0-py3.10.egg-info/top_level.txt
[22.233s] -- Installing: /home/albert/umov_ws/install/arduino_msgs/local/lib/python3.10/dist-packages/arduino_msgs-0.0.0-py3.10.egg-info/PKG-INFO
[22.233s] -- Installing: /home/albert/umov_ws/install/arduino_msgs/local/lib/python3.10/dist-packages/arduino_msgs-0.0.0-py3.10.egg-info/dependency_links.txt
[22.233s] -- Installing: /home/albert/umov_ws/install/arduino_msgs/local/lib/python3.10/dist-packages/arduino_msgs
[22.233s] -- Installing: /home/albert/umov_ws/install/arduino_msgs/local/lib/python3.10/dist-packages/arduino_msgs/libarduino_msgs__rosidl_generator_py.so
[22.234s] -- Installing: /home/albert/umov_ws/install/arduino_msgs/local/lib/python3.10/dist-packages/arduino_msgs/__init__.py
[22.234s] -- Installing: /home/albert/umov_ws/install/arduino_msgs/local/lib/python3.10/dist-packages/arduino_msgs/action
[22.234s] -- Installing: /home/albert/umov_ws/install/arduino_msgs/local/lib/python3.10/dist-packages/arduino_msgs/action/__init__.py
[22.234s] -- Installing: /home/albert/umov_ws/install/arduino_msgs/local/lib/python3.10/dist-packages/arduino_msgs/action/_fibonacci_s.c
[22.235s] -- Installing: /home/albert/umov_ws/install/arduino_msgs/local/lib/python3.10/dist-packages/arduino_msgs/action/_arduino_task.py
[22.235s] -- Installing: /home/albert/umov_ws/install/arduino_msgs/local/lib/python3.10/dist-packages/arduino_msgs/action/_arduino_task_s.c
[22.235s] -- Installing: /home/albert/umov_ws/install/arduino_msgs/local/lib/python3.10/dist-packages/arduino_msgs/action/_fibonacci.py
[22.235s] -- Installing: /home/albert/umov_ws/install/arduino_msgs/local/lib/python3.10/dist-packages/arduino_msgs/arduino_msgs_s__rosidl_typesupport_introspection_c.cpython-310-x86_64-linux-gnu.so
[22.236s] -- Installing: /home/albert/umov_ws/install/arduino_msgs/local/lib/python3.10/dist-packages/arduino_msgs/_arduino_msgs_s.ep.rosidl_typesupport_c.c
[22.236s] -- Installing: /home/albert/umov_ws/install/arduino_msgs/local/lib/python3.10/dist-packages/arduino_msgs/arduino_msgs_s__rosidl_typesupport_fastrtps_c.cpython-310-x86_64-linux-gnu.so
[22.237s] -- Installing: /home/albert/umov_ws/install/arduino_msgs/local/lib/python3.10/dist-packages/arduino_msgs/_arduino_msgs_s.ep.rosidl_typesupport_fastrtps_c.c
[22.237s] -- Installing: /home/albert/umov_ws/install/arduino_msgs/local/lib/python3.10/dist-packages/arduino_msgs/arduino_msgs_s__rosidl_typesupport_c.cpython-310-x86_64-linux-gnu.so
[22.237s] -- Installing: /home/albert/umov_ws/install/arduino_msgs/local/lib/python3.10/dist-packages/arduino_msgs/_arduino_msgs_s.ep.rosidl_typesupport_introspection_c.c
[22.238s] -- Installing: /home/albert/umov_ws/install/arduino_msgs/local/lib/python3.10/dist-packages/arduino_msgs/srv
[22.238s] -- Installing: /home/albert/umov_ws/install/arduino_msgs/local/lib/python3.10/dist-packages/arduino_msgs/srv/_quaternion_to_euler_s.c
[22.238s] -- Installing: /home/albert/umov_ws/install/arduino_msgs/local/lib/python3.10/dist-packages/arduino_msgs/srv/_euler_to_quaternion.py
[22.238s] -- Installing: /home/albert/umov_ws/install/arduino_msgs/local/lib/python3.10/dist-packages/arduino_msgs/srv/__init__.py
[22.239s] -- Installing: /home/albert/umov_ws/install/arduino_msgs/local/lib/python3.10/dist-packages/arduino_msgs/srv/_quaternion_to_euler.py
[22.239s] -- Installing: /home/albert/umov_ws/install/arduino_msgs/local/lib/python3.10/dist-packages/arduino_msgs/srv/_add_two_ints_s.c
[22.239s] -- Installing: /home/albert/umov_ws/install/arduino_msgs/local/lib/python3.10/dist-packages/arduino_msgs/srv/_add_two_ints.py
[22.239s] -- Installing: /home/albert/umov_ws/install/arduino_msgs/local/lib/python3.10/dist-packages/arduino_msgs/srv/_euler_to_quaternion_s.c
[22.331s] Listing '/home/albert/umov_ws/install/arduino_msgs/local/lib/python3.10/dist-packages/arduino_msgs'...
[22.332s] Compiling '/home/albert/umov_ws/install/arduino_msgs/local/lib/python3.10/dist-packages/arduino_msgs/__init__.py'...
[22.332s] Listing '/home/albert/umov_ws/install/arduino_msgs/local/lib/python3.10/dist-packages/arduino_msgs/action'...
[22.332s] Compiling '/home/albert/umov_ws/install/arduino_msgs/local/lib/python3.10/dist-packages/arduino_msgs/action/__init__.py'...
[22.332s] Compiling '/home/albert/umov_ws/install/arduino_msgs/local/lib/python3.10/dist-packages/arduino_msgs/action/_arduino_task.py'...
[22.332s] Compiling '/home/albert/umov_ws/install/arduino_msgs/local/lib/python3.10/dist-packages/arduino_msgs/action/_fibonacci.py'...
[22.332s] Listing '/home/albert/umov_ws/install/arduino_msgs/local/lib/python3.10/dist-packages/arduino_msgs/srv'...
[22.333s] Compiling '/home/albert/umov_ws/install/arduino_msgs/local/lib/python3.10/dist-packages/arduino_msgs/srv/__init__.py'...
[22.333s] Compiling '/home/albert/umov_ws/install/arduino_msgs/local/lib/python3.10/dist-packages/arduino_msgs/srv/_add_two_ints.py'...
[22.333s] Compiling '/home/albert/umov_ws/install/arduino_msgs/local/lib/python3.10/dist-packages/arduino_msgs/srv/_euler_to_quaternion.py'...
[22.333s] Compiling '/home/albert/umov_ws/install/arduino_msgs/local/lib/python3.10/dist-packages/arduino_msgs/srv/_quaternion_to_euler.py'...
[22.339s] -- Installing: /home/albert/umov_ws/install/arduino_msgs/local/lib/python3.10/dist-packages/arduino_msgs/arduino_msgs_s__rosidl_typesupport_fastrtps_c.cpython-310-x86_64-linux-gnu.so
[22.339s] -- Set non-toolchain portion of runtime path of "/home/albert/umov_ws/install/arduino_msgs/local/lib/python3.10/dist-packages/arduino_msgs/arduino_msgs_s__rosidl_typesupport_fastrtps_c.cpython-310-x86_64-linux-gnu.so" to ""
[22.340s] -- Installing: /home/albert/umov_ws/install/arduino_msgs/local/lib/python3.10/dist-packages/arduino_msgs/arduino_msgs_s__rosidl_typesupport_introspection_c.cpython-310-x86_64-linux-gnu.so
[22.341s] -- Set non-toolchain portion of runtime path of "/home/albert/umov_ws/install/arduino_msgs/local/lib/python3.10/dist-packages/arduino_msgs/arduino_msgs_s__rosidl_typesupport_introspection_c.cpython-310-x86_64-linux-gnu.so" to ""
[22.341s] -- Installing: /home/albert/umov_ws/install/arduino_msgs/local/lib/python3.10/dist-packages/arduino_msgs/arduino_msgs_s__rosidl_typesupport_c.cpython-310-x86_64-linux-gnu.so
[22.342s] -- Set non-toolchain portion of runtime path of "/home/albert/umov_ws/install/arduino_msgs/local/lib/python3.10/dist-packages/arduino_msgs/arduino_msgs_s__rosidl_typesupport_c.cpython-310-x86_64-linux-gnu.so" to ""
[22.342s] -- Installing: /home/albert/umov_ws/install/arduino_msgs/lib/libarduino_msgs__rosidl_generator_py.so
[22.342s] -- Set non-toolchain portion of runtime path of "/home/albert/umov_ws/install/arduino_msgs/lib/libarduino_msgs__rosidl_generator_py.so" to ""
[22.342s] -- Installing: /home/albert/umov_ws/install/arduino_msgs/share/arduino_msgs/srv/AddTwoInts.idl
[22.343s] -- Installing: /home/albert/umov_ws/install/arduino_msgs/share/arduino_msgs/srv/EulerToQuaternion.idl
[22.343s] -- Installing: /home/albert/umov_ws/install/arduino_msgs/share/arduino_msgs/srv/QuaternionToEuler.idl
[22.343s] -- Installing: /home/albert/umov_ws/install/arduino_msgs/share/arduino_msgs/action/Fibonacci.idl
[22.343s] -- Installing: /home/albert/umov_ws/install/arduino_msgs/share/arduino_msgs/action/ArduinoTask.idl
[22.344s] -- Installing: /home/albert/umov_ws/install/arduino_msgs/share/arduino_msgs/srv/AddTwoInts.srv
[22.344s] -- Installing: /home/albert/umov_ws/install/arduino_msgs/share/arduino_msgs/srv/AddTwoInts_Request.msg
[22.344s] -- Installing: /home/albert/umov_ws/install/arduino_msgs/share/arduino_msgs/srv/AddTwoInts_Response.msg
[22.344s] -- Installing: /home/albert/umov_ws/install/arduino_msgs/share/arduino_msgs/srv/EulerToQuaternion.srv
[22.344s] -- Installing: /home/albert/umov_ws/install/arduino_msgs/share/arduino_msgs/srv/EulerToQuaternion_Request.msg
[22.344s] -- Installing: /home/albert/umov_ws/install/arduino_msgs/share/arduino_msgs/srv/EulerToQuaternion_Response.msg
[22.345s] -- Installing: /home/albert/umov_ws/install/arduino_msgs/share/arduino_msgs/srv/QuaternionToEuler.srv
[22.345s] -- Installing: /home/albert/umov_ws/install/arduino_msgs/share/arduino_msgs/srv/QuaternionToEuler_Request.msg
[22.345s] -- Installing: /home/albert/umov_ws/install/arduino_msgs/share/arduino_msgs/srv/QuaternionToEuler_Response.msg
[22.345s] -- Installing: /home/albert/umov_ws/install/arduino_msgs/share/arduino_msgs/action/Fibonacci.action
[22.345s] -- Installing: /home/albert/umov_ws/install/arduino_msgs/share/arduino_msgs/action/ArduinoTask.action
[22.346s] -- Installing: /home/albert/umov_ws/install/arduino_msgs/share/ament_index/resource_index/package_run_dependencies/arduino_msgs
[22.346s] -- Installing: /home/albert/umov_ws/install/arduino_msgs/share/ament_index/resource_index/parent_prefix_path/arduino_msgs
[22.346s] -- Installing: /home/albert/umov_ws/install/arduino_msgs/share/arduino_msgs/environment/ament_prefix_path.sh
[22.346s] -- Installing: /home/albert/umov_ws/install/arduino_msgs/share/arduino_msgs/environment/ament_prefix_path.dsv
[22.346s] -- Installing: /home/albert/umov_ws/install/arduino_msgs/share/arduino_msgs/environment/path.sh
[22.347s] -- Installing: /home/albert/umov_ws/install/arduino_msgs/share/arduino_msgs/environment/path.dsv
[22.347s] -- Installing: /home/albert/umov_ws/install/arduino_msgs/share/arduino_msgs/local_setup.bash
[22.347s] -- Installing: /home/albert/umov_ws/install/arduino_msgs/share/arduino_msgs/local_setup.sh
[22.347s] -- Installing: /home/albert/umov_ws/install/arduino_msgs/share/arduino_msgs/local_setup.zsh
[22.348s] -- Installing: /home/albert/umov_ws/install/arduino_msgs/share/arduino_msgs/local_setup.dsv
[22.348s] -- Installing: /home/albert/umov_ws/install/arduino_msgs/share/arduino_msgs/package.dsv
[22.348s] -- Installing: /home/albert/umov_ws/install/arduino_msgs/share/ament_index/resource_index/packages/arduino_msgs
[22.348s] -- Installing: /home/albert/umov_ws/install/arduino_msgs/share/arduino_msgs/cmake/export_arduino_msgs__rosidl_generator_cExport.cmake
[22.349s] -- Installing: /home/albert/umov_ws/install/arduino_msgs/share/arduino_msgs/cmake/export_arduino_msgs__rosidl_generator_cExport-noconfig.cmake
[22.349s] -- Installing: /home/albert/umov_ws/install/arduino_msgs/share/arduino_msgs/cmake/export_arduino_msgs__rosidl_typesupport_fastrtps_cExport.cmake
[22.349s] -- Installing: /home/albert/umov_ws/install/arduino_msgs/share/arduino_msgs/cmake/export_arduino_msgs__rosidl_typesupport_fastrtps_cExport-noconfig.cmake
[22.350s] -- Installing: /home/albert/umov_ws/install/arduino_msgs/share/arduino_msgs/cmake/export_arduino_msgs__rosidl_generator_cppExport.cmake
[22.350s] -- Installing: /home/albert/umov_ws/install/arduino_msgs/share/arduino_msgs/cmake/export_arduino_msgs__rosidl_typesupport_fastrtps_cppExport.cmake
[22.350s] -- Installing: /home/albert/umov_ws/install/arduino_msgs/share/arduino_msgs/cmake/export_arduino_msgs__rosidl_typesupport_fastrtps_cppExport-noconfig.cmake
[22.350s] -- Installing: /home/albert/umov_ws/install/arduino_msgs/share/arduino_msgs/cmake/arduino_msgs__rosidl_typesupport_introspection_cExport.cmake
[22.351s] -- Installing: /home/albert/umov_ws/install/arduino_msgs/share/arduino_msgs/cmake/arduino_msgs__rosidl_typesupport_introspection_cExport-noconfig.cmake
[22.351s] -- Installing: /home/albert/umov_ws/install/arduino_msgs/share/arduino_msgs/cmake/arduino_msgs__rosidl_typesupport_cExport.cmake
[22.351s] -- Installing: /home/albert/umov_ws/install/arduino_msgs/share/arduino_msgs/cmake/arduino_msgs__rosidl_typesupport_cExport-noconfig.cmake
[22.351s] -- Installing: /home/albert/umov_ws/install/arduino_msgs/share/arduino_msgs/cmake/arduino_msgs__rosidl_typesupport_introspection_cppExport.cmake
[22.351s] -- Installing: /home/albert/umov_ws/install/arduino_msgs/share/arduino_msgs/cmake/arduino_msgs__rosidl_typesupport_introspection_cppExport-noconfig.cmake
[22.351s] -- Installing: /home/albert/umov_ws/install/arduino_msgs/share/arduino_msgs/cmake/arduino_msgs__rosidl_typesupport_cppExport.cmake
[22.352s] -- Installing: /home/albert/umov_ws/install/arduino_msgs/share/arduino_msgs/cmake/arduino_msgs__rosidl_typesupport_cppExport-noconfig.cmake
[22.352s] -- Installing: /home/albert/umov_ws/install/arduino_msgs/share/arduino_msgs/cmake/export_arduino_msgs__rosidl_generator_pyExport.cmake
[22.352s] -- Installing: /home/albert/umov_ws/install/arduino_msgs/share/arduino_msgs/cmake/export_arduino_msgs__rosidl_generator_pyExport-noconfig.cmake
[22.352s] -- Installing: /home/albert/umov_ws/install/arduino_msgs/share/arduino_msgs/cmake/rosidl_cmake-extras.cmake
[22.353s] -- Installing: /home/albert/umov_ws/install/arduino_msgs/share/arduino_msgs/cmake/ament_cmake_export_dependencies-extras.cmake
[22.353s] -- Installing: /home/albert/umov_ws/install/arduino_msgs/share/arduino_msgs/cmake/ament_cmake_export_include_directories-extras.cmake
[22.353s] -- Installing: /home/albert/umov_ws/install/arduino_msgs/share/arduino_msgs/cmake/ament_cmake_export_libraries-extras.cmake
[22.353s] -- Installing: /home/albert/umov_ws/install/arduino_msgs/share/arduino_msgs/cmake/ament_cmake_export_targets-extras.cmake
[22.353s] -- Installing: /home/albert/umov_ws/install/arduino_msgs/share/arduino_msgs/cmake/rosidl_cmake_export_typesupport_targets-extras.cmake
[22.354s] -- Installing: /home/albert/umov_ws/install/arduino_msgs/share/arduino_msgs/cmake/rosidl_cmake_export_typesupport_libraries-extras.cmake
[22.354s] -- Installing: /home/albert/umov_ws/install/arduino_msgs/share/arduino_msgs/cmake/arduino_msgsConfig.cmake
[22.354s] -- Installing: /home/albert/umov_ws/install/arduino_msgs/share/arduino_msgs/cmake/arduino_msgsConfig-version.cmake
[22.354s] -- Installing: /home/albert/umov_ws/install/arduino_msgs/share/arduino_msgs/package.xml
[22.357s] Invoked command in '/home/albert/umov_ws/build/arduino_msgs' returned '0': CMAKE_PREFIX_PATH=${CMAKE_PREFIX_PATH}:/home/albert/ws_moveit2/install/moveit_configs_utils:/home/albert/ws_moveit2/install/launch_param_builder:/home/albert/umov_ws/install/arduino_py_examples:/home/albert/udem2_ws/install/actions_py:/home/albert/udem2_ws/install/lifecycle_py:/home/albert/udem2_ws/install/executors_py:/home/albert/udem2_ws/install/components_py:/home/albert/udem_ws/install/turtlesim_catcher:/home/albert/udem_ws/install/my_py_pkg:/home/albert/udem_ws/install/lifecycle_py:/home/albert/bcdc_ws/install/agbot_teleop:/home/albert/bcdc_ws/install/agbot_py:/home/albert/arduinobot_ws/install/arduinobot_py_examples:/opt/ros/humble /home/albert/.local/bin/cmake --install /home/albert/umov_ws/build/arduino_msgs
