[0.393s] Invoking command in '/home/albert/umov_ws/build/arduinobot_moveit': CMAKE_PREFIX_PATH=${CMAKE_PREFIX_PATH}:/home/albert/ws_moveit2/install/moveit_configs_utils:/home/albert/ws_moveit2/install/launch_param_builder:/home/albert/umov_ws/install/arduino_py_examples:/home/albert/udem2_ws/install/actions_py:/home/albert/udem2_ws/install/lifecycle_py:/home/albert/udem2_ws/install/executors_py:/home/albert/udem2_ws/install/components_py:/home/albert/udem_ws/install/turtlesim_catcher:/home/albert/udem_ws/install/my_py_pkg:/home/albert/udem_ws/install/lifecycle_py:/home/albert/bcdc_ws/install/agbot_teleop:/home/albert/bcdc_ws/install/agbot_py:/home/albert/arduinobot_ws/install/arduinobot_py_examples:/opt/ros/humble /home/albert/.local/bin/cmake --build /home/albert/umov_ws/build/arduinobot_moveit -- -j8 -l8
[0.556s] Invoked command in '/home/albert/umov_ws/build/arduinobot_moveit' returned '0': CMAKE_PREFIX_PATH=${CMAKE_PREFIX_PATH}:/home/albert/ws_moveit2/install/moveit_configs_utils:/home/albert/ws_moveit2/install/launch_param_builder:/home/albert/umov_ws/install/arduino_py_examples:/home/albert/udem2_ws/install/actions_py:/home/albert/udem2_ws/install/lifecycle_py:/home/albert/udem2_ws/install/executors_py:/home/albert/udem2_ws/install/components_py:/home/albert/udem_ws/install/turtlesim_catcher:/home/albert/udem_ws/install/my_py_pkg:/home/albert/udem_ws/install/lifecycle_py:/home/albert/bcdc_ws/install/agbot_teleop:/home/albert/bcdc_ws/install/agbot_py:/home/albert/arduinobot_ws/install/arduinobot_py_examples:/opt/ros/humble /home/albert/.local/bin/cmake --build /home/albert/umov_ws/build/arduinobot_moveit -- -j8 -l8
[0.592s] Invoking command in '/home/albert/umov_ws/build/arduinobot_moveit': CMAKE_PREFIX_PATH=${CMAKE_PREFIX_PATH}:/home/albert/ws_moveit2/install/moveit_configs_utils:/home/albert/ws_moveit2/install/launch_param_builder:/home/albert/umov_ws/install/arduino_py_examples:/home/albert/udem2_ws/install/actions_py:/home/albert/udem2_ws/install/lifecycle_py:/home/albert/udem2_ws/install/executors_py:/home/albert/udem2_ws/install/components_py:/home/albert/udem_ws/install/turtlesim_catcher:/home/albert/udem_ws/install/my_py_pkg:/home/albert/udem_ws/install/lifecycle_py:/home/albert/bcdc_ws/install/agbot_teleop:/home/albert/bcdc_ws/install/agbot_py:/home/albert/arduinobot_ws/install/arduinobot_py_examples:/opt/ros/humble /home/albert/.local/bin/cmake --install /home/albert/umov_ws/build/arduinobot_moveit
[0.630s] -- Install configuration: ""
[0.630s] -- Up-to-date: /home/albert/umov_ws/install/arduinobot_moveit/share/arduinobot_moveit/launch
[0.634s] -- Up-to-date: /home/albert/umov_ws/install/arduinobot_moveit/share/arduinobot_moveit/launch/moveit.launch.py
[0.635s] -- Up-to-date: /home/albert/umov_ws/install/arduinobot_moveit/share/arduinobot_moveit/config
[0.635s] -- Up-to-date: /home/albert/umov_ws/install/arduinobot_moveit/share/arduinobot_moveit/config/planning_python_api.yaml
[0.635s] -- Up-to-date: /home/albert/umov_ws/install/arduinobot_moveit/share/arduinobot_moveit/config/old_arduinobot.srdf
[0.636s] -- Up-to-date: /home/albert/umov_ws/install/arduinobot_moveit/share/arduinobot_moveit/config/joint_limits.yaml
[0.636s] -- Up-to-date: /home/albert/umov_ws/install/arduinobot_moveit/share/arduinobot_moveit/config/moveit_controllers.yaml
[0.637s] -- Up-to-date: /home/albert/umov_ws/install/arduinobot_moveit/share/arduinobot_moveit/config/initial_positions.yaml
[0.637s] -- Up-to-date: /home/albert/umov_ws/install/arduinobot_moveit/share/arduinobot_moveit/config/pilz_cartesian_limits.yaml
[0.638s] -- Up-to-date: /home/albert/umov_ws/install/arduinobot_moveit/share/arduinobot_moveit/config/arduinobot.srdf
[0.643s] -- Up-to-date: /home/albert/umov_ws/install/arduinobot_moveit/share/arduinobot_moveit/config/kinematics.yaml
[0.654s] -- Up-to-date: /home/albert/umov_ws/install/arduinobot_moveit/share/arduinobot_moveit/config/moveit.rviz
[0.655s] -- Up-to-date: /home/albert/umov_ws/install/arduinobot_moveit/share/ament_index/resource_index/package_run_dependencies/arduinobot_moveit
[0.657s] -- Up-to-date: /home/albert/umov_ws/install/arduinobot_moveit/share/ament_index/resource_index/parent_prefix_path/arduinobot_moveit
[0.660s] -- Up-to-date: /home/albert/umov_ws/install/arduinobot_moveit/share/arduinobot_moveit/environment/ament_prefix_path.sh
[0.661s] -- Up-to-date: /home/albert/umov_ws/install/arduinobot_moveit/share/arduinobot_moveit/environment/ament_prefix_path.dsv
[0.662s] -- Up-to-date: /home/albert/umov_ws/install/arduinobot_moveit/share/arduinobot_moveit/environment/path.sh
[0.662s] -- Up-to-date: /home/albert/umov_ws/install/arduinobot_moveit/share/arduinobot_moveit/environment/path.dsv
[0.664s] -- Up-to-date: /home/albert/umov_ws/install/arduinobot_moveit/share/arduinobot_moveit/local_setup.bash
[0.664s] -- Up-to-date: /home/albert/umov_ws/install/arduinobot_moveit/share/arduinobot_moveit/local_setup.sh
[0.665s] -- Up-to-date: /home/albert/umov_ws/install/arduinobot_moveit/share/arduinobot_moveit/local_setup.zsh
[0.665s] -- Up-to-date: /home/albert/umov_ws/install/arduinobot_moveit/share/arduinobot_moveit/local_setup.dsv
[0.666s] -- Installing: /home/albert/umov_ws/install/arduinobot_moveit/share/arduinobot_moveit/package.dsv
[0.666s] -- Up-to-date: /home/albert/umov_ws/install/arduinobot_moveit/share/ament_index/resource_index/packages/arduinobot_moveit
[0.672s] -- Up-to-date: /home/albert/umov_ws/install/arduinobot_moveit/share/arduinobot_moveit/cmake/arduinobot_moveitConfig.cmake
[0.672s] -- Up-to-date: /home/albert/umov_ws/install/arduinobot_moveit/share/arduinobot_moveit/cmake/arduinobot_moveitConfig-version.cmake
[0.676s] -- Up-to-date: /home/albert/umov_ws/install/arduinobot_moveit/share/arduinobot_moveit/package.xml
[0.744s] Invoked command in '/home/albert/umov_ws/build/arduinobot_moveit' returned '0': CMAKE_PREFIX_PATH=${CMAKE_PREFIX_PATH}:/home/albert/ws_moveit2/install/moveit_configs_utils:/home/albert/ws_moveit2/install/launch_param_builder:/home/albert/umov_ws/install/arduino_py_examples:/home/albert/udem2_ws/install/actions_py:/home/albert/udem2_ws/install/lifecycle_py:/home/albert/udem2_ws/install/executors_py:/home/albert/udem2_ws/install/components_py:/home/albert/udem_ws/install/turtlesim_catcher:/home/albert/udem_ws/install/my_py_pkg:/home/albert/udem_ws/install/lifecycle_py:/home/albert/bcdc_ws/install/agbot_teleop:/home/albert/bcdc_ws/install/agbot_py:/home/albert/arduinobot_ws/install/arduinobot_py_examples:/opt/ros/humble /home/albert/.local/bin/cmake --install /home/albert/umov_ws/build/arduinobot_moveit
