[0.080s] Invoking command in '/home/albert/umov_ws/build/description': CMAKE_PREFIX_PATH=${CMAKE_PREFIX_PATH}:/home/albert/ws_moveit2/install/moveit_configs_utils:/home/albert/ws_moveit2/install/launch_param_builder:/home/albert/umov_ws/install/arduino_py_examples:/home/albert/udem2_ws/install/actions_py:/home/albert/udem2_ws/install/lifecycle_py:/home/albert/udem2_ws/install/executors_py:/home/albert/udem2_ws/install/components_py:/home/albert/udem_ws/install/turtlesim_catcher:/home/albert/udem_ws/install/my_py_pkg:/home/albert/udem_ws/install/lifecycle_py:/home/albert/bcdc_ws/install/agbot_teleop:/home/albert/bcdc_ws/install/agbot_py:/home/albert/arduinobot_ws/install/arduinobot_py_examples:/opt/ros/humble /home/albert/.local/bin/cmake /home/albert/umov_ws/src/description -DCMAKE_INSTALL_PREFIX=/home/albert/umov_ws/install/description
[0.217s] -- The C compiler identification is GNU 11.4.0
[0.352s] -- The CXX compiler identification is GNU 11.4.0
[0.375s] -- Detecting C compiler ABI info
[0.525s] -- Detecting C compiler ABI info - done
[0.563s] -- Check for working C compiler: /usr/bin/cc - skipped
[0.564s] -- Detecting C compile features
[0.565s] -- Detecting C compile features - done
[0.572s] -- Detecting CXX compiler ABI info
[0.780s] -- Detecting CXX compiler ABI info - done
[0.839s] -- Check for working CXX compiler: /usr/bin/c++ - skipped
[0.839s] -- Detecting CXX compile features
[0.840s] -- Detecting CXX compile features - done
[0.871s] -- Found ament_cmake: 1.3.11 (/opt/ros/humble/share/ament_cmake/cmake)
[1.462s] -- Found Python3: /usr/bin/python3 (found version "3.10.12") found components: Interpreter
[2.261s] -- Found urdf: 2.6.1 (/opt/ros/humble/share/urdf/cmake)
[2.972s] -- Found ament_lint_auto: 0.12.11 (/opt/ros/humble/share/ament_lint_auto/cmake)
[3.506s] -- Added test 'flake8' to check Python code syntax and style conventions
[3.516s] -- Added test 'lint_cmake' to check CMake code style
[3.528s] -- Added test 'pep257' to check Python code against some of the docstring style conventions in PEP 257
[3.546s] -- Added test 'xmllint' to check XML markup files
[3.569s] -- Configuring done (3.5s)
[3.582s] -- Generating done (0.0s)
[3.587s] -- Build files have been written to: /home/albert/umov_ws/build/description
[3.603s] Invoked command in '/home/albert/umov_ws/build/description' returned '0': CMAKE_PREFIX_PATH=${CMAKE_PREFIX_PATH}:/home/albert/ws_moveit2/install/moveit_configs_utils:/home/albert/ws_moveit2/install/launch_param_builder:/home/albert/umov_ws/install/arduino_py_examples:/home/albert/udem2_ws/install/actions_py:/home/albert/udem2_ws/install/lifecycle_py:/home/albert/udem2_ws/install/executors_py:/home/albert/udem2_ws/install/components_py:/home/albert/udem_ws/install/turtlesim_catcher:/home/albert/udem_ws/install/my_py_pkg:/home/albert/udem_ws/install/lifecycle_py:/home/albert/bcdc_ws/install/agbot_teleop:/home/albert/bcdc_ws/install/agbot_py:/home/albert/arduinobot_ws/install/arduinobot_py_examples:/opt/ros/humble /home/albert/.local/bin/cmake /home/albert/umov_ws/src/description -DCMAKE_INSTALL_PREFIX=/home/albert/umov_ws/install/description
[3.607s] Invoking command in '/home/albert/umov_ws/build/description': CMAKE_PREFIX_PATH=${CMAKE_PREFIX_PATH}:/home/albert/ws_moveit2/install/moveit_configs_utils:/home/albert/ws_moveit2/install/launch_param_builder:/home/albert/umov_ws/install/arduino_py_examples:/home/albert/udem2_ws/install/actions_py:/home/albert/udem2_ws/install/lifecycle_py:/home/albert/udem2_ws/install/executors_py:/home/albert/udem2_ws/install/components_py:/home/albert/udem_ws/install/turtlesim_catcher:/home/albert/udem_ws/install/my_py_pkg:/home/albert/udem_ws/install/lifecycle_py:/home/albert/bcdc_ws/install/agbot_teleop:/home/albert/bcdc_ws/install/agbot_py:/home/albert/arduinobot_ws/install/arduinobot_py_examples:/opt/ros/humble /home/albert/.local/bin/cmake --build /home/albert/umov_ws/build/description -- -j8 -l8
[3.663s] Invoked command in '/home/albert/umov_ws/build/description' returned '0': CMAKE_PREFIX_PATH=${CMAKE_PREFIX_PATH}:/home/albert/ws_moveit2/install/moveit_configs_utils:/home/albert/ws_moveit2/install/launch_param_builder:/home/albert/umov_ws/install/arduino_py_examples:/home/albert/udem2_ws/install/actions_py:/home/albert/udem2_ws/install/lifecycle_py:/home/albert/udem2_ws/install/executors_py:/home/albert/udem2_ws/install/components_py:/home/albert/udem_ws/install/turtlesim_catcher:/home/albert/udem_ws/install/my_py_pkg:/home/albert/udem_ws/install/lifecycle_py:/home/albert/bcdc_ws/install/agbot_teleop:/home/albert/bcdc_ws/install/agbot_py:/home/albert/arduinobot_ws/install/arduinobot_py_examples:/opt/ros/humble /home/albert/.local/bin/cmake --build /home/albert/umov_ws/build/description -- -j8 -l8
[3.665s] Invoking command in '/home/albert/umov_ws/build/description': CMAKE_PREFIX_PATH=${CMAKE_PREFIX_PATH}:/home/albert/ws_moveit2/install/moveit_configs_utils:/home/albert/ws_moveit2/install/launch_param_builder:/home/albert/umov_ws/install/arduino_py_examples:/home/albert/udem2_ws/install/actions_py:/home/albert/udem2_ws/install/lifecycle_py:/home/albert/udem2_ws/install/executors_py:/home/albert/udem2_ws/install/components_py:/home/albert/udem_ws/install/turtlesim_catcher:/home/albert/udem_ws/install/my_py_pkg:/home/albert/udem_ws/install/lifecycle_py:/home/albert/bcdc_ws/install/agbot_teleop:/home/albert/bcdc_ws/install/agbot_py:/home/albert/arduinobot_ws/install/arduinobot_py_examples:/opt/ros/humble /home/albert/.local/bin/cmake --install /home/albert/umov_ws/build/description
[3.672s] -- Install configuration: ""
[3.672s] -- Installing: /home/albert/umov_ws/install/description/share/description/launch
[3.672s] -- Installing: /home/albert/umov_ws/install/description/share/description/launch/gazebo.launch.py
[3.673s] -- Installing: /home/albert/umov_ws/install/description/share/description/launch/orig_gazebo.launch.py
[3.673s] -- Installing: /home/albert/umov_ws/install/description/share/description/launch/display.launch.py
[3.673s] -- Installing: /home/albert/umov_ws/install/description/share/description/meshes
[3.673s] -- Installing: /home/albert/umov_ws/install/description/share/description/meshes/right_finger.STL
[3.678s] -- Installing: /home/albert/umov_ws/install/description/share/description/meshes/triangular_link.STL
[3.742s] -- Installing: /home/albert/umov_ws/install/description/share/description/meshes/round_plate.STL
[3.750s] -- Installing: /home/albert/umov_ws/install/description/share/description/meshes/left_finger.STL
[3.752s] -- Installing: /home/albert/umov_ws/install/description/share/description/meshes/vertical_drive_arm.STL
[3.765s] -- Installing: /home/albert/umov_ws/install/description/share/description/meshes/claw_support.STL
[3.767s] -- Installing: /home/albert/umov_ws/install/description/share/description/meshes/link.STL
[3.784s] -- Installing: /home/albert/umov_ws/install/description/share/description/meshes/horizontal_arm.STL
[3.846s] -- Installing: /home/albert/umov_ws/install/description/share/description/meshes/basement.STL
[3.852s] -- Installing: /home/albert/umov_ws/install/description/share/description/meshes/forward_drive_arm.STL
[3.884s] -- Installing: /home/albert/umov_ws/install/description/share/description/meshes/servo_plate.STL
[3.888s] -- Installing: /home/albert/umov_ws/install/description/share/description/meshes/plate.STL
[3.920s] -- Installing: /home/albert/umov_ws/install/description/share/description/meshes/base_plate.STL
[3.937s] -- Installing: /home/albert/umov_ws/install/description/share/description/meshes/pi_camera.STL
[3.947s] -- Installing: /home/albert/umov_ws/install/description/share/description/models
[3.949s] -- Installing: /home/albert/umov_ws/install/description/share/description/models/ground_plane
[3.949s] -- Installing: /home/albert/umov_ws/install/description/share/description/models/ground_plane/model-1_2.sdf
[3.949s] -- Installing: /home/albert/umov_ws/install/description/share/description/models/ground_plane/model-1_3.sdf
[3.949s] -- Installing: /home/albert/umov_ws/install/description/share/description/models/ground_plane/model.config
[3.949s] -- Installing: /home/albert/umov_ws/install/description/share/description/models/ground_plane/model.sdf
[3.950s] -- Installing: /home/albert/umov_ws/install/description/share/description/models/ground_plane/model-1_4.sdf
[3.950s] -- Installing: /home/albert/umov_ws/install/description/share/description/models/sun
[3.951s] -- Installing: /home/albert/umov_ws/install/description/share/description/models/sun/model-1_2.sdf
[3.952s] -- Installing: /home/albert/umov_ws/install/description/share/description/models/sun/model-1_3.sdf
[3.952s] -- Installing: /home/albert/umov_ws/install/description/share/description/models/sun/model.config
[3.952s] -- Installing: /home/albert/umov_ws/install/description/share/description/models/sun/model.sdf
[3.953s] -- Installing: /home/albert/umov_ws/install/description/share/description/models/sun/model-1_4.sdf
[3.954s] -- Installing: /home/albert/umov_ws/install/description/share/description/urdf
[3.954s] -- Installing: /home/albert/umov_ws/install/description/share/description/urdf/common_properties.xacro
[3.955s] -- Installing: /home/albert/umov_ws/install/description/share/description/urdf/arduino_ros2_control.xacro
[3.955s] -- Installing: /home/albert/umov_ws/install/description/share/description/urdf/arduino.urdf.xacro
[3.956s] -- Installing: /home/albert/umov_ws/install/description/share/description/urdf/arduino_gazebo.xacro
[3.956s] -- Installing: /home/albert/umov_ws/install/description/share/description/rviz
[3.957s] -- Installing: /home/albert/umov_ws/install/description/share/description/rviz/display.rviz
[3.957s] -- Installing: /home/albert/umov_ws/install/description/share/ament_index/resource_index/package_run_dependencies/description
[3.958s] -- Installing: /home/albert/umov_ws/install/description/share/ament_index/resource_index/parent_prefix_path/description
[3.959s] -- Installing: /home/albert/umov_ws/install/description/share/description/environment/ament_prefix_path.sh
[3.959s] -- Installing: /home/albert/umov_ws/install/description/share/description/environment/ament_prefix_path.dsv
[3.960s] -- Installing: /home/albert/umov_ws/install/description/share/description/environment/path.sh
[3.961s] -- Installing: /home/albert/umov_ws/install/description/share/description/environment/path.dsv
[3.961s] -- Installing: /home/albert/umov_ws/install/description/share/description/local_setup.bash
[3.962s] -- Installing: /home/albert/umov_ws/install/description/share/description/local_setup.sh
[3.965s] -- Installing: /home/albert/umov_ws/install/description/share/description/local_setup.zsh
[3.965s] -- Installing: /home/albert/umov_ws/install/description/share/description/local_setup.dsv
[3.965s] -- Installing: /home/albert/umov_ws/install/description/share/description/package.dsv
[3.965s] -- Installing: /home/albert/umov_ws/install/description/share/ament_index/resource_index/packages/description
[3.966s] -- Installing: /home/albert/umov_ws/install/description/share/description/cmake/descriptionConfig.cmake
[3.966s] -- Installing: /home/albert/umov_ws/install/description/share/description/cmake/descriptionConfig-version.cmake
[3.966s] -- Installing: /home/albert/umov_ws/install/description/share/description/package.xml
[3.972s] Invoked command in '/home/albert/umov_ws/build/description' returned '0': CMAKE_PREFIX_PATH=${CMAKE_PREFIX_PATH}:/home/albert/ws_moveit2/install/moveit_configs_utils:/home/albert/ws_moveit2/install/launch_param_builder:/home/albert/umov_ws/install/arduino_py_examples:/home/albert/udem2_ws/install/actions_py:/home/albert/udem2_ws/install/lifecycle_py:/home/albert/udem2_ws/install/executors_py:/home/albert/udem2_ws/install/components_py:/home/albert/udem_ws/install/turtlesim_catcher:/home/albert/udem_ws/install/my_py_pkg:/home/albert/udem_ws/install/lifecycle_py:/home/albert/bcdc_ws/install/agbot_teleop:/home/albert/bcdc_ws/install/agbot_py:/home/albert/arduinobot_ws/install/arduinobot_py_examples:/opt/ros/humble /home/albert/.local/bin/cmake --install /home/albert/umov_ws/build/description
