[0.052s] Invoking command in '/home/albert/umov_ws/build/arduino_firmware': CMAKE_PREFIX_PATH=${CMAKE_PREFIX_PATH}:/home/albert/ag_arm_ws/install/arm_py:/home/albert/ws_moveit2/install/moveit_configs_utils:/home/albert/ws_moveit2/install/launch_param_builder:/home/albert/umov_ws/install/arduino_py_examples:/home/albert/udem2_ws/install/actions_py:/home/albert/udem2_ws/install/lifecycle_py:/home/albert/udem2_ws/install/executors_py:/home/albert/udem2_ws/install/components_py:/home/albert/udem_ws/install/turtlesim_catcher:/home/albert/udem_ws/install/my_py_pkg:/home/albert/udem_ws/install/lifecycle_py:/home/albert/bcdc_ws/install/agbot_teleop:/home/albert/bcdc_ws/install/agbot_py:/home/albert/arduinobot_ws/install/arduinobot_py_examples:/opt/ros/humble /home/albert/.local/bin/cmake --build /home/albert/umov_ws/build/arduino_firmware -- -j8 -l8
[0.147s] [  0%] Built target ament_cmake_python_copy_arduino_firmware
[0.149s] [ 50%] Built target simple_serial_receiver
[0.153s] [100%] Built target simple_serial_transmitter
[0.696s] running egg_info
[0.697s] writing arduino_firmware.egg-info/PKG-INFO
[0.697s] writing dependency_links to arduino_firmware.egg-info/dependency_links.txt
[0.697s] writing top-level names to arduino_firmware.egg-info/top_level.txt
[0.700s] reading manifest file 'arduino_firmware.egg-info/SOURCES.txt'
[0.701s] writing manifest file 'arduino_firmware.egg-info/SOURCES.txt'
[0.749s] [100%] Built target ament_cmake_python_build_arduino_firmware_egg
[0.750s] Invoked command in '/home/albert/umov_ws/build/arduino_firmware' returned '0': CMAKE_PREFIX_PATH=${CMAKE_PREFIX_PATH}:/home/albert/ag_arm_ws/install/arm_py:/home/albert/ws_moveit2/install/moveit_configs_utils:/home/albert/ws_moveit2/install/launch_param_builder:/home/albert/umov_ws/install/arduino_py_examples:/home/albert/udem2_ws/install/actions_py:/home/albert/udem2_ws/install/lifecycle_py:/home/albert/udem2_ws/install/executors_py:/home/albert/udem2_ws/install/components_py:/home/albert/udem_ws/install/turtlesim_catcher:/home/albert/udem_ws/install/my_py_pkg:/home/albert/udem_ws/install/lifecycle_py:/home/albert/bcdc_ws/install/agbot_teleop:/home/albert/bcdc_ws/install/agbot_py:/home/albert/arduinobot_ws/install/arduinobot_py_examples:/opt/ros/humble /home/albert/.local/bin/cmake --build /home/albert/umov_ws/build/arduino_firmware -- -j8 -l8
[0.755s] Invoking command in '/home/albert/umov_ws/build/arduino_firmware': CMAKE_PREFIX_PATH=${CMAKE_PREFIX_PATH}:/home/albert/ag_arm_ws/install/arm_py:/home/albert/ws_moveit2/install/moveit_configs_utils:/home/albert/ws_moveit2/install/launch_param_builder:/home/albert/umov_ws/install/arduino_py_examples:/home/albert/udem2_ws/install/actions_py:/home/albert/udem2_ws/install/lifecycle_py:/home/albert/udem2_ws/install/executors_py:/home/albert/udem2_ws/install/components_py:/home/albert/udem_ws/install/turtlesim_catcher:/home/albert/udem_ws/install/my_py_pkg:/home/albert/udem_ws/install/lifecycle_py:/home/albert/bcdc_ws/install/agbot_teleop:/home/albert/bcdc_ws/install/agbot_py:/home/albert/arduinobot_ws/install/arduinobot_py_examples:/opt/ros/humble /home/albert/.local/bin/cmake --install /home/albert/umov_ws/build/arduino_firmware
[0.760s] -- Install configuration: ""
[0.761s] -- Up-to-date: /home/albert/umov_ws/install/arduino_firmware/share/arduino_firmware/environment/pythonpath.sh
[0.761s] -- Up-to-date: /home/albert/umov_ws/install/arduino_firmware/share/arduino_firmware/environment/pythonpath.dsv
[0.761s] -- Up-to-date: /home/albert/umov_ws/install/arduino_firmware/local/lib/python3.10/dist-packages/arduino_firmware-0.0.0-py3.10.egg-info
[0.762s] -- Installing: /home/albert/umov_ws/install/arduino_firmware/local/lib/python3.10/dist-packages/arduino_firmware-0.0.0-py3.10.egg-info/SOURCES.txt
[0.762s] -- Installing: /home/albert/umov_ws/install/arduino_firmware/local/lib/python3.10/dist-packages/arduino_firmware-0.0.0-py3.10.egg-info/top_level.txt
[0.762s] -- Installing: /home/albert/umov_ws/install/arduino_firmware/local/lib/python3.10/dist-packages/arduino_firmware-0.0.0-py3.10.egg-info/PKG-INFO
[0.762s] -- Installing: /home/albert/umov_ws/install/arduino_firmware/local/lib/python3.10/dist-packages/arduino_firmware-0.0.0-py3.10.egg-info/dependency_links.txt
[0.763s] -- Up-to-date: /home/albert/umov_ws/install/arduino_firmware/local/lib/python3.10/dist-packages/arduino_firmware
[0.763s] -- Up-to-date: /home/albert/umov_ws/install/arduino_firmware/local/lib/python3.10/dist-packages/arduino_firmware/simple_serial_receiver.py
[0.763s] -- Up-to-date: /home/albert/umov_ws/install/arduino_firmware/local/lib/python3.10/dist-packages/arduino_firmware/__init__.py
[0.763s] -- Up-to-date: /home/albert/umov_ws/install/arduino_firmware/local/lib/python3.10/dist-packages/arduino_firmware/simple_serial_transmitter.py
[0.763s] -- Up-to-date: /home/albert/umov_ws/install/arduino_firmware/local/lib/python3.10/dist-packages/arduino_firmware/simple_serial_receiver
[0.763s] -- Up-to-date: /home/albert/umov_ws/install/arduino_firmware/local/lib/python3.10/dist-packages/arduino_firmware/simple_serial_receiver/simple_serial_receiver.ino
[0.841s] Listing '/home/albert/umov_ws/install/arduino_firmware/local/lib/python3.10/dist-packages/arduino_firmware'...
[0.841s] Listing '/home/albert/umov_ws/install/arduino_firmware/local/lib/python3.10/dist-packages/arduino_firmware/simple_serial_receiver'...
[0.854s] -- Up-to-date: /home/albert/umov_ws/install/arduino_firmware/lib/arduino_firmware/simple_serial_transmitter
[0.854s] -- Up-to-date: /home/albert/umov_ws/install/arduino_firmware/lib/arduino_firmware/simple_serial_receiver
[0.854s] -- Up-to-date: /home/albert/umov_ws/install/arduino_firmware/lib/arduino_firmware/simple_serial_transmitter.py
[0.855s] -- Up-to-date: /home/albert/umov_ws/install/arduino_firmware/lib/arduino_firmware/simple_serial_receiver.py
[0.855s] -- Up-to-date: /home/albert/umov_ws/install/arduino_firmware/share/ament_index/resource_index/package_run_dependencies/arduino_firmware
[0.855s] -- Up-to-date: /home/albert/umov_ws/install/arduino_firmware/share/ament_index/resource_index/parent_prefix_path/arduino_firmware
[0.855s] -- Up-to-date: /home/albert/umov_ws/install/arduino_firmware/share/arduino_firmware/environment/ament_prefix_path.sh
[0.855s] -- Up-to-date: /home/albert/umov_ws/install/arduino_firmware/share/arduino_firmware/environment/ament_prefix_path.dsv
[0.855s] -- Up-to-date: /home/albert/umov_ws/install/arduino_firmware/share/arduino_firmware/environment/path.sh
[0.855s] -- Up-to-date: /home/albert/umov_ws/install/arduino_firmware/share/arduino_firmware/environment/path.dsv
[0.855s] -- Up-to-date: /home/albert/umov_ws/install/arduino_firmware/share/arduino_firmware/local_setup.bash
[0.856s] -- Up-to-date: /home/albert/umov_ws/install/arduino_firmware/share/arduino_firmware/local_setup.sh
[0.856s] -- Up-to-date: /home/albert/umov_ws/install/arduino_firmware/share/arduino_firmware/local_setup.zsh
[0.856s] -- Up-to-date: /home/albert/umov_ws/install/arduino_firmware/share/arduino_firmware/local_setup.dsv
[0.856s] -- Installing: /home/albert/umov_ws/install/arduino_firmware/share/arduino_firmware/package.dsv
[0.856s] -- Up-to-date: /home/albert/umov_ws/install/arduino_firmware/share/ament_index/resource_index/packages/arduino_firmware
[0.857s] -- Up-to-date: /home/albert/umov_ws/install/arduino_firmware/share/arduino_firmware/cmake/arduino_firmwareConfig.cmake
[0.857s] -- Up-to-date: /home/albert/umov_ws/install/arduino_firmware/share/arduino_firmware/cmake/arduino_firmwareConfig-version.cmake
[0.857s] -- Up-to-date: /home/albert/umov_ws/install/arduino_firmware/share/arduino_firmware/package.xml
[0.980s] Invoked command in '/home/albert/umov_ws/build/arduino_firmware' returned '0': CMAKE_PREFIX_PATH=${CMAKE_PREFIX_PATH}:/home/albert/ag_arm_ws/install/arm_py:/home/albert/ws_moveit2/install/moveit_configs_utils:/home/albert/ws_moveit2/install/launch_param_builder:/home/albert/umov_ws/install/arduino_py_examples:/home/albert/udem2_ws/install/actions_py:/home/albert/udem2_ws/install/lifecycle_py:/home/albert/udem2_ws/install/executors_py:/home/albert/udem2_ws/install/components_py:/home/albert/udem_ws/install/turtlesim_catcher:/home/albert/udem_ws/install/my_py_pkg:/home/albert/udem_ws/install/lifecycle_py:/home/albert/bcdc_ws/install/agbot_teleop:/home/albert/bcdc_ws/install/agbot_py:/home/albert/arduinobot_ws/install/arduinobot_py_examples:/opt/ros/humble /home/albert/.local/bin/cmake --install /home/albert/umov_ws/build/arduino_firmware
