[  0%] Built target ament_cmake_python_copy_arduinobot_remote
[ 50%] Built target task_server_node
[ 75%] [32mBuilding CXX object CMakeFiles/task_server.dir/src/task_server.cpp.o[0m
running egg_info
writing arduinobot_remote.egg-info/PKG-INFO
writing dependency_links to arduinobot_remote.egg-info/dependency_links.txt
writing top-level names to arduinobot_remote.egg-info/top_level.txt
reading manifest file 'arduinobot_remote.egg-info/SOURCES.txt'
writing manifest file 'arduinobot_remote.egg-info/SOURCES.txt'
[ 75%] Built target ament_cmake_python_build_arduinobot_remote_egg
[01m[K/home/albert/umov_ws/src/arduinobot_remote/src/task_server.cpp:39:67:[m[K [01;31m[Kerror: [m[K‘[01m[Knode[m[K’ has not been declared
   39 |     moveit::planning_interface::MoveGroupInterface arm_move_group([01;31m[Knode[m[K, "arm");
      |                                                                   [01;31m[K^~~~[m[K
[01m[K/home/albert/umov_ws/src/arduinobot_remote/src/task_server.cpp:39:73:[m[K [01;31m[Kerror: [m[Kexpected identifier before string constant
   39 |     moveit::planning_interface::MoveGroupInterface arm_move_group(node, [01;31m[K"arm"[m[K);
      |                                                                         [01;31m[K^~~~~[m[K
[01m[K/home/albert/umov_ws/src/arduinobot_remote/src/task_server.cpp:39:73:[m[K [01;31m[Kerror: [m[Kexpected ‘[01m[K,[m[K’ or ‘[01m[K...[m[K’ before string constant
[01m[K/home/albert/umov_ws/src/arduinobot_remote/src/task_server.cpp:40:71:[m[K [01;31m[Kerror: [m[K‘[01m[Knode[m[K’ has not been declared
   40 |     moveit::planning_interface::MoveGroupInterface gripper_move_group([01;31m[Knode[m[K, "gripper");
      |                                                                       [01;31m[K^~~~[m[K
[01m[K/home/albert/umov_ws/src/arduinobot_remote/src/task_server.cpp:40:77:[m[K [01;31m[Kerror: [m[Kexpected identifier before string constant
   40 |     moveit::planning_interface::MoveGroupInterface gripper_move_group(node, [01;31m[K"gripper"[m[K);
      |                                                                             [01;31m[K^~~~~~~~~[m[K
[01m[K/home/albert/umov_ws/src/arduinobot_remote/src/task_server.cpp:40:77:[m[K [01;31m[Kerror: [m[Kexpected ‘[01m[K,[m[K’ or ‘[01m[K...[m[K’ before string constant
In file included from [01m[K/usr/include/c++/11/pstl/glue_algorithm_defs.h:13[m[K,
                 from [01m[K/usr/include/c++/11/algorithm:74[m[K,
                 from [01m[K/opt/ros/humble/include/rclcpp/rclcpp/executor.hpp:18[m[K,
                 from [01m[K/opt/ros/humble/include/rclcpp/rclcpp/executors/multi_threaded_executor.hpp:25[m[K,
                 from [01m[K/opt/ros/humble/include/rclcpp/rclcpp/executors.hpp:21[m[K,
                 from [01m[K/opt/ros/humble/include/rclcpp/rclcpp/rclcpp.hpp:155[m[K,
                 from [01m[K/home/albert/umov_ws/src/arduinobot_remote/src/task_server.cpp:1[m[K:
/usr/include/c++/11/functional: In instantiation of ‘[01m[Kstruct std::_Bind_check_arity<rclcpp_action::GoalResponse (TaskServer::*)(std::shared_ptr<const arduinobot_msgs::action::ArduinobotTask_Goal_<std::allocator<void> > >), TaskServer*, const std::_Placeholder<1>&, const std::_Placeholder<2>&>[m[K’:
[01m[K/usr/include/c++/11/functional:768:12:[m[K   required from ‘[01m[Kstruct std::_Bind_helper<false, rclcpp_action::GoalResponse (TaskServer::*)(std::shared_ptr<const arduinobot_msgs::action::ArduinobotTask_Goal_<std::allocator<void> > >), TaskServer*, const std::_Placeholder<1>&, const std::_Placeholder<2>&>[m[K’
[01m[K/usr/include/c++/11/functional:789:5:[m[K   required by substitution of ‘[01m[Ktemplate<class _Func, class ... _BoundArgs> typename std::_Bind_helper<std::__is_socketlike<_Func>::value, _Func, _BoundArgs ...>::type std::bind(_Func&&, _BoundArgs&& ...) [with _Func = rclcpp_action::GoalResponse (TaskServer::*)(std::shared_ptr<const arduinobot_msgs::action::ArduinobotTask_Goal_<std::allocator<void> > >); _BoundArgs = {TaskServer*, const std::_Placeholder<1>&, const std::_Placeholder<2>&}][m[K’
[01m[K/home/albert/umov_ws/src/arduinobot_remote/src/task_server.cpp:27:22:[m[K   required from here
[01m[K/usr/include/c++/11/functional:756:21:[m[K [01;31m[Kerror: [m[Kstatic assertion failed: Wrong number of arguments for pointer-to-member
  755 |       static_assert(_Varargs::[01;31m[Kvalue[m[K
      |                               [01;31m[K~~~~~[m[K
  756 | [01;31m[K                    ? sizeof...(_BoundArgs) >= _Arity::value + 1[m[K
      |                     [01;31m[K^~~~~~~~~~~~~~~~~~~~~~~~~~~~~~~~~~~~~~~~~~~~[m[K
  757 | [01;31m[K                    : sizeof...(_BoundArgs) == _Arity::value + 1[m[K,
      |                     [01;31m[K~~~~~~~~~~~~~~~~~~~~~~~~~~~~~~~~~~~~~~~~~~~~[m[K
[01m[K/usr/include/c++/11/functional:756:21:[m[K [01;36m[Knote: [m[K‘[01m[K(false ? (3 >= (((long unsigned int)std::integral_constant<long unsigned int, 1>::value) + 1)) : (3 == (((long unsigned int)std::integral_constant<long unsigned int, 1>::value) + 1)))[m[K’ evaluates to false
[01m[K/home/albert/umov_ws/src/arduinobot_remote/src/task_server.cpp:[m[K In constructor ‘[01m[KTaskServer::TaskServer()[m[K’:
[01m[K/home/albert/umov_ws/src/arduinobot_remote/src/task_server.cpp:24:63:[m[K [01;31m[Kerror: [m[Kno matching function for call to ‘[01m[Kcreate_server<RobotTask>(TaskServer*, const char [12], std::_Bind_helper<false, rclcpp_action::GoalResponse (TaskServer::*)(std::shared_ptr<const arduinobot_msgs::action::ArduinobotTask_Goal_<std::allocator<void> > >), TaskServer*, const std::_Placeholder<1>&, const std::_Placeholder<2>&>::type, std::_Bind_helper<false, rclcpp_action::CancelResponse (TaskServer::*)(std::shared_ptr<rclcpp_action::ServerGoalHandle<arduinobot_msgs::action::ArduinobotTask> >), TaskServer*, const std::_Placeholder<1>&>::type, std::_Bind_helper<false, void (TaskServer::*)(std::shared_ptr<rclcpp_action::ServerGoalHandle<arduinobot_msgs::action::ArduinobotTask> >), TaskServer*, const std::_Placeholder<1>&>::type, rcl_action_server_options_t, rclcpp::CallbackGroup::SharedPtr&)[m[K’
   24 |         task_server_ = [01;31m[Krclcpp_action::create_server<RobotTask>([m[K
      |                        [01;31m[K~~~~~~~~~~~~~~~~~~~~~~~~~~~~~~~~~~~~~~~^[m[K
   25 | [01;31m[K            this,[m[K
      |             [01;31m[K~~~~~[m[K                                              
   26 | [01;31m[K            "task_server",[m[K
      |             [01;31m[K~~~~~~~~~~~~~~[m[K                                     
   27 | [01;31m[K            std::bind(&TaskServer::goal_callback, this, _1, _2 ),[m[K
      |             [01;31m[K~~~~~~~~~~~~~~~~~~~~~~~~~~~~~~~~~~~~~~~~~~~~~~~~~~~~~[m[K
   28 | [01;31m[K            std::bind(&TaskServer::cancel_callback, this, _1),[m[K
      |             [01;31m[K~~~~~~~~~~~~~~~~~~~~~~~~~~~~~~~~~~~~~~~~~~~~~~~~~~[m[K 
   29 | [01;31m[K            std::bind(&TaskServer::handle_accepted_callback, this, _1),[m[K
      |             [01;31m[K~~~~~~~~~~~~~~~~~~~~~~~~~~~~~~~~~~~~~~~~~~~~~~~~~~~~~~~~~~~[m[K
   30 | [01;31m[K            rcl_action_server_get_default_options(),[m[K
      |             [01;31m[K~~~~~~~~~~~~~~~~~~~~~~~~~~~~~~~~~~~~~~~~[m[K           
   31 | [01;31m[K            cb_group_[m[K
      |             [01;31m[K~~~~~~~~~[m[K                                          
   32 | [01;31m[K        )[m[K;
      |         [01;31m[K~[m[K                                                      
In file included from [01m[K/opt/ros/humble/include/rclcpp_action/rclcpp_action/rclcpp_action.hpp:39[m[K,
                 from [01m[K/home/albert/umov_ws/src/arduinobot_remote/src/task_server.cpp:2[m[K:
[01m[K/opt/ros/humble/include/rclcpp_action/rclcpp_action/create_server.hpp:58:1:[m[K [01;36m[Knote: [m[Kcandidate: ‘[01m[Ktypename rclcpp_action::Server<ActionT>::SharedPtr rclcpp_action::create_server(rclcpp::node_interfaces::NodeBaseInterface::SharedPtr, rclcpp::node_interfaces::NodeClockInterface::SharedPtr, rclcpp::node_interfaces::NodeLoggingInterface::SharedPtr, rclcpp::node_interfaces::NodeWaitablesInterface::SharedPtr, const string&, typename rclcpp_action::Server<ActionT>::GoalCallback, typename rclcpp_action::Server<ActionT>::CancelCallback, typename rclcpp_action::Server<ActionT>::AcceptedCallback, const rcl_action_server_options_t&, rclcpp::CallbackGroup::SharedPtr) [with ActionT = arduinobot_msgs::action::ArduinobotTask; typename rclcpp_action::Server<ActionT>::SharedPtr = std::shared_ptr<rclcpp_action::Server<arduinobot_msgs::action::ArduinobotTask> >; rclcpp::node_interfaces::NodeBaseInterface::SharedPtr = std::shared_ptr<rclcpp::node_interfaces::NodeBaseInterface>; rclcpp::node_interfaces::NodeClockInterface::SharedPtr = std::shared_ptr<rclcpp::node_interfaces::NodeClockInterface>; rclcpp::node_interfaces::NodeLoggingInterface::SharedPtr = std::shared_ptr<rclcpp::node_interfaces::NodeLoggingInterface>; rclcpp::node_interfaces::NodeWaitablesInterface::SharedPtr = std::shared_ptr<rclcpp::node_interfaces::NodeWaitablesInterface>; std::string = std::__cxx11::basic_string<char>; typename rclcpp_action::Server<ActionT>::GoalCallback = std::function<rclcpp_action::GoalResponse(const std::array<unsigned char, 16>&, std::shared_ptr<const arduinobot_msgs::action::ArduinobotTask_Goal_<std::allocator<void> > >)>; typename rclcpp_action::Server<ActionT>::CancelCallback = std::function<rclcpp_action::CancelResponse(std::shared_ptr<rclcpp_action::ServerGoalHandle<arduinobot_msgs::action::ArduinobotTask> >)>; typename rclcpp_action::Server<ActionT>::AcceptedCallback = std::function<void(std::shared_ptr<rclcpp_action::ServerGoalHandle<arduinobot_msgs::action::ArduinobotTask> >)>; rcl_action_server_options_t = rcl_action_server_options_s; rclcpp::CallbackGroup::SharedPtr = std::shared_ptr<rclcpp::CallbackGroup>][m[K’
   58 | [01;36m[Kcreate_server[m[K(
      | [01;36m[K^~~~~~~~~~~~~[m[K
[01m[K/opt/ros/humble/include/rclcpp_action/rclcpp_action/create_server.hpp:58:1:[m[K [01;36m[Knote: [m[K  candidate expects 10 arguments, 7 provided
[01m[K/opt/ros/humble/include/rclcpp_action/rclcpp_action/create_server.hpp:132:1:[m[K [01;36m[Knote: [m[Kcandidate: ‘[01m[Ktemplate<class ActionT, class NodeT> typename rclcpp_action::Server<ActionT>::SharedPtr rclcpp_action::create_server(NodeT, const string&, typename rclcpp_action::Server<ActionT>::GoalCallback, typename rclcpp_action::Server<ActionT>::CancelCallback, typename rclcpp_action::Server<ActionT>::AcceptedCallback, const rcl_action_server_options_t&, rclcpp::CallbackGroup::SharedPtr)[m[K’
  132 | [01;36m[Kcreate_server[m[K(
      | [01;36m[K^~~~~~~~~~~~~[m[K
[01m[K/opt/ros/humble/include/rclcpp_action/rclcpp_action/create_server.hpp:132:1:[m[K [01;36m[Knote: [m[K  template argument deduction/substitution failed:
[01m[K/home/albert/umov_ws/src/arduinobot_remote/src/task_server.cpp:27:22:[m[K [01;36m[Knote: [m[K  cannot convert ‘[01m[Kstd::bind(_Func&&, _BoundArgs&& ...) [with _Func = rclcpp_action::GoalResponse (TaskServer::*)(std::shared_ptr<const arduinobot_msgs::action::ArduinobotTask_Goal_<std::allocator<void> > >); _BoundArgs = {TaskServer*, const std::_Placeholder<1>&, const std::_Placeholder<2>&}; typename std::_Bind_helper<std::__is_socketlike<_Func>::value, _Func, _BoundArgs ...>::type = std::_Bind_helper<false, rclcpp_action::GoalResponse (TaskServer::*)(std::shared_ptr<const arduinobot_msgs::action::ArduinobotTask_Goal_<std::allocator<void> > >), TaskServer*, const std::_Placeholder<1>&, const std::_Placeholder<2>&>::type; std::__is_socketlike<_Func> = std::__is_socketlike<rclcpp_action::GoalResponse (TaskServer::*)(std::shared_ptr<const arduinobot_msgs::action::ArduinobotTask_Goal_<std::allocator<void> > >), rclcpp_action::GoalResponse (TaskServer::*)(std::shared_ptr<const arduinobot_msgs::action::ArduinobotTask_Goal_<std::allocator<void> > >)>; typename std::decay<_Tp>::type = rclcpp_action::GoalResponse (TaskServer::*)(std::shared_ptr<const arduinobot_msgs::action::ArduinobotTask_Goal_<std::allocator<void> > >)](((TaskServer*)this), std::placeholders::_1, std::placeholders::_2)[m[K’ (type ‘[01m[Kstd::_Bind_helper<false, rclcpp_action::GoalResponse (TaskServer::*)(std::shared_ptr<const arduinobot_msgs::action::ArduinobotTask_Goal_<std::allocator<void> > >), TaskServer*, const std::_Placeholder<1>&, const std::_Placeholder<2>&>::type[m[K’) to type ‘[01m[Krclcpp_action::Server<arduinobot_msgs::action::ArduinobotTask>::GoalCallback[m[K’ {aka ‘[01m[Kstd::function<rclcpp_action::GoalResponse(const std::array<unsigned char, 16>&, std::shared_ptr<const arduinobot_msgs::action::ArduinobotTask_Goal_<std::allocator<void> > >)>[m[K’}
   27 |             [01;36m[Kstd::bind(&TaskServer::goal_callback, this, _1, _2 )[m[K,
      |             [01;36m[K~~~~~~~~~^~~~~~~~~~~~~~~~~~~~~~~~~~~~~~~~~~~~~~~~~~~[m[K
[01m[K/home/albert/umov_ws/src/arduinobot_remote/src/task_server.cpp:[m[K In member function ‘[01m[Krclcpp_action::GoalResponse TaskServer::goal_callback(std::shared_ptr<const arduinobot_msgs::action::ArduinobotTask_Goal_<std::allocator<void> > >)[m[K’:
[01m[K/home/albert/umov_ws/src/arduinobot_remote/src/task_server.cpp:47:15:[m[K [01;31m[Kerror: [m[K‘[01m[Kuuid[m[K’ was not declared in this scope
   47 |         (void)[01;31m[Kuuid[m[K;
      |               [01;31m[K^~~~[m[K
[01m[K/home/albert/umov_ws/src/arduinobot_remote/src/task_server.cpp:[m[K In member function ‘[01m[Krclcpp_action::CancelResponse TaskServer::cancel_callback(std::shared_ptr<rclcpp_action::ServerGoalHandle<arduinobot_msgs::action::ArduinobotTask> >)[m[K’:
[01m[K/home/albert/umov_ws/src/arduinobot_remote/src/task_server.cpp:56:9:[m[K [01;31m[Kerror: [m[K‘[01m[Karm_move_group_[m[K’ was not declared in this scope; did you mean ‘[01m[Karm_move_group[m[K’?
   56 |     if ([01;31m[Karm_move_group_[m[K){
      |         [01;31m[K^~~~~~~~~~~~~~~[m[K
      |         [32m[Karm_move_group[m[K
[01m[K/home/albert/umov_ws/src/arduinobot_remote/src/task_server.cpp:59:9:[m[K [01;31m[Kerror: [m[K‘[01m[Kgripper_move_group_[m[K’ was not declared in this scope; did you mean ‘[01m[Kgripper_move_group[m[K’?
   59 |     if ([01;31m[Kgripper_move_group_[m[K){
      |         [01;31m[K^~~~~~~~~~~~~~~~~~~[m[K
      |         [32m[Kgripper_move_group[m[K
[01m[K/home/albert/umov_ws/src/arduinobot_remote/src/task_server.cpp:[m[K In member function ‘[01m[Kvoid TaskServer::handle_accepted_callback(std::shared_ptr<rclcpp_action::ServerGoalHandle<arduinobot_msgs::action::ArduinobotTask> >)[m[K’:
[01m[K/home/albert/umov_ws/src/arduinobot_remote/src/task_server.cpp:70:45:[m[K [01;31m[Kerror: [m[K‘[01m[Kexecute[m[K’ is not a member of ‘[01m[KTaskServer[m[K’
   70 |         std::thread{ std::bind(&TaskServer::[01;31m[Kexecute[m[K, this, _1), goal_handle}.detach();
      |                                             [01;31m[K^~~~~~~[m[K
[01m[K/home/albert/umov_ws/src/arduinobot_remote/src/task_server.cpp:70:76:[m[K [01;31m[Kerror: [m[Kno matching function for call to ‘[01m[Kstd::thread::thread(<brace-enclosed initializer list>)[m[K’
   70 |         std::thread{ std::bind(&TaskServer::execute, this, _1), goal_handle[01;31m[K}[m[K.detach();
      |                                                                            [01;31m[K^[m[K
In file included from [01m[K/usr/include/c++/11/future:48[m[K,
                 from [01m[K/opt/ros/humble/include/rclcpp/rclcpp/executors.hpp:18[m[K,
                 from [01m[K/opt/ros/humble/include/rclcpp/rclcpp/rclcpp.hpp:155[m[K,
                 from [01m[K/home/albert/umov_ws/src/arduinobot_remote/src/task_server.cpp:1[m[K:
[01m[K/usr/include/c++/11/bits/std_thread.h:127:7:[m[K [01;36m[Knote: [m[Kcandidate: ‘[01m[Ktemplate<class _Callable, class ... _Args, class> std::thread::thread(_Callable&&, _Args&& ...)[m[K’
  127 |       [01;36m[Kthread[m[K(_Callable&& __f, _Args&&... __args)
      |       [01;36m[K^~~~~~[m[K
[01m[K/usr/include/c++/11/bits/std_thread.h:127:7:[m[K [01;36m[Knote: [m[K  template argument deduction/substitution failed:
[01m[K/usr/include/c++/11/bits/std_thread.h:157:5:[m[K [01;36m[Knote: [m[Kcandidate: ‘[01m[Kstd::thread::thread(std::thread&&)[m[K’
  157 |     [01;36m[Kthread[m[K(thread&& __t) noexcept
      |     [01;36m[K^~~~~~[m[K
[01m[K/usr/include/c++/11/bits/std_thread.h:157:5:[m[K [01;36m[Knote: [m[K  candidate expects 1 argument, 2 provided
[01m[K/usr/include/c++/11/bits/std_thread.h:121:5:[m[K [01;36m[Knote: [m[Kcandidate: ‘[01m[Kstd::thread::thread()[m[K’
  121 |     [01;36m[Kthread[m[K() noexcept = default;
      |     [01;36m[K^~~~~~[m[K
[01m[K/usr/include/c++/11/bits/std_thread.h:121:5:[m[K [01;36m[Knote: [m[K  candidate expects 0 arguments, 2 provided
[01m[K/home/albert/umov_ws/src/arduinobot_remote/src/task_server.cpp:[m[K In member function ‘[01m[Kvoid TaskServer::execute_goal(std::shared_ptr<rclcpp_action::ServerGoalHandle<arduinobot_msgs::action::ArduinobotTask> >)[m[K’:
[01m[K/home/albert/umov_ws/src/arduinobot_remote/src/task_server.cpp:76:5:[m[K [01;31m[Kerror: [m[Kinvalid use of member function ‘[01m[Kmoveit::planning_interface::MoveGroupInterface TaskServer::arm_move_group(int, int)[m[K’ (did you forget the ‘[01m[K()[m[K’ ?)
   76 |     [01;31m[Karm_move_group[m[K.setStartStateToCurrentState();
      |     [01;31m[K^~~~~~~~~~~~~~[m[K
[01m[K/home/albert/umov_ws/src/arduinobot_remote/src/task_server.cpp:77:5:[m[K [01;31m[Kerror: [m[Kinvalid use of member function ‘[01m[Kmoveit::planning_interface::MoveGroupInterface TaskServer::gripper_move_group(int, int)[m[K’ (did you forget the ‘[01m[K()[m[K’ ?)
   77 |     [01;31m[Kgripper_move_group[m[K.setStartStateToCurrentState();
      |     [01;31m[K^~~~~~~~~~~~~~~~~~[m[K
[01m[K/home/albert/umov_ws/src/arduinobot_remote/src/task_server.cpp:122:5:[m[K [01;31m[Kerror: [m[Kinvalid use of member function ‘[01m[Kmoveit::planning_interface::MoveGroupInterface TaskServer::arm_move_group(int, int)[m[K’ (did you forget the ‘[01m[K()[m[K’ ?)
  122 |     [01;31m[Karm_move_group[m[K.setJointValueTarget(arm_joint_goal);
      |     [01;31m[K^~~~~~~~~~~~~~[m[K
[01m[K/home/albert/umov_ws/src/arduinobot_remote/src/task_server.cpp:123:5:[m[K [01;31m[Kerror: [m[Kinvalid use of member function ‘[01m[Kmoveit::planning_interface::MoveGroupInterface TaskServer::gripper_move_group(int, int)[m[K’ (did you forget the ‘[01m[K()[m[K’ ?)
  123 |     [01;31m[Kgripper_move_group[m[K.setJointValueTarget(gripper_joint_goal);
      |     [01;31m[K^~~~~~~~~~~~~~~~~~[m[K
[01m[K/home/albert/umov_ws/src/arduinobot_remote/src/task_server.cpp:126:31:[m[K [01;31m[Kerror: [m[K‘[01m[Karm_joint_goal[m[K’ was not declared in this scope; did you mean ‘[01m[Karm_joint_goal_[m[K’?
  126 |     bool arm_within_bounds = ([01;31m[Karm_joint_goal[m[K.size() == arm_move_group.getActiveJoints().size());
      |                               [01;31m[K^~~~~~~~~~~~~~[m[K
      |                               [32m[Karm_joint_goal_[m[K
[01m[K/home/albert/umov_ws/src/arduinobot_remote/src/task_server.cpp:126:56:[m[K [01;31m[Kerror: [m[Kinvalid use of member function ‘[01m[Kmoveit::planning_interface::MoveGroupInterface TaskServer::arm_move_group(int, int)[m[K’ (did you forget the ‘[01m[K()[m[K’ ?)
  126 |     bool arm_within_bounds = (arm_joint_goal.size() == [01;31m[Karm_move_group[m[K.getActiveJoints().size());
      |                                                        [01;31m[K^~~~~~~~~~~~~~[m[K
[01m[K/home/albert/umov_ws/src/arduinobot_remote/src/task_server.cpp:126:71:[m[K [01;31m[Kerror: [m[Kexpected ‘[01m[K)[m[K’ before ‘[01m[KgetActiveJoints[m[K’
  126 |     bool arm_within_bounds = (arm_joint_goal.size() == arm_move_group.[01;31m[KgetActiveJoints[m[K().size());
      |                                                                       [01;31m[K^~~~~~~~~~~~~~~[m[K
[01m[K/home/albert/umov_ws/src/arduinobot_remote/src/task_server.cpp:126:30:[m[K [01;36m[Knote: [m[Kto match this ‘[01m[K([m[K’
  126 |     bool arm_within_bounds = [01;36m[K([m[Karm_joint_goal.size() == arm_move_group.getActiveJoints().size());
      |                              [01;36m[K^[m[K
[01m[K/home/albert/umov_ws/src/arduinobot_remote/src/task_server.cpp:127:35:[m[K [01;31m[Kerror: [m[K‘[01m[Kgripper_joint_goal[m[K’ was not declared in this scope; did you mean ‘[01m[Kgripper_joint_goal_[m[K’?
  127 |     bool gripper_within_bounds = ([01;31m[Kgripper_joint_goal[m[K.size() == gripper_move_group.getActiveJoints().size());
      |                                   [01;31m[K^~~~~~~~~~~~~~~~~~[m[K
      |                                   [32m[Kgripper_joint_goal_[m[K
[01m[K/home/albert/umov_ws/src/arduinobot_remote/src/task_server.cpp:127:64:[m[K [01;31m[Kerror: [m[Kinvalid use of member function ‘[01m[Kmoveit::planning_interface::MoveGroupInterface TaskServer::gripper_move_group(int, int)[m[K’ (did you forget the ‘[01m[K()[m[K’ ?)
  127 |     bool gripper_within_bounds = (gripper_joint_goal.size() == [01;31m[Kgripper_move_group[m[K.getActiveJoints().size());
      |                                                                [01;31m[K^~~~~~~~~~~~~~~~~~[m[K
[01m[K/home/albert/umov_ws/src/arduinobot_remote/src/task_server.cpp:127:83:[m[K [01;31m[Kerror: [m[Kexpected ‘[01m[K)[m[K’ before ‘[01m[KgetActiveJoints[m[K’
  127 |     bool gripper_within_bounds = (gripper_joint_goal.size() == gripper_move_group.[01;31m[KgetActiveJoints[m[K().size());
      |                                                                                   [01;31m[K^~~~~~~~~~~~~~~[m[K
[01m[K/home/albert/umov_ws/src/arduinobot_remote/src/task_server.cpp:127:34:[m[K [01;36m[Knote: [m[Kto match this ‘[01m[K([m[K’
  127 |     bool gripper_within_bounds = [01;36m[K([m[Kgripper_joint_goal.size() == gripper_move_group.getActiveJoints().size());
      |                                  [01;36m[K^[m[K
[01m[K/home/albert/umov_ws/src/arduinobot_remote/src/task_server.cpp:158:30:[m[K [01;31m[Kerror: [m[Kinvalid use of member function ‘[01m[Kmoveit::planning_interface::MoveGroupInterface TaskServer::arm_move_group(int, int)[m[K’ (did you forget the ‘[01m[K()[m[K’ ?)
  158 |     bool arm_plan_success = ([01;31m[Karm_move_group[m[K.plan(arm_plan) == moveit::core::MoveItErrorCode::SUCCESS);
      |                              [01;31m[K^~~~~~~~~~~~~~[m[K
[01m[K/home/albert/umov_ws/src/arduinobot_remote/src/task_server.cpp:158:45:[m[K [01;31m[Kerror: [m[Kexpected ‘[01m[K)[m[K’ before ‘[01m[Kplan[m[K’
  158 |     bool arm_plan_success = (arm_move_group.[01;31m[Kplan[m[K(arm_plan) == moveit::core::MoveItErrorCode::SUCCESS);
      |                                             [01;31m[K^~~~[m[K
[01m[K/home/albert/umov_ws/src/arduinobot_remote/src/task_server.cpp:158:29:[m[K [01;36m[Knote: [m[Kto match this ‘[01m[K([m[K’
  158 |     bool arm_plan_success = [01;36m[K([m[Karm_move_group.plan(arm_plan) == moveit::core::MoveItErrorCode::SUCCESS);
      |                             [01;36m[K^[m[K
[01m[K/home/albert/umov_ws/src/arduinobot_remote/src/task_server.cpp:171:35:[m[K [01;31m[Kerror: [m[Kinvalid use of member function ‘[01m[Kmoveit::planning_interface::MoveGroupInterface TaskServer::arm_move_group(int, int)[m[K’ (did you forget the ‘[01m[K()[m[K’ ?)
  171 |     bool arm_execution_success = ([01;31m[Karm_move_group[m[K.execute(arm_plan) == moveit::core::MoveItErrorCode::SUCCESS);
      |                                   [01;31m[K^~~~~~~~~~~~~~[m[K
[01m[K/home/albert/umov_ws/src/arduinobot_remote/src/task_server.cpp:171:50:[m[K [01;31m[Kerror: [m[Kexpected ‘[01m[K)[m[K’ before ‘[01m[Kexecute[m[K’
  171 |     bool arm_execution_success = (arm_move_group.[01;31m[Kexecute[m[K(arm_plan) == moveit::core::MoveItErrorCode::SUCCESS);
      |                                                  [01;31m[K^~~~~~~[m[K
[01m[K/home/albert/umov_ws/src/arduinobot_remote/src/task_server.cpp:171:34:[m[K [01;36m[Knote: [m[Kto match this ‘[01m[K([m[K’
  171 |     bool arm_execution_success = [01;36m[K([m[Karm_move_group.execute(arm_plan) == moveit::core::MoveItErrorCode::SUCCESS);
      |                                  [01;36m[K^[m[K
[01m[K/home/albert/umov_ws/src/arduinobot_remote/src/task_server.cpp:183:34:[m[K [01;31m[Kerror: [m[Kinvalid use of member function ‘[01m[Kmoveit::planning_interface::MoveGroupInterface TaskServer::gripper_move_group(int, int)[m[K’ (did you forget the ‘[01m[K()[m[K’ ?)
  183 |     bool gripper_plan_success = ([01;31m[Kgripper_move_group[m[K.plan(gripper_plan) == moveit::core::MoveItErrorCode::SUCCESS);
      |                                  [01;31m[K^~~~~~~~~~~~~~~~~~[m[K
[01m[K/home/albert/umov_ws/src/arduinobot_remote/src/task_server.cpp:183:53:[m[K [01;31m[Kerror: [m[Kexpected ‘[01m[K)[m[K’ before ‘[01m[Kplan[m[K’
  183 |     bool gripper_plan_success = (gripper_move_group.[01;31m[Kplan[m[K(gripper_plan) == moveit::core::MoveItErrorCode::SUCCESS);
      |                                                     [01;31m[K^~~~[m[K
[01m[K/home/albert/umov_ws/src/arduinobot_remote/src/task_server.cpp:183:33:[m[K [01;36m[Knote: [m[Kto match this ‘[01m[K([m[K’
  183 |     bool gripper_plan_success = [01;36m[K([m[Kgripper_move_group.plan(gripper_plan) == moveit::core::MoveItErrorCode::SUCCESS);
      |                                 [01;36m[K^[m[K
[01m[K/home/albert/umov_ws/src/arduinobot_remote/src/task_server.cpp:195:39:[m[K [01;31m[Kerror: [m[Kinvalid use of member function ‘[01m[Kmoveit::planning_interface::MoveGroupInterface TaskServer::gripper_move_group(int, int)[m[K’ (did you forget the ‘[01m[K()[m[K’ ?)
  195 |     bool gripper_execution_success = ([01;31m[Kgripper_move_group[m[K.execute(gripper_plan) == moveit::core::MoveItErrorCode::SUCCESS);
      |                                       [01;31m[K^~~~~~~~~~~~~~~~~~[m[K
[01m[K/home/albert/umov_ws/src/arduinobot_remote/src/task_server.cpp:195:58:[m[K [01;31m[Kerror: [m[Kexpected ‘[01m[K)[m[K’ before ‘[01m[Kexecute[m[K’
  195 |     bool gripper_execution_success = (gripper_move_group.[01;31m[Kexecute[m[K(gripper_plan) == moveit::core::MoveItErrorCode::SUCCESS);
      |                                                          [01;31m[K^~~~~~~[m[K
[01m[K/home/albert/umov_ws/src/arduinobot_remote/src/task_server.cpp:195:38:[m[K [01;36m[Knote: [m[Kto match this ‘[01m[K([m[K’
  195 |     bool gripper_execution_success = [01;36m[K([m[Kgripper_move_group.execute(gripper_plan) == moveit::core::MoveItErrorCode::SUCCESS);
      |                                      [01;36m[K^[m[K
[01m[K/home/albert/umov_ws/src/arduinobot_remote/src/task_server.cpp:[m[K In function ‘[01m[Kint main(int, char**)[m[K’:
[01m[K/home/albert/umov_ws/src/arduinobot_remote/src/task_server.cpp:227:5:[m[K [01;31m[Kerror: [m[K‘[01m[Kmove_robot[m[K’ was not declared in this scope
  227 |     [01;31m[Kmove_robot[m[K(node);
      |     [01;31m[K^~~~~~~~~~[m[K
gmake[2]: *** [CMakeFiles/task_server.dir/build.make:76: CMakeFiles/task_server.dir/src/task_server.cpp.o] Error 1
gmake[1]: *** [CMakeFiles/Makefile2:142: CMakeFiles/task_server.dir/all] Error 2
gmake: *** [Makefile:146: all] Error 2
