[0.227s] Invoking command in '/home/albert/umov_ws/build/description': CMAKE_PREFIX_PATH=${CMAKE_PREFIX_PATH}:/home/albert/ag_arm_ws/install/arm_py:/home/albert/ws_moveit2/install/moveit_configs_utils:/home/albert/ws_moveit2/install/launch_param_builder:/home/albert/umov_ws/install/arduino_py_examples:/home/albert/udem2_ws/install/actions_py:/home/albert/udem2_ws/install/lifecycle_py:/home/albert/udem2_ws/install/executors_py:/home/albert/udem2_ws/install/components_py:/home/albert/udem_ws/install/turtlesim_catcher:/home/albert/udem_ws/install/my_py_pkg:/home/albert/udem_ws/install/lifecycle_py:/home/albert/bcdc_ws/install/agbot_teleop:/home/albert/bcdc_ws/install/agbot_py:/home/albert/arduinobot_ws/install/arduinobot_py_examples:/opt/ros/humble /home/albert/.local/bin/cmake --build /home/albert/umov_ws/build/description -- -j8 -l8
[0.385s] Invoked command in '/home/albert/umov_ws/build/description' returned '0': CMAKE_PREFIX_PATH=${CMAKE_PREFIX_PATH}:/home/albert/ag_arm_ws/install/arm_py:/home/albert/ws_moveit2/install/moveit_configs_utils:/home/albert/ws_moveit2/install/launch_param_builder:/home/albert/umov_ws/install/arduino_py_examples:/home/albert/udem2_ws/install/actions_py:/home/albert/udem2_ws/install/lifecycle_py:/home/albert/udem2_ws/install/executors_py:/home/albert/udem2_ws/install/components_py:/home/albert/udem_ws/install/turtlesim_catcher:/home/albert/udem_ws/install/my_py_pkg:/home/albert/udem_ws/install/lifecycle_py:/home/albert/bcdc_ws/install/agbot_teleop:/home/albert/bcdc_ws/install/agbot_py:/home/albert/arduinobot_ws/install/arduinobot_py_examples:/opt/ros/humble /home/albert/.local/bin/cmake --build /home/albert/umov_ws/build/description -- -j8 -l8
[0.388s] Invoking command in '/home/albert/umov_ws/build/description': CMAKE_PREFIX_PATH=${CMAKE_PREFIX_PATH}:/home/albert/ag_arm_ws/install/arm_py:/home/albert/ws_moveit2/install/moveit_configs_utils:/home/albert/ws_moveit2/install/launch_param_builder:/home/albert/umov_ws/install/arduino_py_examples:/home/albert/udem2_ws/install/actions_py:/home/albert/udem2_ws/install/lifecycle_py:/home/albert/udem2_ws/install/executors_py:/home/albert/udem2_ws/install/components_py:/home/albert/udem_ws/install/turtlesim_catcher:/home/albert/udem_ws/install/my_py_pkg:/home/albert/udem_ws/install/lifecycle_py:/home/albert/bcdc_ws/install/agbot_teleop:/home/albert/bcdc_ws/install/agbot_py:/home/albert/arduinobot_ws/install/arduinobot_py_examples:/opt/ros/humble /home/albert/.local/bin/cmake --install /home/albert/umov_ws/build/description
[0.442s] -- Install configuration: ""
[0.458s] -- Up-to-date: /home/albert/umov_ws/install/description/share/description/launch
[0.459s] -- Up-to-date: /home/albert/umov_ws/install/description/share/description/launch/arduino_gazebo.launch.py
[0.462s] -- Up-to-date: /home/albert/umov_ws/install/description/share/description/launch/orig_gazebo.launch.py
[0.462s] -- Up-to-date: /home/albert/umov_ws/install/description/share/description/launch/arduino_display.launch.py
[0.465s] -- Up-to-date: /home/albert/umov_ws/install/description/share/description/meshes
[0.470s] -- Up-to-date: /home/albert/umov_ws/install/description/share/description/meshes/right_finger.STL
[0.474s] -- Up-to-date: /home/albert/umov_ws/install/description/share/description/meshes/triangular_link.STL
[0.474s] -- Up-to-date: /home/albert/umov_ws/install/description/share/description/meshes/round_plate.STL
[0.476s] -- Up-to-date: /home/albert/umov_ws/install/description/share/description/meshes/left_finger.STL
[0.477s] -- Up-to-date: /home/albert/umov_ws/install/description/share/description/meshes/vertical_drive_arm.STL
[0.479s] -- Up-to-date: /home/albert/umov_ws/install/description/share/description/meshes/claw_support.STL
[0.482s] -- Up-to-date: /home/albert/umov_ws/install/description/share/description/meshes/link.STL
[0.482s] -- Up-to-date: /home/albert/umov_ws/install/description/share/description/meshes/horizontal_arm.STL
[0.482s] -- Up-to-date: /home/albert/umov_ws/install/description/share/description/meshes/basement.STL
[0.484s] -- Up-to-date: /home/albert/umov_ws/install/description/share/description/meshes/forward_drive_arm.STL
[0.485s] -- Up-to-date: /home/albert/umov_ws/install/description/share/description/meshes/servo_plate.STL
[0.485s] -- Up-to-date: /home/albert/umov_ws/install/description/share/description/meshes/plate.STL
[0.485s] -- Up-to-date: /home/albert/umov_ws/install/description/share/description/meshes/base_plate.STL
[0.486s] -- Up-to-date: /home/albert/umov_ws/install/description/share/description/meshes/pi_camera.STL
[0.486s] -- Up-to-date: /home/albert/umov_ws/install/description/share/description/models
[0.494s] -- Up-to-date: /home/albert/umov_ws/install/description/share/description/models/ground_plane
[0.495s] -- Up-to-date: /home/albert/umov_ws/install/description/share/description/models/ground_plane/model-1_2.sdf
[0.495s] -- Up-to-date: /home/albert/umov_ws/install/description/share/description/models/ground_plane/model-1_3.sdf
[0.495s] -- Up-to-date: /home/albert/umov_ws/install/description/share/description/models/ground_plane/model.config
[0.496s] -- Up-to-date: /home/albert/umov_ws/install/description/share/description/models/ground_plane/model.sdf
[0.496s] -- Up-to-date: /home/albert/umov_ws/install/description/share/description/models/ground_plane/model-1_4.sdf
[0.496s] -- Up-to-date: /home/albert/umov_ws/install/description/share/description/models/sun
[0.497s] -- Up-to-date: /home/albert/umov_ws/install/description/share/description/models/sun/model-1_2.sdf
[0.497s] -- Up-to-date: /home/albert/umov_ws/install/description/share/description/models/sun/model-1_3.sdf
[0.497s] -- Up-to-date: /home/albert/umov_ws/install/description/share/description/models/sun/model.config
[0.498s] -- Up-to-date: /home/albert/umov_ws/install/description/share/description/models/sun/model.sdf
[0.498s] -- Up-to-date: /home/albert/umov_ws/install/description/share/description/models/sun/model-1_4.sdf
[0.499s] -- Up-to-date: /home/albert/umov_ws/install/description/share/description/urdf
[0.500s] -- Up-to-date: /home/albert/umov_ws/install/description/share/description/urdf/common_properties.xacro
[0.500s] -- Up-to-date: /home/albert/umov_ws/install/description/share/description/urdf/arduino_ros2_control.xacro
[0.500s] -- Up-to-date: /home/albert/umov_ws/install/description/share/description/urdf/arduino.urdf.xacro
[0.504s] -- Up-to-date: /home/albert/umov_ws/install/description/share/description/urdf/arduino_gazebo.xacro
[0.504s] -- Up-to-date: /home/albert/umov_ws/install/description/share/description/rviz
[0.504s] -- Up-to-date: /home/albert/umov_ws/install/description/share/description/rviz/display.rviz
[0.504s] -- Up-to-date: /home/albert/umov_ws/install/description/share/ament_index/resource_index/package_run_dependencies/description
[0.505s] -- Up-to-date: /home/albert/umov_ws/install/description/share/ament_index/resource_index/parent_prefix_path/description
[0.506s] -- Up-to-date: /home/albert/umov_ws/install/description/share/description/environment/ament_prefix_path.sh
[0.507s] -- Up-to-date: /home/albert/umov_ws/install/description/share/description/environment/ament_prefix_path.dsv
[0.511s] -- Up-to-date: /home/albert/umov_ws/install/description/share/description/environment/path.sh
[0.512s] -- Up-to-date: /home/albert/umov_ws/install/description/share/description/environment/path.dsv
[0.512s] -- Up-to-date: /home/albert/umov_ws/install/description/share/description/local_setup.bash
[0.513s] -- Up-to-date: /home/albert/umov_ws/install/description/share/description/local_setup.sh
[0.513s] -- Up-to-date: /home/albert/umov_ws/install/description/share/description/local_setup.zsh
[0.513s] -- Up-to-date: /home/albert/umov_ws/install/description/share/description/local_setup.dsv
[0.516s] -- Installing: /home/albert/umov_ws/install/description/share/description/package.dsv
[0.517s] -- Up-to-date: /home/albert/umov_ws/install/description/share/ament_index/resource_index/packages/description
[0.519s] -- Up-to-date: /home/albert/umov_ws/install/description/share/description/cmake/descriptionConfig.cmake
[0.519s] -- Up-to-date: /home/albert/umov_ws/install/description/share/description/cmake/descriptionConfig-version.cmake
[0.521s] -- Up-to-date: /home/albert/umov_ws/install/description/share/description/package.xml
[0.615s] Invoked command in '/home/albert/umov_ws/build/description' returned '0': CMAKE_PREFIX_PATH=${CMAKE_PREFIX_PATH}:/home/albert/ag_arm_ws/install/arm_py:/home/albert/ws_moveit2/install/moveit_configs_utils:/home/albert/ws_moveit2/install/launch_param_builder:/home/albert/umov_ws/install/arduino_py_examples:/home/albert/udem2_ws/install/actions_py:/home/albert/udem2_ws/install/lifecycle_py:/home/albert/udem2_ws/install/executors_py:/home/albert/udem2_ws/install/components_py:/home/albert/udem_ws/install/turtlesim_catcher:/home/albert/udem_ws/install/my_py_pkg:/home/albert/udem_ws/install/lifecycle_py:/home/albert/bcdc_ws/install/agbot_teleop:/home/albert/bcdc_ws/install/agbot_py:/home/albert/arduinobot_ws/install/arduinobot_py_examples:/opt/ros/humble /home/albert/.local/bin/cmake --install /home/albert/umov_ws/build/description
