[  8%] Built target simple_publisher
[ 16%] Built target simple_parameter
[ 25%] Built target simple_lifecycle_node
[ 33%] Built target simple_service_client
[ 41%] Built target simple_service_server
[ 50%] Built target simple_subscriber
[ 58%] Built target simple_moveit_interface
[ 66%] Built target simple_action_server
[ 75%] Built target simple_action_server_node
[ 79%] [32mBuilding CXX object CMakeFiles/moveit_interface.dir/src/moveit_interface.cpp.o[0m
[ 87%] Built target simple_action_client_node
[ 95%] Built target simple_action_client
[01m[K/home/albert/umov_ws/src/arduino_cpp_examples/src/moveit_interface.cpp:[m[K In function ‘[01m[Kvoid move_robot(std::shared_ptr<rclcpp::Node>)[m[K’:
[01m[K/home/albert/umov_ws/src/arduino_cpp_examples/src/moveit_interface.cpp:16:5:[m[K [01;31m[Kerror: [m[K‘[01m[Karm_group[m[K’ was not declared in this scope; did you mean ‘[01m[Karm_move_group[m[K’?
   16 |     [01;31m[Karm_group[m[K.setStartStateToCurrentState();
      |     [01;31m[K^~~~~~~~~[m[K
      |     [32m[Karm_move_group[m[K
[01m[K/home/albert/umov_ws/src/arduino_cpp_examples/src/moveit_interface.cpp:17:5:[m[K [01;31m[Kerror: [m[K‘[01m[Kgripper_group[m[K’ was not declared in this scope; did you mean ‘[01m[Kgripper_move_group[m[K’?
   17 |     [01;31m[Kgripper_group[m[K.setStartStateToCurrentState();
      |     [01;31m[K^~~~~~~~~~~~~[m[K
      |     [32m[Kgripper_move_group[m[K
gmake[2]: *** [CMakeFiles/moveit_interface.dir/build.make:76: CMakeFiles/moveit_interface.dir/src/moveit_interface.cpp.o] Error 1
gmake[1]: *** [CMakeFiles/Makefile2:341: CMakeFiles/moveit_interface.dir/all] Error 2
gmake: *** [Makefile:146: all] Error 2
