[0.062s] Invoking command in '/home/albert/umov_ws/build/arduinobot_controller': CMAKE_PREFIX_PATH=${CMAKE_PREFIX_PATH}:/home/albert/ws_moveit2/install/moveit_configs_utils:/home/albert/ws_moveit2/install/launch_param_builder:/home/albert/umov_ws/install/arduino_py_examples:/home/albert/udem2_ws/install/actions_py:/home/albert/udem2_ws/install/lifecycle_py:/home/albert/udem2_ws/install/executors_py:/home/albert/udem2_ws/install/components_py:/home/albert/udem_ws/install/turtlesim_catcher:/home/albert/udem_ws/install/my_py_pkg:/home/albert/udem_ws/install/lifecycle_py:/home/albert/bcdc_ws/install/agbot_teleop:/home/albert/bcdc_ws/install/agbot_py:/home/albert/arduinobot_ws/install/arduinobot_py_examples:/opt/ros/humble /home/albert/.local/bin/cmake --build /home/albert/umov_ws/build/arduinobot_controller -- -j8 -l8
[0.149s] [100%] Built target arduinobot_controller
[0.243s] Invoked command in '/home/albert/umov_ws/build/arduinobot_controller' returned '0': CMAKE_PREFIX_PATH=${CMAKE_PREFIX_PATH}:/home/albert/ws_moveit2/install/moveit_configs_utils:/home/albert/ws_moveit2/install/launch_param_builder:/home/albert/umov_ws/install/arduino_py_examples:/home/albert/udem2_ws/install/actions_py:/home/albert/udem2_ws/install/lifecycle_py:/home/albert/udem2_ws/install/executors_py:/home/albert/udem2_ws/install/components_py:/home/albert/udem_ws/install/turtlesim_catcher:/home/albert/udem_ws/install/my_py_pkg:/home/albert/udem_ws/install/lifecycle_py:/home/albert/bcdc_ws/install/agbot_teleop:/home/albert/bcdc_ws/install/agbot_py:/home/albert/arduinobot_ws/install/arduinobot_py_examples:/opt/ros/humble /home/albert/.local/bin/cmake --build /home/albert/umov_ws/build/arduinobot_controller -- -j8 -l8
[0.247s] Invoking command in '/home/albert/umov_ws/build/arduinobot_controller': CMAKE_PREFIX_PATH=${CMAKE_PREFIX_PATH}:/home/albert/ws_moveit2/install/moveit_configs_utils:/home/albert/ws_moveit2/install/launch_param_builder:/home/albert/umov_ws/install/arduino_py_examples:/home/albert/udem2_ws/install/actions_py:/home/albert/udem2_ws/install/lifecycle_py:/home/albert/udem2_ws/install/executors_py:/home/albert/udem2_ws/install/components_py:/home/albert/udem_ws/install/turtlesim_catcher:/home/albert/udem_ws/install/my_py_pkg:/home/albert/udem_ws/install/lifecycle_py:/home/albert/bcdc_ws/install/agbot_teleop:/home/albert/bcdc_ws/install/agbot_py:/home/albert/arduinobot_ws/install/arduinobot_py_examples:/opt/ros/humble /home/albert/.local/bin/cmake --install /home/albert/umov_ws/build/arduinobot_controller
[0.257s] -- Install configuration: ""
[0.257s] -- Up-to-date: /home/albert/umov_ws/install/arduinobot_controller/share/arduinobot_controller/arduinobot_controller.xml
[0.257s] -- Up-to-date: /home/albert/umov_ws/install/arduinobot_controller/share/arduinobot_controller/launch
[0.257s] -- Installing: /home/albert/umov_ws/install/arduinobot_controller/share/arduinobot_controller/launch/controller.launch.py
[0.257s] -- Up-to-date: /home/albert/umov_ws/install/arduinobot_controller/share/arduinobot_controller/config
[0.258s] -- Up-to-date: /home/albert/umov_ws/install/arduinobot_controller/share/arduinobot_controller/config/arduinobot_controllers.yaml
[0.258s] -- Up-to-date: /home/albert/umov_ws/install/arduinobot_controller/lib/libarduinobot_controller.so
[0.259s] -- Up-to-date: /home/albert/umov_ws/install/arduinobot_controller/include/include
[0.260s] -- Up-to-date: /home/albert/umov_ws/install/arduinobot_controller/include/include/arduinobot_controller
[0.260s] -- Up-to-date: /home/albert/umov_ws/install/arduinobot_controller/include/include/arduinobot_controller/arduinobot_interface.hpp
[0.260s] -- Up-to-date: /home/albert/umov_ws/install/arduinobot_controller/share/arduinobot_controller/environment/library_path.sh
[0.261s] -- Up-to-date: /home/albert/umov_ws/install/arduinobot_controller/share/arduinobot_controller/environment/library_path.dsv
[0.261s] -- Up-to-date: /home/albert/umov_ws/install/arduinobot_controller/share/ament_index/resource_index/package_run_dependencies/arduinobot_controller
[0.261s] -- Up-to-date: /home/albert/umov_ws/install/arduinobot_controller/share/ament_index/resource_index/parent_prefix_path/arduinobot_controller
[0.261s] -- Up-to-date: /home/albert/umov_ws/install/arduinobot_controller/share/arduinobot_controller/environment/ament_prefix_path.sh
[0.261s] -- Up-to-date: /home/albert/umov_ws/install/arduinobot_controller/share/arduinobot_controller/environment/ament_prefix_path.dsv
[0.261s] -- Up-to-date: /home/albert/umov_ws/install/arduinobot_controller/share/arduinobot_controller/environment/path.sh
[0.262s] -- Up-to-date: /home/albert/umov_ws/install/arduinobot_controller/share/arduinobot_controller/environment/path.dsv
[0.262s] -- Up-to-date: /home/albert/umov_ws/install/arduinobot_controller/share/arduinobot_controller/local_setup.bash
[0.262s] -- Up-to-date: /home/albert/umov_ws/install/arduinobot_controller/share/arduinobot_controller/local_setup.sh
[0.262s] -- Up-to-date: /home/albert/umov_ws/install/arduinobot_controller/share/arduinobot_controller/local_setup.zsh
[0.262s] -- Up-to-date: /home/albert/umov_ws/install/arduinobot_controller/share/arduinobot_controller/local_setup.dsv
[0.262s] -- Installing: /home/albert/umov_ws/install/arduinobot_controller/share/arduinobot_controller/package.dsv
[0.262s] -- Up-to-date: /home/albert/umov_ws/install/arduinobot_controller/share/ament_index/resource_index/packages/arduinobot_controller
[0.262s] -- Up-to-date: /home/albert/umov_ws/install/arduinobot_controller/share/ament_index/resource_index/hardware_interface__pluginlib__plugin/arduinobot_controller
[0.263s] -- Up-to-date: /home/albert/umov_ws/install/arduinobot_controller/share/arduinobot_controller/cmake/ament_cmake_export_include_directories-extras.cmake
[0.263s] -- Up-to-date: /home/albert/umov_ws/install/arduinobot_controller/share/arduinobot_controller/cmake/ament_cmake_export_libraries-extras.cmake
[0.263s] -- Up-to-date: /home/albert/umov_ws/install/arduinobot_controller/share/arduinobot_controller/cmake/ament_cmake_export_dependencies-extras.cmake
[0.263s] -- Up-to-date: /home/albert/umov_ws/install/arduinobot_controller/share/arduinobot_controller/cmake/arduinobot_controllerConfig.cmake
[0.263s] -- Up-to-date: /home/albert/umov_ws/install/arduinobot_controller/share/arduinobot_controller/cmake/arduinobot_controllerConfig-version.cmake
[0.264s] -- Up-to-date: /home/albert/umov_ws/install/arduinobot_controller/share/arduinobot_controller/package.xml
[0.264s] Invoked command in '/home/albert/umov_ws/build/arduinobot_controller' returned '0': CMAKE_PREFIX_PATH=${CMAKE_PREFIX_PATH}:/home/albert/ws_moveit2/install/moveit_configs_utils:/home/albert/ws_moveit2/install/launch_param_builder:/home/albert/umov_ws/install/arduino_py_examples:/home/albert/udem2_ws/install/actions_py:/home/albert/udem2_ws/install/lifecycle_py:/home/albert/udem2_ws/install/executors_py:/home/albert/udem2_ws/install/components_py:/home/albert/udem_ws/install/turtlesim_catcher:/home/albert/udem_ws/install/my_py_pkg:/home/albert/udem_ws/install/lifecycle_py:/home/albert/bcdc_ws/install/agbot_teleop:/home/albert/bcdc_ws/install/agbot_py:/home/albert/arduinobot_ws/install/arduinobot_py_examples:/opt/ros/humble /home/albert/.local/bin/cmake --install /home/albert/umov_ws/build/arduinobot_controller
