[0.075s] Invoking command in '/home/albert/umov_ws/build/arduino_bringup': CMAKE_PREFIX_PATH=${CMAKE_PREFIX_PATH}:/home/albert/ag_arm_ws/install/arm_py:/home/albert/ws_moveit2/install/moveit_configs_utils:/home/albert/ws_moveit2/install/launch_param_builder:/home/albert/umov_ws/install/arduino_py_examples:/home/albert/udem2_ws/install/actions_py:/home/albert/udem2_ws/install/lifecycle_py:/home/albert/udem2_ws/install/executors_py:/home/albert/udem2_ws/install/components_py:/home/albert/udem_ws/install/turtlesim_catcher:/home/albert/udem_ws/install/my_py_pkg:/home/albert/udem_ws/install/lifecycle_py:/home/albert/bcdc_ws/install/agbot_teleop:/home/albert/bcdc_ws/install/agbot_py:/home/albert/arduinobot_ws/install/arduinobot_py_examples:/opt/ros/humble /home/albert/.local/bin/cmake /home/albert/umov_ws/src/arduino_bringup -DCMAKE_INSTALL_PREFIX=/home/albert/umov_ws/install/arduino_bringup
[0.205s] -- The C compiler identification is GNU 11.4.0
[0.331s] -- The CXX compiler identification is GNU 11.4.0
[0.355s] -- Detecting C compiler ABI info
[0.509s] -- Detecting C compiler ABI info - done
[0.592s] -- Check for working C compiler: /usr/bin/cc - skipped
[0.592s] -- Detecting C compile features
[0.593s] -- Detecting C compile features - done
[0.604s] -- Detecting CXX compiler ABI info
[0.814s] -- Detecting CXX compiler ABI info - done
[0.863s] -- Check for working CXX compiler: /usr/bin/c++ - skipped
[0.863s] -- Detecting CXX compile features
[0.864s] -- Detecting CXX compile features - done
[0.901s] -- Found ament_cmake: 1.3.11 (/opt/ros/humble/share/ament_cmake/cmake)
[1.442s] -- Found Python3: /usr/bin/python3 (found version "3.10.12") found components: Interpreter
[1.966s] -- Found ament_lint_auto: 0.12.11 (/opt/ros/humble/share/ament_lint_auto/cmake)
[2.269s] -- Added test 'flake8' to check Python code syntax and style conventions
[2.274s] -- Added test 'lint_cmake' to check CMake code style
[2.281s] -- Added test 'pep257' to check Python code against some of the docstring style conventions in PEP 257
[2.305s] -- Added test 'xmllint' to check XML markup files
[2.342s] -- Configuring done (2.3s)
[2.353s] -- Generating done (0.0s)
[2.361s] -- Build files have been written to: /home/albert/umov_ws/build/arduino_bringup
[2.380s] Invoked command in '/home/albert/umov_ws/build/arduino_bringup' returned '0': CMAKE_PREFIX_PATH=${CMAKE_PREFIX_PATH}:/home/albert/ag_arm_ws/install/arm_py:/home/albert/ws_moveit2/install/moveit_configs_utils:/home/albert/ws_moveit2/install/launch_param_builder:/home/albert/umov_ws/install/arduino_py_examples:/home/albert/udem2_ws/install/actions_py:/home/albert/udem2_ws/install/lifecycle_py:/home/albert/udem2_ws/install/executors_py:/home/albert/udem2_ws/install/components_py:/home/albert/udem_ws/install/turtlesim_catcher:/home/albert/udem_ws/install/my_py_pkg:/home/albert/udem_ws/install/lifecycle_py:/home/albert/bcdc_ws/install/agbot_teleop:/home/albert/bcdc_ws/install/agbot_py:/home/albert/arduinobot_ws/install/arduinobot_py_examples:/opt/ros/humble /home/albert/.local/bin/cmake /home/albert/umov_ws/src/arduino_bringup -DCMAKE_INSTALL_PREFIX=/home/albert/umov_ws/install/arduino_bringup
[2.382s] Invoking command in '/home/albert/umov_ws/build/arduino_bringup': CMAKE_PREFIX_PATH=${CMAKE_PREFIX_PATH}:/home/albert/ag_arm_ws/install/arm_py:/home/albert/ws_moveit2/install/moveit_configs_utils:/home/albert/ws_moveit2/install/launch_param_builder:/home/albert/umov_ws/install/arduino_py_examples:/home/albert/udem2_ws/install/actions_py:/home/albert/udem2_ws/install/lifecycle_py:/home/albert/udem2_ws/install/executors_py:/home/albert/udem2_ws/install/components_py:/home/albert/udem_ws/install/turtlesim_catcher:/home/albert/udem_ws/install/my_py_pkg:/home/albert/udem_ws/install/lifecycle_py:/home/albert/bcdc_ws/install/agbot_teleop:/home/albert/bcdc_ws/install/agbot_py:/home/albert/arduinobot_ws/install/arduinobot_py_examples:/opt/ros/humble /home/albert/.local/bin/cmake --build /home/albert/umov_ws/build/arduino_bringup -- -j8 -l8
[2.451s] Invoked command in '/home/albert/umov_ws/build/arduino_bringup' returned '0': CMAKE_PREFIX_PATH=${CMAKE_PREFIX_PATH}:/home/albert/ag_arm_ws/install/arm_py:/home/albert/ws_moveit2/install/moveit_configs_utils:/home/albert/ws_moveit2/install/launch_param_builder:/home/albert/umov_ws/install/arduino_py_examples:/home/albert/udem2_ws/install/actions_py:/home/albert/udem2_ws/install/lifecycle_py:/home/albert/udem2_ws/install/executors_py:/home/albert/udem2_ws/install/components_py:/home/albert/udem_ws/install/turtlesim_catcher:/home/albert/udem_ws/install/my_py_pkg:/home/albert/udem_ws/install/lifecycle_py:/home/albert/bcdc_ws/install/agbot_teleop:/home/albert/bcdc_ws/install/agbot_py:/home/albert/arduinobot_ws/install/arduinobot_py_examples:/opt/ros/humble /home/albert/.local/bin/cmake --build /home/albert/umov_ws/build/arduino_bringup -- -j8 -l8
[2.453s] Invoking command in '/home/albert/umov_ws/build/arduino_bringup': CMAKE_PREFIX_PATH=${CMAKE_PREFIX_PATH}:/home/albert/ag_arm_ws/install/arm_py:/home/albert/ws_moveit2/install/moveit_configs_utils:/home/albert/ws_moveit2/install/launch_param_builder:/home/albert/umov_ws/install/arduino_py_examples:/home/albert/udem2_ws/install/actions_py:/home/albert/udem2_ws/install/lifecycle_py:/home/albert/udem2_ws/install/executors_py:/home/albert/udem2_ws/install/components_py:/home/albert/udem_ws/install/turtlesim_catcher:/home/albert/udem_ws/install/my_py_pkg:/home/albert/udem_ws/install/lifecycle_py:/home/albert/bcdc_ws/install/agbot_teleop:/home/albert/bcdc_ws/install/agbot_py:/home/albert/arduinobot_ws/install/arduinobot_py_examples:/opt/ros/humble /home/albert/.local/bin/cmake --install /home/albert/umov_ws/build/arduino_bringup
[2.461s] -- Install configuration: ""
[2.462s] -- Installing: /home/albert/umov_ws/install/arduino_bringup/share/arduino_bringup/launch
[2.462s] -- Installing: /home/albert/umov_ws/install/arduino_bringup/share/arduino_bringup/launch/arduino_real_robot.launch.py
[2.462s] -- Installing: /home/albert/umov_ws/install/arduino_bringup/share/arduino_bringup/launch/arduino_simulated_robot.launch.py
[2.462s] -- Installing: /home/albert/umov_ws/install/arduino_bringup/share/ament_index/resource_index/package_run_dependencies/arduino_bringup
[2.463s] -- Installing: /home/albert/umov_ws/install/arduino_bringup/share/ament_index/resource_index/parent_prefix_path/arduino_bringup
[2.463s] -- Installing: /home/albert/umov_ws/install/arduino_bringup/share/arduino_bringup/environment/ament_prefix_path.sh
[2.463s] -- Installing: /home/albert/umov_ws/install/arduino_bringup/share/arduino_bringup/environment/ament_prefix_path.dsv
[2.463s] -- Installing: /home/albert/umov_ws/install/arduino_bringup/share/arduino_bringup/environment/path.sh
[2.463s] -- Installing: /home/albert/umov_ws/install/arduino_bringup/share/arduino_bringup/environment/path.dsv
[2.463s] -- Installing: /home/albert/umov_ws/install/arduino_bringup/share/arduino_bringup/local_setup.bash
[2.463s] -- Installing: /home/albert/umov_ws/install/arduino_bringup/share/arduino_bringup/local_setup.sh
[2.464s] -- Installing: /home/albert/umov_ws/install/arduino_bringup/share/arduino_bringup/local_setup.zsh
[2.464s] -- Installing: /home/albert/umov_ws/install/arduino_bringup/share/arduino_bringup/local_setup.dsv
[2.464s] -- Installing: /home/albert/umov_ws/install/arduino_bringup/share/arduino_bringup/package.dsv
[2.464s] -- Installing: /home/albert/umov_ws/install/arduino_bringup/share/ament_index/resource_index/packages/arduino_bringup
[2.464s] -- Installing: /home/albert/umov_ws/install/arduino_bringup/share/arduino_bringup/cmake/arduino_bringupConfig.cmake
[2.465s] -- Installing: /home/albert/umov_ws/install/arduino_bringup/share/arduino_bringup/cmake/arduino_bringupConfig-version.cmake
[2.465s] -- Installing: /home/albert/umov_ws/install/arduino_bringup/share/arduino_bringup/package.xml
[2.466s] Invoked command in '/home/albert/umov_ws/build/arduino_bringup' returned '0': CMAKE_PREFIX_PATH=${CMAKE_PREFIX_PATH}:/home/albert/ag_arm_ws/install/arm_py:/home/albert/ws_moveit2/install/moveit_configs_utils:/home/albert/ws_moveit2/install/launch_param_builder:/home/albert/umov_ws/install/arduino_py_examples:/home/albert/udem2_ws/install/actions_py:/home/albert/udem2_ws/install/lifecycle_py:/home/albert/udem2_ws/install/executors_py:/home/albert/udem2_ws/install/components_py:/home/albert/udem_ws/install/turtlesim_catcher:/home/albert/udem_ws/install/my_py_pkg:/home/albert/udem_ws/install/lifecycle_py:/home/albert/bcdc_ws/install/agbot_teleop:/home/albert/bcdc_ws/install/agbot_py:/home/albert/arduinobot_ws/install/arduinobot_py_examples:/opt/ros/humble /home/albert/.local/bin/cmake --install /home/albert/umov_ws/build/arduino_bringup
