[0.048s] Invoking command in '/home/albert/umov_ws/build/arduino_firmware': CMAKE_PREFIX_PATH=${CMAKE_PREFIX_PATH}:/home/albert/ws_moveit2/install/moveit_configs_utils:/home/albert/ws_moveit2/install/launch_param_builder:/home/albert/umov_ws/install/arduino_py_examples:/home/albert/udem2_ws/install/actions_py:/home/albert/udem2_ws/install/lifecycle_py:/home/albert/udem2_ws/install/executors_py:/home/albert/udem2_ws/install/components_py:/home/albert/udem_ws/install/turtlesim_catcher:/home/albert/udem_ws/install/my_py_pkg:/home/albert/udem_ws/install/lifecycle_py:/home/albert/bcdc_ws/install/agbot_teleop:/home/albert/bcdc_ws/install/agbot_py:/home/albert/arduinobot_ws/install/arduinobot_py_examples:/opt/ros/humble /home/albert/.local/bin/cmake --build /home/albert/umov_ws/build/arduino_firmware -- -j8 -l8
[0.156s] [  0%] Built target ament_cmake_python_copy_arduino_firmware
[0.163s] [ 50%] Built target simple_serial_transmitter
[0.174s] [100%] Built target simple_serial_receiver
[0.573s] running egg_info
[0.573s] writing arduino_firmware.egg-info/PKG-INFO
[0.574s] writing dependency_links to arduino_firmware.egg-info/dependency_links.txt
[0.574s] writing top-level names to arduino_firmware.egg-info/top_level.txt
[0.577s] reading manifest file 'arduino_firmware.egg-info/SOURCES.txt'
[0.578s] writing manifest file 'arduino_firmware.egg-info/SOURCES.txt'
[0.603s] [100%] Built target ament_cmake_python_build_arduino_firmware_egg
[0.610s] Invoked command in '/home/albert/umov_ws/build/arduino_firmware' returned '0': CMAKE_PREFIX_PATH=${CMAKE_PREFIX_PATH}:/home/albert/ws_moveit2/install/moveit_configs_utils:/home/albert/ws_moveit2/install/launch_param_builder:/home/albert/umov_ws/install/arduino_py_examples:/home/albert/udem2_ws/install/actions_py:/home/albert/udem2_ws/install/lifecycle_py:/home/albert/udem2_ws/install/executors_py:/home/albert/udem2_ws/install/components_py:/home/albert/udem_ws/install/turtlesim_catcher:/home/albert/udem_ws/install/my_py_pkg:/home/albert/udem_ws/install/lifecycle_py:/home/albert/bcdc_ws/install/agbot_teleop:/home/albert/bcdc_ws/install/agbot_py:/home/albert/arduinobot_ws/install/arduinobot_py_examples:/opt/ros/humble /home/albert/.local/bin/cmake --build /home/albert/umov_ws/build/arduino_firmware -- -j8 -l8
[0.612s] Invoking command in '/home/albert/umov_ws/build/arduino_firmware': CMAKE_PREFIX_PATH=${CMAKE_PREFIX_PATH}:/home/albert/ws_moveit2/install/moveit_configs_utils:/home/albert/ws_moveit2/install/launch_param_builder:/home/albert/umov_ws/install/arduino_py_examples:/home/albert/udem2_ws/install/actions_py:/home/albert/udem2_ws/install/lifecycle_py:/home/albert/udem2_ws/install/executors_py:/home/albert/udem2_ws/install/components_py:/home/albert/udem_ws/install/turtlesim_catcher:/home/albert/udem_ws/install/my_py_pkg:/home/albert/udem_ws/install/lifecycle_py:/home/albert/bcdc_ws/install/agbot_teleop:/home/albert/bcdc_ws/install/agbot_py:/home/albert/arduinobot_ws/install/arduinobot_py_examples:/opt/ros/humble /home/albert/.local/bin/cmake --install /home/albert/umov_ws/build/arduino_firmware
[0.620s] -- Install configuration: ""
[0.620s] -- Up-to-date: /home/albert/umov_ws/install/arduino_firmware/share/arduino_firmware/environment/pythonpath.sh
[0.620s] -- Up-to-date: /home/albert/umov_ws/install/arduino_firmware/share/arduino_firmware/environment/pythonpath.dsv
[0.621s] -- Up-to-date: /home/albert/umov_ws/install/arduino_firmware/local/lib/python3.10/dist-packages/arduino_firmware-0.0.0-py3.10.egg-info
[0.621s] -- Installing: /home/albert/umov_ws/install/arduino_firmware/local/lib/python3.10/dist-packages/arduino_firmware-0.0.0-py3.10.egg-info/SOURCES.txt
[0.622s] -- Installing: /home/albert/umov_ws/install/arduino_firmware/local/lib/python3.10/dist-packages/arduino_firmware-0.0.0-py3.10.egg-info/top_level.txt
[0.623s] -- Installing: /home/albert/umov_ws/install/arduino_firmware/local/lib/python3.10/dist-packages/arduino_firmware-0.0.0-py3.10.egg-info/PKG-INFO
[0.623s] -- Installing: /home/albert/umov_ws/install/arduino_firmware/local/lib/python3.10/dist-packages/arduino_firmware-0.0.0-py3.10.egg-info/dependency_links.txt
[0.624s] -- Up-to-date: /home/albert/umov_ws/install/arduino_firmware/local/lib/python3.10/dist-packages/arduino_firmware
[0.624s] -- Up-to-date: /home/albert/umov_ws/install/arduino_firmware/local/lib/python3.10/dist-packages/arduino_firmware/simple_serial_receiver.py
[0.624s] -- Up-to-date: /home/albert/umov_ws/install/arduino_firmware/local/lib/python3.10/dist-packages/arduino_firmware/__init__.py
[0.624s] -- Up-to-date: /home/albert/umov_ws/install/arduino_firmware/local/lib/python3.10/dist-packages/arduino_firmware/simple_serial_transmitter.py
[0.624s] -- Up-to-date: /home/albert/umov_ws/install/arduino_firmware/local/lib/python3.10/dist-packages/arduino_firmware/simple_serial_receiver
[0.624s] -- Up-to-date: /home/albert/umov_ws/install/arduino_firmware/local/lib/python3.10/dist-packages/arduino_firmware/simple_serial_receiver/simple_serial_receiver.ino
[0.665s] Listing '/home/albert/umov_ws/install/arduino_firmware/local/lib/python3.10/dist-packages/arduino_firmware'...
[0.665s] Listing '/home/albert/umov_ws/install/arduino_firmware/local/lib/python3.10/dist-packages/arduino_firmware/simple_serial_receiver'...
[0.670s] -- Up-to-date: /home/albert/umov_ws/install/arduino_firmware/lib/arduino_firmware/simple_serial_transmitter
[0.671s] -- Up-to-date: /home/albert/umov_ws/install/arduino_firmware/lib/arduino_firmware/simple_serial_receiver
[0.671s] -- Up-to-date: /home/albert/umov_ws/install/arduino_firmware/lib/arduino_firmware/simple_serial_transmitter.py
[0.671s] -- Up-to-date: /home/albert/umov_ws/install/arduino_firmware/lib/arduino_firmware/simple_serial_receiver.py
[0.672s] -- Up-to-date: /home/albert/umov_ws/install/arduino_firmware/share/ament_index/resource_index/package_run_dependencies/arduino_firmware
[0.672s] -- Up-to-date: /home/albert/umov_ws/install/arduino_firmware/share/ament_index/resource_index/parent_prefix_path/arduino_firmware
[0.672s] -- Up-to-date: /home/albert/umov_ws/install/arduino_firmware/share/arduino_firmware/environment/ament_prefix_path.sh
[0.672s] -- Up-to-date: /home/albert/umov_ws/install/arduino_firmware/share/arduino_firmware/environment/ament_prefix_path.dsv
[0.672s] -- Up-to-date: /home/albert/umov_ws/install/arduino_firmware/share/arduino_firmware/environment/path.sh
[0.672s] -- Up-to-date: /home/albert/umov_ws/install/arduino_firmware/share/arduino_firmware/environment/path.dsv
[0.672s] -- Up-to-date: /home/albert/umov_ws/install/arduino_firmware/share/arduino_firmware/local_setup.bash
[0.672s] -- Up-to-date: /home/albert/umov_ws/install/arduino_firmware/share/arduino_firmware/local_setup.sh
[0.672s] -- Up-to-date: /home/albert/umov_ws/install/arduino_firmware/share/arduino_firmware/local_setup.zsh
[0.673s] -- Up-to-date: /home/albert/umov_ws/install/arduino_firmware/share/arduino_firmware/local_setup.dsv
[0.673s] -- Installing: /home/albert/umov_ws/install/arduino_firmware/share/arduino_firmware/package.dsv
[0.673s] -- Up-to-date: /home/albert/umov_ws/install/arduino_firmware/share/ament_index/resource_index/packages/arduino_firmware
[0.673s] -- Up-to-date: /home/albert/umov_ws/install/arduino_firmware/share/arduino_firmware/cmake/arduino_firmwareConfig.cmake
[0.673s] -- Up-to-date: /home/albert/umov_ws/install/arduino_firmware/share/arduino_firmware/cmake/arduino_firmwareConfig-version.cmake
[0.673s] -- Up-to-date: /home/albert/umov_ws/install/arduino_firmware/share/arduino_firmware/package.xml
[0.674s] Invoked command in '/home/albert/umov_ws/build/arduino_firmware' returned '0': CMAKE_PREFIX_PATH=${CMAKE_PREFIX_PATH}:/home/albert/ws_moveit2/install/moveit_configs_utils:/home/albert/ws_moveit2/install/launch_param_builder:/home/albert/umov_ws/install/arduino_py_examples:/home/albert/udem2_ws/install/actions_py:/home/albert/udem2_ws/install/lifecycle_py:/home/albert/udem2_ws/install/executors_py:/home/albert/udem2_ws/install/components_py:/home/albert/udem_ws/install/turtlesim_catcher:/home/albert/udem_ws/install/my_py_pkg:/home/albert/udem_ws/install/lifecycle_py:/home/albert/bcdc_ws/install/agbot_teleop:/home/albert/bcdc_ws/install/agbot_py:/home/albert/arduinobot_ws/install/arduinobot_py_examples:/opt/ros/humble /home/albert/.local/bin/cmake --install /home/albert/umov_ws/build/arduino_firmware
