[01m[K/home/albert/umov_ws/src/arduinobot_remote/src/task_server.cpp:[m[K In member function ‘[01m[Kvoid arduinobot_remote::TaskServer::execute(std::shared_ptr<rclcpp_action::ServerGoalHandle<arduinobot_msgs::action::ArduinobotTask> >)[m[K’:
[01m[K/home/albert/umov_ws/src/arduinobot_remote/src/task_server.cpp:140:73:[m[K [01;31m[Kerror: [m[K‘[01m[Kclass std::shared_ptr<moveit::planning_interface::MoveGroupInterface>[m[K’ has no member named ‘[01m[KgetActiveJoints[m[K’
  140 | hin_bounds = (arm_joint_goal_.size() == arm_move_group_.[01;31m[KgetActiveJoints[m[K().size());
      |                                                         [01;31m[K^~~~~~~~~~~~~~~[m[K

[01m[K/home/albert/umov_ws/src/arduinobot_remote/src/task_server.cpp:141:85:[m[K [01;31m[Kerror: [m[K‘[01m[Kclass std::shared_ptr<moveit::planning_interface::MoveGroupInterface>[m[K’ has no member named ‘[01m[KgetActiveJoints[m[K’
  141 | ds = (gripper_joint_goal_.size() == gripper_move_group_.[01;31m[KgetActiveJoints[m[K().size());
      |                                                         [01;31m[K^~~~~~~~~~~~~~~[m[K

[01m[K/home/albert/umov_ws/src/arduinobot_remote/src/task_server.cpp:160:30:[m[K [01;31m[Kerror: [m[K‘[01m[Karm_move_group[m[K’ was not declared in this scope; did you mean ‘[01m[Karm_move_group_[m[K’?
  160 |     bool arm_plan_success = ([01;31m[Karm_move_group[m[K.plan(arm_plan) == moveit::core::MoveItErrorCode::SUCCESS);
      |                              [01;31m[K^~~~~~~~~~~~~~[m[K
      |                              [32m[Karm_move_group_[m[K
[01m[K/home/albert/umov_ws/src/arduinobot_remote/src/task_server.cpp:161:54:[m[K [01;31m[Kerror: [m[K‘[01m[Kclass std::shared_ptr<moveit::planning_interface::MoveGroupInterface>[m[K’ has no member named ‘[01m[Kplan[m[K’
  161 |     bool gripper_plan_success = (gripper_move_group_.[01;31m[Kplan[m[K(gripper_plan) == moveit::core::MoveItErrorCode::SUCCESS);
      |                                                      [01;31m[K^~~~[m[K
[01m[K/home/albert/umov_ws/src/arduinobot_remote/src/task_server.cpp:166:14:[m[K [01;35m[Kwarning: [m[Kunused variable ‘[01m[Karm_execution_success[m[K’ [[01;35m[K]8;;https://gcc.gnu.org/onlinedocs/gcc/Warning-Options.html#index-Wunused-variable-Wunused-variable]8;;[m[K]
  166 |         bool [01;35m[Karm_execution_success[m[K = (arm_move_group.execute(arm_plan) == moveit::core::MoveItErrorCode::SUCCESS);
      |              [01;35m[K^~~~~~~~~~~~~~~~~~~~~[m[K
[01m[K/home/albert/umov_ws/src/arduinobot_remote/src/task_server.cpp:177:38:[m[K [01;31m[Kerror: [m[K‘[01m[Kgripper_move_group[m[K’ was not declared in this scope; did you mean ‘[01m[Kgripper_move_group_[m[K’?
  177 |         bool gripper_plan_success = ([01;31m[Kgripper_move_group[m[K.plan(gripper_plan) == moveit::core::MoveItErrorCode::SUCCESS);
      |                                      [01;31m[K^~~~~~~~~~~~~~~~~~[m[K
      |                                      [32m[Kgripper_move_group_[m[K
[01m[K/home/albert/umov_ws/src/arduinobot_remote/src/task_server.cpp:177:14:[m[K [01;35m[Kwarning: [m[Kunused variable ‘[01m[Kgripper_plan_success[m[K’ [[01;35m[K]8;;https://gcc.gnu.org/onlinedocs/gcc/Warning-Options.html#index-Wunused-variable-Wunused-variable]8;;[m[K]
  177 |         bool [01;35m[Kgripper_plan_success[m[K = (gripper_move_group.plan(gripper_plan) == moveit::core::MoveItErrorCode::SUCCESS);
      |              [01;35m[K^~~~~~~~~~~~~~~~~~~~[m[K
gmake[2]: *** [CMakeFiles/task_server.dir/build.make:76: CMakeFiles/task_server.dir/src/task_server.cpp.o] Error 1
gmake[1]: *** [CMakeFiles/Makefile2:142: CMakeFiles/task_server.dir/all] Error 2
gmake: *** [Makefile:146: all] Error 2
