[0.329s] Invoking command in '/home/albert/umov_ws/build/description': CMAKE_PREFIX_PATH=${CMAKE_PREFIX_PATH}:/home/albert/ws_moveit2/install/moveit_configs_utils:/home/albert/ws_moveit2/install/launch_param_builder:/home/albert/umov_ws/install/arduino_py_examples:/home/albert/udem2_ws/install/actions_py:/home/albert/udem2_ws/install/lifecycle_py:/home/albert/udem2_ws/install/executors_py:/home/albert/udem2_ws/install/components_py:/home/albert/udem_ws/install/turtlesim_catcher:/home/albert/udem_ws/install/my_py_pkg:/home/albert/udem_ws/install/lifecycle_py:/home/albert/bcdc_ws/install/agbot_teleop:/home/albert/bcdc_ws/install/agbot_py:/home/albert/arduinobot_ws/install/arduinobot_py_examples:/opt/ros/humble /home/albert/.local/bin/cmake --build /home/albert/umov_ws/build/description -- -j8 -l8
[0.572s] Invoked command in '/home/albert/umov_ws/build/description' returned '0': CMAKE_PREFIX_PATH=${CMAKE_PREFIX_PATH}:/home/albert/ws_moveit2/install/moveit_configs_utils:/home/albert/ws_moveit2/install/launch_param_builder:/home/albert/umov_ws/install/arduino_py_examples:/home/albert/udem2_ws/install/actions_py:/home/albert/udem2_ws/install/lifecycle_py:/home/albert/udem2_ws/install/executors_py:/home/albert/udem2_ws/install/components_py:/home/albert/udem_ws/install/turtlesim_catcher:/home/albert/udem_ws/install/my_py_pkg:/home/albert/udem_ws/install/lifecycle_py:/home/albert/bcdc_ws/install/agbot_teleop:/home/albert/bcdc_ws/install/agbot_py:/home/albert/arduinobot_ws/install/arduinobot_py_examples:/opt/ros/humble /home/albert/.local/bin/cmake --build /home/albert/umov_ws/build/description -- -j8 -l8
[0.623s] Invoking command in '/home/albert/umov_ws/build/description': CMAKE_PREFIX_PATH=${CMAKE_PREFIX_PATH}:/home/albert/ws_moveit2/install/moveit_configs_utils:/home/albert/ws_moveit2/install/launch_param_builder:/home/albert/umov_ws/install/arduino_py_examples:/home/albert/udem2_ws/install/actions_py:/home/albert/udem2_ws/install/lifecycle_py:/home/albert/udem2_ws/install/executors_py:/home/albert/udem2_ws/install/components_py:/home/albert/udem_ws/install/turtlesim_catcher:/home/albert/udem_ws/install/my_py_pkg:/home/albert/udem_ws/install/lifecycle_py:/home/albert/bcdc_ws/install/agbot_teleop:/home/albert/bcdc_ws/install/agbot_py:/home/albert/arduinobot_ws/install/arduinobot_py_examples:/opt/ros/humble /home/albert/.local/bin/cmake --install /home/albert/umov_ws/build/description
[0.770s] -- Install configuration: ""
[0.773s] -- Up-to-date: /home/albert/umov_ws/install/description/share/description/launch
[0.778s] -- Up-to-date: /home/albert/umov_ws/install/description/share/description/launch/gazebo.launch.py
[0.779s] -- Up-to-date: /home/albert/umov_ws/install/description/share/description/launch/orig_gazebo.launch.py
[0.780s] -- Up-to-date: /home/albert/umov_ws/install/description/share/description/launch/display.launch.py
[0.785s] -- Up-to-date: /home/albert/umov_ws/install/description/share/description/meshes
[0.786s] -- Up-to-date: /home/albert/umov_ws/install/description/share/description/meshes/right_finger.STL
[0.796s] -- Up-to-date: /home/albert/umov_ws/install/description/share/description/meshes/triangular_link.STL
[0.797s] -- Up-to-date: /home/albert/umov_ws/install/description/share/description/meshes/round_plate.STL
[0.797s] -- Up-to-date: /home/albert/umov_ws/install/description/share/description/meshes/left_finger.STL
[0.797s] -- Up-to-date: /home/albert/umov_ws/install/description/share/description/meshes/vertical_drive_arm.STL
[0.797s] -- Up-to-date: /home/albert/umov_ws/install/description/share/description/meshes/claw_support.STL
[0.798s] -- Up-to-date: /home/albert/umov_ws/install/description/share/description/meshes/link.STL
[0.798s] -- Up-to-date: /home/albert/umov_ws/install/description/share/description/meshes/horizontal_arm.STL
[0.798s] -- Up-to-date: /home/albert/umov_ws/install/description/share/description/meshes/basement.STL
[0.798s] -- Up-to-date: /home/albert/umov_ws/install/description/share/description/meshes/forward_drive_arm.STL
[0.799s] -- Up-to-date: /home/albert/umov_ws/install/description/share/description/meshes/servo_plate.STL
[0.799s] -- Up-to-date: /home/albert/umov_ws/install/description/share/description/meshes/plate.STL
[0.806s] -- Up-to-date: /home/albert/umov_ws/install/description/share/description/meshes/base_plate.STL
[0.807s] -- Up-to-date: /home/albert/umov_ws/install/description/share/description/meshes/pi_camera.STL
[0.815s] -- Up-to-date: /home/albert/umov_ws/install/description/share/description/models
[0.815s] -- Up-to-date: /home/albert/umov_ws/install/description/share/description/models/ground_plane
[0.816s] -- Up-to-date: /home/albert/umov_ws/install/description/share/description/models/ground_plane/model-1_2.sdf
[0.816s] -- Up-to-date: /home/albert/umov_ws/install/description/share/description/models/ground_plane/model-1_3.sdf
[0.819s] -- Up-to-date: /home/albert/umov_ws/install/description/share/description/models/ground_plane/model.config
[0.819s] -- Up-to-date: /home/albert/umov_ws/install/description/share/description/models/ground_plane/model.sdf
[0.820s] -- Up-to-date: /home/albert/umov_ws/install/description/share/description/models/ground_plane/model-1_4.sdf
[0.821s] -- Up-to-date: /home/albert/umov_ws/install/description/share/description/models/sun
[0.822s] -- Up-to-date: /home/albert/umov_ws/install/description/share/description/models/sun/model-1_2.sdf
[0.827s] -- Up-to-date: /home/albert/umov_ws/install/description/share/description/models/sun/model-1_3.sdf
[0.828s] -- Up-to-date: /home/albert/umov_ws/install/description/share/description/models/sun/model.config
[0.828s] -- Up-to-date: /home/albert/umov_ws/install/description/share/description/models/sun/model.sdf
[0.829s] -- Up-to-date: /home/albert/umov_ws/install/description/share/description/models/sun/model-1_4.sdf
[0.830s] -- Up-to-date: /home/albert/umov_ws/install/description/share/description/urdf
[0.830s] -- Up-to-date: /home/albert/umov_ws/install/description/share/description/urdf/common_properties.xacro
[0.831s] -- Up-to-date: /home/albert/umov_ws/install/description/share/description/urdf/arduinobot.urdf.xacro
[0.831s] -- Up-to-date: /home/albert/umov_ws/install/description/share/description/urdf/arduinobot_gazebo.xacro
[0.831s] -- Up-to-date: /home/albert/umov_ws/install/description/share/description/urdf/arduinobot_ros2_control.xacro
[0.831s] -- Up-to-date: /home/albert/umov_ws/install/description/share/description/rviz
[0.836s] -- Up-to-date: /home/albert/umov_ws/install/description/share/description/rviz/display.rviz
[0.839s] -- Up-to-date: /home/albert/umov_ws/install/description/share/ament_index/resource_index/package_run_dependencies/description
[0.840s] -- Up-to-date: /home/albert/umov_ws/install/description/share/ament_index/resource_index/parent_prefix_path/description
[0.842s] -- Up-to-date: /home/albert/umov_ws/install/description/share/description/environment/ament_prefix_path.sh
[0.843s] -- Up-to-date: /home/albert/umov_ws/install/description/share/description/environment/ament_prefix_path.dsv
[0.846s] -- Up-to-date: /home/albert/umov_ws/install/description/share/description/environment/path.sh
[0.849s] -- Up-to-date: /home/albert/umov_ws/install/description/share/description/environment/path.dsv
[0.850s] -- Up-to-date: /home/albert/umov_ws/install/description/share/description/local_setup.bash
[0.851s] -- Up-to-date: /home/albert/umov_ws/install/description/share/description/local_setup.sh
[0.851s] -- Up-to-date: /home/albert/umov_ws/install/description/share/description/local_setup.zsh
[0.851s] -- Up-to-date: /home/albert/umov_ws/install/description/share/description/local_setup.dsv
[0.851s] -- Installing: /home/albert/umov_ws/install/description/share/description/package.dsv
[0.852s] -- Up-to-date: /home/albert/umov_ws/install/description/share/ament_index/resource_index/packages/description
[0.852s] -- Up-to-date: /home/albert/umov_ws/install/description/share/description/cmake/descriptionConfig.cmake
[0.852s] -- Up-to-date: /home/albert/umov_ws/install/description/share/description/cmake/descriptionConfig-version.cmake
[0.852s] -- Up-to-date: /home/albert/umov_ws/install/description/share/description/package.xml
[1.019s] Invoked command in '/home/albert/umov_ws/build/description' returned '0': CMAKE_PREFIX_PATH=${CMAKE_PREFIX_PATH}:/home/albert/ws_moveit2/install/moveit_configs_utils:/home/albert/ws_moveit2/install/launch_param_builder:/home/albert/umov_ws/install/arduino_py_examples:/home/albert/udem2_ws/install/actions_py:/home/albert/udem2_ws/install/lifecycle_py:/home/albert/udem2_ws/install/executors_py:/home/albert/udem2_ws/install/components_py:/home/albert/udem_ws/install/turtlesim_catcher:/home/albert/udem_ws/install/my_py_pkg:/home/albert/udem_ws/install/lifecycle_py:/home/albert/bcdc_ws/install/agbot_teleop:/home/albert/bcdc_ws/install/agbot_py:/home/albert/arduinobot_ws/install/arduinobot_py_examples:/opt/ros/humble /home/albert/.local/bin/cmake --install /home/albert/umov_ws/build/description
