[0.282s] Invoking command in '/home/albert/umov_ws/build/arduinobot_msgs': CMAKE_PREFIX_PATH=${CMAKE_PREFIX_PATH}:/home/albert/ws_moveit2/install/moveit_configs_utils:/home/albert/ws_moveit2/install/launch_param_builder:/home/albert/umov_ws/install/arduino_py_examples:/home/albert/udem2_ws/install/actions_py:/home/albert/udem2_ws/install/lifecycle_py:/home/albert/udem2_ws/install/executors_py:/home/albert/udem2_ws/install/components_py:/home/albert/udem_ws/install/turtlesim_catcher:/home/albert/udem_ws/install/my_py_pkg:/home/albert/udem_ws/install/lifecycle_py:/home/albert/bcdc_ws/install/agbot_teleop:/home/albert/bcdc_ws/install/agbot_py:/home/albert/arduinobot_ws/install/arduinobot_py_examples:/opt/ros/humble /home/albert/.local/bin/cmake --build /home/albert/umov_ws/build/arduinobot_msgs -- -j8 -l8
[0.450s] [  1%] Built target arduinobot_msgs__cpp
[0.513s] [ 12%] Built target arduinobot_msgs__rosidl_generator_c
[0.515s] [ 12%] Built target ament_cmake_python_copy_arduinobot_msgs
[0.610s] [ 26%] Built target arduinobot_msgs__rosidl_typesupport_cpp
[0.618s] [ 34%] Built target arduinobot_msgs__rosidl_typesupport_introspection_cpp
[0.619s] [ 46%] Built target arduinobot_msgs__rosidl_typesupport_fastrtps_cpp
[0.625s] [ 57%] Built target arduinobot_msgs__rosidl_typesupport_introspection_c
[0.643s] [ 68%] Built target arduinobot_msgs__rosidl_typesupport_c
[0.686s] [ 79%] Built target arduinobot_msgs__rosidl_typesupport_fastrtps_c
[0.753s] [ 79%] Built target arduinobot_msgs
[0.816s] [ 80%] Built target arduinobot_msgs__py
[0.949s] [ 90%] Built target arduinobot_msgs__rosidl_generator_py
[1.078s] [ 93%] Built target arduinobot_msgs__rosidl_typesupport_fastrtps_c__pyext
[1.083s] [ 96%] Built target arduinobot_msgs__rosidl_typesupport_c__pyext
[1.090s] [100%] Built target arduinobot_msgs__rosidl_typesupport_introspection_c__pyext
[2.194s] running egg_info
[2.195s] writing arduinobot_msgs.egg-info/PKG-INFO
[2.196s] writing dependency_links to arduinobot_msgs.egg-info/dependency_links.txt
[2.197s] writing top-level names to arduinobot_msgs.egg-info/top_level.txt
[2.204s] reading manifest file 'arduinobot_msgs.egg-info/SOURCES.txt'
[2.208s] writing manifest file 'arduinobot_msgs.egg-info/SOURCES.txt'
[2.311s] [100%] Built target ament_cmake_python_build_arduinobot_msgs_egg
[2.350s] Invoked command in '/home/albert/umov_ws/build/arduinobot_msgs' returned '0': CMAKE_PREFIX_PATH=${CMAKE_PREFIX_PATH}:/home/albert/ws_moveit2/install/moveit_configs_utils:/home/albert/ws_moveit2/install/launch_param_builder:/home/albert/umov_ws/install/arduino_py_examples:/home/albert/udem2_ws/install/actions_py:/home/albert/udem2_ws/install/lifecycle_py:/home/albert/udem2_ws/install/executors_py:/home/albert/udem2_ws/install/components_py:/home/albert/udem_ws/install/turtlesim_catcher:/home/albert/udem_ws/install/my_py_pkg:/home/albert/udem_ws/install/lifecycle_py:/home/albert/bcdc_ws/install/agbot_teleop:/home/albert/bcdc_ws/install/agbot_py:/home/albert/arduinobot_ws/install/arduinobot_py_examples:/opt/ros/humble /home/albert/.local/bin/cmake --build /home/albert/umov_ws/build/arduinobot_msgs -- -j8 -l8
[2.355s] Invoking command in '/home/albert/umov_ws/build/arduinobot_msgs': CMAKE_PREFIX_PATH=${CMAKE_PREFIX_PATH}:/home/albert/ws_moveit2/install/moveit_configs_utils:/home/albert/ws_moveit2/install/launch_param_builder:/home/albert/umov_ws/install/arduino_py_examples:/home/albert/udem2_ws/install/actions_py:/home/albert/udem2_ws/install/lifecycle_py:/home/albert/udem2_ws/install/executors_py:/home/albert/udem2_ws/install/components_py:/home/albert/udem_ws/install/turtlesim_catcher:/home/albert/udem_ws/install/my_py_pkg:/home/albert/udem_ws/install/lifecycle_py:/home/albert/bcdc_ws/install/agbot_teleop:/home/albert/bcdc_ws/install/agbot_py:/home/albert/arduinobot_ws/install/arduinobot_py_examples:/opt/ros/humble /home/albert/.local/bin/cmake --install /home/albert/umov_ws/build/arduinobot_msgs
[2.371s] -- Install configuration: ""
[2.372s] -- Up-to-date: /home/albert/umov_ws/install/arduinobot_msgs/share/ament_index/resource_index/rosidl_interfaces/arduinobot_msgs
[2.372s] -- Up-to-date: /home/albert/umov_ws/install/arduinobot_msgs/include/arduinobot_msgs/arduinobot_msgs
[2.372s] -- Up-to-date: /home/albert/umov_ws/install/arduinobot_msgs/include/arduinobot_msgs/arduinobot_msgs/msg
[2.373s] -- Up-to-date: /home/albert/umov_ws/install/arduinobot_msgs/include/arduinobot_msgs/arduinobot_msgs/msg/rosidl_generator_c__visibility_control.h
[2.373s] -- Up-to-date: /home/albert/umov_ws/install/arduinobot_msgs/include/arduinobot_msgs/arduinobot_msgs/action
[2.373s] -- Up-to-date: /home/albert/umov_ws/install/arduinobot_msgs/include/arduinobot_msgs/arduinobot_msgs/action/arduinobot_task.h
[2.373s] -- Up-to-date: /home/albert/umov_ws/install/arduinobot_msgs/include/arduinobot_msgs/arduinobot_msgs/action/fibonacci.h
[2.374s] -- Up-to-date: /home/albert/umov_ws/install/arduinobot_msgs/include/arduinobot_msgs/arduinobot_msgs/action/detail
[2.374s] -- Up-to-date: /home/albert/umov_ws/install/arduinobot_msgs/include/arduinobot_msgs/arduinobot_msgs/action/detail/fibonacci__functions.c
[2.377s] -- Up-to-date: /home/albert/umov_ws/install/arduinobot_msgs/include/arduinobot_msgs/arduinobot_msgs/action/detail/arduinobot_task__functions.c
[2.378s] -- Up-to-date: /home/albert/umov_ws/install/arduinobot_msgs/include/arduinobot_msgs/arduinobot_msgs/action/detail/fibonacci__type_support.h
[2.378s] -- Up-to-date: /home/albert/umov_ws/install/arduinobot_msgs/include/arduinobot_msgs/arduinobot_msgs/action/detail/arduinobot_task__functions.h
[2.378s] -- Up-to-date: /home/albert/umov_ws/install/arduinobot_msgs/include/arduinobot_msgs/arduinobot_msgs/action/detail/fibonacci__struct.h
[2.378s] -- Up-to-date: /home/albert/umov_ws/install/arduinobot_msgs/include/arduinobot_msgs/arduinobot_msgs/action/detail/arduinobot_task__type_support.h
[2.378s] -- Up-to-date: /home/albert/umov_ws/install/arduinobot_msgs/include/arduinobot_msgs/arduinobot_msgs/action/detail/arduinobot_task__struct.h
[2.379s] -- Up-to-date: /home/albert/umov_ws/install/arduinobot_msgs/include/arduinobot_msgs/arduinobot_msgs/action/detail/fibonacci__functions.h
[2.379s] -- Up-to-date: /home/albert/umov_ws/install/arduinobot_msgs/include/arduinobot_msgs/arduinobot_msgs/srv
[2.379s] -- Up-to-date: /home/albert/umov_ws/install/arduinobot_msgs/include/arduinobot_msgs/arduinobot_msgs/srv/quaternion_to_euler.h
[2.379s] -- Up-to-date: /home/albert/umov_ws/install/arduinobot_msgs/include/arduinobot_msgs/arduinobot_msgs/srv/detail
[2.380s] -- Up-to-date: /home/albert/umov_ws/install/arduinobot_msgs/include/arduinobot_msgs/arduinobot_msgs/srv/detail/euler_to_quaternion__functions.c
[2.380s] -- Up-to-date: /home/albert/umov_ws/install/arduinobot_msgs/include/arduinobot_msgs/arduinobot_msgs/srv/detail/add_two_ints__functions.h
[2.380s] -- Up-to-date: /home/albert/umov_ws/install/arduinobot_msgs/include/arduinobot_msgs/arduinobot_msgs/srv/detail/euler_to_quaternion__struct.h
[2.380s] -- Up-to-date: /home/albert/umov_ws/install/arduinobot_msgs/include/arduinobot_msgs/arduinobot_msgs/srv/detail/add_two_ints__functions.c
[2.380s] -- Up-to-date: /home/albert/umov_ws/install/arduinobot_msgs/include/arduinobot_msgs/arduinobot_msgs/srv/detail/quaternion_to_euler__functions.c
[2.381s] -- Up-to-date: /home/albert/umov_ws/install/arduinobot_msgs/include/arduinobot_msgs/arduinobot_msgs/srv/detail/euler_to_quaternion__functions.h
[2.381s] -- Up-to-date: /home/albert/umov_ws/install/arduinobot_msgs/include/arduinobot_msgs/arduinobot_msgs/srv/detail/quaternion_to_euler__functions.h
[2.384s] -- Up-to-date: /home/albert/umov_ws/install/arduinobot_msgs/include/arduinobot_msgs/arduinobot_msgs/srv/detail/quaternion_to_euler__type_support.h
[2.385s] -- Up-to-date: /home/albert/umov_ws/install/arduinobot_msgs/include/arduinobot_msgs/arduinobot_msgs/srv/detail/add_two_ints__type_support.h
[2.385s] -- Up-to-date: /home/albert/umov_ws/install/arduinobot_msgs/include/arduinobot_msgs/arduinobot_msgs/srv/detail/euler_to_quaternion__type_support.h
[2.385s] -- Up-to-date: /home/albert/umov_ws/install/arduinobot_msgs/include/arduinobot_msgs/arduinobot_msgs/srv/detail/quaternion_to_euler__struct.h
[2.386s] -- Up-to-date: /home/albert/umov_ws/install/arduinobot_msgs/include/arduinobot_msgs/arduinobot_msgs/srv/detail/add_two_ints__struct.h
[2.386s] -- Up-to-date: /home/albert/umov_ws/install/arduinobot_msgs/include/arduinobot_msgs/arduinobot_msgs/srv/euler_to_quaternion.h
[2.387s] -- Up-to-date: /home/albert/umov_ws/install/arduinobot_msgs/include/arduinobot_msgs/arduinobot_msgs/srv/add_two_ints.h
[2.388s] -- Up-to-date: /home/albert/umov_ws/install/arduinobot_msgs/share/arduinobot_msgs/environment/library_path.sh
[2.388s] -- Up-to-date: /home/albert/umov_ws/install/arduinobot_msgs/share/arduinobot_msgs/environment/library_path.dsv
[2.388s] -- Up-to-date: /home/albert/umov_ws/install/arduinobot_msgs/lib/libarduinobot_msgs__rosidl_generator_c.so
[2.389s] -- Up-to-date: /home/albert/umov_ws/install/arduinobot_msgs/include/arduinobot_msgs/arduinobot_msgs
[2.389s] -- Up-to-date: /home/albert/umov_ws/install/arduinobot_msgs/include/arduinobot_msgs/arduinobot_msgs/msg
[2.389s] -- Up-to-date: /home/albert/umov_ws/install/arduinobot_msgs/include/arduinobot_msgs/arduinobot_msgs/msg/rosidl_typesupport_fastrtps_c__visibility_control.h
[2.389s] -- Up-to-date: /home/albert/umov_ws/install/arduinobot_msgs/include/arduinobot_msgs/arduinobot_msgs/action
[2.390s] -- Up-to-date: /home/albert/umov_ws/install/arduinobot_msgs/include/arduinobot_msgs/arduinobot_msgs/action/detail
[2.390s] -- Up-to-date: /home/albert/umov_ws/install/arduinobot_msgs/include/arduinobot_msgs/arduinobot_msgs/action/detail/fibonacci__rosidl_typesupport_fastrtps_c.h
[2.390s] -- Up-to-date: /home/albert/umov_ws/install/arduinobot_msgs/include/arduinobot_msgs/arduinobot_msgs/action/detail/arduinobot_task__rosidl_typesupport_fastrtps_c.h
[2.390s] -- Up-to-date: /home/albert/umov_ws/install/arduinobot_msgs/include/arduinobot_msgs/arduinobot_msgs/srv
[2.390s] -- Up-to-date: /home/albert/umov_ws/install/arduinobot_msgs/include/arduinobot_msgs/arduinobot_msgs/srv/detail
[2.391s] -- Up-to-date: /home/albert/umov_ws/install/arduinobot_msgs/include/arduinobot_msgs/arduinobot_msgs/srv/detail/add_two_ints__rosidl_typesupport_fastrtps_c.h
[2.391s] -- Up-to-date: /home/albert/umov_ws/install/arduinobot_msgs/include/arduinobot_msgs/arduinobot_msgs/srv/detail/euler_to_quaternion__rosidl_typesupport_fastrtps_c.h
[2.391s] -- Up-to-date: /home/albert/umov_ws/install/arduinobot_msgs/include/arduinobot_msgs/arduinobot_msgs/srv/detail/quaternion_to_euler__rosidl_typesupport_fastrtps_c.h
[2.391s] -- Up-to-date: /home/albert/umov_ws/install/arduinobot_msgs/lib/libarduinobot_msgs__rosidl_typesupport_fastrtps_c.so
[2.392s] -- Up-to-date: /home/albert/umov_ws/install/arduinobot_msgs/include/arduinobot_msgs/arduinobot_msgs
[2.392s] -- Up-to-date: /home/albert/umov_ws/install/arduinobot_msgs/include/arduinobot_msgs/arduinobot_msgs/msg
[2.392s] -- Up-to-date: /home/albert/umov_ws/install/arduinobot_msgs/include/arduinobot_msgs/arduinobot_msgs/msg/rosidl_generator_cpp__visibility_control.hpp
[2.392s] -- Up-to-date: /home/albert/umov_ws/install/arduinobot_msgs/include/arduinobot_msgs/arduinobot_msgs/action
[2.393s] -- Up-to-date: /home/albert/umov_ws/install/arduinobot_msgs/include/arduinobot_msgs/arduinobot_msgs/action/fibonacci.hpp
[2.393s] -- Up-to-date: /home/albert/umov_ws/install/arduinobot_msgs/include/arduinobot_msgs/arduinobot_msgs/action/detail
[2.394s] -- Up-to-date: /home/albert/umov_ws/install/arduinobot_msgs/include/arduinobot_msgs/arduinobot_msgs/action/detail/fibonacci__type_support.hpp
[2.394s] -- Up-to-date: /home/albert/umov_ws/install/arduinobot_msgs/include/arduinobot_msgs/arduinobot_msgs/action/detail/arduinobot_task__traits.hpp
[2.394s] -- Up-to-date: /home/albert/umov_ws/install/arduinobot_msgs/include/arduinobot_msgs/arduinobot_msgs/action/detail/arduinobot_task__builder.hpp
[2.395s] -- Up-to-date: /home/albert/umov_ws/install/arduinobot_msgs/include/arduinobot_msgs/arduinobot_msgs/action/detail/fibonacci__builder.hpp
[2.396s] -- Up-to-date: /home/albert/umov_ws/install/arduinobot_msgs/include/arduinobot_msgs/arduinobot_msgs/action/detail/fibonacci__struct.hpp
[2.396s] -- Up-to-date: /home/albert/umov_ws/install/arduinobot_msgs/include/arduinobot_msgs/arduinobot_msgs/action/detail/arduinobot_task__struct.hpp
[2.397s] -- Up-to-date: /home/albert/umov_ws/install/arduinobot_msgs/include/arduinobot_msgs/arduinobot_msgs/action/detail/arduinobot_task__type_support.hpp
[2.397s] -- Up-to-date: /home/albert/umov_ws/install/arduinobot_msgs/include/arduinobot_msgs/arduinobot_msgs/action/detail/fibonacci__traits.hpp
[2.398s] -- Up-to-date: /home/albert/umov_ws/install/arduinobot_msgs/include/arduinobot_msgs/arduinobot_msgs/action/arduinobot_task.hpp
[2.398s] -- Up-to-date: /home/albert/umov_ws/install/arduinobot_msgs/include/arduinobot_msgs/arduinobot_msgs/srv
[2.398s] -- Up-to-date: /home/albert/umov_ws/install/arduinobot_msgs/include/arduinobot_msgs/arduinobot_msgs/srv/euler_to_quaternion.hpp
[2.398s] -- Up-to-date: /home/albert/umov_ws/install/arduinobot_msgs/include/arduinobot_msgs/arduinobot_msgs/srv/detail
[2.399s] -- Up-to-date: /home/albert/umov_ws/install/arduinobot_msgs/include/arduinobot_msgs/arduinobot_msgs/srv/detail/quaternion_to_euler__struct.hpp
[2.399s] -- Up-to-date: /home/albert/umov_ws/install/arduinobot_msgs/include/arduinobot_msgs/arduinobot_msgs/srv/detail/quaternion_to_euler__builder.hpp
[2.399s] -- Up-to-date: /home/albert/umov_ws/install/arduinobot_msgs/include/arduinobot_msgs/arduinobot_msgs/srv/detail/euler_to_quaternion__traits.hpp
[2.399s] -- Up-to-date: /home/albert/umov_ws/install/arduinobot_msgs/include/arduinobot_msgs/arduinobot_msgs/srv/detail/add_two_ints__type_support.hpp
[2.399s] -- Up-to-date: /home/albert/umov_ws/install/arduinobot_msgs/include/arduinobot_msgs/arduinobot_msgs/srv/detail/add_two_ints__builder.hpp
[2.400s] -- Up-to-date: /home/albert/umov_ws/install/arduinobot_msgs/include/arduinobot_msgs/arduinobot_msgs/srv/detail/euler_to_quaternion__type_support.hpp
[2.400s] -- Up-to-date: /home/albert/umov_ws/install/arduinobot_msgs/include/arduinobot_msgs/arduinobot_msgs/srv/detail/quaternion_to_euler__traits.hpp
[2.400s] -- Up-to-date: /home/albert/umov_ws/install/arduinobot_msgs/include/arduinobot_msgs/arduinobot_msgs/srv/detail/euler_to_quaternion__builder.hpp
[2.400s] -- Up-to-date: /home/albert/umov_ws/install/arduinobot_msgs/include/arduinobot_msgs/arduinobot_msgs/srv/detail/add_two_ints__traits.hpp
[2.401s] -- Up-to-date: /home/albert/umov_ws/install/arduinobot_msgs/include/arduinobot_msgs/arduinobot_msgs/srv/detail/add_two_ints__struct.hpp
[2.401s] -- Up-to-date: /home/albert/umov_ws/install/arduinobot_msgs/include/arduinobot_msgs/arduinobot_msgs/srv/detail/euler_to_quaternion__struct.hpp
[2.401s] -- Up-to-date: /home/albert/umov_ws/install/arduinobot_msgs/include/arduinobot_msgs/arduinobot_msgs/srv/detail/quaternion_to_euler__type_support.hpp
[2.401s] -- Up-to-date: /home/albert/umov_ws/install/arduinobot_msgs/include/arduinobot_msgs/arduinobot_msgs/srv/quaternion_to_euler.hpp
[2.402s] -- Up-to-date: /home/albert/umov_ws/install/arduinobot_msgs/include/arduinobot_msgs/arduinobot_msgs/srv/add_two_ints.hpp
[2.402s] -- Up-to-date: /home/albert/umov_ws/install/arduinobot_msgs/include/arduinobot_msgs/arduinobot_msgs
[2.402s] -- Up-to-date: /home/albert/umov_ws/install/arduinobot_msgs/include/arduinobot_msgs/arduinobot_msgs/msg
[2.402s] -- Up-to-date: /home/albert/umov_ws/install/arduinobot_msgs/include/arduinobot_msgs/arduinobot_msgs/msg/rosidl_typesupport_fastrtps_cpp__visibility_control.h
[2.403s] -- Up-to-date: /home/albert/umov_ws/install/arduinobot_msgs/include/arduinobot_msgs/arduinobot_msgs/action
[2.403s] -- Up-to-date: /home/albert/umov_ws/install/arduinobot_msgs/include/arduinobot_msgs/arduinobot_msgs/action/detail
[2.403s] -- Up-to-date: /home/albert/umov_ws/install/arduinobot_msgs/include/arduinobot_msgs/arduinobot_msgs/action/detail/arduinobot_task__rosidl_typesupport_fastrtps_cpp.hpp
[2.404s] -- Up-to-date: /home/albert/umov_ws/install/arduinobot_msgs/include/arduinobot_msgs/arduinobot_msgs/action/detail/dds_fastrtps
[2.404s] -- Up-to-date: /home/albert/umov_ws/install/arduinobot_msgs/include/arduinobot_msgs/arduinobot_msgs/action/detail/fibonacci__rosidl_typesupport_fastrtps_cpp.hpp
[2.405s] -- Up-to-date: /home/albert/umov_ws/install/arduinobot_msgs/include/arduinobot_msgs/arduinobot_msgs/srv
[2.406s] -- Up-to-date: /home/albert/umov_ws/install/arduinobot_msgs/include/arduinobot_msgs/arduinobot_msgs/srv/detail
[2.406s] -- Up-to-date: /home/albert/umov_ws/install/arduinobot_msgs/include/arduinobot_msgs/arduinobot_msgs/srv/detail/euler_to_quaternion__rosidl_typesupport_fastrtps_cpp.hpp
[2.407s] -- Up-to-date: /home/albert/umov_ws/install/arduinobot_msgs/include/arduinobot_msgs/arduinobot_msgs/srv/detail/quaternion_to_euler__rosidl_typesupport_fastrtps_cpp.hpp
[2.407s] -- Up-to-date: /home/albert/umov_ws/install/arduinobot_msgs/include/arduinobot_msgs/arduinobot_msgs/srv/detail/dds_fastrtps
[2.408s] -- Up-to-date: /home/albert/umov_ws/install/arduinobot_msgs/include/arduinobot_msgs/arduinobot_msgs/srv/detail/add_two_ints__rosidl_typesupport_fastrtps_cpp.hpp
[2.411s] -- Up-to-date: /home/albert/umov_ws/install/arduinobot_msgs/lib/libarduinobot_msgs__rosidl_typesupport_fastrtps_cpp.so
[2.412s] -- Up-to-date: /home/albert/umov_ws/install/arduinobot_msgs/include/arduinobot_msgs/arduinobot_msgs
[2.412s] -- Up-to-date: /home/albert/umov_ws/install/arduinobot_msgs/include/arduinobot_msgs/arduinobot_msgs/msg
[2.413s] -- Up-to-date: /home/albert/umov_ws/install/arduinobot_msgs/include/arduinobot_msgs/arduinobot_msgs/msg/rosidl_typesupport_introspection_c__visibility_control.h
[2.413s] -- Up-to-date: /home/albert/umov_ws/install/arduinobot_msgs/include/arduinobot_msgs/arduinobot_msgs/action
[2.413s] -- Up-to-date: /home/albert/umov_ws/install/arduinobot_msgs/include/arduinobot_msgs/arduinobot_msgs/action/detail
[2.414s] -- Up-to-date: /home/albert/umov_ws/install/arduinobot_msgs/include/arduinobot_msgs/arduinobot_msgs/action/detail/fibonacci__type_support.c
[2.414s] -- Up-to-date: /home/albert/umov_ws/install/arduinobot_msgs/include/arduinobot_msgs/arduinobot_msgs/action/detail/fibonacci__rosidl_typesupport_introspection_c.h
[2.417s] -- Up-to-date: /home/albert/umov_ws/install/arduinobot_msgs/include/arduinobot_msgs/arduinobot_msgs/action/detail/arduinobot_task__rosidl_typesupport_introspection_c.h
[2.420s] -- Up-to-date: /home/albert/umov_ws/install/arduinobot_msgs/include/arduinobot_msgs/arduinobot_msgs/action/detail/arduinobot_task__type_support.c
[2.422s] -- Up-to-date: /home/albert/umov_ws/install/arduinobot_msgs/include/arduinobot_msgs/arduinobot_msgs/srv
[2.422s] -- Up-to-date: /home/albert/umov_ws/install/arduinobot_msgs/include/arduinobot_msgs/arduinobot_msgs/srv/detail
[2.423s] -- Up-to-date: /home/albert/umov_ws/install/arduinobot_msgs/include/arduinobot_msgs/arduinobot_msgs/srv/detail/add_two_ints__rosidl_typesupport_introspection_c.h
[2.423s] -- Up-to-date: /home/albert/umov_ws/install/arduinobot_msgs/include/arduinobot_msgs/arduinobot_msgs/srv/detail/euler_to_quaternion__type_support.c
[2.423s] -- Up-to-date: /home/albert/umov_ws/install/arduinobot_msgs/include/arduinobot_msgs/arduinobot_msgs/srv/detail/add_two_ints__type_support.c
[2.423s] -- Up-to-date: /home/albert/umov_ws/install/arduinobot_msgs/include/arduinobot_msgs/arduinobot_msgs/srv/detail/quaternion_to_euler__type_support.c
[2.424s] -- Up-to-date: /home/albert/umov_ws/install/arduinobot_msgs/include/arduinobot_msgs/arduinobot_msgs/srv/detail/quaternion_to_euler__rosidl_typesupport_introspection_c.h
[2.424s] -- Up-to-date: /home/albert/umov_ws/install/arduinobot_msgs/include/arduinobot_msgs/arduinobot_msgs/srv/detail/euler_to_quaternion__rosidl_typesupport_introspection_c.h
[2.424s] -- Up-to-date: /home/albert/umov_ws/install/arduinobot_msgs/lib/libarduinobot_msgs__rosidl_typesupport_introspection_c.so
[2.425s] -- Up-to-date: /home/albert/umov_ws/install/arduinobot_msgs/lib/libarduinobot_msgs__rosidl_typesupport_c.so
[2.425s] -- Up-to-date: /home/albert/umov_ws/install/arduinobot_msgs/include/arduinobot_msgs/arduinobot_msgs
[2.425s] -- Up-to-date: /home/albert/umov_ws/install/arduinobot_msgs/include/arduinobot_msgs/arduinobot_msgs/action
[2.425s] -- Up-to-date: /home/albert/umov_ws/install/arduinobot_msgs/include/arduinobot_msgs/arduinobot_msgs/action/detail
[2.426s] -- Up-to-date: /home/albert/umov_ws/install/arduinobot_msgs/include/arduinobot_msgs/arduinobot_msgs/action/detail/fibonacci__type_support.cpp
[2.426s] -- Up-to-date: /home/albert/umov_ws/install/arduinobot_msgs/include/arduinobot_msgs/arduinobot_msgs/action/detail/arduinobot_task__rosidl_typesupport_introspection_cpp.hpp
[2.426s] -- Up-to-date: /home/albert/umov_ws/install/arduinobot_msgs/include/arduinobot_msgs/arduinobot_msgs/action/detail/fibonacci__rosidl_typesupport_introspection_cpp.hpp
[2.426s] -- Up-to-date: /home/albert/umov_ws/install/arduinobot_msgs/include/arduinobot_msgs/arduinobot_msgs/action/detail/arduinobot_task__type_support.cpp
[2.427s] -- Up-to-date: /home/albert/umov_ws/install/arduinobot_msgs/include/arduinobot_msgs/arduinobot_msgs/srv
[2.427s] -- Up-to-date: /home/albert/umov_ws/install/arduinobot_msgs/include/arduinobot_msgs/arduinobot_msgs/srv/detail
[2.431s] -- Up-to-date: /home/albert/umov_ws/install/arduinobot_msgs/include/arduinobot_msgs/arduinobot_msgs/srv/detail/euler_to_quaternion__rosidl_typesupport_introspection_cpp.hpp
[2.431s] -- Up-to-date: /home/albert/umov_ws/install/arduinobot_msgs/include/arduinobot_msgs/arduinobot_msgs/srv/detail/euler_to_quaternion__type_support.cpp
[2.431s] -- Up-to-date: /home/albert/umov_ws/install/arduinobot_msgs/include/arduinobot_msgs/arduinobot_msgs/srv/detail/add_two_ints__type_support.cpp
[2.432s] -- Up-to-date: /home/albert/umov_ws/install/arduinobot_msgs/include/arduinobot_msgs/arduinobot_msgs/srv/detail/quaternion_to_euler__type_support.cpp
[2.432s] -- Up-to-date: /home/albert/umov_ws/install/arduinobot_msgs/include/arduinobot_msgs/arduinobot_msgs/srv/detail/quaternion_to_euler__rosidl_typesupport_introspection_cpp.hpp
[2.433s] -- Up-to-date: /home/albert/umov_ws/install/arduinobot_msgs/include/arduinobot_msgs/arduinobot_msgs/srv/detail/add_two_ints__rosidl_typesupport_introspection_cpp.hpp
[2.434s] -- Up-to-date: /home/albert/umov_ws/install/arduinobot_msgs/lib/libarduinobot_msgs__rosidl_typesupport_introspection_cpp.so
[2.435s] -- Up-to-date: /home/albert/umov_ws/install/arduinobot_msgs/lib/libarduinobot_msgs__rosidl_typesupport_cpp.so
[2.435s] -- Up-to-date: /home/albert/umov_ws/install/arduinobot_msgs/share/arduinobot_msgs/environment/pythonpath.sh
[2.436s] -- Up-to-date: /home/albert/umov_ws/install/arduinobot_msgs/share/arduinobot_msgs/environment/pythonpath.dsv
[2.436s] -- Up-to-date: /home/albert/umov_ws/install/arduinobot_msgs/local/lib/python3.10/dist-packages/arduinobot_msgs-0.0.0-py3.10.egg-info
[2.437s] -- Installing: /home/albert/umov_ws/install/arduinobot_msgs/local/lib/python3.10/dist-packages/arduinobot_msgs-0.0.0-py3.10.egg-info/SOURCES.txt
[2.437s] -- Installing: /home/albert/umov_ws/install/arduinobot_msgs/local/lib/python3.10/dist-packages/arduinobot_msgs-0.0.0-py3.10.egg-info/top_level.txt
[2.438s] -- Installing: /home/albert/umov_ws/install/arduinobot_msgs/local/lib/python3.10/dist-packages/arduinobot_msgs-0.0.0-py3.10.egg-info/PKG-INFO
[2.438s] -- Installing: /home/albert/umov_ws/install/arduinobot_msgs/local/lib/python3.10/dist-packages/arduinobot_msgs-0.0.0-py3.10.egg-info/dependency_links.txt
[2.438s] -- Up-to-date: /home/albert/umov_ws/install/arduinobot_msgs/local/lib/python3.10/dist-packages/arduinobot_msgs
[2.439s] -- Up-to-date: /home/albert/umov_ws/install/arduinobot_msgs/local/lib/python3.10/dist-packages/arduinobot_msgs/_arduinobot_msgs_s.ep.rosidl_typesupport_fastrtps_c.c
[2.439s] -- Up-to-date: /home/albert/umov_ws/install/arduinobot_msgs/local/lib/python3.10/dist-packages/arduinobot_msgs/arduinobot_msgs_s__rosidl_typesupport_fastrtps_c.cpython-310-x86_64-linux-gnu.so
[2.439s] -- Up-to-date: /home/albert/umov_ws/install/arduinobot_msgs/local/lib/python3.10/dist-packages/arduinobot_msgs/__init__.py
[2.439s] -- Up-to-date: /home/albert/umov_ws/install/arduinobot_msgs/local/lib/python3.10/dist-packages/arduinobot_msgs/action
[2.440s] -- Up-to-date: /home/albert/umov_ws/install/arduinobot_msgs/local/lib/python3.10/dist-packages/arduinobot_msgs/action/_arduinobot_task_s.c
[2.441s] -- Up-to-date: /home/albert/umov_ws/install/arduinobot_msgs/local/lib/python3.10/dist-packages/arduinobot_msgs/action/__init__.py
[2.441s] -- Up-to-date: /home/albert/umov_ws/install/arduinobot_msgs/local/lib/python3.10/dist-packages/arduinobot_msgs/action/_arduinobot_task.py
[2.441s] -- Up-to-date: /home/albert/umov_ws/install/arduinobot_msgs/local/lib/python3.10/dist-packages/arduinobot_msgs/action/_fibonacci_s.c
[2.442s] -- Up-to-date: /home/albert/umov_ws/install/arduinobot_msgs/local/lib/python3.10/dist-packages/arduinobot_msgs/action/_fibonacci.py
[2.442s] -- Up-to-date: /home/albert/umov_ws/install/arduinobot_msgs/local/lib/python3.10/dist-packages/arduinobot_msgs/_arduinobot_msgs_s.ep.rosidl_typesupport_introspection_c.c
[2.442s] -- Up-to-date: /home/albert/umov_ws/install/arduinobot_msgs/local/lib/python3.10/dist-packages/arduinobot_msgs/_arduinobot_msgs_s.ep.rosidl_typesupport_c.c
[2.443s] -- Up-to-date: /home/albert/umov_ws/install/arduinobot_msgs/local/lib/python3.10/dist-packages/arduinobot_msgs/libarduinobot_msgs__rosidl_generator_py.so
[2.443s] -- Up-to-date: /home/albert/umov_ws/install/arduinobot_msgs/local/lib/python3.10/dist-packages/arduinobot_msgs/arduinobot_msgs_s__rosidl_typesupport_c.cpython-310-x86_64-linux-gnu.so
[2.443s] -- Up-to-date: /home/albert/umov_ws/install/arduinobot_msgs/local/lib/python3.10/dist-packages/arduinobot_msgs/arduinobot_msgs_s__rosidl_typesupport_introspection_c.cpython-310-x86_64-linux-gnu.so
[2.443s] -- Up-to-date: /home/albert/umov_ws/install/arduinobot_msgs/local/lib/python3.10/dist-packages/arduinobot_msgs/srv
[2.446s] -- Up-to-date: /home/albert/umov_ws/install/arduinobot_msgs/local/lib/python3.10/dist-packages/arduinobot_msgs/srv/_quaternion_to_euler_s.c
[2.447s] -- Up-to-date: /home/albert/umov_ws/install/arduinobot_msgs/local/lib/python3.10/dist-packages/arduinobot_msgs/srv/_euler_to_quaternion.py
[2.450s] -- Up-to-date: /home/albert/umov_ws/install/arduinobot_msgs/local/lib/python3.10/dist-packages/arduinobot_msgs/srv/__init__.py
[2.450s] -- Up-to-date: /home/albert/umov_ws/install/arduinobot_msgs/local/lib/python3.10/dist-packages/arduinobot_msgs/srv/_quaternion_to_euler.py
[2.452s] -- Up-to-date: /home/albert/umov_ws/install/arduinobot_msgs/local/lib/python3.10/dist-packages/arduinobot_msgs/srv/_add_two_ints_s.c
[2.453s] -- Up-to-date: /home/albert/umov_ws/install/arduinobot_msgs/local/lib/python3.10/dist-packages/arduinobot_msgs/srv/_add_two_ints.py
[2.453s] -- Up-to-date: /home/albert/umov_ws/install/arduinobot_msgs/local/lib/python3.10/dist-packages/arduinobot_msgs/srv/_euler_to_quaternion_s.c
[2.596s] Listing '/home/albert/umov_ws/install/arduinobot_msgs/local/lib/python3.10/dist-packages/arduinobot_msgs'...
[2.596s] Listing '/home/albert/umov_ws/install/arduinobot_msgs/local/lib/python3.10/dist-packages/arduinobot_msgs/action'...
[2.597s] Listing '/home/albert/umov_ws/install/arduinobot_msgs/local/lib/python3.10/dist-packages/arduinobot_msgs/srv'...
[2.610s] -- Up-to-date: /home/albert/umov_ws/install/arduinobot_msgs/local/lib/python3.10/dist-packages/arduinobot_msgs/arduinobot_msgs_s__rosidl_typesupport_fastrtps_c.cpython-310-x86_64-linux-gnu.so
[2.612s] -- Up-to-date: /home/albert/umov_ws/install/arduinobot_msgs/local/lib/python3.10/dist-packages/arduinobot_msgs/arduinobot_msgs_s__rosidl_typesupport_introspection_c.cpython-310-x86_64-linux-gnu.so
[2.613s] -- Up-to-date: /home/albert/umov_ws/install/arduinobot_msgs/local/lib/python3.10/dist-packages/arduinobot_msgs/arduinobot_msgs_s__rosidl_typesupport_c.cpython-310-x86_64-linux-gnu.so
[2.614s] -- Up-to-date: /home/albert/umov_ws/install/arduinobot_msgs/lib/libarduinobot_msgs__rosidl_generator_py.so
[2.616s] -- Up-to-date: /home/albert/umov_ws/install/arduinobot_msgs/share/arduinobot_msgs/srv/AddTwoInts.idl
[2.616s] -- Up-to-date: /home/albert/umov_ws/install/arduinobot_msgs/share/arduinobot_msgs/srv/EulerToQuaternion.idl
[2.616s] -- Up-to-date: /home/albert/umov_ws/install/arduinobot_msgs/share/arduinobot_msgs/srv/QuaternionToEuler.idl
[2.617s] -- Up-to-date: /home/albert/umov_ws/install/arduinobot_msgs/share/arduinobot_msgs/action/Fibonacci.idl
[2.617s] -- Up-to-date: /home/albert/umov_ws/install/arduinobot_msgs/share/arduinobot_msgs/action/ArduinobotTask.idl
[2.617s] -- Up-to-date: /home/albert/umov_ws/install/arduinobot_msgs/share/arduinobot_msgs/srv/AddTwoInts.srv
[2.618s] -- Up-to-date: /home/albert/umov_ws/install/arduinobot_msgs/share/arduinobot_msgs/srv/AddTwoInts_Request.msg
[2.622s] -- Up-to-date: /home/albert/umov_ws/install/arduinobot_msgs/share/arduinobot_msgs/srv/AddTwoInts_Response.msg
[2.622s] -- Up-to-date: /home/albert/umov_ws/install/arduinobot_msgs/share/arduinobot_msgs/srv/EulerToQuaternion.srv
[2.622s] -- Up-to-date: /home/albert/umov_ws/install/arduinobot_msgs/share/arduinobot_msgs/srv/EulerToQuaternion_Request.msg
[2.622s] -- Up-to-date: /home/albert/umov_ws/install/arduinobot_msgs/share/arduinobot_msgs/srv/EulerToQuaternion_Response.msg
[2.623s] -- Up-to-date: /home/albert/umov_ws/install/arduinobot_msgs/share/arduinobot_msgs/srv/QuaternionToEuler.srv
[2.623s] -- Up-to-date: /home/albert/umov_ws/install/arduinobot_msgs/share/arduinobot_msgs/srv/QuaternionToEuler_Request.msg
[2.623s] -- Up-to-date: /home/albert/umov_ws/install/arduinobot_msgs/share/arduinobot_msgs/srv/QuaternionToEuler_Response.msg
[2.623s] -- Up-to-date: /home/albert/umov_ws/install/arduinobot_msgs/share/arduinobot_msgs/action/Fibonacci.action
[2.624s] -- Up-to-date: /home/albert/umov_ws/install/arduinobot_msgs/share/arduinobot_msgs/action/ArduinobotTask.action
[2.624s] -- Up-to-date: /home/albert/umov_ws/install/arduinobot_msgs/share/ament_index/resource_index/package_run_dependencies/arduinobot_msgs
[2.625s] -- Up-to-date: /home/albert/umov_ws/install/arduinobot_msgs/share/ament_index/resource_index/parent_prefix_path/arduinobot_msgs
[2.625s] -- Up-to-date: /home/albert/umov_ws/install/arduinobot_msgs/share/arduinobot_msgs/environment/ament_prefix_path.sh
[2.625s] -- Up-to-date: /home/albert/umov_ws/install/arduinobot_msgs/share/arduinobot_msgs/environment/ament_prefix_path.dsv
[2.625s] -- Up-to-date: /home/albert/umov_ws/install/arduinobot_msgs/share/arduinobot_msgs/environment/path.sh
[2.626s] -- Up-to-date: /home/albert/umov_ws/install/arduinobot_msgs/share/arduinobot_msgs/environment/path.dsv
[2.626s] -- Up-to-date: /home/albert/umov_ws/install/arduinobot_msgs/share/arduinobot_msgs/local_setup.bash
[2.626s] -- Up-to-date: /home/albert/umov_ws/install/arduinobot_msgs/share/arduinobot_msgs/local_setup.sh
[2.627s] -- Up-to-date: /home/albert/umov_ws/install/arduinobot_msgs/share/arduinobot_msgs/local_setup.zsh
[2.627s] -- Up-to-date: /home/albert/umov_ws/install/arduinobot_msgs/share/arduinobot_msgs/local_setup.dsv
[2.627s] -- Installing: /home/albert/umov_ws/install/arduinobot_msgs/share/arduinobot_msgs/package.dsv
[2.628s] -- Up-to-date: /home/albert/umov_ws/install/arduinobot_msgs/share/ament_index/resource_index/packages/arduinobot_msgs
[2.628s] -- Up-to-date: /home/albert/umov_ws/install/arduinobot_msgs/share/arduinobot_msgs/cmake/export_arduinobot_msgs__rosidl_generator_cExport.cmake
[2.628s] -- Up-to-date: /home/albert/umov_ws/install/arduinobot_msgs/share/arduinobot_msgs/cmake/export_arduinobot_msgs__rosidl_generator_cExport-noconfig.cmake
[2.628s] -- Up-to-date: /home/albert/umov_ws/install/arduinobot_msgs/share/arduinobot_msgs/cmake/export_arduinobot_msgs__rosidl_typesupport_fastrtps_cExport.cmake
[2.629s] -- Up-to-date: /home/albert/umov_ws/install/arduinobot_msgs/share/arduinobot_msgs/cmake/export_arduinobot_msgs__rosidl_typesupport_fastrtps_cExport-noconfig.cmake
[2.632s] -- Up-to-date: /home/albert/umov_ws/install/arduinobot_msgs/share/arduinobot_msgs/cmake/export_arduinobot_msgs__rosidl_generator_cppExport.cmake
[2.632s] -- Up-to-date: /home/albert/umov_ws/install/arduinobot_msgs/share/arduinobot_msgs/cmake/export_arduinobot_msgs__rosidl_typesupport_fastrtps_cppExport.cmake
[2.632s] -- Up-to-date: /home/albert/umov_ws/install/arduinobot_msgs/share/arduinobot_msgs/cmake/export_arduinobot_msgs__rosidl_typesupport_fastrtps_cppExport-noconfig.cmake
[2.633s] -- Up-to-date: /home/albert/umov_ws/install/arduinobot_msgs/share/arduinobot_msgs/cmake/arduinobot_msgs__rosidl_typesupport_introspection_cExport.cmake
[2.633s] -- Up-to-date: /home/albert/umov_ws/install/arduinobot_msgs/share/arduinobot_msgs/cmake/arduinobot_msgs__rosidl_typesupport_introspection_cExport-noconfig.cmake
[2.634s] -- Up-to-date: /home/albert/umov_ws/install/arduinobot_msgs/share/arduinobot_msgs/cmake/arduinobot_msgs__rosidl_typesupport_cExport.cmake
[2.634s] -- Up-to-date: /home/albert/umov_ws/install/arduinobot_msgs/share/arduinobot_msgs/cmake/arduinobot_msgs__rosidl_typesupport_cExport-noconfig.cmake
[2.634s] -- Up-to-date: /home/albert/umov_ws/install/arduinobot_msgs/share/arduinobot_msgs/cmake/arduinobot_msgs__rosidl_typesupport_introspection_cppExport.cmake
[2.635s] -- Up-to-date: /home/albert/umov_ws/install/arduinobot_msgs/share/arduinobot_msgs/cmake/arduinobot_msgs__rosidl_typesupport_introspection_cppExport-noconfig.cmake
[2.635s] -- Up-to-date: /home/albert/umov_ws/install/arduinobot_msgs/share/arduinobot_msgs/cmake/arduinobot_msgs__rosidl_typesupport_cppExport.cmake
[2.635s] -- Up-to-date: /home/albert/umov_ws/install/arduinobot_msgs/share/arduinobot_msgs/cmake/arduinobot_msgs__rosidl_typesupport_cppExport-noconfig.cmake
[2.636s] -- Up-to-date: /home/albert/umov_ws/install/arduinobot_msgs/share/arduinobot_msgs/cmake/export_arduinobot_msgs__rosidl_generator_pyExport.cmake
[2.636s] -- Up-to-date: /home/albert/umov_ws/install/arduinobot_msgs/share/arduinobot_msgs/cmake/export_arduinobot_msgs__rosidl_generator_pyExport-noconfig.cmake
[2.636s] -- Up-to-date: /home/albert/umov_ws/install/arduinobot_msgs/share/arduinobot_msgs/cmake/rosidl_cmake-extras.cmake
[2.639s] -- Up-to-date: /home/albert/umov_ws/install/arduinobot_msgs/share/arduinobot_msgs/cmake/ament_cmake_export_dependencies-extras.cmake
[2.640s] -- Up-to-date: /home/albert/umov_ws/install/arduinobot_msgs/share/arduinobot_msgs/cmake/ament_cmake_export_include_directories-extras.cmake
[2.640s] -- Up-to-date: /home/albert/umov_ws/install/arduinobot_msgs/share/arduinobot_msgs/cmake/ament_cmake_export_libraries-extras.cmake
[2.640s] -- Up-to-date: /home/albert/umov_ws/install/arduinobot_msgs/share/arduinobot_msgs/cmake/ament_cmake_export_targets-extras.cmake
[2.641s] -- Up-to-date: /home/albert/umov_ws/install/arduinobot_msgs/share/arduinobot_msgs/cmake/rosidl_cmake_export_typesupport_targets-extras.cmake
[2.641s] -- Up-to-date: /home/albert/umov_ws/install/arduinobot_msgs/share/arduinobot_msgs/cmake/rosidl_cmake_export_typesupport_libraries-extras.cmake
[2.641s] -- Up-to-date: /home/albert/umov_ws/install/arduinobot_msgs/share/arduinobot_msgs/cmake/arduinobot_msgsConfig.cmake
[2.642s] -- Up-to-date: /home/albert/umov_ws/install/arduinobot_msgs/share/arduinobot_msgs/cmake/arduinobot_msgsConfig-version.cmake
[2.642s] -- Up-to-date: /home/albert/umov_ws/install/arduinobot_msgs/share/arduinobot_msgs/package.xml
[2.648s] Invoked command in '/home/albert/umov_ws/build/arduinobot_msgs' returned '0': CMAKE_PREFIX_PATH=${CMAKE_PREFIX_PATH}:/home/albert/ws_moveit2/install/moveit_configs_utils:/home/albert/ws_moveit2/install/launch_param_builder:/home/albert/umov_ws/install/arduino_py_examples:/home/albert/udem2_ws/install/actions_py:/home/albert/udem2_ws/install/lifecycle_py:/home/albert/udem2_ws/install/executors_py:/home/albert/udem2_ws/install/components_py:/home/albert/udem_ws/install/turtlesim_catcher:/home/albert/udem_ws/install/my_py_pkg:/home/albert/udem_ws/install/lifecycle_py:/home/albert/bcdc_ws/install/agbot_teleop:/home/albert/bcdc_ws/install/agbot_py:/home/albert/arduinobot_ws/install/arduinobot_py_examples:/opt/ros/humble /home/albert/.local/bin/cmake --install /home/albert/umov_ws/build/arduinobot_msgs
