[0.153s] Invoking command in '/home/albert/umov_ws/build/arduinobot_firmware': CMAKE_PREFIX_PATH=${CMAKE_PREFIX_PATH}:/home/albert/ws_moveit2/install/moveit_configs_utils:/home/albert/ws_moveit2/install/launch_param_builder:/home/albert/umov_ws/install/arduino_py_examples:/home/albert/udem2_ws/install/actions_py:/home/albert/udem2_ws/install/lifecycle_py:/home/albert/udem2_ws/install/executors_py:/home/albert/udem2_ws/install/components_py:/home/albert/udem_ws/install/turtlesim_catcher:/home/albert/udem_ws/install/my_py_pkg:/home/albert/udem_ws/install/lifecycle_py:/home/albert/bcdc_ws/install/agbot_teleop:/home/albert/bcdc_ws/install/agbot_py:/home/albert/arduinobot_ws/install/arduinobot_py_examples:/opt/ros/humble /home/albert/.local/bin/cmake --build /home/albert/umov_ws/build/arduinobot_firmware -- -j8 -l8
[0.425s] [  0%] Built target ament_cmake_python_copy_arduinobot_firmware
[0.431s] [ 50%] Built target simple_serial_receiver
[0.442s] [100%] Built target simple_serial_transmitter
[2.075s] running egg_info
[2.075s] writing arduinobot_firmware.egg-info/PKG-INFO
[2.081s] writing dependency_links to arduinobot_firmware.egg-info/dependency_links.txt
[2.082s] writing top-level names to arduinobot_firmware.egg-info/top_level.txt
[2.090s] reading manifest file 'arduinobot_firmware.egg-info/SOURCES.txt'
[2.090s] writing manifest file 'arduinobot_firmware.egg-info/SOURCES.txt'
[2.233s] [100%] Built target ament_cmake_python_build_arduinobot_firmware_egg
[2.239s] Invoked command in '/home/albert/umov_ws/build/arduinobot_firmware' returned '0': CMAKE_PREFIX_PATH=${CMAKE_PREFIX_PATH}:/home/albert/ws_moveit2/install/moveit_configs_utils:/home/albert/ws_moveit2/install/launch_param_builder:/home/albert/umov_ws/install/arduino_py_examples:/home/albert/udem2_ws/install/actions_py:/home/albert/udem2_ws/install/lifecycle_py:/home/albert/udem2_ws/install/executors_py:/home/albert/udem2_ws/install/components_py:/home/albert/udem_ws/install/turtlesim_catcher:/home/albert/udem_ws/install/my_py_pkg:/home/albert/udem_ws/install/lifecycle_py:/home/albert/bcdc_ws/install/agbot_teleop:/home/albert/bcdc_ws/install/agbot_py:/home/albert/arduinobot_ws/install/arduinobot_py_examples:/opt/ros/humble /home/albert/.local/bin/cmake --build /home/albert/umov_ws/build/arduinobot_firmware -- -j8 -l8
[2.246s] Invoking command in '/home/albert/umov_ws/build/arduinobot_firmware': CMAKE_PREFIX_PATH=${CMAKE_PREFIX_PATH}:/home/albert/ws_moveit2/install/moveit_configs_utils:/home/albert/ws_moveit2/install/launch_param_builder:/home/albert/umov_ws/install/arduino_py_examples:/home/albert/udem2_ws/install/actions_py:/home/albert/udem2_ws/install/lifecycle_py:/home/albert/udem2_ws/install/executors_py:/home/albert/udem2_ws/install/components_py:/home/albert/udem_ws/install/turtlesim_catcher:/home/albert/udem_ws/install/my_py_pkg:/home/albert/udem_ws/install/lifecycle_py:/home/albert/bcdc_ws/install/agbot_teleop:/home/albert/bcdc_ws/install/agbot_py:/home/albert/arduinobot_ws/install/arduinobot_py_examples:/opt/ros/humble /home/albert/.local/bin/cmake --install /home/albert/umov_ws/build/arduinobot_firmware
[2.265s] -- Install configuration: ""
[2.267s] -- Up-to-date: /home/albert/umov_ws/install/arduinobot_firmware/share/arduinobot_firmware/environment/pythonpath.sh
[2.268s] -- Up-to-date: /home/albert/umov_ws/install/arduinobot_firmware/share/arduinobot_firmware/environment/pythonpath.dsv
[2.268s] -- Up-to-date: /home/albert/umov_ws/install/arduinobot_firmware/local/lib/python3.10/dist-packages/arduinobot_firmware-0.0.0-py3.10.egg-info
[2.268s] -- Installing: /home/albert/umov_ws/install/arduinobot_firmware/local/lib/python3.10/dist-packages/arduinobot_firmware-0.0.0-py3.10.egg-info/SOURCES.txt
[2.269s] -- Installing: /home/albert/umov_ws/install/arduinobot_firmware/local/lib/python3.10/dist-packages/arduinobot_firmware-0.0.0-py3.10.egg-info/top_level.txt
[2.270s] -- Installing: /home/albert/umov_ws/install/arduinobot_firmware/local/lib/python3.10/dist-packages/arduinobot_firmware-0.0.0-py3.10.egg-info/PKG-INFO
[2.271s] -- Installing: /home/albert/umov_ws/install/arduinobot_firmware/local/lib/python3.10/dist-packages/arduinobot_firmware-0.0.0-py3.10.egg-info/dependency_links.txt
[2.275s] -- Up-to-date: /home/albert/umov_ws/install/arduinobot_firmware/local/lib/python3.10/dist-packages/arduinobot_firmware
[2.277s] -- Up-to-date: /home/albert/umov_ws/install/arduinobot_firmware/local/lib/python3.10/dist-packages/arduinobot_firmware/simple_serial_receiver.py
[2.277s] -- Up-to-date: /home/albert/umov_ws/install/arduinobot_firmware/local/lib/python3.10/dist-packages/arduinobot_firmware/__init__.py
[2.278s] -- Up-to-date: /home/albert/umov_ws/install/arduinobot_firmware/local/lib/python3.10/dist-packages/arduinobot_firmware/simple_serial_transmitter.py
[2.468s] Listing '/home/albert/umov_ws/install/arduinobot_firmware/local/lib/python3.10/dist-packages/arduinobot_firmware'...
[2.488s] -- Up-to-date: /home/albert/umov_ws/install/arduinobot_firmware/lib/arduinobot_firmware/simple_serial_transmitter
[2.489s] -- Up-to-date: /home/albert/umov_ws/install/arduinobot_firmware/lib/arduinobot_firmware/simple_serial_receiver
[2.490s] -- Up-to-date: /home/albert/umov_ws/install/arduinobot_firmware/lib/arduinobot_firmware/simple_serial_transmitter.py
[2.491s] -- Up-to-date: /home/albert/umov_ws/install/arduinobot_firmware/lib/arduinobot_firmware/simple_serial_receiver.py
[2.492s] -- Up-to-date: /home/albert/umov_ws/install/arduinobot_firmware/share/ament_index/resource_index/package_run_dependencies/arduinobot_firmware
[2.492s] -- Up-to-date: /home/albert/umov_ws/install/arduinobot_firmware/share/ament_index/resource_index/parent_prefix_path/arduinobot_firmware
[2.492s] -- Up-to-date: /home/albert/umov_ws/install/arduinobot_firmware/share/arduinobot_firmware/environment/ament_prefix_path.sh
[2.493s] -- Up-to-date: /home/albert/umov_ws/install/arduinobot_firmware/share/arduinobot_firmware/environment/ament_prefix_path.dsv
[2.493s] -- Up-to-date: /home/albert/umov_ws/install/arduinobot_firmware/share/arduinobot_firmware/environment/path.sh
[2.493s] -- Up-to-date: /home/albert/umov_ws/install/arduinobot_firmware/share/arduinobot_firmware/environment/path.dsv
[2.493s] -- Up-to-date: /home/albert/umov_ws/install/arduinobot_firmware/share/arduinobot_firmware/local_setup.bash
[2.494s] -- Up-to-date: /home/albert/umov_ws/install/arduinobot_firmware/share/arduinobot_firmware/local_setup.sh
[2.494s] -- Up-to-date: /home/albert/umov_ws/install/arduinobot_firmware/share/arduinobot_firmware/local_setup.zsh
[2.494s] -- Up-to-date: /home/albert/umov_ws/install/arduinobot_firmware/share/arduinobot_firmware/local_setup.dsv
[2.494s] -- Installing: /home/albert/umov_ws/install/arduinobot_firmware/share/arduinobot_firmware/package.dsv
[2.495s] -- Up-to-date: /home/albert/umov_ws/install/arduinobot_firmware/share/ament_index/resource_index/packages/arduinobot_firmware
[2.498s] -- Up-to-date: /home/albert/umov_ws/install/arduinobot_firmware/share/arduinobot_firmware/cmake/arduinobot_firmwareConfig.cmake
[2.499s] -- Up-to-date: /home/albert/umov_ws/install/arduinobot_firmware/share/arduinobot_firmware/cmake/arduinobot_firmwareConfig-version.cmake
[2.499s] -- Up-to-date: /home/albert/umov_ws/install/arduinobot_firmware/share/arduinobot_firmware/package.xml
[2.797s] Invoked command in '/home/albert/umov_ws/build/arduinobot_firmware' returned '0': CMAKE_PREFIX_PATH=${CMAKE_PREFIX_PATH}:/home/albert/ws_moveit2/install/moveit_configs_utils:/home/albert/ws_moveit2/install/launch_param_builder:/home/albert/umov_ws/install/arduino_py_examples:/home/albert/udem2_ws/install/actions_py:/home/albert/udem2_ws/install/lifecycle_py:/home/albert/udem2_ws/install/executors_py:/home/albert/udem2_ws/install/components_py:/home/albert/udem_ws/install/turtlesim_catcher:/home/albert/udem_ws/install/my_py_pkg:/home/albert/udem_ws/install/lifecycle_py:/home/albert/bcdc_ws/install/agbot_teleop:/home/albert/bcdc_ws/install/agbot_py:/home/albert/arduinobot_ws/install/arduinobot_py_examples:/opt/ros/humble /home/albert/.local/bin/cmake --install /home/albert/umov_ws/build/arduinobot_firmware
