[0.089s] Invoking command in '/home/albert/umov_ws/build/description': CMAKE_PREFIX_PATH=${CMAKE_PREFIX_PATH}:/home/albert/ag_arm_ws/install/arm_py:/home/albert/ws_moveit2/install/moveit_configs_utils:/home/albert/ws_moveit2/install/launch_param_builder:/home/albert/umov_ws/install/arduino_py_examples:/home/albert/udem2_ws/install/actions_py:/home/albert/udem2_ws/install/lifecycle_py:/home/albert/udem2_ws/install/executors_py:/home/albert/udem2_ws/install/components_py:/home/albert/udem_ws/install/turtlesim_catcher:/home/albert/udem_ws/install/my_py_pkg:/home/albert/udem_ws/install/lifecycle_py:/home/albert/bcdc_ws/install/agbot_teleop:/home/albert/bcdc_ws/install/agbot_py:/home/albert/arduinobot_ws/install/arduinobot_py_examples:/opt/ros/humble /home/albert/.local/bin/cmake /home/albert/umov_ws/src/description -DCMAKE_INSTALL_PREFIX=/home/albert/umov_ws/install/description
[0.217s] -- The C compiler identification is GNU 11.4.0
[0.343s] -- The CXX compiler identification is GNU 11.4.0
[0.373s] -- Detecting C compiler ABI info
[0.564s] -- Detecting C compiler ABI info - done
[0.659s] -- Check for working C compiler: /usr/bin/cc - skipped
[0.659s] -- Detecting C compile features
[0.661s] -- Detecting C compile features - done
[0.672s] -- Detecting CXX compiler ABI info
[0.913s] -- Detecting CXX compiler ABI info - done
[0.984s] -- Check for working CXX compiler: /usr/bin/c++ - skipped
[0.987s] -- Detecting CXX compile features
[0.988s] -- Detecting CXX compile features - done
[1.026s] -- Found ament_cmake: 1.3.11 (/opt/ros/humble/share/ament_cmake/cmake)
[1.541s] -- Found Python3: /usr/bin/python3 (found version "3.10.12") found components: Interpreter
[2.164s] -- Found urdf: 2.6.1 (/opt/ros/humble/share/urdf/cmake)
[2.596s] -- Found ament_lint_auto: 0.12.11 (/opt/ros/humble/share/ament_lint_auto/cmake)
[2.876s] -- Added test 'flake8' to check Python code syntax and style conventions
[2.882s] -- Added test 'lint_cmake' to check CMake code style
[2.888s] -- Added test 'pep257' to check Python code against some of the docstring style conventions in PEP 257
[2.898s] -- Added test 'xmllint' to check XML markup files
[2.910s] -- Configuring done (2.8s)
[2.915s] -- Generating done (0.0s)
[2.919s] -- Build files have been written to: /home/albert/umov_ws/build/description
[2.929s] Invoked command in '/home/albert/umov_ws/build/description' returned '0': CMAKE_PREFIX_PATH=${CMAKE_PREFIX_PATH}:/home/albert/ag_arm_ws/install/arm_py:/home/albert/ws_moveit2/install/moveit_configs_utils:/home/albert/ws_moveit2/install/launch_param_builder:/home/albert/umov_ws/install/arduino_py_examples:/home/albert/udem2_ws/install/actions_py:/home/albert/udem2_ws/install/lifecycle_py:/home/albert/udem2_ws/install/executors_py:/home/albert/udem2_ws/install/components_py:/home/albert/udem_ws/install/turtlesim_catcher:/home/albert/udem_ws/install/my_py_pkg:/home/albert/udem_ws/install/lifecycle_py:/home/albert/bcdc_ws/install/agbot_teleop:/home/albert/bcdc_ws/install/agbot_py:/home/albert/arduinobot_ws/install/arduinobot_py_examples:/opt/ros/humble /home/albert/.local/bin/cmake /home/albert/umov_ws/src/description -DCMAKE_INSTALL_PREFIX=/home/albert/umov_ws/install/description
[2.931s] Invoking command in '/home/albert/umov_ws/build/description': CMAKE_PREFIX_PATH=${CMAKE_PREFIX_PATH}:/home/albert/ag_arm_ws/install/arm_py:/home/albert/ws_moveit2/install/moveit_configs_utils:/home/albert/ws_moveit2/install/launch_param_builder:/home/albert/umov_ws/install/arduino_py_examples:/home/albert/udem2_ws/install/actions_py:/home/albert/udem2_ws/install/lifecycle_py:/home/albert/udem2_ws/install/executors_py:/home/albert/udem2_ws/install/components_py:/home/albert/udem_ws/install/turtlesim_catcher:/home/albert/udem_ws/install/my_py_pkg:/home/albert/udem_ws/install/lifecycle_py:/home/albert/bcdc_ws/install/agbot_teleop:/home/albert/bcdc_ws/install/agbot_py:/home/albert/arduinobot_ws/install/arduinobot_py_examples:/opt/ros/humble /home/albert/.local/bin/cmake --build /home/albert/umov_ws/build/description -- -j8 -l8
[2.968s] Invoked command in '/home/albert/umov_ws/build/description' returned '0': CMAKE_PREFIX_PATH=${CMAKE_PREFIX_PATH}:/home/albert/ag_arm_ws/install/arm_py:/home/albert/ws_moveit2/install/moveit_configs_utils:/home/albert/ws_moveit2/install/launch_param_builder:/home/albert/umov_ws/install/arduino_py_examples:/home/albert/udem2_ws/install/actions_py:/home/albert/udem2_ws/install/lifecycle_py:/home/albert/udem2_ws/install/executors_py:/home/albert/udem2_ws/install/components_py:/home/albert/udem_ws/install/turtlesim_catcher:/home/albert/udem_ws/install/my_py_pkg:/home/albert/udem_ws/install/lifecycle_py:/home/albert/bcdc_ws/install/agbot_teleop:/home/albert/bcdc_ws/install/agbot_py:/home/albert/arduinobot_ws/install/arduinobot_py_examples:/opt/ros/humble /home/albert/.local/bin/cmake --build /home/albert/umov_ws/build/description -- -j8 -l8
[2.971s] Invoking command in '/home/albert/umov_ws/build/description': CMAKE_PREFIX_PATH=${CMAKE_PREFIX_PATH}:/home/albert/ag_arm_ws/install/arm_py:/home/albert/ws_moveit2/install/moveit_configs_utils:/home/albert/ws_moveit2/install/launch_param_builder:/home/albert/umov_ws/install/arduino_py_examples:/home/albert/udem2_ws/install/actions_py:/home/albert/udem2_ws/install/lifecycle_py:/home/albert/udem2_ws/install/executors_py:/home/albert/udem2_ws/install/components_py:/home/albert/udem_ws/install/turtlesim_catcher:/home/albert/udem_ws/install/my_py_pkg:/home/albert/udem_ws/install/lifecycle_py:/home/albert/bcdc_ws/install/agbot_teleop:/home/albert/bcdc_ws/install/agbot_py:/home/albert/arduinobot_ws/install/arduinobot_py_examples:/opt/ros/humble /home/albert/.local/bin/cmake --install /home/albert/umov_ws/build/description
[2.975s] -- Install configuration: ""
[2.976s] -- Installing: /home/albert/umov_ws/install/description/share/description/launch
[2.976s] -- Installing: /home/albert/umov_ws/install/description/share/description/launch/arduino_gazebo.launch.py
[2.976s] -- Installing: /home/albert/umov_ws/install/description/share/description/launch/orig_gazebo.launch.py
[2.976s] -- Installing: /home/albert/umov_ws/install/description/share/description/launch/arduino_display.launch.py
[2.976s] -- Installing: /home/albert/umov_ws/install/description/share/description/meshes
[2.976s] -- Installing: /home/albert/umov_ws/install/description/share/description/meshes/right_finger.STL
[2.979s] -- Installing: /home/albert/umov_ws/install/description/share/description/meshes/triangular_link.STL
[3.017s] -- Installing: /home/albert/umov_ws/install/description/share/description/meshes/round_plate.STL
[3.029s] -- Installing: /home/albert/umov_ws/install/description/share/description/meshes/left_finger.STL
[3.038s] -- Installing: /home/albert/umov_ws/install/description/share/description/meshes/vertical_drive_arm.STL
[3.051s] -- Installing: /home/albert/umov_ws/install/description/share/description/meshes/claw_support.STL
[3.053s] -- Installing: /home/albert/umov_ws/install/description/share/description/meshes/link.STL
[3.068s] -- Installing: /home/albert/umov_ws/install/description/share/description/meshes/horizontal_arm.STL
[3.096s] -- Installing: /home/albert/umov_ws/install/description/share/description/meshes/basement.STL
[3.121s] -- Installing: /home/albert/umov_ws/install/description/share/description/meshes/forward_drive_arm.STL
[3.145s] -- Installing: /home/albert/umov_ws/install/description/share/description/meshes/servo_plate.STL
[3.152s] -- Installing: /home/albert/umov_ws/install/description/share/description/meshes/plate.STL
[3.213s] -- Installing: /home/albert/umov_ws/install/description/share/description/meshes/base_plate.STL
[3.231s] -- Installing: /home/albert/umov_ws/install/description/share/description/meshes/pi_camera.STL
[3.237s] -- Installing: /home/albert/umov_ws/install/description/share/description/models
[3.238s] -- Installing: /home/albert/umov_ws/install/description/share/description/models/ground_plane
[3.238s] -- Installing: /home/albert/umov_ws/install/description/share/description/models/ground_plane/model-1_2.sdf
[3.238s] -- Installing: /home/albert/umov_ws/install/description/share/description/models/ground_plane/model-1_3.sdf
[3.238s] -- Installing: /home/albert/umov_ws/install/description/share/description/models/ground_plane/model.config
[3.239s] -- Installing: /home/albert/umov_ws/install/description/share/description/models/ground_plane/model.sdf
[3.239s] -- Installing: /home/albert/umov_ws/install/description/share/description/models/ground_plane/model-1_4.sdf
[3.239s] -- Installing: /home/albert/umov_ws/install/description/share/description/models/sun
[3.239s] -- Installing: /home/albert/umov_ws/install/description/share/description/models/sun/model-1_2.sdf
[3.240s] -- Installing: /home/albert/umov_ws/install/description/share/description/models/sun/model-1_3.sdf
[3.240s] -- Installing: /home/albert/umov_ws/install/description/share/description/models/sun/model.config
[3.240s] -- Installing: /home/albert/umov_ws/install/description/share/description/models/sun/model.sdf
[3.240s] -- Installing: /home/albert/umov_ws/install/description/share/description/models/sun/model-1_4.sdf
[3.241s] -- Installing: /home/albert/umov_ws/install/description/share/description/urdf
[3.241s] -- Installing: /home/albert/umov_ws/install/description/share/description/urdf/common_properties.xacro
[3.241s] -- Installing: /home/albert/umov_ws/install/description/share/description/urdf/arduino_ros2_control.xacro
[3.241s] -- Installing: /home/albert/umov_ws/install/description/share/description/urdf/arduino.urdf.xacro
[3.242s] -- Installing: /home/albert/umov_ws/install/description/share/description/urdf/arduino_gazebo.xacro
[3.242s] -- Installing: /home/albert/umov_ws/install/description/share/description/rviz
[3.242s] -- Installing: /home/albert/umov_ws/install/description/share/description/rviz/display.rviz
[3.245s] -- Installing: /home/albert/umov_ws/install/description/share/ament_index/resource_index/package_run_dependencies/description
[3.245s] -- Installing: /home/albert/umov_ws/install/description/share/ament_index/resource_index/parent_prefix_path/description
[3.245s] -- Installing: /home/albert/umov_ws/install/description/share/description/environment/ament_prefix_path.sh
[3.246s] -- Installing: /home/albert/umov_ws/install/description/share/description/environment/ament_prefix_path.dsv
[3.246s] -- Installing: /home/albert/umov_ws/install/description/share/description/environment/path.sh
[3.246s] -- Installing: /home/albert/umov_ws/install/description/share/description/environment/path.dsv
[3.246s] -- Installing: /home/albert/umov_ws/install/description/share/description/local_setup.bash
[3.247s] -- Installing: /home/albert/umov_ws/install/description/share/description/local_setup.sh
[3.247s] -- Installing: /home/albert/umov_ws/install/description/share/description/local_setup.zsh
[3.247s] -- Installing: /home/albert/umov_ws/install/description/share/description/local_setup.dsv
[3.247s] -- Installing: /home/albert/umov_ws/install/description/share/description/package.dsv
[3.247s] -- Installing: /home/albert/umov_ws/install/description/share/ament_index/resource_index/packages/description
[3.248s] -- Installing: /home/albert/umov_ws/install/description/share/description/cmake/descriptionConfig.cmake
[3.248s] -- Installing: /home/albert/umov_ws/install/description/share/description/cmake/descriptionConfig-version.cmake
[3.248s] -- Installing: /home/albert/umov_ws/install/description/share/description/package.xml
[3.251s] Invoked command in '/home/albert/umov_ws/build/description' returned '0': CMAKE_PREFIX_PATH=${CMAKE_PREFIX_PATH}:/home/albert/ag_arm_ws/install/arm_py:/home/albert/ws_moveit2/install/moveit_configs_utils:/home/albert/ws_moveit2/install/launch_param_builder:/home/albert/umov_ws/install/arduino_py_examples:/home/albert/udem2_ws/install/actions_py:/home/albert/udem2_ws/install/lifecycle_py:/home/albert/udem2_ws/install/executors_py:/home/albert/udem2_ws/install/components_py:/home/albert/udem_ws/install/turtlesim_catcher:/home/albert/udem_ws/install/my_py_pkg:/home/albert/udem_ws/install/lifecycle_py:/home/albert/bcdc_ws/install/agbot_teleop:/home/albert/bcdc_ws/install/agbot_py:/home/albert/arduinobot_ws/install/arduinobot_py_examples:/opt/ros/humble /home/albert/.local/bin/cmake --install /home/albert/umov_ws/build/description
