-- Install configuration: ""
-- Up-to-date: /home/albert/umov_ws/install/moveitassistant/share/ament_index/resource_index/package_run_dependencies/moveitassistant
-- Up-to-date: /home/albert/umov_ws/install/moveitassistant/share/ament_index/resource_index/parent_prefix_path/moveitassistant
-- Up-to-date: /home/albert/umov_ws/install/moveitassistant/share/moveitassistant/environment/ament_prefix_path.sh
-- Up-to-date: /home/albert/umov_ws/install/moveitassistant/share/moveitassistant/environment/ament_prefix_path.dsv
-- Up-to-date: /home/albert/umov_ws/install/moveitassistant/share/moveitassistant/environment/path.sh
-- Up-to-date: /home/albert/umov_ws/install/moveitassistant/share/moveitassistant/environment/path.dsv
-- Up-to-date: /home/albert/umov_ws/install/moveitassistant/share/moveitassistant/local_setup.bash
-- Up-to-date: /home/albert/umov_ws/install/moveitassistant/share/moveitassistant/local_setup.sh
-- Up-to-date: /home/albert/umov_ws/install/moveitassistant/share/moveitassistant/local_setup.zsh
-- Up-to-date: /home/albert/umov_ws/install/moveitassistant/share/moveitassistant/local_setup.dsv
-- Up-to-date: /home/albert/umov_ws/install/moveitassistant/share/moveitassistant/package.dsv
-- Up-to-date: /home/albert/umov_ws/install/moveitassistant/share/ament_index/resource_index/packages/moveitassistant
-- Up-to-date: /home/albert/umov_ws/install/moveitassistant/share/moveitassistant/cmake/moveitassistantConfig.cmake
-- Up-to-date: /home/albert/umov_ws/install/moveitassistant/share/moveitassistant/cmake/moveitassistantConfig-version.cmake
-- Up-to-date: /home/albert/umov_ws/install/moveitassistant/share/moveitassistant/package.xml
-- Up-to-date: /home/albert/umov_ws/install/moveitassistant/share/moveitassistant/launch
-- Up-to-date: /home/albert/umov_ws/install/moveitassistant/share/moveitassistant/launch/moveit_rviz.launch.py
-- Up-to-date: /home/albert/umov_ws/install/moveitassistant/share/moveitassistant/launch/spawn_controllers.launch.py
-- Up-to-date: /home/albert/umov_ws/install/moveitassistant/share/moveitassistant/launch/move_group.launch.py
-- Up-to-date: /home/albert/umov_ws/install/moveitassistant/share/moveitassistant/launch/warehouse_db.launch.py
-- Up-to-date: /home/albert/umov_ws/install/moveitassistant/share/moveitassistant/launch/static_virtual_joint_tfs.launch.py
-- Up-to-date: /home/albert/umov_ws/install/moveitassistant/share/moveitassistant/launch/demo.launch.py
-- Up-to-date: /home/albert/umov_ws/install/moveitassistant/share/moveitassistant/launch/setup_assistant.launch.py
-- Up-to-date: /home/albert/umov_ws/install/moveitassistant/share/moveitassistant/launch/rsp.launch.py
-- Up-to-date: /home/albert/umov_ws/install/moveitassistant/share/moveitassistant/config
-- Up-to-date: /home/albert/umov_ws/install/moveitassistant/share/moveitassistant/config/joint_limits.yaml
-- Up-to-date: /home/albert/umov_ws/install/moveitassistant/share/moveitassistant/config/ros2_controllers.yaml
-- Up-to-date: /home/albert/umov_ws/install/moveitassistant/share/moveitassistant/config/moveit_controllers.yaml
-- Up-to-date: /home/albert/umov_ws/install/moveitassistant/share/moveitassistant/config/initial_positions.yaml
-- Up-to-date: /home/albert/umov_ws/install/moveitassistant/share/moveitassistant/config/arduinobot.urdf.xacro
-- Up-to-date: /home/albert/umov_ws/install/moveitassistant/share/moveitassistant/config/pilz_cartesian_limits.yaml
-- Up-to-date: /home/albert/umov_ws/install/moveitassistant/share/moveitassistant/config/arduinobot.srdf
-- Up-to-date: /home/albert/umov_ws/install/moveitassistant/share/moveitassistant/config/kinematics.yaml
-- Up-to-date: /home/albert/umov_ws/install/moveitassistant/share/moveitassistant/config/arduinobot.ros2_control.xacro
-- Up-to-date: /home/albert/umov_ws/install/moveitassistant/share/moveitassistant/config/moveit.rviz
-- Up-to-date: /home/albert/umov_ws/install/moveitassistant/share/moveitassistant/.setup_assistant
