[0.258s] Invoking command in '/home/albert/umov_ws/build/arduinobot_msgs': CMAKE_PREFIX_PATH=${CMAKE_PREFIX_PATH}:/home/albert/ws_moveit2/install/moveit_configs_utils:/home/albert/ws_moveit2/install/launch_param_builder:/home/albert/umov_ws/install/arduino_py_examples:/home/albert/udem2_ws/install/actions_py:/home/albert/udem2_ws/install/lifecycle_py:/home/albert/udem2_ws/install/executors_py:/home/albert/udem2_ws/install/components_py:/home/albert/udem_ws/install/turtlesim_catcher:/home/albert/udem_ws/install/my_py_pkg:/home/albert/udem_ws/install/lifecycle_py:/home/albert/bcdc_ws/install/agbot_teleop:/home/albert/bcdc_ws/install/agbot_py:/home/albert/arduinobot_ws/install/arduinobot_py_examples:/opt/ros/humble /home/albert/.local/bin/cmake --build /home/albert/umov_ws/build/arduinobot_msgs -- -j8 -l8
[0.389s] [ 11%] Built target arduinobot_msgs__rosidl_generator_c
[0.389s] [ 12%] Built target arduinobot_msgs__cpp
[0.451s] [ 12%] Built target ament_cmake_python_copy_arduinobot_msgs
[0.501s] [ 23%] Built target arduinobot_msgs__rosidl_typesupport_introspection_c
[0.502s] [ 34%] Built target arduinobot_msgs__rosidl_typesupport_introspection_cpp
[0.513s] [ 46%] Built target arduinobot_msgs__rosidl_typesupport_c
[0.526s] [ 57%] Built target arduinobot_msgs__rosidl_typesupport_cpp
[0.548s] [ 68%] Built target arduinobot_msgs__rosidl_typesupport_fastrtps_cpp
[0.557s] [ 79%] Built target arduinobot_msgs__rosidl_typesupport_fastrtps_c
[0.624s] [ 79%] Built target arduinobot_msgs
[0.702s] [ 80%] Built target arduinobot_msgs__py
[0.746s] [ 90%] Built target arduinobot_msgs__rosidl_generator_py
[0.829s] [ 93%] Built target arduinobot_msgs__rosidl_typesupport_fastrtps_c__pyext
[0.830s] [ 96%] Built target arduinobot_msgs__rosidl_typesupport_introspection_c__pyext
[0.836s] [100%] Built target arduinobot_msgs__rosidl_typesupport_c__pyext
[1.389s] running egg_info
[1.390s] writing arduinobot_msgs.egg-info/PKG-INFO
[1.390s] writing dependency_links to arduinobot_msgs.egg-info/dependency_links.txt
[1.391s] writing top-level names to arduinobot_msgs.egg-info/top_level.txt
[1.396s] reading manifest file 'arduinobot_msgs.egg-info/SOURCES.txt'
[1.398s] writing manifest file 'arduinobot_msgs.egg-info/SOURCES.txt'
[1.445s] [100%] Built target ament_cmake_python_build_arduinobot_msgs_egg
[1.460s] Invoked command in '/home/albert/umov_ws/build/arduinobot_msgs' returned '0': CMAKE_PREFIX_PATH=${CMAKE_PREFIX_PATH}:/home/albert/ws_moveit2/install/moveit_configs_utils:/home/albert/ws_moveit2/install/launch_param_builder:/home/albert/umov_ws/install/arduino_py_examples:/home/albert/udem2_ws/install/actions_py:/home/albert/udem2_ws/install/lifecycle_py:/home/albert/udem2_ws/install/executors_py:/home/albert/udem2_ws/install/components_py:/home/albert/udem_ws/install/turtlesim_catcher:/home/albert/udem_ws/install/my_py_pkg:/home/albert/udem_ws/install/lifecycle_py:/home/albert/bcdc_ws/install/agbot_teleop:/home/albert/bcdc_ws/install/agbot_py:/home/albert/arduinobot_ws/install/arduinobot_py_examples:/opt/ros/humble /home/albert/.local/bin/cmake --build /home/albert/umov_ws/build/arduinobot_msgs -- -j8 -l8
[1.462s] Invoking command in '/home/albert/umov_ws/build/arduinobot_msgs': CMAKE_PREFIX_PATH=${CMAKE_PREFIX_PATH}:/home/albert/ws_moveit2/install/moveit_configs_utils:/home/albert/ws_moveit2/install/launch_param_builder:/home/albert/umov_ws/install/arduino_py_examples:/home/albert/udem2_ws/install/actions_py:/home/albert/udem2_ws/install/lifecycle_py:/home/albert/udem2_ws/install/executors_py:/home/albert/udem2_ws/install/components_py:/home/albert/udem_ws/install/turtlesim_catcher:/home/albert/udem_ws/install/my_py_pkg:/home/albert/udem_ws/install/lifecycle_py:/home/albert/bcdc_ws/install/agbot_teleop:/home/albert/bcdc_ws/install/agbot_py:/home/albert/arduinobot_ws/install/arduinobot_py_examples:/opt/ros/humble /home/albert/.local/bin/cmake --install /home/albert/umov_ws/build/arduinobot_msgs
[1.472s] -- Install configuration: ""
[1.473s] -- Up-to-date: /home/albert/umov_ws/install/arduinobot_msgs/share/ament_index/resource_index/rosidl_interfaces/arduinobot_msgs
[1.473s] -- Up-to-date: /home/albert/umov_ws/install/arduinobot_msgs/include/arduinobot_msgs/arduinobot_msgs
[1.473s] -- Up-to-date: /home/albert/umov_ws/install/arduinobot_msgs/include/arduinobot_msgs/arduinobot_msgs/msg
[1.473s] -- Up-to-date: /home/albert/umov_ws/install/arduinobot_msgs/include/arduinobot_msgs/arduinobot_msgs/msg/rosidl_generator_c__visibility_control.h
[1.473s] -- Up-to-date: /home/albert/umov_ws/install/arduinobot_msgs/include/arduinobot_msgs/arduinobot_msgs/action
[1.474s] -- Up-to-date: /home/albert/umov_ws/install/arduinobot_msgs/include/arduinobot_msgs/arduinobot_msgs/action/arduinobot_task.h
[1.474s] -- Up-to-date: /home/albert/umov_ws/install/arduinobot_msgs/include/arduinobot_msgs/arduinobot_msgs/action/fibonacci.h
[1.474s] -- Up-to-date: /home/albert/umov_ws/install/arduinobot_msgs/include/arduinobot_msgs/arduinobot_msgs/action/detail
[1.474s] -- Up-to-date: /home/albert/umov_ws/install/arduinobot_msgs/include/arduinobot_msgs/arduinobot_msgs/action/detail/fibonacci__functions.c
[1.474s] -- Up-to-date: /home/albert/umov_ws/install/arduinobot_msgs/include/arduinobot_msgs/arduinobot_msgs/action/detail/arduinobot_task__functions.c
[1.476s] -- Up-to-date: /home/albert/umov_ws/install/arduinobot_msgs/include/arduinobot_msgs/arduinobot_msgs/action/detail/fibonacci__type_support.h
[1.476s] -- Up-to-date: /home/albert/umov_ws/install/arduinobot_msgs/include/arduinobot_msgs/arduinobot_msgs/action/detail/arduinobot_task__functions.h
[1.476s] -- Up-to-date: /home/albert/umov_ws/install/arduinobot_msgs/include/arduinobot_msgs/arduinobot_msgs/action/detail/fibonacci__struct.h
[1.477s] -- Up-to-date: /home/albert/umov_ws/install/arduinobot_msgs/include/arduinobot_msgs/arduinobot_msgs/action/detail/arduinobot_task__type_support.h
[1.477s] -- Up-to-date: /home/albert/umov_ws/install/arduinobot_msgs/include/arduinobot_msgs/arduinobot_msgs/action/detail/arduinobot_task__struct.h
[1.477s] -- Up-to-date: /home/albert/umov_ws/install/arduinobot_msgs/include/arduinobot_msgs/arduinobot_msgs/action/detail/fibonacci__functions.h
[1.478s] -- Up-to-date: /home/albert/umov_ws/install/arduinobot_msgs/include/arduinobot_msgs/arduinobot_msgs/srv
[1.478s] -- Up-to-date: /home/albert/umov_ws/install/arduinobot_msgs/include/arduinobot_msgs/arduinobot_msgs/srv/quaternion_to_euler.h
[1.478s] -- Up-to-date: /home/albert/umov_ws/install/arduinobot_msgs/include/arduinobot_msgs/arduinobot_msgs/srv/detail
[1.479s] -- Up-to-date: /home/albert/umov_ws/install/arduinobot_msgs/include/arduinobot_msgs/arduinobot_msgs/srv/detail/euler_to_quaternion__functions.c
[1.479s] -- Up-to-date: /home/albert/umov_ws/install/arduinobot_msgs/include/arduinobot_msgs/arduinobot_msgs/srv/detail/add_two_ints__functions.h
[1.479s] -- Up-to-date: /home/albert/umov_ws/install/arduinobot_msgs/include/arduinobot_msgs/arduinobot_msgs/srv/detail/euler_to_quaternion__struct.h
[1.479s] -- Up-to-date: /home/albert/umov_ws/install/arduinobot_msgs/include/arduinobot_msgs/arduinobot_msgs/srv/detail/add_two_ints__functions.c
[1.480s] -- Up-to-date: /home/albert/umov_ws/install/arduinobot_msgs/include/arduinobot_msgs/arduinobot_msgs/srv/detail/quaternion_to_euler__functions.c
[1.480s] -- Up-to-date: /home/albert/umov_ws/install/arduinobot_msgs/include/arduinobot_msgs/arduinobot_msgs/srv/detail/euler_to_quaternion__functions.h
[1.480s] -- Up-to-date: /home/albert/umov_ws/install/arduinobot_msgs/include/arduinobot_msgs/arduinobot_msgs/srv/detail/quaternion_to_euler__functions.h
[1.480s] -- Up-to-date: /home/albert/umov_ws/install/arduinobot_msgs/include/arduinobot_msgs/arduinobot_msgs/srv/detail/quaternion_to_euler__type_support.h
[1.480s] -- Up-to-date: /home/albert/umov_ws/install/arduinobot_msgs/include/arduinobot_msgs/arduinobot_msgs/srv/detail/add_two_ints__type_support.h
[1.481s] -- Up-to-date: /home/albert/umov_ws/install/arduinobot_msgs/include/arduinobot_msgs/arduinobot_msgs/srv/detail/euler_to_quaternion__type_support.h
[1.481s] -- Up-to-date: /home/albert/umov_ws/install/arduinobot_msgs/include/arduinobot_msgs/arduinobot_msgs/srv/detail/quaternion_to_euler__struct.h
[1.482s] -- Up-to-date: /home/albert/umov_ws/install/arduinobot_msgs/include/arduinobot_msgs/arduinobot_msgs/srv/detail/add_two_ints__struct.h
[1.482s] -- Up-to-date: /home/albert/umov_ws/install/arduinobot_msgs/include/arduinobot_msgs/arduinobot_msgs/srv/euler_to_quaternion.h
[1.482s] -- Up-to-date: /home/albert/umov_ws/install/arduinobot_msgs/include/arduinobot_msgs/arduinobot_msgs/srv/add_two_ints.h
[1.482s] -- Up-to-date: /home/albert/umov_ws/install/arduinobot_msgs/share/arduinobot_msgs/environment/library_path.sh
[1.483s] -- Up-to-date: /home/albert/umov_ws/install/arduinobot_msgs/share/arduinobot_msgs/environment/library_path.dsv
[1.483s] -- Up-to-date: /home/albert/umov_ws/install/arduinobot_msgs/lib/libarduinobot_msgs__rosidl_generator_c.so
[1.483s] -- Up-to-date: /home/albert/umov_ws/install/arduinobot_msgs/include/arduinobot_msgs/arduinobot_msgs
[1.483s] -- Up-to-date: /home/albert/umov_ws/install/arduinobot_msgs/include/arduinobot_msgs/arduinobot_msgs/msg
[1.484s] -- Up-to-date: /home/albert/umov_ws/install/arduinobot_msgs/include/arduinobot_msgs/arduinobot_msgs/msg/rosidl_typesupport_fastrtps_c__visibility_control.h
[1.484s] -- Up-to-date: /home/albert/umov_ws/install/arduinobot_msgs/include/arduinobot_msgs/arduinobot_msgs/action
[1.484s] -- Up-to-date: /home/albert/umov_ws/install/arduinobot_msgs/include/arduinobot_msgs/arduinobot_msgs/action/detail
[1.484s] -- Up-to-date: /home/albert/umov_ws/install/arduinobot_msgs/include/arduinobot_msgs/arduinobot_msgs/action/detail/fibonacci__rosidl_typesupport_fastrtps_c.h
[1.484s] -- Up-to-date: /home/albert/umov_ws/install/arduinobot_msgs/include/arduinobot_msgs/arduinobot_msgs/action/detail/arduinobot_task__rosidl_typesupport_fastrtps_c.h
[1.485s] -- Up-to-date: /home/albert/umov_ws/install/arduinobot_msgs/include/arduinobot_msgs/arduinobot_msgs/srv
[1.485s] -- Up-to-date: /home/albert/umov_ws/install/arduinobot_msgs/include/arduinobot_msgs/arduinobot_msgs/srv/detail
[1.485s] -- Up-to-date: /home/albert/umov_ws/install/arduinobot_msgs/include/arduinobot_msgs/arduinobot_msgs/srv/detail/add_two_ints__rosidl_typesupport_fastrtps_c.h
[1.485s] -- Up-to-date: /home/albert/umov_ws/install/arduinobot_msgs/include/arduinobot_msgs/arduinobot_msgs/srv/detail/euler_to_quaternion__rosidl_typesupport_fastrtps_c.h
[1.485s] -- Up-to-date: /home/albert/umov_ws/install/arduinobot_msgs/include/arduinobot_msgs/arduinobot_msgs/srv/detail/quaternion_to_euler__rosidl_typesupport_fastrtps_c.h
[1.486s] -- Up-to-date: /home/albert/umov_ws/install/arduinobot_msgs/lib/libarduinobot_msgs__rosidl_typesupport_fastrtps_c.so
[1.486s] -- Up-to-date: /home/albert/umov_ws/install/arduinobot_msgs/include/arduinobot_msgs/arduinobot_msgs
[1.487s] -- Up-to-date: /home/albert/umov_ws/install/arduinobot_msgs/include/arduinobot_msgs/arduinobot_msgs/msg
[1.487s] -- Up-to-date: /home/albert/umov_ws/install/arduinobot_msgs/include/arduinobot_msgs/arduinobot_msgs/msg/rosidl_generator_cpp__visibility_control.hpp
[1.487s] -- Up-to-date: /home/albert/umov_ws/install/arduinobot_msgs/include/arduinobot_msgs/arduinobot_msgs/action
[1.487s] -- Up-to-date: /home/albert/umov_ws/install/arduinobot_msgs/include/arduinobot_msgs/arduinobot_msgs/action/fibonacci.hpp
[1.487s] -- Up-to-date: /home/albert/umov_ws/install/arduinobot_msgs/include/arduinobot_msgs/arduinobot_msgs/action/detail
[1.487s] -- Up-to-date: /home/albert/umov_ws/install/arduinobot_msgs/include/arduinobot_msgs/arduinobot_msgs/action/detail/fibonacci__type_support.hpp
[1.488s] -- Up-to-date: /home/albert/umov_ws/install/arduinobot_msgs/include/arduinobot_msgs/arduinobot_msgs/action/detail/arduinobot_task__traits.hpp
[1.488s] -- Up-to-date: /home/albert/umov_ws/install/arduinobot_msgs/include/arduinobot_msgs/arduinobot_msgs/action/detail/arduinobot_task__builder.hpp
[1.488s] -- Up-to-date: /home/albert/umov_ws/install/arduinobot_msgs/include/arduinobot_msgs/arduinobot_msgs/action/detail/fibonacci__builder.hpp
[1.489s] -- Up-to-date: /home/albert/umov_ws/install/arduinobot_msgs/include/arduinobot_msgs/arduinobot_msgs/action/detail/fibonacci__struct.hpp
[1.490s] -- Up-to-date: /home/albert/umov_ws/install/arduinobot_msgs/include/arduinobot_msgs/arduinobot_msgs/action/detail/arduinobot_task__struct.hpp
[1.490s] -- Up-to-date: /home/albert/umov_ws/install/arduinobot_msgs/include/arduinobot_msgs/arduinobot_msgs/action/detail/arduinobot_task__type_support.hpp
[1.491s] -- Up-to-date: /home/albert/umov_ws/install/arduinobot_msgs/include/arduinobot_msgs/arduinobot_msgs/action/detail/fibonacci__traits.hpp
[1.491s] -- Up-to-date: /home/albert/umov_ws/install/arduinobot_msgs/include/arduinobot_msgs/arduinobot_msgs/action/arduinobot_task.hpp
[1.491s] -- Up-to-date: /home/albert/umov_ws/install/arduinobot_msgs/include/arduinobot_msgs/arduinobot_msgs/srv
[1.491s] -- Up-to-date: /home/albert/umov_ws/install/arduinobot_msgs/include/arduinobot_msgs/arduinobot_msgs/srv/euler_to_quaternion.hpp
[1.491s] -- Up-to-date: /home/albert/umov_ws/install/arduinobot_msgs/include/arduinobot_msgs/arduinobot_msgs/srv/detail
[1.492s] -- Up-to-date: /home/albert/umov_ws/install/arduinobot_msgs/include/arduinobot_msgs/arduinobot_msgs/srv/detail/quaternion_to_euler__struct.hpp
[1.495s] -- Up-to-date: /home/albert/umov_ws/install/arduinobot_msgs/include/arduinobot_msgs/arduinobot_msgs/srv/detail/quaternion_to_euler__builder.hpp
[1.495s] -- Up-to-date: /home/albert/umov_ws/install/arduinobot_msgs/include/arduinobot_msgs/arduinobot_msgs/srv/detail/euler_to_quaternion__traits.hpp
[1.495s] -- Up-to-date: /home/albert/umov_ws/install/arduinobot_msgs/include/arduinobot_msgs/arduinobot_msgs/srv/detail/add_two_ints__type_support.hpp
[1.495s] -- Up-to-date: /home/albert/umov_ws/install/arduinobot_msgs/include/arduinobot_msgs/arduinobot_msgs/srv/detail/add_two_ints__builder.hpp
[1.496s] -- Up-to-date: /home/albert/umov_ws/install/arduinobot_msgs/include/arduinobot_msgs/arduinobot_msgs/srv/detail/euler_to_quaternion__type_support.hpp
[1.496s] -- Up-to-date: /home/albert/umov_ws/install/arduinobot_msgs/include/arduinobot_msgs/arduinobot_msgs/srv/detail/quaternion_to_euler__traits.hpp
[1.496s] -- Up-to-date: /home/albert/umov_ws/install/arduinobot_msgs/include/arduinobot_msgs/arduinobot_msgs/srv/detail/euler_to_quaternion__builder.hpp
[1.496s] -- Up-to-date: /home/albert/umov_ws/install/arduinobot_msgs/include/arduinobot_msgs/arduinobot_msgs/srv/detail/add_two_ints__traits.hpp
[1.496s] -- Up-to-date: /home/albert/umov_ws/install/arduinobot_msgs/include/arduinobot_msgs/arduinobot_msgs/srv/detail/add_two_ints__struct.hpp
[1.497s] -- Up-to-date: /home/albert/umov_ws/install/arduinobot_msgs/include/arduinobot_msgs/arduinobot_msgs/srv/detail/euler_to_quaternion__struct.hpp
[1.497s] -- Up-to-date: /home/albert/umov_ws/install/arduinobot_msgs/include/arduinobot_msgs/arduinobot_msgs/srv/detail/quaternion_to_euler__type_support.hpp
[1.497s] -- Up-to-date: /home/albert/umov_ws/install/arduinobot_msgs/include/arduinobot_msgs/arduinobot_msgs/srv/quaternion_to_euler.hpp
[1.497s] -- Up-to-date: /home/albert/umov_ws/install/arduinobot_msgs/include/arduinobot_msgs/arduinobot_msgs/srv/add_two_ints.hpp
[1.497s] -- Up-to-date: /home/albert/umov_ws/install/arduinobot_msgs/include/arduinobot_msgs/arduinobot_msgs
[1.497s] -- Up-to-date: /home/albert/umov_ws/install/arduinobot_msgs/include/arduinobot_msgs/arduinobot_msgs/msg
[1.498s] -- Up-to-date: /home/albert/umov_ws/install/arduinobot_msgs/include/arduinobot_msgs/arduinobot_msgs/msg/rosidl_typesupport_fastrtps_cpp__visibility_control.h
[1.498s] -- Up-to-date: /home/albert/umov_ws/install/arduinobot_msgs/include/arduinobot_msgs/arduinobot_msgs/action
[1.498s] -- Up-to-date: /home/albert/umov_ws/install/arduinobot_msgs/include/arduinobot_msgs/arduinobot_msgs/action/detail
[1.498s] -- Up-to-date: /home/albert/umov_ws/install/arduinobot_msgs/include/arduinobot_msgs/arduinobot_msgs/action/detail/arduinobot_task__rosidl_typesupport_fastrtps_cpp.hpp
[1.498s] -- Up-to-date: /home/albert/umov_ws/install/arduinobot_msgs/include/arduinobot_msgs/arduinobot_msgs/action/detail/dds_fastrtps
[1.499s] -- Up-to-date: /home/albert/umov_ws/install/arduinobot_msgs/include/arduinobot_msgs/arduinobot_msgs/action/detail/fibonacci__rosidl_typesupport_fastrtps_cpp.hpp
[1.499s] -- Up-to-date: /home/albert/umov_ws/install/arduinobot_msgs/include/arduinobot_msgs/arduinobot_msgs/srv
[1.500s] -- Up-to-date: /home/albert/umov_ws/install/arduinobot_msgs/include/arduinobot_msgs/arduinobot_msgs/srv/detail
[1.500s] -- Up-to-date: /home/albert/umov_ws/install/arduinobot_msgs/include/arduinobot_msgs/arduinobot_msgs/srv/detail/euler_to_quaternion__rosidl_typesupport_fastrtps_cpp.hpp
[1.500s] -- Up-to-date: /home/albert/umov_ws/install/arduinobot_msgs/include/arduinobot_msgs/arduinobot_msgs/srv/detail/quaternion_to_euler__rosidl_typesupport_fastrtps_cpp.hpp
[1.501s] -- Up-to-date: /home/albert/umov_ws/install/arduinobot_msgs/include/arduinobot_msgs/arduinobot_msgs/srv/detail/dds_fastrtps
[1.501s] -- Up-to-date: /home/albert/umov_ws/install/arduinobot_msgs/include/arduinobot_msgs/arduinobot_msgs/srv/detail/add_two_ints__rosidl_typesupport_fastrtps_cpp.hpp
[1.501s] -- Up-to-date: /home/albert/umov_ws/install/arduinobot_msgs/lib/libarduinobot_msgs__rosidl_typesupport_fastrtps_cpp.so
[1.501s] -- Up-to-date: /home/albert/umov_ws/install/arduinobot_msgs/include/arduinobot_msgs/arduinobot_msgs
[1.501s] -- Up-to-date: /home/albert/umov_ws/install/arduinobot_msgs/include/arduinobot_msgs/arduinobot_msgs/msg
[1.502s] -- Up-to-date: /home/albert/umov_ws/install/arduinobot_msgs/include/arduinobot_msgs/arduinobot_msgs/msg/rosidl_typesupport_introspection_c__visibility_control.h
[1.502s] -- Up-to-date: /home/albert/umov_ws/install/arduinobot_msgs/include/arduinobot_msgs/arduinobot_msgs/action
[1.502s] -- Up-to-date: /home/albert/umov_ws/install/arduinobot_msgs/include/arduinobot_msgs/arduinobot_msgs/action/detail
[1.502s] -- Up-to-date: /home/albert/umov_ws/install/arduinobot_msgs/include/arduinobot_msgs/arduinobot_msgs/action/detail/fibonacci__type_support.c
[1.502s] -- Up-to-date: /home/albert/umov_ws/install/arduinobot_msgs/include/arduinobot_msgs/arduinobot_msgs/action/detail/fibonacci__rosidl_typesupport_introspection_c.h
[1.503s] -- Up-to-date: /home/albert/umov_ws/install/arduinobot_msgs/include/arduinobot_msgs/arduinobot_msgs/action/detail/arduinobot_task__rosidl_typesupport_introspection_c.h
[1.506s] -- Up-to-date: /home/albert/umov_ws/install/arduinobot_msgs/include/arduinobot_msgs/arduinobot_msgs/action/detail/arduinobot_task__type_support.c
[1.506s] -- Up-to-date: /home/albert/umov_ws/install/arduinobot_msgs/include/arduinobot_msgs/arduinobot_msgs/srv
[1.507s] -- Up-to-date: /home/albert/umov_ws/install/arduinobot_msgs/include/arduinobot_msgs/arduinobot_msgs/srv/detail
[1.507s] -- Up-to-date: /home/albert/umov_ws/install/arduinobot_msgs/include/arduinobot_msgs/arduinobot_msgs/srv/detail/add_two_ints__rosidl_typesupport_introspection_c.h
[1.507s] -- Up-to-date: /home/albert/umov_ws/install/arduinobot_msgs/include/arduinobot_msgs/arduinobot_msgs/srv/detail/euler_to_quaternion__type_support.c
[1.507s] -- Up-to-date: /home/albert/umov_ws/install/arduinobot_msgs/include/arduinobot_msgs/arduinobot_msgs/srv/detail/add_two_ints__type_support.c
[1.507s] -- Up-to-date: /home/albert/umov_ws/install/arduinobot_msgs/include/arduinobot_msgs/arduinobot_msgs/srv/detail/quaternion_to_euler__type_support.c
[1.507s] -- Up-to-date: /home/albert/umov_ws/install/arduinobot_msgs/include/arduinobot_msgs/arduinobot_msgs/srv/detail/quaternion_to_euler__rosidl_typesupport_introspection_c.h
[1.507s] -- Up-to-date: /home/albert/umov_ws/install/arduinobot_msgs/include/arduinobot_msgs/arduinobot_msgs/srv/detail/euler_to_quaternion__rosidl_typesupport_introspection_c.h
[1.508s] -- Up-to-date: /home/albert/umov_ws/install/arduinobot_msgs/lib/libarduinobot_msgs__rosidl_typesupport_introspection_c.so
[1.508s] -- Up-to-date: /home/albert/umov_ws/install/arduinobot_msgs/lib/libarduinobot_msgs__rosidl_typesupport_c.so
[1.508s] -- Up-to-date: /home/albert/umov_ws/install/arduinobot_msgs/include/arduinobot_msgs/arduinobot_msgs
[1.508s] -- Up-to-date: /home/albert/umov_ws/install/arduinobot_msgs/include/arduinobot_msgs/arduinobot_msgs/action
[1.508s] -- Up-to-date: /home/albert/umov_ws/install/arduinobot_msgs/include/arduinobot_msgs/arduinobot_msgs/action/detail
[1.509s] -- Up-to-date: /home/albert/umov_ws/install/arduinobot_msgs/include/arduinobot_msgs/arduinobot_msgs/action/detail/fibonacci__type_support.cpp
[1.509s] -- Up-to-date: /home/albert/umov_ws/install/arduinobot_msgs/include/arduinobot_msgs/arduinobot_msgs/action/detail/arduinobot_task__rosidl_typesupport_introspection_cpp.hpp
[1.509s] -- Up-to-date: /home/albert/umov_ws/install/arduinobot_msgs/include/arduinobot_msgs/arduinobot_msgs/action/detail/fibonacci__rosidl_typesupport_introspection_cpp.hpp
[1.509s] -- Up-to-date: /home/albert/umov_ws/install/arduinobot_msgs/include/arduinobot_msgs/arduinobot_msgs/action/detail/arduinobot_task__type_support.cpp
[1.509s] -- Up-to-date: /home/albert/umov_ws/install/arduinobot_msgs/include/arduinobot_msgs/arduinobot_msgs/srv
[1.510s] -- Up-to-date: /home/albert/umov_ws/install/arduinobot_msgs/include/arduinobot_msgs/arduinobot_msgs/srv/detail
[1.510s] -- Up-to-date: /home/albert/umov_ws/install/arduinobot_msgs/include/arduinobot_msgs/arduinobot_msgs/srv/detail/euler_to_quaternion__rosidl_typesupport_introspection_cpp.hpp
[1.510s] -- Up-to-date: /home/albert/umov_ws/install/arduinobot_msgs/include/arduinobot_msgs/arduinobot_msgs/srv/detail/euler_to_quaternion__type_support.cpp
[1.510s] -- Up-to-date: /home/albert/umov_ws/install/arduinobot_msgs/include/arduinobot_msgs/arduinobot_msgs/srv/detail/add_two_ints__type_support.cpp
[1.510s] -- Up-to-date: /home/albert/umov_ws/install/arduinobot_msgs/include/arduinobot_msgs/arduinobot_msgs/srv/detail/quaternion_to_euler__type_support.cpp
[1.510s] -- Up-to-date: /home/albert/umov_ws/install/arduinobot_msgs/include/arduinobot_msgs/arduinobot_msgs/srv/detail/quaternion_to_euler__rosidl_typesupport_introspection_cpp.hpp
[1.511s] -- Up-to-date: /home/albert/umov_ws/install/arduinobot_msgs/include/arduinobot_msgs/arduinobot_msgs/srv/detail/add_two_ints__rosidl_typesupport_introspection_cpp.hpp
[1.511s] -- Up-to-date: /home/albert/umov_ws/install/arduinobot_msgs/lib/libarduinobot_msgs__rosidl_typesupport_introspection_cpp.so
[1.511s] -- Up-to-date: /home/albert/umov_ws/install/arduinobot_msgs/lib/libarduinobot_msgs__rosidl_typesupport_cpp.so
[1.511s] -- Up-to-date: /home/albert/umov_ws/install/arduinobot_msgs/share/arduinobot_msgs/environment/pythonpath.sh
[1.511s] -- Up-to-date: /home/albert/umov_ws/install/arduinobot_msgs/share/arduinobot_msgs/environment/pythonpath.dsv
[1.511s] -- Up-to-date: /home/albert/umov_ws/install/arduinobot_msgs/local/lib/python3.10/dist-packages/arduinobot_msgs-0.0.0-py3.10.egg-info
[1.511s] -- Installing: /home/albert/umov_ws/install/arduinobot_msgs/local/lib/python3.10/dist-packages/arduinobot_msgs-0.0.0-py3.10.egg-info/SOURCES.txt
[1.512s] -- Installing: /home/albert/umov_ws/install/arduinobot_msgs/local/lib/python3.10/dist-packages/arduinobot_msgs-0.0.0-py3.10.egg-info/top_level.txt
[1.512s] -- Installing: /home/albert/umov_ws/install/arduinobot_msgs/local/lib/python3.10/dist-packages/arduinobot_msgs-0.0.0-py3.10.egg-info/PKG-INFO
[1.512s] -- Installing: /home/albert/umov_ws/install/arduinobot_msgs/local/lib/python3.10/dist-packages/arduinobot_msgs-0.0.0-py3.10.egg-info/dependency_links.txt
[1.512s] -- Up-to-date: /home/albert/umov_ws/install/arduinobot_msgs/local/lib/python3.10/dist-packages/arduinobot_msgs
[1.512s] -- Up-to-date: /home/albert/umov_ws/install/arduinobot_msgs/local/lib/python3.10/dist-packages/arduinobot_msgs/_arduinobot_msgs_s.ep.rosidl_typesupport_fastrtps_c.c
[1.512s] -- Up-to-date: /home/albert/umov_ws/install/arduinobot_msgs/local/lib/python3.10/dist-packages/arduinobot_msgs/arduinobot_msgs_s__rosidl_typesupport_fastrtps_c.cpython-310-x86_64-linux-gnu.so
[1.513s] -- Up-to-date: /home/albert/umov_ws/install/arduinobot_msgs/local/lib/python3.10/dist-packages/arduinobot_msgs/__init__.py
[1.513s] -- Up-to-date: /home/albert/umov_ws/install/arduinobot_msgs/local/lib/python3.10/dist-packages/arduinobot_msgs/action
[1.513s] -- Up-to-date: /home/albert/umov_ws/install/arduinobot_msgs/local/lib/python3.10/dist-packages/arduinobot_msgs/action/_arduinobot_task_s.c
[1.513s] -- Up-to-date: /home/albert/umov_ws/install/arduinobot_msgs/local/lib/python3.10/dist-packages/arduinobot_msgs/action/__init__.py
[1.513s] -- Up-to-date: /home/albert/umov_ws/install/arduinobot_msgs/local/lib/python3.10/dist-packages/arduinobot_msgs/action/_arduinobot_task.py
[1.514s] -- Up-to-date: /home/albert/umov_ws/install/arduinobot_msgs/local/lib/python3.10/dist-packages/arduinobot_msgs/action/_fibonacci_s.c
[1.514s] -- Up-to-date: /home/albert/umov_ws/install/arduinobot_msgs/local/lib/python3.10/dist-packages/arduinobot_msgs/action/_fibonacci.py
[1.514s] -- Up-to-date: /home/albert/umov_ws/install/arduinobot_msgs/local/lib/python3.10/dist-packages/arduinobot_msgs/_arduinobot_msgs_s.ep.rosidl_typesupport_introspection_c.c
[1.514s] -- Up-to-date: /home/albert/umov_ws/install/arduinobot_msgs/local/lib/python3.10/dist-packages/arduinobot_msgs/_arduinobot_msgs_s.ep.rosidl_typesupport_c.c
[1.514s] -- Up-to-date: /home/albert/umov_ws/install/arduinobot_msgs/local/lib/python3.10/dist-packages/arduinobot_msgs/libarduinobot_msgs__rosidl_generator_py.so
[1.514s] -- Up-to-date: /home/albert/umov_ws/install/arduinobot_msgs/local/lib/python3.10/dist-packages/arduinobot_msgs/arduinobot_msgs_s__rosidl_typesupport_c.cpython-310-x86_64-linux-gnu.so
[1.515s] -- Up-to-date: /home/albert/umov_ws/install/arduinobot_msgs/local/lib/python3.10/dist-packages/arduinobot_msgs/arduinobot_msgs_s__rosidl_typesupport_introspection_c.cpython-310-x86_64-linux-gnu.so
[1.515s] -- Up-to-date: /home/albert/umov_ws/install/arduinobot_msgs/local/lib/python3.10/dist-packages/arduinobot_msgs/srv
[1.515s] -- Up-to-date: /home/albert/umov_ws/install/arduinobot_msgs/local/lib/python3.10/dist-packages/arduinobot_msgs/srv/_quaternion_to_euler_s.c
[1.515s] -- Up-to-date: /home/albert/umov_ws/install/arduinobot_msgs/local/lib/python3.10/dist-packages/arduinobot_msgs/srv/_euler_to_quaternion.py
[1.515s] -- Up-to-date: /home/albert/umov_ws/install/arduinobot_msgs/local/lib/python3.10/dist-packages/arduinobot_msgs/srv/__init__.py
[1.515s] -- Up-to-date: /home/albert/umov_ws/install/arduinobot_msgs/local/lib/python3.10/dist-packages/arduinobot_msgs/srv/_quaternion_to_euler.py
[1.516s] -- Up-to-date: /home/albert/umov_ws/install/arduinobot_msgs/local/lib/python3.10/dist-packages/arduinobot_msgs/srv/_add_two_ints_s.c
[1.516s] -- Up-to-date: /home/albert/umov_ws/install/arduinobot_msgs/local/lib/python3.10/dist-packages/arduinobot_msgs/srv/_add_two_ints.py
[1.516s] -- Up-to-date: /home/albert/umov_ws/install/arduinobot_msgs/local/lib/python3.10/dist-packages/arduinobot_msgs/srv/_euler_to_quaternion_s.c
[1.608s] Listing '/home/albert/umov_ws/install/arduinobot_msgs/local/lib/python3.10/dist-packages/arduinobot_msgs'...
[1.608s] Listing '/home/albert/umov_ws/install/arduinobot_msgs/local/lib/python3.10/dist-packages/arduinobot_msgs/action'...
[1.608s] Listing '/home/albert/umov_ws/install/arduinobot_msgs/local/lib/python3.10/dist-packages/arduinobot_msgs/srv'...
[1.615s] -- Up-to-date: /home/albert/umov_ws/install/arduinobot_msgs/local/lib/python3.10/dist-packages/arduinobot_msgs/arduinobot_msgs_s__rosidl_typesupport_fastrtps_c.cpython-310-x86_64-linux-gnu.so
[1.616s] -- Up-to-date: /home/albert/umov_ws/install/arduinobot_msgs/local/lib/python3.10/dist-packages/arduinobot_msgs/arduinobot_msgs_s__rosidl_typesupport_introspection_c.cpython-310-x86_64-linux-gnu.so
[1.617s] -- Up-to-date: /home/albert/umov_ws/install/arduinobot_msgs/local/lib/python3.10/dist-packages/arduinobot_msgs/arduinobot_msgs_s__rosidl_typesupport_c.cpython-310-x86_64-linux-gnu.so
[1.618s] -- Up-to-date: /home/albert/umov_ws/install/arduinobot_msgs/lib/libarduinobot_msgs__rosidl_generator_py.so
[1.618s] -- Up-to-date: /home/albert/umov_ws/install/arduinobot_msgs/share/arduinobot_msgs/srv/AddTwoInts.idl
[1.618s] -- Up-to-date: /home/albert/umov_ws/install/arduinobot_msgs/share/arduinobot_msgs/srv/EulerToQuaternion.idl
[1.619s] -- Up-to-date: /home/albert/umov_ws/install/arduinobot_msgs/share/arduinobot_msgs/srv/QuaternionToEuler.idl
[1.619s] -- Up-to-date: /home/albert/umov_ws/install/arduinobot_msgs/share/arduinobot_msgs/action/Fibonacci.idl
[1.619s] -- Up-to-date: /home/albert/umov_ws/install/arduinobot_msgs/share/arduinobot_msgs/action/ArduinobotTask.idl
[1.619s] -- Up-to-date: /home/albert/umov_ws/install/arduinobot_msgs/share/arduinobot_msgs/srv/AddTwoInts.srv
[1.620s] -- Up-to-date: /home/albert/umov_ws/install/arduinobot_msgs/share/arduinobot_msgs/srv/AddTwoInts_Request.msg
[1.620s] -- Up-to-date: /home/albert/umov_ws/install/arduinobot_msgs/share/arduinobot_msgs/srv/AddTwoInts_Response.msg
[1.620s] -- Up-to-date: /home/albert/umov_ws/install/arduinobot_msgs/share/arduinobot_msgs/srv/EulerToQuaternion.srv
[1.620s] -- Up-to-date: /home/albert/umov_ws/install/arduinobot_msgs/share/arduinobot_msgs/srv/EulerToQuaternion_Request.msg
[1.621s] -- Up-to-date: /home/albert/umov_ws/install/arduinobot_msgs/share/arduinobot_msgs/srv/EulerToQuaternion_Response.msg
[1.621s] -- Up-to-date: /home/albert/umov_ws/install/arduinobot_msgs/share/arduinobot_msgs/srv/QuaternionToEuler.srv
[1.621s] -- Up-to-date: /home/albert/umov_ws/install/arduinobot_msgs/share/arduinobot_msgs/srv/QuaternionToEuler_Request.msg
[1.621s] -- Up-to-date: /home/albert/umov_ws/install/arduinobot_msgs/share/arduinobot_msgs/srv/QuaternionToEuler_Response.msg
[1.621s] -- Up-to-date: /home/albert/umov_ws/install/arduinobot_msgs/share/arduinobot_msgs/action/Fibonacci.action
[1.622s] -- Up-to-date: /home/albert/umov_ws/install/arduinobot_msgs/share/arduinobot_msgs/action/ArduinobotTask.action
[1.622s] -- Up-to-date: /home/albert/umov_ws/install/arduinobot_msgs/share/ament_index/resource_index/package_run_dependencies/arduinobot_msgs
[1.622s] -- Up-to-date: /home/albert/umov_ws/install/arduinobot_msgs/share/ament_index/resource_index/parent_prefix_path/arduinobot_msgs
[1.622s] -- Up-to-date: /home/albert/umov_ws/install/arduinobot_msgs/share/arduinobot_msgs/environment/ament_prefix_path.sh
[1.623s] -- Up-to-date: /home/albert/umov_ws/install/arduinobot_msgs/share/arduinobot_msgs/environment/ament_prefix_path.dsv
[1.623s] -- Up-to-date: /home/albert/umov_ws/install/arduinobot_msgs/share/arduinobot_msgs/environment/path.sh
[1.623s] -- Up-to-date: /home/albert/umov_ws/install/arduinobot_msgs/share/arduinobot_msgs/environment/path.dsv
[1.623s] -- Up-to-date: /home/albert/umov_ws/install/arduinobot_msgs/share/arduinobot_msgs/local_setup.bash
[1.624s] -- Up-to-date: /home/albert/umov_ws/install/arduinobot_msgs/share/arduinobot_msgs/local_setup.sh
[1.624s] -- Up-to-date: /home/albert/umov_ws/install/arduinobot_msgs/share/arduinobot_msgs/local_setup.zsh
[1.624s] -- Up-to-date: /home/albert/umov_ws/install/arduinobot_msgs/share/arduinobot_msgs/local_setup.dsv
[1.624s] -- Installing: /home/albert/umov_ws/install/arduinobot_msgs/share/arduinobot_msgs/package.dsv
[1.624s] -- Up-to-date: /home/albert/umov_ws/install/arduinobot_msgs/share/ament_index/resource_index/packages/arduinobot_msgs
[1.625s] -- Up-to-date: /home/albert/umov_ws/install/arduinobot_msgs/share/arduinobot_msgs/cmake/export_arduinobot_msgs__rosidl_generator_cExport.cmake
[1.625s] -- Up-to-date: /home/albert/umov_ws/install/arduinobot_msgs/share/arduinobot_msgs/cmake/export_arduinobot_msgs__rosidl_generator_cExport-noconfig.cmake
[1.625s] -- Up-to-date: /home/albert/umov_ws/install/arduinobot_msgs/share/arduinobot_msgs/cmake/export_arduinobot_msgs__rosidl_typesupport_fastrtps_cExport.cmake
[1.625s] -- Up-to-date: /home/albert/umov_ws/install/arduinobot_msgs/share/arduinobot_msgs/cmake/export_arduinobot_msgs__rosidl_typesupport_fastrtps_cExport-noconfig.cmake
[1.626s] -- Up-to-date: /home/albert/umov_ws/install/arduinobot_msgs/share/arduinobot_msgs/cmake/export_arduinobot_msgs__rosidl_generator_cppExport.cmake
[1.626s] -- Up-to-date: /home/albert/umov_ws/install/arduinobot_msgs/share/arduinobot_msgs/cmake/export_arduinobot_msgs__rosidl_typesupport_fastrtps_cppExport.cmake
[1.626s] -- Up-to-date: /home/albert/umov_ws/install/arduinobot_msgs/share/arduinobot_msgs/cmake/export_arduinobot_msgs__rosidl_typesupport_fastrtps_cppExport-noconfig.cmake
[1.627s] -- Up-to-date: /home/albert/umov_ws/install/arduinobot_msgs/share/arduinobot_msgs/cmake/arduinobot_msgs__rosidl_typesupport_introspection_cExport.cmake
[1.627s] -- Up-to-date: /home/albert/umov_ws/install/arduinobot_msgs/share/arduinobot_msgs/cmake/arduinobot_msgs__rosidl_typesupport_introspection_cExport-noconfig.cmake
[1.627s] -- Up-to-date: /home/albert/umov_ws/install/arduinobot_msgs/share/arduinobot_msgs/cmake/arduinobot_msgs__rosidl_typesupport_cExport.cmake
[1.627s] -- Up-to-date: /home/albert/umov_ws/install/arduinobot_msgs/share/arduinobot_msgs/cmake/arduinobot_msgs__rosidl_typesupport_cExport-noconfig.cmake
[1.628s] -- Up-to-date: /home/albert/umov_ws/install/arduinobot_msgs/share/arduinobot_msgs/cmake/arduinobot_msgs__rosidl_typesupport_introspection_cppExport.cmake
[1.628s] -- Up-to-date: /home/albert/umov_ws/install/arduinobot_msgs/share/arduinobot_msgs/cmake/arduinobot_msgs__rosidl_typesupport_introspection_cppExport-noconfig.cmake
[1.628s] -- Up-to-date: /home/albert/umov_ws/install/arduinobot_msgs/share/arduinobot_msgs/cmake/arduinobot_msgs__rosidl_typesupport_cppExport.cmake
[1.628s] -- Up-to-date: /home/albert/umov_ws/install/arduinobot_msgs/share/arduinobot_msgs/cmake/arduinobot_msgs__rosidl_typesupport_cppExport-noconfig.cmake
[1.628s] -- Up-to-date: /home/albert/umov_ws/install/arduinobot_msgs/share/arduinobot_msgs/cmake/export_arduinobot_msgs__rosidl_generator_pyExport.cmake
[1.629s] -- Up-to-date: /home/albert/umov_ws/install/arduinobot_msgs/share/arduinobot_msgs/cmake/export_arduinobot_msgs__rosidl_generator_pyExport-noconfig.cmake
[1.629s] -- Up-to-date: /home/albert/umov_ws/install/arduinobot_msgs/share/arduinobot_msgs/cmake/rosidl_cmake-extras.cmake
[1.629s] -- Up-to-date: /home/albert/umov_ws/install/arduinobot_msgs/share/arduinobot_msgs/cmake/ament_cmake_export_dependencies-extras.cmake
[1.629s] -- Up-to-date: /home/albert/umov_ws/install/arduinobot_msgs/share/arduinobot_msgs/cmake/ament_cmake_export_include_directories-extras.cmake
[1.629s] -- Up-to-date: /home/albert/umov_ws/install/arduinobot_msgs/share/arduinobot_msgs/cmake/ament_cmake_export_libraries-extras.cmake
[1.629s] -- Up-to-date: /home/albert/umov_ws/install/arduinobot_msgs/share/arduinobot_msgs/cmake/ament_cmake_export_targets-extras.cmake
[1.630s] -- Up-to-date: /home/albert/umov_ws/install/arduinobot_msgs/share/arduinobot_msgs/cmake/rosidl_cmake_export_typesupport_targets-extras.cmake
[1.630s] -- Up-to-date: /home/albert/umov_ws/install/arduinobot_msgs/share/arduinobot_msgs/cmake/rosidl_cmake_export_typesupport_libraries-extras.cmake
[1.630s] -- Up-to-date: /home/albert/umov_ws/install/arduinobot_msgs/share/arduinobot_msgs/cmake/arduinobot_msgsConfig.cmake
[1.632s] -- Up-to-date: /home/albert/umov_ws/install/arduinobot_msgs/share/arduinobot_msgs/cmake/arduinobot_msgsConfig-version.cmake
[1.633s] -- Up-to-date: /home/albert/umov_ws/install/arduinobot_msgs/share/arduinobot_msgs/package.xml
[1.633s] Invoked command in '/home/albert/umov_ws/build/arduinobot_msgs' returned '0': CMAKE_PREFIX_PATH=${CMAKE_PREFIX_PATH}:/home/albert/ws_moveit2/install/moveit_configs_utils:/home/albert/ws_moveit2/install/launch_param_builder:/home/albert/umov_ws/install/arduino_py_examples:/home/albert/udem2_ws/install/actions_py:/home/albert/udem2_ws/install/lifecycle_py:/home/albert/udem2_ws/install/executors_py:/home/albert/udem2_ws/install/components_py:/home/albert/udem_ws/install/turtlesim_catcher:/home/albert/udem_ws/install/my_py_pkg:/home/albert/udem_ws/install/lifecycle_py:/home/albert/bcdc_ws/install/agbot_teleop:/home/albert/bcdc_ws/install/agbot_py:/home/albert/arduinobot_ws/install/arduinobot_py_examples:/opt/ros/humble /home/albert/.local/bin/cmake --install /home/albert/umov_ws/build/arduinobot_msgs
