[0.100s] Invoking command in '/home/albert/umov_ws/build/arduinobot_firmware': CMAKE_PREFIX_PATH=${CMAKE_PREFIX_PATH}:/home/albert/ws_moveit2/install/moveit_configs_utils:/home/albert/ws_moveit2/install/launch_param_builder:/home/albert/umov_ws/install/arduino_py_examples:/home/albert/udem2_ws/install/actions_py:/home/albert/udem2_ws/install/lifecycle_py:/home/albert/udem2_ws/install/executors_py:/home/albert/udem2_ws/install/components_py:/home/albert/udem_ws/install/turtlesim_catcher:/home/albert/udem_ws/install/my_py_pkg:/home/albert/udem_ws/install/lifecycle_py:/home/albert/bcdc_ws/install/agbot_teleop:/home/albert/bcdc_ws/install/agbot_py:/home/albert/arduinobot_ws/install/arduinobot_py_examples:/opt/ros/humble /home/albert/.local/bin/cmake --build /home/albert/umov_ws/build/arduinobot_firmware -- -j8 -l8
[0.128s] -- Found ament_cmake: 1.3.11 (/opt/ros/humble/share/ament_cmake/cmake)
[0.620s] -- Found rclpy: 3.3.15 (/opt/ros/humble/share/rclpy/cmake)
[0.621s] -- Found rclcpp: 16.0.11 (/opt/ros/humble/share/rclcpp/cmake)
[0.689s] -- Found rosidl_generator_c: 3.1.6 (/opt/ros/humble/share/rosidl_generator_c/cmake)
[0.695s] -- Found rosidl_adapter: 3.1.6 (/opt/ros/humble/share/rosidl_adapter/cmake)
[0.708s] -- Found rosidl_generator_cpp: 3.1.6 (/opt/ros/humble/share/rosidl_generator_cpp/cmake)
[0.749s] -- Using all available rosidl_typesupport_c: rosidl_typesupport_fastrtps_c;rosidl_typesupport_introspection_c
[0.787s] -- Using all available rosidl_typesupport_cpp: rosidl_typesupport_fastrtps_cpp;rosidl_typesupport_introspection_cpp
[0.878s] -- Found rmw_implementation_cmake: 6.1.2 (/opt/ros/humble/share/rmw_implementation_cmake/cmake)
[0.889s] -- Found rmw_cyclonedds_cpp: 1.3.4 (/opt/ros/humble/share/rmw_cyclonedds_cpp/cmake)
[0.923s] -- Using RMW implementation 'rmw_cyclonedds_cpp' as default
[1.130s] -- Found ament_lint_auto: 0.12.11 (/opt/ros/humble/share/ament_lint_auto/cmake)
[1.220s] -- Added test 'cppcheck' to perform static code analysis on C / C++ code
[1.220s] -- Configured cppcheck include dirs: 
[1.220s] -- Configured cppcheck exclude dirs and/or files: 
[1.221s] -- Added test 'flake8' to check Python code syntax and style conventions
[1.221s] -- Added test 'lint_cmake' to check CMake code style
[1.222s] -- Added test 'pep257' to check Python code against some of the docstring style conventions in PEP 257
[1.223s] -- Added test 'uncrustify' to check C / C++ code style
[1.223s] -- Configured uncrustify additional arguments: 
[1.224s] -- Added test 'xmllint' to check XML markup files
[1.225s] -- Configuring done (1.1s)
[1.246s] -- Generating done (0.0s)
[1.248s] -- Build files have been written to: /home/albert/umov_ws/build/arduinobot_firmware
[1.288s] [  0%] Built target ament_cmake_python_copy_arduinobot_firmware
[1.293s] [ 25%] [32mBuilding CXX object CMakeFiles/simple_serial_receiver.dir/src/simple_serial_receiver.cpp.o[0m
[1.298s] [ 50%] [32mBuilding CXX object CMakeFiles/simple_serial_transmitter.dir/src/simple_serial_transmitter.cpp.o[0m
[1.832s] running egg_info
[1.834s] writing arduinobot_firmware.egg-info/PKG-INFO
[1.834s] writing dependency_links to arduinobot_firmware.egg-info/dependency_links.txt
[1.834s] writing top-level names to arduinobot_firmware.egg-info/top_level.txt
[1.839s] reading manifest file 'arduinobot_firmware.egg-info/SOURCES.txt'
[1.841s] writing manifest file 'arduinobot_firmware.egg-info/SOURCES.txt'
[1.885s] [ 50%] Built target ament_cmake_python_build_arduinobot_firmware_egg
[11.215s] [ 75%] [32m[1mLinking CXX executable simple_serial_receiver[0m
[11.971s] [ 75%] Built target simple_serial_receiver
[17.583s] [100%] [32m[1mLinking CXX executable simple_serial_transmitter[0m
[18.177s] [100%] Built target simple_serial_transmitter
[18.186s] Invoked command in '/home/albert/umov_ws/build/arduinobot_firmware' returned '0': CMAKE_PREFIX_PATH=${CMAKE_PREFIX_PATH}:/home/albert/ws_moveit2/install/moveit_configs_utils:/home/albert/ws_moveit2/install/launch_param_builder:/home/albert/umov_ws/install/arduino_py_examples:/home/albert/udem2_ws/install/actions_py:/home/albert/udem2_ws/install/lifecycle_py:/home/albert/udem2_ws/install/executors_py:/home/albert/udem2_ws/install/components_py:/home/albert/udem_ws/install/turtlesim_catcher:/home/albert/udem_ws/install/my_py_pkg:/home/albert/udem_ws/install/lifecycle_py:/home/albert/bcdc_ws/install/agbot_teleop:/home/albert/bcdc_ws/install/agbot_py:/home/albert/arduinobot_ws/install/arduinobot_py_examples:/opt/ros/humble /home/albert/.local/bin/cmake --build /home/albert/umov_ws/build/arduinobot_firmware -- -j8 -l8
[18.277s] Invoking command in '/home/albert/umov_ws/build/arduinobot_firmware': CMAKE_PREFIX_PATH=${CMAKE_PREFIX_PATH}:/home/albert/ws_moveit2/install/moveit_configs_utils:/home/albert/ws_moveit2/install/launch_param_builder:/home/albert/umov_ws/install/arduino_py_examples:/home/albert/udem2_ws/install/actions_py:/home/albert/udem2_ws/install/lifecycle_py:/home/albert/udem2_ws/install/executors_py:/home/albert/udem2_ws/install/components_py:/home/albert/udem_ws/install/turtlesim_catcher:/home/albert/udem_ws/install/my_py_pkg:/home/albert/udem_ws/install/lifecycle_py:/home/albert/bcdc_ws/install/agbot_teleop:/home/albert/bcdc_ws/install/agbot_py:/home/albert/arduinobot_ws/install/arduinobot_py_examples:/opt/ros/humble /home/albert/.local/bin/cmake --install /home/albert/umov_ws/build/arduinobot_firmware
[18.282s] -- Install configuration: ""
[18.283s] -- Up-to-date: /home/albert/umov_ws/install/arduinobot_firmware/share/arduinobot_firmware/environment/pythonpath.sh
[18.283s] -- Installing: /home/albert/umov_ws/install/arduinobot_firmware/share/arduinobot_firmware/environment/pythonpath.dsv
[18.283s] -- Up-to-date: /home/albert/umov_ws/install/arduinobot_firmware/local/lib/python3.10/dist-packages/arduinobot_firmware-0.0.0-py3.10.egg-info
[18.283s] -- Installing: /home/albert/umov_ws/install/arduinobot_firmware/local/lib/python3.10/dist-packages/arduinobot_firmware-0.0.0-py3.10.egg-info/SOURCES.txt
[18.284s] -- Installing: /home/albert/umov_ws/install/arduinobot_firmware/local/lib/python3.10/dist-packages/arduinobot_firmware-0.0.0-py3.10.egg-info/top_level.txt
[18.284s] -- Installing: /home/albert/umov_ws/install/arduinobot_firmware/local/lib/python3.10/dist-packages/arduinobot_firmware-0.0.0-py3.10.egg-info/PKG-INFO
[18.284s] -- Installing: /home/albert/umov_ws/install/arduinobot_firmware/local/lib/python3.10/dist-packages/arduinobot_firmware-0.0.0-py3.10.egg-info/dependency_links.txt
[18.285s] -- Up-to-date: /home/albert/umov_ws/install/arduinobot_firmware/local/lib/python3.10/dist-packages/arduinobot_firmware
[18.285s] -- Up-to-date: /home/albert/umov_ws/install/arduinobot_firmware/local/lib/python3.10/dist-packages/arduinobot_firmware/simple_serial_receiver.py
[18.285s] -- Up-to-date: /home/albert/umov_ws/install/arduinobot_firmware/local/lib/python3.10/dist-packages/arduinobot_firmware/__init__.py
[18.285s] -- Up-to-date: /home/albert/umov_ws/install/arduinobot_firmware/local/lib/python3.10/dist-packages/arduinobot_firmware/simple_serial_transmitter.py
[18.356s] Listing '/home/albert/umov_ws/install/arduinobot_firmware/local/lib/python3.10/dist-packages/arduinobot_firmware'...
[18.363s] -- Installing: /home/albert/umov_ws/install/arduinobot_firmware/lib/arduinobot_firmware/simple_serial_transmitter
[18.369s] -- Set non-toolchain portion of runtime path of "/home/albert/umov_ws/install/arduinobot_firmware/lib/arduinobot_firmware/simple_serial_transmitter" to ""
[18.370s] -- Installing: /home/albert/umov_ws/install/arduinobot_firmware/lib/arduinobot_firmware/simple_serial_receiver
[18.372s] -- Set non-toolchain portion of runtime path of "/home/albert/umov_ws/install/arduinobot_firmware/lib/arduinobot_firmware/simple_serial_receiver" to ""
[18.372s] -- Up-to-date: /home/albert/umov_ws/install/arduinobot_firmware/lib/arduinobot_firmware/simple_serial_transmitter.py
[18.373s] -- Up-to-date: /home/albert/umov_ws/install/arduinobot_firmware/lib/arduinobot_firmware/simple_serial_receiver.py
[18.373s] -- Up-to-date: /home/albert/umov_ws/install/arduinobot_firmware/share/ament_index/resource_index/package_run_dependencies/arduinobot_firmware
[18.373s] -- Installing: /home/albert/umov_ws/install/arduinobot_firmware/share/ament_index/resource_index/parent_prefix_path/arduinobot_firmware
[18.373s] -- Installing: /home/albert/umov_ws/install/arduinobot_firmware/share/arduinobot_firmware/environment/ament_prefix_path.sh
[18.373s] -- Installing: /home/albert/umov_ws/install/arduinobot_firmware/share/arduinobot_firmware/environment/ament_prefix_path.dsv
[18.374s] -- Installing: /home/albert/umov_ws/install/arduinobot_firmware/share/arduinobot_firmware/environment/path.sh
[18.374s] -- Installing: /home/albert/umov_ws/install/arduinobot_firmware/share/arduinobot_firmware/environment/path.dsv
[18.374s] -- Up-to-date: /home/albert/umov_ws/install/arduinobot_firmware/share/arduinobot_firmware/local_setup.bash
[18.374s] -- Up-to-date: /home/albert/umov_ws/install/arduinobot_firmware/share/arduinobot_firmware/local_setup.sh
[18.375s] -- Up-to-date: /home/albert/umov_ws/install/arduinobot_firmware/share/arduinobot_firmware/local_setup.zsh
[18.375s] -- Installing: /home/albert/umov_ws/install/arduinobot_firmware/share/arduinobot_firmware/local_setup.dsv
[18.375s] -- Installing: /home/albert/umov_ws/install/arduinobot_firmware/share/arduinobot_firmware/package.dsv
[18.375s] -- Up-to-date: /home/albert/umov_ws/install/arduinobot_firmware/share/ament_index/resource_index/packages/arduinobot_firmware
[18.375s] -- Up-to-date: /home/albert/umov_ws/install/arduinobot_firmware/share/arduinobot_firmware/cmake/arduinobot_firmwareConfig.cmake
[18.375s] -- Up-to-date: /home/albert/umov_ws/install/arduinobot_firmware/share/arduinobot_firmware/cmake/arduinobot_firmwareConfig-version.cmake
[18.376s] -- Up-to-date: /home/albert/umov_ws/install/arduinobot_firmware/share/arduinobot_firmware/package.xml
[18.377s] Invoked command in '/home/albert/umov_ws/build/arduinobot_firmware' returned '0': CMAKE_PREFIX_PATH=${CMAKE_PREFIX_PATH}:/home/albert/ws_moveit2/install/moveit_configs_utils:/home/albert/ws_moveit2/install/launch_param_builder:/home/albert/umov_ws/install/arduino_py_examples:/home/albert/udem2_ws/install/actions_py:/home/albert/udem2_ws/install/lifecycle_py:/home/albert/udem2_ws/install/executors_py:/home/albert/udem2_ws/install/components_py:/home/albert/udem_ws/install/turtlesim_catcher:/home/albert/udem_ws/install/my_py_pkg:/home/albert/udem_ws/install/lifecycle_py:/home/albert/bcdc_ws/install/agbot_teleop:/home/albert/bcdc_ws/install/agbot_py:/home/albert/arduinobot_ws/install/arduinobot_py_examples:/opt/ros/humble /home/albert/.local/bin/cmake --install /home/albert/umov_ws/build/arduinobot_firmware
