[0.390s] Invoking command in '/home/albert/umov_ws/build/description': CMAKE_PREFIX_PATH=${CMAKE_PREFIX_PATH}:/home/albert/ws_moveit2/install/moveit_configs_utils:/home/albert/ws_moveit2/install/launch_param_builder:/home/albert/umov_ws/install/arduino_py_examples:/home/albert/udem2_ws/install/actions_py:/home/albert/udem2_ws/install/lifecycle_py:/home/albert/udem2_ws/install/executors_py:/home/albert/udem2_ws/install/components_py:/home/albert/udem_ws/install/turtlesim_catcher:/home/albert/udem_ws/install/my_py_pkg:/home/albert/udem_ws/install/lifecycle_py:/home/albert/bcdc_ws/install/agbot_teleop:/home/albert/bcdc_ws/install/agbot_py:/home/albert/arduinobot_ws/install/arduinobot_py_examples:/opt/ros/humble /home/albert/.local/bin/cmake --build /home/albert/umov_ws/build/description -- -j8 -l8
[0.600s] Invoked command in '/home/albert/umov_ws/build/description' returned '0': CMAKE_PREFIX_PATH=${CMAKE_PREFIX_PATH}:/home/albert/ws_moveit2/install/moveit_configs_utils:/home/albert/ws_moveit2/install/launch_param_builder:/home/albert/umov_ws/install/arduino_py_examples:/home/albert/udem2_ws/install/actions_py:/home/albert/udem2_ws/install/lifecycle_py:/home/albert/udem2_ws/install/executors_py:/home/albert/udem2_ws/install/components_py:/home/albert/udem_ws/install/turtlesim_catcher:/home/albert/udem_ws/install/my_py_pkg:/home/albert/udem_ws/install/lifecycle_py:/home/albert/bcdc_ws/install/agbot_teleop:/home/albert/bcdc_ws/install/agbot_py:/home/albert/arduinobot_ws/install/arduinobot_py_examples:/opt/ros/humble /home/albert/.local/bin/cmake --build /home/albert/umov_ws/build/description -- -j8 -l8
[0.602s] Invoking command in '/home/albert/umov_ws/build/description': CMAKE_PREFIX_PATH=${CMAKE_PREFIX_PATH}:/home/albert/ws_moveit2/install/moveit_configs_utils:/home/albert/ws_moveit2/install/launch_param_builder:/home/albert/umov_ws/install/arduino_py_examples:/home/albert/udem2_ws/install/actions_py:/home/albert/udem2_ws/install/lifecycle_py:/home/albert/udem2_ws/install/executors_py:/home/albert/udem2_ws/install/components_py:/home/albert/udem_ws/install/turtlesim_catcher:/home/albert/udem_ws/install/my_py_pkg:/home/albert/udem_ws/install/lifecycle_py:/home/albert/bcdc_ws/install/agbot_teleop:/home/albert/bcdc_ws/install/agbot_py:/home/albert/arduinobot_ws/install/arduinobot_py_examples:/opt/ros/humble /home/albert/.local/bin/cmake --install /home/albert/umov_ws/build/description
[0.718s] -- Install configuration: ""
[0.721s] -- Up-to-date: /home/albert/umov_ws/install/description/share/description/launch
[0.721s] -- Up-to-date: /home/albert/umov_ws/install/description/share/description/launch/gazebo.launch.py
[0.722s] -- Up-to-date: /home/albert/umov_ws/install/description/share/description/launch/orig_gazebo.launch.py
[0.722s] -- Up-to-date: /home/albert/umov_ws/install/description/share/description/launch/display.launch.py
[0.725s] -- Up-to-date: /home/albert/umov_ws/install/description/share/description/meshes
[0.728s] -- Up-to-date: /home/albert/umov_ws/install/description/share/description/meshes/right_finger.STL
[0.735s] -- Up-to-date: /home/albert/umov_ws/install/description/share/description/meshes/triangular_link.STL
[0.735s] -- Up-to-date: /home/albert/umov_ws/install/description/share/description/meshes/round_plate.STL
[0.736s] -- Up-to-date: /home/albert/umov_ws/install/description/share/description/meshes/left_finger.STL
[0.739s] -- Up-to-date: /home/albert/umov_ws/install/description/share/description/meshes/vertical_drive_arm.STL
[0.742s] -- Up-to-date: /home/albert/umov_ws/install/description/share/description/meshes/claw_support.STL
[0.751s] -- Up-to-date: /home/albert/umov_ws/install/description/share/description/meshes/link.STL
[0.751s] -- Up-to-date: /home/albert/umov_ws/install/description/share/description/meshes/horizontal_arm.STL
[0.752s] -- Up-to-date: /home/albert/umov_ws/install/description/share/description/meshes/basement.STL
[0.752s] -- Up-to-date: /home/albert/umov_ws/install/description/share/description/meshes/forward_drive_arm.STL
[0.752s] -- Up-to-date: /home/albert/umov_ws/install/description/share/description/meshes/servo_plate.STL
[0.753s] -- Up-to-date: /home/albert/umov_ws/install/description/share/description/meshes/plate.STL
[0.753s] -- Up-to-date: /home/albert/umov_ws/install/description/share/description/meshes/base_plate.STL
[0.753s] -- Up-to-date: /home/albert/umov_ws/install/description/share/description/meshes/pi_camera.STL
[0.754s] -- Up-to-date: /home/albert/umov_ws/install/description/share/description/models
[0.754s] -- Up-to-date: /home/albert/umov_ws/install/description/share/description/models/ground_plane
[0.754s] -- Up-to-date: /home/albert/umov_ws/install/description/share/description/models/ground_plane/model-1_2.sdf
[0.754s] -- Up-to-date: /home/albert/umov_ws/install/description/share/description/models/ground_plane/model-1_3.sdf
[0.755s] -- Up-to-date: /home/albert/umov_ws/install/description/share/description/models/ground_plane/model.config
[0.756s] -- Up-to-date: /home/albert/umov_ws/install/description/share/description/models/ground_plane/model.sdf
[0.762s] -- Up-to-date: /home/albert/umov_ws/install/description/share/description/models/ground_plane/model-1_4.sdf
[0.763s] -- Up-to-date: /home/albert/umov_ws/install/description/share/description/models/sun
[0.771s] -- Up-to-date: /home/albert/umov_ws/install/description/share/description/models/sun/model-1_2.sdf
[0.771s] -- Up-to-date: /home/albert/umov_ws/install/description/share/description/models/sun/model-1_3.sdf
[0.776s] -- Up-to-date: /home/albert/umov_ws/install/description/share/description/models/sun/model.config
[0.776s] -- Up-to-date: /home/albert/umov_ws/install/description/share/description/models/sun/model.sdf
[0.776s] -- Up-to-date: /home/albert/umov_ws/install/description/share/description/models/sun/model-1_4.sdf
[0.777s] -- Up-to-date: /home/albert/umov_ws/install/description/share/description/urdf
[0.780s] -- Up-to-date: /home/albert/umov_ws/install/description/share/description/urdf/common_properties.xacro
[0.782s] -- Up-to-date: /home/albert/umov_ws/install/description/share/description/urdf/arduinobot.urdf.xacro
[0.783s] -- Up-to-date: /home/albert/umov_ws/install/description/share/description/urdf/arduinobot_gazebo.xacro
[0.789s] -- Up-to-date: /home/albert/umov_ws/install/description/share/description/urdf/arduinobot_ros2_control.xacro
[0.796s] -- Up-to-date: /home/albert/umov_ws/install/description/share/description/rviz
[0.797s] -- Up-to-date: /home/albert/umov_ws/install/description/share/description/rviz/display.rviz
[0.798s] -- Up-to-date: /home/albert/umov_ws/install/description/share/ament_index/resource_index/package_run_dependencies/description
[0.799s] -- Up-to-date: /home/albert/umov_ws/install/description/share/ament_index/resource_index/parent_prefix_path/description
[0.801s] -- Up-to-date: /home/albert/umov_ws/install/description/share/description/environment/ament_prefix_path.sh
[0.805s] -- Up-to-date: /home/albert/umov_ws/install/description/share/description/environment/ament_prefix_path.dsv
[0.808s] -- Up-to-date: /home/albert/umov_ws/install/description/share/description/environment/path.sh
[0.809s] -- Up-to-date: /home/albert/umov_ws/install/description/share/description/environment/path.dsv
[0.809s] -- Up-to-date: /home/albert/umov_ws/install/description/share/description/local_setup.bash
[0.809s] -- Up-to-date: /home/albert/umov_ws/install/description/share/description/local_setup.sh
[0.810s] -- Up-to-date: /home/albert/umov_ws/install/description/share/description/local_setup.zsh
[0.810s] -- Up-to-date: /home/albert/umov_ws/install/description/share/description/local_setup.dsv
[0.810s] -- Installing: /home/albert/umov_ws/install/description/share/description/package.dsv
[0.824s] -- Up-to-date: /home/albert/umov_ws/install/description/share/ament_index/resource_index/packages/description
[0.825s] -- Up-to-date: /home/albert/umov_ws/install/description/share/description/cmake/descriptionConfig.cmake
[0.829s] -- Up-to-date: /home/albert/umov_ws/install/description/share/description/cmake/descriptionConfig-version.cmake
[0.829s] -- Up-to-date: /home/albert/umov_ws/install/description/share/description/package.xml
[0.902s] Invoked command in '/home/albert/umov_ws/build/description' returned '0': CMAKE_PREFIX_PATH=${CMAKE_PREFIX_PATH}:/home/albert/ws_moveit2/install/moveit_configs_utils:/home/albert/ws_moveit2/install/launch_param_builder:/home/albert/umov_ws/install/arduino_py_examples:/home/albert/udem2_ws/install/actions_py:/home/albert/udem2_ws/install/lifecycle_py:/home/albert/udem2_ws/install/executors_py:/home/albert/udem2_ws/install/components_py:/home/albert/udem_ws/install/turtlesim_catcher:/home/albert/udem_ws/install/my_py_pkg:/home/albert/udem_ws/install/lifecycle_py:/home/albert/bcdc_ws/install/agbot_teleop:/home/albert/bcdc_ws/install/agbot_py:/home/albert/arduinobot_ws/install/arduinobot_py_examples:/opt/ros/humble /home/albert/.local/bin/cmake --install /home/albert/umov_ws/build/description
