[0.036s] Invoking command in '/home/albert/umov_ws/build/arduinobot_remote': CMAKE_PREFIX_PATH=/home/albert/umov_ws/install/arduinobot_msgs:/home/albert/umov_ws/install/arduinobot_moveit:/home/albert/umov_ws/install/arduinobot_firmware:/home/albert/ag_arm_ws/install/arm_setup_moveit:/home/albert/ag_arm_ws/install/arm_moveit:/home/albert/ag_arm_ws/install/arm_description:/home/albert/ag_arm_ws/install/arm_cpp:/home/albert/ag_arm_ws/install/arm_controller:/home/albert/ws_moveit2/install/pilz_industrial_motion_planner_testutils:/home/albert/ws_moveit2/install/moveit_runtime:/home/albert/ws_moveit2/install/moveit2_tutorials:/home/albert/ws_moveit2/install/moveit:/home/albert/ws_moveit2/install/moveit_planners:/home/albert/ws_moveit2/install/pilz_industrial_motion_planner:/home/albert/ws_moveit2/install/moveit_visual_tools:/home/albert/ws_moveit2/install/moveit_task_constructor_visualization:/home/albert/ws_moveit2/install/moveit_task_constructor_demo:/home/albert/ws_moveit2/install/moveit_task_constructor_capabilities:/home/albert/ws_moveit2/install/moveit_task_constructor_core:/home/albert/ws_moveit2/install/moveit_ros_control_interface:/home/albert/ws_moveit2/install/moveit_plugins:/home/albert/ws_moveit2/install/moveit_simple_controller_manager:/home/albert/ws_moveit2/install/moveit_setup_assistant:/home/albert/ws_moveit2/install/moveit_setup_srdf_plugins:/home/albert/ws_moveit2/install/moveit_setup_core_plugins:/home/albert/ws_moveit2/install/moveit_setup_controllers:/home/albert/ws_moveit2/install/moveit_setup_app_plugins:/home/albert/ws_moveit2/install/moveit_setup_framework:/home/albert/ws_moveit2/install/moveit_servo:/home/albert/ws_moveit2/install/moveit_ros:/home/albert/ws_moveit2/install/moveit_ros_visualization:/home/albert/ws_moveit2/install/moveit_hybrid_planning:/home/albert/ws_moveit2/install/moveit_ros_planning_interface:/home/albert/ws_moveit2/install/moveit_ros_benchmarks:/home/albert/ws_moveit2/install/moveit_ros_warehouse:/home/albert/ws_moveit2/install/moveit_ros_robot_interaction:/home/albert/ws_moveit2/install/moveit_ros_perception:/home/albert/ws_moveit2/install/moveit_resources_prbt_pg70_support:/home/albert/ws_moveit2/install/moveit_resources_prbt_moveit_config:/home/albert/ws_moveit2/install/moveit_ros_move_group:/home/albert/ws_moveit2/install/moveit_planners_ompl:/home/albert/ws_moveit2/install/moveit_ros_planning:/home/albert/ws_moveit2/install/moveit_ros_occupancy_map_monitor:/home/albert/ws_moveit2/install/moveit_resources_prbt_ikfast_manipulator_plugin:/home/albert/ws_moveit2/install/moveit_planners_chomp:/home/albert/ws_moveit2/install/moveit_kinematics:/home/albert/ws_moveit2/install/moveit_chomp_optimizer_adapter:/home/albert/ws_moveit2/install/chomp_motion_planner:/home/albert/ws_moveit2/install/moveit_core:/home/albert/ws_moveit2/install/srdfdom:/home/albert/ws_moveit2/install/rviz_marker_tools:/home/albert/ws_moveit2/install/rosparam_shortcuts:/home/albert/ws_moveit2/install/moveit_task_constructor_msgs:/home/albert/ws_moveit2/install/moveit_resources_prbt_support:/home/albert/ws_moveit2/install/moveit_resources:/home/albert/ws_moveit2/install/moveit_resources_pr2_description:/home/albert/ws_moveit2/install/moveit_resources_panda_moveit_config:/home/albert/ws_moveit2/install/moveit_resources_panda_description:/home/albert/ws_moveit2/install/moveit_resources_fanuc_moveit_config:/home/albert/ws_moveit2/install/moveit_resources_fanuc_description:/home/albert/ws_moveit2/install/moveit_common:/home/albert/umov_ws/install/MoveitAssistant:/home/albert/umov_ws/install/description:/home/albert/umov_ws/install/arduinobot_utils:/home/albert/umov_ws/install/arduinobot_remote:/home/albert/umov_ws/install/arduino_cpp_examples:/home/albert/umov_ws/install/arduinobot_controller:/home/albert/umov_ws/install/arduinobot_bringup:/home/albert/unav_ws/install/turtlebot3_fake_node:/home/albert/unav_ws/install/robot_bringup:/home/albert/unav_ws/install/nav2_robot_description:/home/albert/udem2_ws/install/robot_bringup:/home/albert/udem2_ws/install/my_robot_bringup:/home/albert/udem2_ws/install/lifecycle_cpp:/home/albert/udem2_ws/install/final_project_cpp:/home/albert/udem2_ws/install/actions_cpp:/home/albert/udem2_ws/install/robot_interfaces:/home/albert/udem2_ws/install/executors_cpp:/home/albert/udem2_ws/install/components_cpp:/home/albert/udem_ws/install/my_robot_bringup:/home/albert/udem_ws/install/my_cpp_pkg:/home/albert/udem_ws/install/my_robot_interfaces:/home/albert/udem_ws/install/my_robot_description:/home/albert/udem_ws/install/lifecycle_cpp:/home/albert/bcdc_ws/install/aggiebot_cpp:/home/albert/bcdc_ws/install/aggiebot_msgs:/home/albert/bcdc_ws/install/aggiebot_description:/home/albert/bcdc_ws/install/aggiebot_controller:/home/albert/bcdc_ws/install/aggiebot_bringup:/home/albert/bcdc_ws/install/aggiebot_arm_moveit:/home/albert/bcdc_ws/install/aggiebot_arm_description:/home/albert/bcdc_ws/install/aggiebot_arm_controller:/home/albert/bcdc_ws/install/agbot_setup_moveit:/home/albert/bcdc_ws/install/agbot_cpp:/home/albert/bcdc_ws/install/agbot_msgs:/home/albert/bcdc_ws/install/agbot_moveit:/home/albert/bcdc_ws/install/agbot_description:/home/albert/bcdc_ws/install/agbot_controller:/home/albert/bcdc_ws/install/agbot_bringup:/home/albert/bcdc_ws/install/agbot_arm_controller:/home/albert/arduinobot_ws/install/arduinobot_utils:/home/albert/arduinobot_ws/install/arduinobot_remote:/home/albert/arduinobot_ws/install/arduinobot_cpp_examples:/home/albert/arduinobot_ws/install/arduinobot_msgs:/home/albert/arduinobot_ws/install/arduinobot_moveit_setup:/home/albert/arduinobot_ws/install/arduinobot_moveit:/home/albert/arduinobot_ws/install/arduinobot_description:/home/albert/arduinobot_ws/install/arduinobot_controller:/home/albert/rad_ws/install/agbot_full_nav2:/home/albert/rad_ws/install/agbot_full_msgs:/home/albert/rad_ws/install/agbot_full_moveit_setup:/home/albert/rad_ws/install/agbot_full_moveit:/home/albert/rad_ws/install/agbot_full_description:/home/albert/rad_ws/install/agbot_full_cpp:/home/albert/rad_ws/install/agbot_full_controller:/home/albert/rad_ws/install/agbot_full_cartogropher:/home/albert/dev_ws/install/my_bot:/home/albert/ag_car_ws/install/car_nav2:/home/albert/ag_car_ws/install/car_description:/home/albert/ag_car_ws/install/car_controller:/home/albert/ag_car_ws/install/car_cartographer:/home/albert/ws_moveit2/install/moveit_configs_utils:/home/albert/ws_moveit2/install/launch_param_builder:/home/albert/umov_ws/install/arduino_py_examples:/home/albert/udem2_ws/install/actions_py:/home/albert/udem2_ws/install/lifecycle_py:/home/albert/udem2_ws/install/executors_py:/home/albert/udem2_ws/install/components_py:/home/albert/udem_ws/install/turtlesim_catcher:/home/albert/udem_ws/install/my_py_pkg:/home/albert/udem_ws/install/lifecycle_py:/home/albert/bcdc_ws/install/agbot_teleop:/home/albert/bcdc_ws/install/agbot_py:/home/albert/arduinobot_ws/install/arduinobot_py_examples:/opt/ros/humble LD_LIBRARY_PATH=/home/albert/umov_ws/install/arduinobot_msgs/lib:/home/albert/ws_moveit2/install/pilz_industrial_motion_planner_testutils/lib:/home/albert/ws_moveit2/install/pilz_industrial_motion_planner/lib:/home/albert/ws_moveit2/install/moveit_visual_tools/lib:/home/albert/ws_moveit2/install/moveit_task_constructor_visualization/lib:/home/albert/ws_moveit2/install/moveit_task_constructor_demo/lib:/home/albert/ws_moveit2/install/moveit_task_constructor_capabilities/lib:/home/albert/ws_moveit2/install/moveit_task_constructor_core/lib:/home/albert/ws_moveit2/install/moveit_ros_control_interface/lib:/home/albert/ws_moveit2/install/moveit_simple_controller_manager/lib:/home/albert/ws_moveit2/install/moveit_setup_assistant/lib:/home/albert/ws_moveit2/install/moveit_setup_srdf_plugins/lib:/home/albert/ws_moveit2/install/moveit_setup_core_plugins/lib:/home/albert/ws_moveit2/install/moveit_setup_controllers/lib:/home/albert/ws_moveit2/install/moveit_setup_app_plugins/lib:/home/albert/ws_moveit2/install/moveit_setup_framework/lib:/home/albert/ws_moveit2/install/moveit_servo/lib:/home/albert/ws_moveit2/install/moveit_ros_visualization/lib:/home/albert/ws_moveit2/install/moveit_hybrid_planning/lib:/home/albert/ws_moveit2/install/moveit_ros_planning_interface/lib:/home/albert/ws_moveit2/install/moveit_ros_benchmarks/lib:/home/albert/ws_moveit2/install/moveit_ros_warehouse/lib:/home/albert/ws_moveit2/install/moveit_ros_robot_interaction/lib:/home/albert/ws_moveit2/install/moveit_ros_perception/lib:/home/albert/ws_moveit2/install/moveit_ros_move_group/lib:/home/albert/ws_moveit2/install/moveit_planners_ompl/lib:/home/albert/ws_moveit2/install/moveit_ros_planning/lib:/home/albert/ws_moveit2/install/moveit_ros_occupancy_map_monitor/lib:/home/albert/ws_moveit2/install/moveit_resources_prbt_ikfast_manipulator_plugin/lib:/home/albert/ws_moveit2/install/moveit_planners_chomp/lib:/home/albert/ws_moveit2/install/moveit_kinematics/lib:/home/albert/ws_moveit2/install/moveit_chomp_optimizer_adapter/lib:/home/albert/ws_moveit2/install/chomp_motion_planner/lib:/home/albert/ws_moveit2/install/moveit_core/lib:/home/albert/ws_moveit2/install/srdfdom/lib:/home/albert/ws_moveit2/install/rviz_marker_tools/lib:/home/albert/ws_moveit2/install/rosparam_shortcuts/lib:/home/albert/ws_moveit2/install/moveit_task_constructor_msgs/lib:/home/albert/umov_ws/install/arduinobot_remote/lib:/home/albert/umov_ws/install/arduino_cpp_examples/lib:/home/albert/umov_ws/install/arduinobot_controller/lib:/home/albert/udem2_ws/install/final_project_cpp/lib:/home/albert/udem2_ws/install/robot_interfaces/lib:/home/albert/udem2_ws/install/components_cpp/lib:/home/albert/udem_ws/install/my_robot_interfaces/lib:/home/albert/bcdc_ws/install/aggiebot_msgs/lib:/home/albert/bcdc_ws/install/agbot_msgs/lib:/home/albert/arduinobot_ws/install/arduinobot_remote/lib:/home/albert/arduinobot_ws/install/arduinobot_cpp_examples/lib:/home/albert/arduinobot_ws/install/arduinobot_msgs/lib:/usr/lib/x86_64-linux-gnu/gazebo-11/plugins:/opt/ros/humble/opt/rviz_ogre_vendor/lib:/opt/ros/humble/lib/x86_64-linux-gnu:/opt/ros/humble/lib:/usr/share/gazebo/../../lib/x86_64-linux-gnu/gazebo-11/plugins /home/albert/.local/bin/cmake --build /home/albert/umov_ws/build/arduinobot_remote -- -j8 -l8
[0.091s] [ 50%] Built target task_server_node
[0.091s] [ 50%] Built target ament_cmake_python_copy_arduinobot_remote
[0.112s] [ 75%] [32mBuilding CXX object CMakeFiles/task_server.dir/src/task_server.cpp.o[0m
[0.543s] running egg_info
[0.544s] writing arduinobot_remote.egg-info/PKG-INFO
[0.544s] writing dependency_links to arduinobot_remote.egg-info/dependency_links.txt
[0.544s] writing top-level names to arduinobot_remote.egg-info/top_level.txt
[0.548s] reading manifest file 'arduinobot_remote.egg-info/SOURCES.txt'
[0.549s] writing manifest file 'arduinobot_remote.egg-info/SOURCES.txt'
[0.580s] [ 75%] Built target ament_cmake_python_build_arduinobot_remote_egg
[4.902s] [01m[K/home/albert/umov_ws/src/arduinobot_remote/src/task_server.cpp:39:67:[m[K [01;31m[Kerror: [m[K‘[01m[Knode[m[K’ has not been declared
[4.903s]    39 |     moveit::planning_interface::MoveGroupInterface arm_move_group([01;31m[Knode[m[K, "arm");
[4.903s]       |                                                                   [01;31m[K^~~~[m[K
[4.903s] [01m[K/home/albert/umov_ws/src/arduinobot_remote/src/task_server.cpp:39:73:[m[K [01;31m[Kerror: [m[Kexpected identifier before string constant
[4.903s]    39 |     moveit::planning_interface::MoveGroupInterface arm_move_group(node, [01;31m[K"arm"[m[K);
[4.903s]       |                                                                         [01;31m[K^~~~~[m[K
[4.903s] [01m[K/home/albert/umov_ws/src/arduinobot_remote/src/task_server.cpp:39:73:[m[K [01;31m[Kerror: [m[Kexpected ‘[01m[K,[m[K’ or ‘[01m[K...[m[K’ before string constant
[4.903s] [01m[K/home/albert/umov_ws/src/arduinobot_remote/src/task_server.cpp:40:71:[m[K [01;31m[Kerror: [m[K‘[01m[Knode[m[K’ has not been declared
[4.903s]    40 |     moveit::planning_interface::MoveGroupInterface gripper_move_group([01;31m[Knode[m[K, "gripper");
[4.903s]       |                                                                       [01;31m[K^~~~[m[K
[4.903s] [01m[K/home/albert/umov_ws/src/arduinobot_remote/src/task_server.cpp:40:77:[m[K [01;31m[Kerror: [m[Kexpected identifier before string constant
[4.903s]    40 |     moveit::planning_interface::MoveGroupInterface gripper_move_group(node, [01;31m[K"gripper"[m[K);
[4.903s]       |                                                                             [01;31m[K^~~~~~~~~[m[K
[4.903s] [01m[K/home/albert/umov_ws/src/arduinobot_remote/src/task_server.cpp:40:77:[m[K [01;31m[Kerror: [m[Kexpected ‘[01m[K,[m[K’ or ‘[01m[K...[m[K’ before string constant
[4.949s] [01m[K/home/albert/umov_ws/src/arduinobot_remote/src/task_server.cpp:[m[K In member function ‘[01m[Krclcpp_action::CancelResponse TaskServer::cancel_callback(std::shared_ptr<rclcpp_action::ServerGoalHandle<arduinobot_msgs::action::ArduinobotTask> >)[m[K’:
[4.949s] [01m[K/home/albert/umov_ws/src/arduinobot_remote/src/task_server.cpp:57:9:[m[K [01;31m[Kerror: [m[K‘[01m[Karm_move_group_[m[K’ was not declared in this scope; did you mean ‘[01m[Karm_move_group[m[K’?
[4.949s]    57 |     if ([01;31m[Karm_move_group_[m[K){
[4.949s]       |         [01;31m[K^~~~~~~~~~~~~~~[m[K
[4.950s]       |         [32m[Karm_move_group[m[K
[4.956s] [01m[K/home/albert/umov_ws/src/arduinobot_remote/src/task_server.cpp:60:9:[m[K [01;31m[Kerror: [m[K‘[01m[Kgripper_move_group_[m[K’ was not declared in this scope; did you mean ‘[01m[Kgripper_move_group[m[K’?
[4.956s]    60 |     if ([01;31m[Kgripper_move_group_[m[K){
[4.957s]       |         [01;31m[K^~~~~~~~~~~~~~~~~~~[m[K
[4.957s]       |         [32m[Kgripper_move_group[m[K
[4.957s] [01m[K/home/albert/umov_ws/src/arduinobot_remote/src/task_server.cpp:[m[K In member function ‘[01m[Kvoid TaskServer::handle_accepted_callback(std::shared_ptr<rclcpp_action::ServerGoalHandle<arduinobot_msgs::action::ArduinobotTask> >)[m[K’:
[4.957s] [01m[K/home/albert/umov_ws/src/arduinobot_remote/src/task_server.cpp:71:45:[m[K [01;31m[Kerror: [m[K‘[01m[Kexecute[m[K’ is not a member of ‘[01m[KTaskServer[m[K’
[4.957s]    71 |         std::thread{ std::bind(&TaskServer::[01;31m[Kexecute[m[K, this, _1), goal_handle}.detach();
[4.957s]       |                                             [01;31m[K^~~~~~~[m[K
[4.957s] [01m[K/home/albert/umov_ws/src/arduinobot_remote/src/task_server.cpp:71:76:[m[K [01;31m[Kerror: [m[Kno matching function for call to ‘[01m[Kstd::thread::thread(<brace-enclosed initializer list>)[m[K’
[4.957s]    71 |         std::thread{ std::bind(&TaskServer::execute, this, _1), goal_handle[01;31m[K}[m[K.detach();
[4.957s]       |                                                                            [01;31m[K^[m[K
[4.957s] In file included from [01m[K/usr/include/c++/11/future:48[m[K,
[4.957s]                  from [01m[K/opt/ros/humble/include/rclcpp/rclcpp/executors.hpp:18[m[K,
[4.957s]                  from [01m[K/opt/ros/humble/include/rclcpp/rclcpp/rclcpp.hpp:155[m[K,
[4.957s]                  from [01m[K/home/albert/umov_ws/src/arduinobot_remote/src/task_server.cpp:1[m[K:
[4.957s] [01m[K/usr/include/c++/11/bits/std_thread.h:127:7:[m[K [01;36m[Knote: [m[Kcandidate: ‘[01m[Ktemplate<class _Callable, class ... _Args, class> std::thread::thread(_Callable&&, _Args&& ...)[m[K’
[4.957s]   127 |       [01;36m[Kthread[m[K(_Callable&& __f, _Args&&... __args)
[4.957s]       |       [01;36m[K^~~~~~[m[K
[4.957s] [01m[K/usr/include/c++/11/bits/std_thread.h:127:7:[m[K [01;36m[Knote: [m[K  template argument deduction/substitution failed:
[4.957s] [01m[K/usr/include/c++/11/bits/std_thread.h:157:5:[m[K [01;36m[Knote: [m[Kcandidate: ‘[01m[Kstd::thread::thread(std::thread&&)[m[K’
[4.957s]   157 |     [01;36m[Kthread[m[K(thread&& __t) noexcept
[4.958s]       |     [01;36m[K^~~~~~[m[K
[4.958s] [01m[K/usr/include/c++/11/bits/std_thread.h:157:5:[m[K [01;36m[Knote: [m[K  candidate expects 1 argument, 2 provided
[4.958s] [01m[K/usr/include/c++/11/bits/std_thread.h:121:5:[m[K [01;36m[Knote: [m[Kcandidate: ‘[01m[Kstd::thread::thread()[m[K’
[4.958s]   121 |     [01;36m[Kthread[m[K() noexcept = default;
[4.958s]       |     [01;36m[K^~~~~~[m[K
[4.958s] [01m[K/usr/include/c++/11/bits/std_thread.h:121:5:[m[K [01;36m[Knote: [m[K  candidate expects 0 arguments, 2 provided
[4.958s] [01m[K/home/albert/umov_ws/src/arduinobot_remote/src/task_server.cpp:[m[K In member function ‘[01m[Kvoid TaskServer::execute_goal(std::shared_ptr<rclcpp_action::ServerGoalHandle<arduinobot_msgs::action::ArduinobotTask> >)[m[K’:
[4.958s] [01m[K/home/albert/umov_ws/src/arduinobot_remote/src/task_server.cpp:77:5:[m[K [01;31m[Kerror: [m[Kinvalid use of member function ‘[01m[Kmoveit::planning_interface::MoveGroupInterface TaskServer::arm_move_group(int, int)[m[K’ (did you forget the ‘[01m[K()[m[K’ ?)
[4.958s]    77 |     [01;31m[Karm_move_group[m[K.setStartStateToCurrentState();
[4.958s]       |     [01;31m[K^~~~~~~~~~~~~~[m[K
[4.958s] [01m[K/home/albert/umov_ws/src/arduinobot_remote/src/task_server.cpp:78:5:[m[K [01;31m[Kerror: [m[Kinvalid use of member function ‘[01m[Kmoveit::planning_interface::MoveGroupInterface TaskServer::gripper_move_group(int, int)[m[K’ (did you forget the ‘[01m[K()[m[K’ ?)
[4.958s]    78 |     [01;31m[Kgripper_move_group[m[K.setStartStateToCurrentState();
[4.958s]       |     [01;31m[K^~~~~~~~~~~~~~~~~~[m[K
[4.960s] [01m[K/home/albert/umov_ws/src/arduinobot_remote/src/task_server.cpp:123:5:[m[K [01;31m[Kerror: [m[Kinvalid use of member function ‘[01m[Kmoveit::planning_interface::MoveGroupInterface TaskServer::arm_move_group(int, int)[m[K’ (did you forget the ‘[01m[K()[m[K’ ?)
[4.960s]   123 |     [01;31m[Karm_move_group[m[K.setJointValueTarget(arm_joint_goal);
[4.960s]       |     [01;31m[K^~~~~~~~~~~~~~[m[K
[4.960s] [01m[K/home/albert/umov_ws/src/arduinobot_remote/src/task_server.cpp:124:5:[m[K [01;31m[Kerror: [m[Kinvalid use of member function ‘[01m[Kmoveit::planning_interface::MoveGroupInterface TaskServer::gripper_move_group(int, int)[m[K’ (did you forget the ‘[01m[K()[m[K’ ?)
[4.960s]   124 |     [01;31m[Kgripper_move_group[m[K.setJointValueTarget(gripper_joint_goal);
[4.960s]       |     [01;31m[K^~~~~~~~~~~~~~~~~~[m[K
[4.967s] [01m[K/home/albert/umov_ws/src/arduinobot_remote/src/task_server.cpp:127:31:[m[K [01;31m[Kerror: [m[K‘[01m[Karm_joint_goal[m[K’ was not declared in this scope; did you mean ‘[01m[Karm_joint_goal_[m[K’?
[4.967s]   127 |     bool arm_within_bounds = ([01;31m[Karm_joint_goal[m[K.size() == arm_move_group.getActiveJoints().size());
[4.967s]       |                               [01;31m[K^~~~~~~~~~~~~~[m[K
[4.967s]       |                               [32m[Karm_joint_goal_[m[K
[4.968s] [01m[K/home/albert/umov_ws/src/arduinobot_remote/src/task_server.cpp:127:56:[m[K [01;31m[Kerror: [m[Kinvalid use of member function ‘[01m[Kmoveit::planning_interface::MoveGroupInterface TaskServer::arm_move_group(int, int)[m[K’ (did you forget the ‘[01m[K()[m[K’ ?)
[4.968s]   127 |     bool arm_within_bounds = (arm_joint_goal.size() == [01;31m[Karm_move_group[m[K.getActiveJoints().size());
[4.968s]       |                                                        [01;31m[K^~~~~~~~~~~~~~[m[K
[4.968s] [01m[K/home/albert/umov_ws/src/arduinobot_remote/src/task_server.cpp:127:71:[m[K [01;31m[Kerror: [m[Kexpected ‘[01m[K)[m[K’ before ‘[01m[KgetActiveJoints[m[K’
[4.968s]   127 |     bool arm_within_bounds = (arm_joint_goal.size() == arm_move_group.[01;31m[KgetActiveJoints[m[K().size());
[4.968s]       |                                                                       [01;31m[K^~~~~~~~~~~~~~~[m[K
[4.968s] [01m[K/home/albert/umov_ws/src/arduinobot_remote/src/task_server.cpp:127:30:[m[K [01;36m[Knote: [m[Kto match this ‘[01m[K([m[K’
[4.968s]   127 |     bool arm_within_bounds = [01;36m[K([m[Karm_joint_goal.size() == arm_move_group.getActiveJoints().size());
[4.968s]       |                              [01;36m[K^[m[K
[4.973s] [01m[K/home/albert/umov_ws/src/arduinobot_remote/src/task_server.cpp:128:35:[m[K [01;31m[Kerror: [m[K‘[01m[Kgripper_joint_goal[m[K’ was not declared in this scope; did you mean ‘[01m[Kgripper_joint_goal_[m[K’?
[4.973s]   128 |     bool gripper_within_bounds = ([01;31m[Kgripper_joint_goal[m[K.size() == gripper_move_group.getActiveJoints().size());
[4.973s]       |                                   [01;31m[K^~~~~~~~~~~~~~~~~~[m[K
[4.973s]       |                                   [32m[Kgripper_joint_goal_[m[K
[4.973s] [01m[K/home/albert/umov_ws/src/arduinobot_remote/src/task_server.cpp:128:64:[m[K [01;31m[Kerror: [m[Kinvalid use of member function ‘[01m[Kmoveit::planning_interface::MoveGroupInterface TaskServer::gripper_move_group(int, int)[m[K’ (did you forget the ‘[01m[K()[m[K’ ?)
[4.973s]   128 |     bool gripper_within_bounds = (gripper_joint_goal.size() == [01;31m[Kgripper_move_group[m[K.getActiveJoints().size());
[4.974s]       |                                                                [01;31m[K^~~~~~~~~~~~~~~~~~[m[K
[4.974s] [01m[K/home/albert/umov_ws/src/arduinobot_remote/src/task_server.cpp:128:83:[m[K [01;31m[Kerror: [m[Kexpected ‘[01m[K)[m[K’ before ‘[01m[KgetActiveJoints[m[K’
[4.974s]   128 |     bool gripper_within_bounds = (gripper_joint_goal.size() == gripper_move_group.[01;31m[KgetActiveJoints[m[K().size());
[4.974s]       |                                                                                   [01;31m[K^~~~~~~~~~~~~~~[m[K
[4.974s] [01m[K/home/albert/umov_ws/src/arduinobot_remote/src/task_server.cpp:128:34:[m[K [01;36m[Knote: [m[Kto match this ‘[01m[K([m[K’
[4.974s]   128 |     bool gripper_within_bounds = [01;36m[K([m[Kgripper_joint_goal.size() == gripper_move_group.getActiveJoints().size());
[4.974s]       |                                  [01;36m[K^[m[K
[4.975s] [01m[K/home/albert/umov_ws/src/arduinobot_remote/src/task_server.cpp:159:30:[m[K [01;31m[Kerror: [m[Kinvalid use of member function ‘[01m[Kmoveit::planning_interface::MoveGroupInterface TaskServer::arm_move_group(int, int)[m[K’ (did you forget the ‘[01m[K()[m[K’ ?)
[4.975s]   159 |     bool arm_plan_success = ([01;31m[Karm_move_group[m[K.plan(arm_plan) == moveit::core::MoveItErrorCode::SUCCESS);
[4.975s]       |                              [01;31m[K^~~~~~~~~~~~~~[m[K
[4.975s] [01m[K/home/albert/umov_ws/src/arduinobot_remote/src/task_server.cpp:159:45:[m[K [01;31m[Kerror: [m[Kexpected ‘[01m[K)[m[K’ before ‘[01m[Kplan[m[K’
[4.975s]   159 |     bool arm_plan_success = (arm_move_group.[01;31m[Kplan[m[K(arm_plan) == moveit::core::MoveItErrorCode::SUCCESS);
[4.975s]       |                                             [01;31m[K^~~~[m[K
[4.975s] [01m[K/home/albert/umov_ws/src/arduinobot_remote/src/task_server.cpp:159:29:[m[K [01;36m[Knote: [m[Kto match this ‘[01m[K([m[K’
[4.975s]   159 |     bool arm_plan_success = [01;36m[K([m[Karm_move_group.plan(arm_plan) == moveit::core::MoveItErrorCode::SUCCESS);
[4.975s]       |                             [01;36m[K^[m[K
[4.976s] [01m[K/home/albert/umov_ws/src/arduinobot_remote/src/task_server.cpp:172:35:[m[K [01;31m[Kerror: [m[Kinvalid use of member function ‘[01m[Kmoveit::planning_interface::MoveGroupInterface TaskServer::arm_move_group(int, int)[m[K’ (did you forget the ‘[01m[K()[m[K’ ?)
[4.976s]   172 |     bool arm_execution_success = ([01;31m[Karm_move_group[m[K.execute(arm_plan) == moveit::core::MoveItErrorCode::SUCCESS);
[4.976s]       |                                   [01;31m[K^~~~~~~~~~~~~~[m[K
[4.976s] [01m[K/home/albert/umov_ws/src/arduinobot_remote/src/task_server.cpp:172:50:[m[K [01;31m[Kerror: [m[Kexpected ‘[01m[K)[m[K’ before ‘[01m[Kexecute[m[K’
[4.976s]   172 |     bool arm_execution_success = (arm_move_group.[01;31m[Kexecute[m[K(arm_plan) == moveit::core::MoveItErrorCode::SUCCESS);
[4.976s]       |                                                  [01;31m[K^~~~~~~[m[K
[4.976s] [01m[K/home/albert/umov_ws/src/arduinobot_remote/src/task_server.cpp:172:34:[m[K [01;36m[Knote: [m[Kto match this ‘[01m[K([m[K’
[4.976s]   172 |     bool arm_execution_success = [01;36m[K([m[Karm_move_group.execute(arm_plan) == moveit::core::MoveItErrorCode::SUCCESS);
[4.976s]       |                                  [01;36m[K^[m[K
[4.977s] [01m[K/home/albert/umov_ws/src/arduinobot_remote/src/task_server.cpp:184:34:[m[K [01;31m[Kerror: [m[Kinvalid use of member function ‘[01m[Kmoveit::planning_interface::MoveGroupInterface TaskServer::gripper_move_group(int, int)[m[K’ (did you forget the ‘[01m[K()[m[K’ ?)
[4.977s]   184 |     bool gripper_plan_success = ([01;31m[Kgripper_move_group[m[K.plan(gripper_plan) == moveit::core::MoveItErrorCode::SUCCESS);
[4.977s]       |                                  [01;31m[K^~~~~~~~~~~~~~~~~~[m[K
[4.977s] [01m[K/home/albert/umov_ws/src/arduinobot_remote/src/task_server.cpp:184:53:[m[K [01;31m[Kerror: [m[Kexpected ‘[01m[K)[m[K’ before ‘[01m[Kplan[m[K’
[4.977s]   184 |     bool gripper_plan_success = (gripper_move_group.[01;31m[Kplan[m[K(gripper_plan) == moveit::core::MoveItErrorCode::SUCCESS);
[4.977s]       |                                                     [01;31m[K^~~~[m[K
[4.977s] [01m[K/home/albert/umov_ws/src/arduinobot_remote/src/task_server.cpp:184:33:[m[K [01;36m[Knote: [m[Kto match this ‘[01m[K([m[K’
[4.977s]   184 |     bool gripper_plan_success = [01;36m[K([m[Kgripper_move_group.plan(gripper_plan) == moveit::core::MoveItErrorCode::SUCCESS);
[4.977s]       |                                 [01;36m[K^[m[K
[4.978s] [01m[K/home/albert/umov_ws/src/arduinobot_remote/src/task_server.cpp:196:39:[m[K [01;31m[Kerror: [m[Kinvalid use of member function ‘[01m[Kmoveit::planning_interface::MoveGroupInterface TaskServer::gripper_move_group(int, int)[m[K’ (did you forget the ‘[01m[K()[m[K’ ?)
[4.978s]   196 |     bool gripper_execution_success = ([01;31m[Kgripper_move_group[m[K.execute(gripper_plan) == moveit::core::MoveItErrorCode::SUCCESS);
[4.978s]       |                                       [01;31m[K^~~~~~~~~~~~~~~~~~[m[K
[4.978s] [01m[K/home/albert/umov_ws/src/arduinobot_remote/src/task_server.cpp:196:58:[m[K [01;31m[Kerror: [m[Kexpected ‘[01m[K)[m[K’ before ‘[01m[Kexecute[m[K’
[4.978s]   196 |     bool gripper_execution_success = (gripper_move_group.[01;31m[Kexecute[m[K(gripper_plan) == moveit::core::MoveItErrorCode::SUCCESS);
[4.978s]       |                                                          [01;31m[K^~~~~~~[m[K
[4.978s] [01m[K/home/albert/umov_ws/src/arduinobot_remote/src/task_server.cpp:196:38:[m[K [01;36m[Knote: [m[Kto match this ‘[01m[K([m[K’
[4.978s]   196 |     bool gripper_execution_success = [01;36m[K([m[Kgripper_move_group.execute(gripper_plan) == moveit::core::MoveItErrorCode::SUCCESS);
[4.978s]       |                                      [01;36m[K^[m[K
[4.986s] [01m[K/home/albert/umov_ws/src/arduinobot_remote/src/task_server.cpp:[m[K In function ‘[01m[Kint main(int, char**)[m[K’:
[4.986s] [01m[K/home/albert/umov_ws/src/arduinobot_remote/src/task_server.cpp:228:5:[m[K [01;31m[Kerror: [m[K‘[01m[Kmove_robot[m[K’ was not declared in this scope
[4.987s]   228 |     [01;31m[Kmove_robot[m[K(node);
[4.987s]       |     [01;31m[K^~~~~~~~~~[m[K
[7.298s] gmake[2]: *** [CMakeFiles/task_server.dir/build.make:76: CMakeFiles/task_server.dir/src/task_server.cpp.o] Error 1
[7.298s] gmake[1]: *** [CMakeFiles/Makefile2:142: CMakeFiles/task_server.dir/all] Error 2
[7.298s] gmake: *** [Makefile:146: all] Error 2
[7.300s] Invoked command in '/home/albert/umov_ws/build/arduinobot_remote' returned '2': CMAKE_PREFIX_PATH=/home/albert/umov_ws/install/arduinobot_msgs:/home/albert/umov_ws/install/arduinobot_moveit:/home/albert/umov_ws/install/arduinobot_firmware:/home/albert/ag_arm_ws/install/arm_setup_moveit:/home/albert/ag_arm_ws/install/arm_moveit:/home/albert/ag_arm_ws/install/arm_description:/home/albert/ag_arm_ws/install/arm_cpp:/home/albert/ag_arm_ws/install/arm_controller:/home/albert/ws_moveit2/install/pilz_industrial_motion_planner_testutils:/home/albert/ws_moveit2/install/moveit_runtime:/home/albert/ws_moveit2/install/moveit2_tutorials:/home/albert/ws_moveit2/install/moveit:/home/albert/ws_moveit2/install/moveit_planners:/home/albert/ws_moveit2/install/pilz_industrial_motion_planner:/home/albert/ws_moveit2/install/moveit_visual_tools:/home/albert/ws_moveit2/install/moveit_task_constructor_visualization:/home/albert/ws_moveit2/install/moveit_task_constructor_demo:/home/albert/ws_moveit2/install/moveit_task_constructor_capabilities:/home/albert/ws_moveit2/install/moveit_task_constructor_core:/home/albert/ws_moveit2/install/moveit_ros_control_interface:/home/albert/ws_moveit2/install/moveit_plugins:/home/albert/ws_moveit2/install/moveit_simple_controller_manager:/home/albert/ws_moveit2/install/moveit_setup_assistant:/home/albert/ws_moveit2/install/moveit_setup_srdf_plugins:/home/albert/ws_moveit2/install/moveit_setup_core_plugins:/home/albert/ws_moveit2/install/moveit_setup_controllers:/home/albert/ws_moveit2/install/moveit_setup_app_plugins:/home/albert/ws_moveit2/install/moveit_setup_framework:/home/albert/ws_moveit2/install/moveit_servo:/home/albert/ws_moveit2/install/moveit_ros:/home/albert/ws_moveit2/install/moveit_ros_visualization:/home/albert/ws_moveit2/install/moveit_hybrid_planning:/home/albert/ws_moveit2/install/moveit_ros_planning_interface:/home/albert/ws_moveit2/install/moveit_ros_benchmarks:/home/albert/ws_moveit2/install/moveit_ros_warehouse:/home/albert/ws_moveit2/install/moveit_ros_robot_interaction:/home/albert/ws_moveit2/install/moveit_ros_perception:/home/albert/ws_moveit2/install/moveit_resources_prbt_pg70_support:/home/albert/ws_moveit2/install/moveit_resources_prbt_moveit_config:/home/albert/ws_moveit2/install/moveit_ros_move_group:/home/albert/ws_moveit2/install/moveit_planners_ompl:/home/albert/ws_moveit2/install/moveit_ros_planning:/home/albert/ws_moveit2/install/moveit_ros_occupancy_map_monitor:/home/albert/ws_moveit2/install/moveit_resources_prbt_ikfast_manipulator_plugin:/home/albert/ws_moveit2/install/moveit_planners_chomp:/home/albert/ws_moveit2/install/moveit_kinematics:/home/albert/ws_moveit2/install/moveit_chomp_optimizer_adapter:/home/albert/ws_moveit2/install/chomp_motion_planner:/home/albert/ws_moveit2/install/moveit_core:/home/albert/ws_moveit2/install/srdfdom:/home/albert/ws_moveit2/install/rviz_marker_tools:/home/albert/ws_moveit2/install/rosparam_shortcuts:/home/albert/ws_moveit2/install/moveit_task_constructor_msgs:/home/albert/ws_moveit2/install/moveit_resources_prbt_support:/home/albert/ws_moveit2/install/moveit_resources:/home/albert/ws_moveit2/install/moveit_resources_pr2_description:/home/albert/ws_moveit2/install/moveit_resources_panda_moveit_config:/home/albert/ws_moveit2/install/moveit_resources_panda_description:/home/albert/ws_moveit2/install/moveit_resources_fanuc_moveit_config:/home/albert/ws_moveit2/install/moveit_resources_fanuc_description:/home/albert/ws_moveit2/install/moveit_common:/home/albert/umov_ws/install/MoveitAssistant:/home/albert/umov_ws/install/description:/home/albert/umov_ws/install/arduinobot_utils:/home/albert/umov_ws/install/arduinobot_remote:/home/albert/umov_ws/install/arduino_cpp_examples:/home/albert/umov_ws/install/arduinobot_controller:/home/albert/umov_ws/install/arduinobot_bringup:/home/albert/unav_ws/install/turtlebot3_fake_node:/home/albert/unav_ws/install/robot_bringup:/home/albert/unav_ws/install/nav2_robot_description:/home/albert/udem2_ws/install/robot_bringup:/home/albert/udem2_ws/install/my_robot_bringup:/home/albert/udem2_ws/install/lifecycle_cpp:/home/albert/udem2_ws/install/final_project_cpp:/home/albert/udem2_ws/install/actions_cpp:/home/albert/udem2_ws/install/robot_interfaces:/home/albert/udem2_ws/install/executors_cpp:/home/albert/udem2_ws/install/components_cpp:/home/albert/udem_ws/install/my_robot_bringup:/home/albert/udem_ws/install/my_cpp_pkg:/home/albert/udem_ws/install/my_robot_interfaces:/home/albert/udem_ws/install/my_robot_description:/home/albert/udem_ws/install/lifecycle_cpp:/home/albert/bcdc_ws/install/aggiebot_cpp:/home/albert/bcdc_ws/install/aggiebot_msgs:/home/albert/bcdc_ws/install/aggiebot_description:/home/albert/bcdc_ws/install/aggiebot_controller:/home/albert/bcdc_ws/install/aggiebot_bringup:/home/albert/bcdc_ws/install/aggiebot_arm_moveit:/home/albert/bcdc_ws/install/aggiebot_arm_description:/home/albert/bcdc_ws/install/aggiebot_arm_controller:/home/albert/bcdc_ws/install/agbot_setup_moveit:/home/albert/bcdc_ws/install/agbot_cpp:/home/albert/bcdc_ws/install/agbot_msgs:/home/albert/bcdc_ws/install/agbot_moveit:/home/albert/bcdc_ws/install/agbot_description:/home/albert/bcdc_ws/install/agbot_controller:/home/albert/bcdc_ws/install/agbot_bringup:/home/albert/bcdc_ws/install/agbot_arm_controller:/home/albert/arduinobot_ws/install/arduinobot_utils:/home/albert/arduinobot_ws/install/arduinobot_remote:/home/albert/arduinobot_ws/install/arduinobot_cpp_examples:/home/albert/arduinobot_ws/install/arduinobot_msgs:/home/albert/arduinobot_ws/install/arduinobot_moveit_setup:/home/albert/arduinobot_ws/install/arduinobot_moveit:/home/albert/arduinobot_ws/install/arduinobot_description:/home/albert/arduinobot_ws/install/arduinobot_controller:/home/albert/rad_ws/install/agbot_full_nav2:/home/albert/rad_ws/install/agbot_full_msgs:/home/albert/rad_ws/install/agbot_full_moveit_setup:/home/albert/rad_ws/install/agbot_full_moveit:/home/albert/rad_ws/install/agbot_full_description:/home/albert/rad_ws/install/agbot_full_cpp:/home/albert/rad_ws/install/agbot_full_controller:/home/albert/rad_ws/install/agbot_full_cartogropher:/home/albert/dev_ws/install/my_bot:/home/albert/ag_car_ws/install/car_nav2:/home/albert/ag_car_ws/install/car_description:/home/albert/ag_car_ws/install/car_controller:/home/albert/ag_car_ws/install/car_cartographer:/home/albert/ws_moveit2/install/moveit_configs_utils:/home/albert/ws_moveit2/install/launch_param_builder:/home/albert/umov_ws/install/arduino_py_examples:/home/albert/udem2_ws/install/actions_py:/home/albert/udem2_ws/install/lifecycle_py:/home/albert/udem2_ws/install/executors_py:/home/albert/udem2_ws/install/components_py:/home/albert/udem_ws/install/turtlesim_catcher:/home/albert/udem_ws/install/my_py_pkg:/home/albert/udem_ws/install/lifecycle_py:/home/albert/bcdc_ws/install/agbot_teleop:/home/albert/bcdc_ws/install/agbot_py:/home/albert/arduinobot_ws/install/arduinobot_py_examples:/opt/ros/humble LD_LIBRARY_PATH=/home/albert/umov_ws/install/arduinobot_msgs/lib:/home/albert/ws_moveit2/install/pilz_industrial_motion_planner_testutils/lib:/home/albert/ws_moveit2/install/pilz_industrial_motion_planner/lib:/home/albert/ws_moveit2/install/moveit_visual_tools/lib:/home/albert/ws_moveit2/install/moveit_task_constructor_visualization/lib:/home/albert/ws_moveit2/install/moveit_task_constructor_demo/lib:/home/albert/ws_moveit2/install/moveit_task_constructor_capabilities/lib:/home/albert/ws_moveit2/install/moveit_task_constructor_core/lib:/home/albert/ws_moveit2/install/moveit_ros_control_interface/lib:/home/albert/ws_moveit2/install/moveit_simple_controller_manager/lib:/home/albert/ws_moveit2/install/moveit_setup_assistant/lib:/home/albert/ws_moveit2/install/moveit_setup_srdf_plugins/lib:/home/albert/ws_moveit2/install/moveit_setup_core_plugins/lib:/home/albert/ws_moveit2/install/moveit_setup_controllers/lib:/home/albert/ws_moveit2/install/moveit_setup_app_plugins/lib:/home/albert/ws_moveit2/install/moveit_setup_framework/lib:/home/albert/ws_moveit2/install/moveit_servo/lib:/home/albert/ws_moveit2/install/moveit_ros_visualization/lib:/home/albert/ws_moveit2/install/moveit_hybrid_planning/lib:/home/albert/ws_moveit2/install/moveit_ros_planning_interface/lib:/home/albert/ws_moveit2/install/moveit_ros_benchmarks/lib:/home/albert/ws_moveit2/install/moveit_ros_warehouse/lib:/home/albert/ws_moveit2/install/moveit_ros_robot_interaction/lib:/home/albert/ws_moveit2/install/moveit_ros_perception/lib:/home/albert/ws_moveit2/install/moveit_ros_move_group/lib:/home/albert/ws_moveit2/install/moveit_planners_ompl/lib:/home/albert/ws_moveit2/install/moveit_ros_planning/lib:/home/albert/ws_moveit2/install/moveit_ros_occupancy_map_monitor/lib:/home/albert/ws_moveit2/install/moveit_resources_prbt_ikfast_manipulator_plugin/lib:/home/albert/ws_moveit2/install/moveit_planners_chomp/lib:/home/albert/ws_moveit2/install/moveit_kinematics/lib:/home/albert/ws_moveit2/install/moveit_chomp_optimizer_adapter/lib:/home/albert/ws_moveit2/install/chomp_motion_planner/lib:/home/albert/ws_moveit2/install/moveit_core/lib:/home/albert/ws_moveit2/install/srdfdom/lib:/home/albert/ws_moveit2/install/rviz_marker_tools/lib:/home/albert/ws_moveit2/install/rosparam_shortcuts/lib:/home/albert/ws_moveit2/install/moveit_task_constructor_msgs/lib:/home/albert/umov_ws/install/arduinobot_remote/lib:/home/albert/umov_ws/install/arduino_cpp_examples/lib:/home/albert/umov_ws/install/arduinobot_controller/lib:/home/albert/udem2_ws/install/final_project_cpp/lib:/home/albert/udem2_ws/install/robot_interfaces/lib:/home/albert/udem2_ws/install/components_cpp/lib:/home/albert/udem_ws/install/my_robot_interfaces/lib:/home/albert/bcdc_ws/install/aggiebot_msgs/lib:/home/albert/bcdc_ws/install/agbot_msgs/lib:/home/albert/arduinobot_ws/install/arduinobot_remote/lib:/home/albert/arduinobot_ws/install/arduinobot_cpp_examples/lib:/home/albert/arduinobot_ws/install/arduinobot_msgs/lib:/usr/lib/x86_64-linux-gnu/gazebo-11/plugins:/opt/ros/humble/opt/rviz_ogre_vendor/lib:/opt/ros/humble/lib/x86_64-linux-gnu:/opt/ros/humble/lib:/usr/share/gazebo/../../lib/x86_64-linux-gnu/gazebo-11/plugins /home/albert/.local/bin/cmake --build /home/albert/umov_ws/build/arduinobot_remote -- -j8 -l8
