[01m[K/home/albert/umov_ws/src/arduinobot_remote/src/task_server.cpp:41:67:[m[K [01;31m[Kerror: [m[K‘[01m[Knode[m[K’ has not been declared
   41 |     moveit::planning_interface::MoveGroupInterface arm_move_group([01;31m[Knode[m[K, "arm");
      |                                                                   [01;31m[K^~~~[m[K
[01m[K/home/albert/umov_ws/src/arduinobot_remote/src/task_server.cpp:41:73:[m[K [01;31m[Kerror: [m[Kexpected identifier before string constant
   41 |     moveit::planning_interface::MoveGroupInterface arm_move_group(node, [01;31m[K"arm"[m[K);
      |                                                                         [01;31m[K^~~~~[m[K
[01m[K/home/albert/umov_ws/src/arduinobot_remote/src/task_server.cpp:41:73:[m[K [01;31m[Kerror: [m[Kexpected ‘[01m[K,[m[K’ or ‘[01m[K...[m[K’ before string constant
[01m[K/home/albert/umov_ws/src/arduinobot_remote/src/task_server.cpp:42:71:[m[K [01;31m[Kerror: [m[K‘[01m[Knode[m[K’ has not been declared
   42 |     moveit::planning_interface::MoveGroupInterface gripper_move_group([01;31m[Knode[m[K, "gripper");
      |                                                                       [01;31m[K^~~~[m[K
[01m[K/home/albert/umov_ws/src/arduinobot_remote/src/task_server.cpp:42:77:[m[K [01;31m[Kerror: [m[Kexpected identifier before string constant
   42 |     moveit::planning_interface::MoveGroupInterface gripper_move_group(node, [01;31m[K"gripper"[m[K);
      |                                                                             [01;31m[K^~~~~~~~~[m[K
[01m[K/home/albert/umov_ws/src/arduinobot_remote/src/task_server.cpp:42:77:[m[K [01;31m[Kerror: [m[Kexpected ‘[01m[K,[m[K’ or ‘[01m[K...[m[K’ before string constant
[01m[K/home/albert/umov_ws/src/arduinobot_remote/src/task_server.cpp:[m[K In constructor ‘[01m[KTaskServer::TaskServer()[m[K’:
[01m[K/home/albert/umov_ws/src/arduinobot_remote/src/task_server.cpp:36:5:[m[K [01;31m[Kerror: [m[Kexpected initializer before ‘[01m[K}[m[K’ token
   36 |     [01;31m[K}[m[K
      |     [01;31m[K^[m[K
[01m[K/home/albert/umov_ws/src/arduinobot_remote/src/task_server.cpp:[m[K In member function ‘[01m[Krclcpp_action::CancelResponse TaskServer::cancel_callback(std::shared_ptr<rclcpp_action::ServerGoalHandle<arduinobot_msgs::action::ArduinobotTask> >)[m[K’:
[01m[K/home/albert/umov_ws/src/arduinobot_remote/src/task_server.cpp:59:9:[m[K [01;31m[Kerror: [m[K‘[01m[Karm_move_group_[m[K’ was not declared in this scope; did you mean ‘[01m[Karm_move_group[m[K’?
   59 |     if ([01;31m[Karm_move_group_[m[K){
      |         [01;31m[K^~~~~~~~~~~~~~~[m[K
      |         [32m[Karm_move_group[m[K
[01m[K/home/albert/umov_ws/src/arduinobot_remote/src/task_server.cpp:62:9:[m[K [01;31m[Kerror: [m[K‘[01m[Kgripper_move_group_[m[K’ was not declared in this scope; did you mean ‘[01m[Kgripper_move_group[m[K’?
   62 |     if ([01;31m[Kgripper_move_group_[m[K){
      |         [01;31m[K^~~~~~~~~~~~~~~~~~~[m[K
      |         [32m[Kgripper_move_group[m[K
[01m[K/home/albert/umov_ws/src/arduinobot_remote/src/task_server.cpp:[m[K In member function ‘[01m[Kvoid TaskServer::handle_accepted_callback(std::shared_ptr<rclcpp_action::ServerGoalHandle<arduinobot_msgs::action::ArduinobotTask> >)[m[K’:
[01m[K/home/albert/umov_ws/src/arduinobot_remote/src/task_server.cpp:73:45:[m[K [01;31m[Kerror: [m[K‘[01m[Kexecute[m[K’ is not a member of ‘[01m[KTaskServer[m[K’
   73 |         std::thread{ std::bind(&TaskServer::[01;31m[Kexecute[m[K, this, _1), goal_handle}.detach();
      |                                             [01;31m[K^~~~~~~[m[K
[01m[K/home/albert/umov_ws/src/arduinobot_remote/src/task_server.cpp:73:76:[m[K [01;31m[Kerror: [m[Kno matching function for call to ‘[01m[Kstd::thread::thread(<brace-enclosed initializer list>)[m[K’
   73 |         std::thread{ std::bind(&TaskServer::execute, this, _1), goal_handle[01;31m[K}[m[K.detach();
      |                                                                            [01;31m[K^[m[K
In file included from [01m[K/usr/include/c++/11/future:48[m[K,
                 from [01m[K/opt/ros/humble/include/rclcpp/rclcpp/executors.hpp:18[m[K,
                 from [01m[K/opt/ros/humble/include/rclcpp/rclcpp/rclcpp.hpp:155[m[K,
                 from [01m[K/home/albert/umov_ws/src/arduinobot_remote/src/task_server.cpp:1[m[K:
[01m[K/usr/include/c++/11/bits/std_thread.h:127:7:[m[K [01;36m[Knote: [m[Kcandidate: ‘[01m[Ktemplate<class _Callable, class ... _Args, class> std::thread::thread(_Callable&&, _Args&& ...)[m[K’
  127 |       [01;36m[Kthread[m[K(_Callable&& __f, _Args&&... __args)
      |       [01;36m[K^~~~~~[m[K
[01m[K/usr/include/c++/11/bits/std_thread.h:127:7:[m[K [01;36m[Knote: [m[K  template argument deduction/substitution failed:
[01m[K/usr/include/c++/11/bits/std_thread.h:157:5:[m[K [01;36m[Knote: [m[Kcandidate: ‘[01m[Kstd::thread::thread(std::thread&&)[m[K’
  157 |     [01;36m[Kthread[m[K(thread&& __t) noexcept
      |     [01;36m[K^~~~~~[m[K
[01m[K/usr/include/c++/11/bits/std_thread.h:157:5:[m[K [01;36m[Knote: [m[K  candidate expects 1 argument, 2 provided
[01m[K/usr/include/c++/11/bits/std_thread.h:121:5:[m[K [01;36m[Knote: [m[Kcandidate: ‘[01m[Kstd::thread::thread()[m[K’
  121 |     [01;36m[Kthread[m[K() noexcept = default;
      |     [01;36m[K^~~~~~[m[K
[01m[K/usr/include/c++/11/bits/std_thread.h:121:5:[m[K [01;36m[Knote: [m[K  candidate expects 0 arguments, 2 provided
[01m[K/home/albert/umov_ws/src/arduinobot_remote/src/task_server.cpp:[m[K In member function ‘[01m[Kvoid TaskServer::execute_goal(std::shared_ptr<rclcpp_action::ServerGoalHandle<arduinobot_msgs::action::ArduinobotTask> >)[m[K’:
[01m[K/home/albert/umov_ws/src/arduinobot_remote/src/task_server.cpp:79:5:[m[K [01;31m[Kerror: [m[Kinvalid use of member function ‘[01m[Kmoveit::planning_interface::MoveGroupInterface TaskServer::arm_move_group(int, int)[m[K’ (did you forget the ‘[01m[K()[m[K’ ?)
   79 |     [01;31m[Karm_move_group[m[K.setStartStateToCurrentState();
      |     [01;31m[K^~~~~~~~~~~~~~[m[K
[01m[K/home/albert/umov_ws/src/arduinobot_remote/src/task_server.cpp:80:5:[m[K [01;31m[Kerror: [m[Kinvalid use of member function ‘[01m[Kmoveit::planning_interface::MoveGroupInterface TaskServer::gripper_move_group(int, int)[m[K’ (did you forget the ‘[01m[K()[m[K’ ?)
   80 |     [01;31m[Kgripper_move_group[m[K.setStartStateToCurrentState();
      |     [01;31m[K^~~~~~~~~~~~~~~~~~[m[K
[01m[K/home/albert/umov_ws/src/arduinobot_remote/src/task_server.cpp:125:5:[m[K [01;31m[Kerror: [m[Kinvalid use of member function ‘[01m[Kmoveit::planning_interface::MoveGroupInterface TaskServer::arm_move_group(int, int)[m[K’ (did you forget the ‘[01m[K()[m[K’ ?)
  125 |     [01;31m[Karm_move_group[m[K.setJointValueTarget(arm_joint_goal);
      |     [01;31m[K^~~~~~~~~~~~~~[m[K
[01m[K/home/albert/umov_ws/src/arduinobot_remote/src/task_server.cpp:126:5:[m[K [01;31m[Kerror: [m[Kinvalid use of member function ‘[01m[Kmoveit::planning_interface::MoveGroupInterface TaskServer::gripper_move_group(int, int)[m[K’ (did you forget the ‘[01m[K()[m[K’ ?)
  126 |     [01;31m[Kgripper_move_group[m[K.setJointValueTarget(gripper_joint_goal);
      |     [01;31m[K^~~~~~~~~~~~~~~~~~[m[K
[01m[K/home/albert/umov_ws/src/arduinobot_remote/src/task_server.cpp:129:31:[m[K [01;31m[Kerror: [m[K‘[01m[Karm_joint_goal[m[K’ was not declared in this scope; did you mean ‘[01m[Karm_joint_goal_[m[K’?
  129 |     bool arm_within_bounds = ([01;31m[Karm_joint_goal[m[K.size() == arm_move_group.getActiveJoints().size());
      |                               [01;31m[K^~~~~~~~~~~~~~[m[K
      |                               [32m[Karm_joint_goal_[m[K
[01m[K/home/albert/umov_ws/src/arduinobot_remote/src/task_server.cpp:129:56:[m[K [01;31m[Kerror: [m[Kinvalid use of member function ‘[01m[Kmoveit::planning_interface::MoveGroupInterface TaskServer::arm_move_group(int, int)[m[K’ (did you forget the ‘[01m[K()[m[K’ ?)
  129 |     bool arm_within_bounds = (arm_joint_goal.size() == [01;31m[Karm_move_group[m[K.getActiveJoints().size());
      |                                                        [01;31m[K^~~~~~~~~~~~~~[m[K
[01m[K/home/albert/umov_ws/src/arduinobot_remote/src/task_server.cpp:129:71:[m[K [01;31m[Kerror: [m[Kexpected ‘[01m[K)[m[K’ before ‘[01m[KgetActiveJoints[m[K’
  129 |     bool arm_within_bounds = (arm_joint_goal.size() == arm_move_group.[01;31m[KgetActiveJoints[m[K().size());
      |                                                                       [01;31m[K^~~~~~~~~~~~~~~[m[K
[01m[K/home/albert/umov_ws/src/arduinobot_remote/src/task_server.cpp:129:30:[m[K [01;36m[Knote: [m[Kto match this ‘[01m[K([m[K’
  129 |     bool arm_within_bounds = [01;36m[K([m[Karm_joint_goal.size() == arm_move_group.getActiveJoints().size());
      |                              [01;36m[K^[m[K
[01m[K/home/albert/umov_ws/src/arduinobot_remote/src/task_server.cpp:130:35:[m[K [01;31m[Kerror: [m[K‘[01m[Kgripper_joint_goal[m[K’ was not declared in this scope; did you mean ‘[01m[Kgripper_joint_goal_[m[K’?
  130 |     bool gripper_within_bounds = ([01;31m[Kgripper_joint_goal[m[K.size() == gripper_move_group.getActiveJoints().size());
      |                                   [01;31m[K^~~~~~~~~~~~~~~~~~[m[K
      |                                   [32m[Kgripper_joint_goal_[m[K
[01m[K/home/albert/umov_ws/src/arduinobot_remote/src/task_server.cpp:130:64:[m[K [01;31m[Kerror: [m[Kinvalid use of member function ‘[01m[Kmoveit::planning_interface::MoveGroupInterface TaskServer::gripper_move_group(int, int)[m[K’ (did you forget the ‘[01m[K()[m[K’ ?)
  130 |     bool gripper_within_bounds = (gripper_joint_goal.size() == [01;31m[Kgripper_move_group[m[K.getActiveJoints().size());
      |                                                                [01;31m[K^~~~~~~~~~~~~~~~~~[m[K
[01m[K/home/albert/umov_ws/src/arduinobot_remote/src/task_server.cpp:130:83:[m[K [01;31m[Kerror: [m[Kexpected ‘[01m[K)[m[K’ before ‘[01m[KgetActiveJoints[m[K’
  130 |     bool gripper_within_bounds = (gripper_joint_goal.size() == gripper_move_group.[01;31m[KgetActiveJoints[m[K().size());
      |                                                                                   [01;31m[K^~~~~~~~~~~~~~~[m[K
[01m[K/home/albert/umov_ws/src/arduinobot_remote/src/task_server.cpp:130:34:[m[K [01;36m[Knote: [m[Kto match this ‘[01m[K([m[K’
  130 |     bool gripper_within_bounds = [01;36m[K([m[Kgripper_joint_goal.size() == gripper_move_group.getActiveJoints().size());
      |                                  [01;36m[K^[m[K
[01m[K/home/albert/umov_ws/src/arduinobot_remote/src/task_server.cpp:161:30:[m[K [01;31m[Kerror: [m[Kinvalid use of member function ‘[01m[Kmoveit::planning_interface::MoveGroupInterface TaskServer::arm_move_group(int, int)[m[K’ (did you forget the ‘[01m[K()[m[K’ ?)
  161 |     bool arm_plan_success = ([01;31m[Karm_move_group[m[K.plan(arm_plan) == moveit::core::MoveItErrorCode::SUCCESS);
      |                              [01;31m[K^~~~~~~~~~~~~~[m[K
[01m[K/home/albert/umov_ws/src/arduinobot_remote/src/task_server.cpp:161:45:[m[K [01;31m[Kerror: [m[Kexpected ‘[01m[K)[m[K’ before ‘[01m[Kplan[m[K’
  161 |     bool arm_plan_success = (arm_move_group.[01;31m[Kplan[m[K(arm_plan) == moveit::core::MoveItErrorCode::SUCCESS);
      |                                             [01;31m[K^~~~[m[K
[01m[K/home/albert/umov_ws/src/arduinobot_remote/src/task_server.cpp:161:29:[m[K [01;36m[Knote: [m[Kto match this ‘[01m[K([m[K’
  161 |     bool arm_plan_success = [01;36m[K([m[Karm_move_group.plan(arm_plan) == moveit::core::MoveItErrorCode::SUCCESS);
      |                             [01;36m[K^[m[K
[01m[K/home/albert/umov_ws/src/arduinobot_remote/src/task_server.cpp:174:35:[m[K [01;31m[Kerror: [m[Kinvalid use of member function ‘[01m[Kmoveit::planning_interface::MoveGroupInterface TaskServer::arm_move_group(int, int)[m[K’ (did you forget the ‘[01m[K()[m[K’ ?)
  174 |     bool arm_execution_success = ([01;31m[Karm_move_group[m[K.execute(arm_plan) == moveit::core::MoveItErrorCode::SUCCESS);
      |                                   [01;31m[K^~~~~~~~~~~~~~[m[K
[01m[K/home/albert/umov_ws/src/arduinobot_remote/src/task_server.cpp:174:50:[m[K [01;31m[Kerror: [m[Kexpected ‘[01m[K)[m[K’ before ‘[01m[Kexecute[m[K’
  174 |     bool arm_execution_success = (arm_move_group.[01;31m[Kexecute[m[K(arm_plan) == moveit::core::MoveItErrorCode::SUCCESS);
      |                                                  [01;31m[K^~~~~~~[m[K
[01m[K/home/albert/umov_ws/src/arduinobot_remote/src/task_server.cpp:174:34:[m[K [01;36m[Knote: [m[Kto match this ‘[01m[K([m[K’
  174 |     bool arm_execution_success = [01;36m[K([m[Karm_move_group.execute(arm_plan) == moveit::core::MoveItErrorCode::SUCCESS);
      |                                  [01;36m[K^[m[K
[01m[K/home/albert/umov_ws/src/arduinobot_remote/src/task_server.cpp:186:34:[m[K [01;31m[Kerror: [m[Kinvalid use of member function ‘[01m[Kmoveit::planning_interface::MoveGroupInterface TaskServer::gripper_move_group(int, int)[m[K’ (did you forget the ‘[01m[K()[m[K’ ?)
  186 |     bool gripper_plan_success = ([01;31m[Kgripper_move_group[m[K.plan(gripper_plan) == moveit::core::MoveItErrorCode::SUCCESS);
      |                                  [01;31m[K^~~~~~~~~~~~~~~~~~[m[K
[01m[K/home/albert/umov_ws/src/arduinobot_remote/src/task_server.cpp:186:53:[m[K [01;31m[Kerror: [m[Kexpected ‘[01m[K)[m[K’ before ‘[01m[Kplan[m[K’
  186 |     bool gripper_plan_success = (gripper_move_group.[01;31m[Kplan[m[K(gripper_plan) == moveit::core::MoveItErrorCode::SUCCESS);
      |                                                     [01;31m[K^~~~[m[K
[01m[K/home/albert/umov_ws/src/arduinobot_remote/src/task_server.cpp:186:33:[m[K [01;36m[Knote: [m[Kto match this ‘[01m[K([m[K’
  186 |     bool gripper_plan_success = [01;36m[K([m[Kgripper_move_group.plan(gripper_plan) == moveit::core::MoveItErrorCode::SUCCESS);
      |                                 [01;36m[K^[m[K
[01m[K/home/albert/umov_ws/src/arduinobot_remote/src/task_server.cpp:198:39:[m[K [01;31m[Kerror: [m[Kinvalid use of member function ‘[01m[Kmoveit::planning_interface::MoveGroupInterface TaskServer::gripper_move_group(int, int)[m[K’ (did you forget the ‘[01m[K()[m[K’ ?)
  198 |     bool gripper_execution_success = ([01;31m[Kgripper_move_group[m[K.execute(gripper_plan) == moveit::core::MoveItErrorCode::SUCCESS);
      |                                       [01;31m[K^~~~~~~~~~~~~~~~~~[m[K
[01m[K/home/albert/umov_ws/src/arduinobot_remote/src/task_server.cpp:198:58:[m[K [01;31m[Kerror: [m[Kexpected ‘[01m[K)[m[K’ before ‘[01m[Kexecute[m[K’
  198 |     bool gripper_execution_success = (gripper_move_group.[01;31m[Kexecute[m[K(gripper_plan) == moveit::core::MoveItErrorCode::SUCCESS);
      |                                                          [01;31m[K^~~~~~~[m[K
[01m[K/home/albert/umov_ws/src/arduinobot_remote/src/task_server.cpp:198:38:[m[K [01;36m[Knote: [m[Kto match this ‘[01m[K([m[K’
  198 |     bool gripper_execution_success = [01;36m[K([m[Kgripper_move_group.execute(gripper_plan) == moveit::core::MoveItErrorCode::SUCCESS);
      |                                      [01;36m[K^[m[K
[01m[K/home/albert/umov_ws/src/arduinobot_remote/src/task_server.cpp:[m[K In function ‘[01m[Kint main(int, char**)[m[K’:
[01m[K/home/albert/umov_ws/src/arduinobot_remote/src/task_server.cpp:230:5:[m[K [01;31m[Kerror: [m[K‘[01m[Kmove_robot[m[K’ was not declared in this scope
  230 |     [01;31m[Kmove_robot[m[K(node);
      |     [01;31m[K^~~~~~~~~~[m[K
gmake[2]: *** [CMakeFiles/task_server.dir/build.make:76: CMakeFiles/task_server.dir/src/task_server.cpp.o] Error 1
gmake[1]: *** [CMakeFiles/Makefile2:142: CMakeFiles/task_server.dir/all] Error 2
gmake: *** [Makefile:146: all] Error 2
