[0.235s] Invoking command in '/home/albert/umov_ws/build/arduino_moveit': CMAKE_PREFIX_PATH=${CMAKE_PREFIX_PATH}:/home/albert/ag_arm_ws/install/arm_py:/home/albert/ws_moveit2/install/moveit_configs_utils:/home/albert/ws_moveit2/install/launch_param_builder:/home/albert/umov_ws/install/arduino_py_examples:/home/albert/udem2_ws/install/actions_py:/home/albert/udem2_ws/install/lifecycle_py:/home/albert/udem2_ws/install/executors_py:/home/albert/udem2_ws/install/components_py:/home/albert/udem_ws/install/turtlesim_catcher:/home/albert/udem_ws/install/my_py_pkg:/home/albert/udem_ws/install/lifecycle_py:/home/albert/bcdc_ws/install/agbot_teleop:/home/albert/bcdc_ws/install/agbot_py:/home/albert/arduinobot_ws/install/arduinobot_py_examples:/opt/ros/humble /home/albert/.local/bin/cmake --build /home/albert/umov_ws/build/arduino_moveit -- -j8 -l8
[0.339s] Invoked command in '/home/albert/umov_ws/build/arduino_moveit' returned '0': CMAKE_PREFIX_PATH=${CMAKE_PREFIX_PATH}:/home/albert/ag_arm_ws/install/arm_py:/home/albert/ws_moveit2/install/moveit_configs_utils:/home/albert/ws_moveit2/install/launch_param_builder:/home/albert/umov_ws/install/arduino_py_examples:/home/albert/udem2_ws/install/actions_py:/home/albert/udem2_ws/install/lifecycle_py:/home/albert/udem2_ws/install/executors_py:/home/albert/udem2_ws/install/components_py:/home/albert/udem_ws/install/turtlesim_catcher:/home/albert/udem_ws/install/my_py_pkg:/home/albert/udem_ws/install/lifecycle_py:/home/albert/bcdc_ws/install/agbot_teleop:/home/albert/bcdc_ws/install/agbot_py:/home/albert/arduinobot_ws/install/arduinobot_py_examples:/opt/ros/humble /home/albert/.local/bin/cmake --build /home/albert/umov_ws/build/arduino_moveit -- -j8 -l8
[0.351s] Invoking command in '/home/albert/umov_ws/build/arduino_moveit': CMAKE_PREFIX_PATH=${CMAKE_PREFIX_PATH}:/home/albert/ag_arm_ws/install/arm_py:/home/albert/ws_moveit2/install/moveit_configs_utils:/home/albert/ws_moveit2/install/launch_param_builder:/home/albert/umov_ws/install/arduino_py_examples:/home/albert/udem2_ws/install/actions_py:/home/albert/udem2_ws/install/lifecycle_py:/home/albert/udem2_ws/install/executors_py:/home/albert/udem2_ws/install/components_py:/home/albert/udem_ws/install/turtlesim_catcher:/home/albert/udem_ws/install/my_py_pkg:/home/albert/udem_ws/install/lifecycle_py:/home/albert/bcdc_ws/install/agbot_teleop:/home/albert/bcdc_ws/install/agbot_py:/home/albert/arduinobot_ws/install/arduinobot_py_examples:/opt/ros/humble /home/albert/.local/bin/cmake --install /home/albert/umov_ws/build/arduino_moveit
[0.394s] -- Install configuration: ""
[0.394s] -- Up-to-date: /home/albert/umov_ws/install/arduino_moveit/share/arduino_moveit/launch
[0.394s] -- Up-to-date: /home/albert/umov_ws/install/arduino_moveit/share/arduino_moveit/launch/arduino_moveit.launch.py
[0.394s] -- Up-to-date: /home/albert/umov_ws/install/arduino_moveit/share/arduino_moveit/config
[0.395s] -- Up-to-date: /home/albert/umov_ws/install/arduino_moveit/share/arduino_moveit/config/planning_python_api.yaml
[0.395s] -- Up-to-date: /home/albert/umov_ws/install/arduino_moveit/share/arduino_moveit/config/old_arduinobot.srdf
[0.395s] -- Up-to-date: /home/albert/umov_ws/install/arduino_moveit/share/arduino_moveit/config/joint_limits.yaml
[0.395s] -- Up-to-date: /home/albert/umov_ws/install/arduino_moveit/share/arduino_moveit/config/moveit_controllers.yaml
[0.395s] -- Up-to-date: /home/albert/umov_ws/install/arduino_moveit/share/arduino_moveit/config/initial_positions.yaml
[0.396s] -- Up-to-date: /home/albert/umov_ws/install/arduino_moveit/share/arduino_moveit/config/arduino.srdf
[0.396s] -- Up-to-date: /home/albert/umov_ws/install/arduino_moveit/share/arduino_moveit/config/pilz_cartesian_limits.yaml
[0.396s] -- Up-to-date: /home/albert/umov_ws/install/arduino_moveit/share/arduino_moveit/config/kinematics.yaml
[0.397s] -- Up-to-date: /home/albert/umov_ws/install/arduino_moveit/share/arduino_moveit/config/moveit.rviz
[0.397s] -- Up-to-date: /home/albert/umov_ws/install/arduino_moveit/share/ament_index/resource_index/package_run_dependencies/arduino_moveit
[0.397s] -- Up-to-date: /home/albert/umov_ws/install/arduino_moveit/share/ament_index/resource_index/parent_prefix_path/arduino_moveit
[0.397s] -- Up-to-date: /home/albert/umov_ws/install/arduino_moveit/share/arduino_moveit/environment/ament_prefix_path.sh
[0.398s] -- Up-to-date: /home/albert/umov_ws/install/arduino_moveit/share/arduino_moveit/environment/ament_prefix_path.dsv
[0.398s] -- Up-to-date: /home/albert/umov_ws/install/arduino_moveit/share/arduino_moveit/environment/path.sh
[0.398s] -- Up-to-date: /home/albert/umov_ws/install/arduino_moveit/share/arduino_moveit/environment/path.dsv
[0.398s] -- Up-to-date: /home/albert/umov_ws/install/arduino_moveit/share/arduino_moveit/local_setup.bash
[0.402s] -- Up-to-date: /home/albert/umov_ws/install/arduino_moveit/share/arduino_moveit/local_setup.sh
[0.402s] -- Up-to-date: /home/albert/umov_ws/install/arduino_moveit/share/arduino_moveit/local_setup.zsh
[0.403s] -- Up-to-date: /home/albert/umov_ws/install/arduino_moveit/share/arduino_moveit/local_setup.dsv
[0.403s] -- Installing: /home/albert/umov_ws/install/arduino_moveit/share/arduino_moveit/package.dsv
[0.428s] -- Up-to-date: /home/albert/umov_ws/install/arduino_moveit/share/ament_index/resource_index/packages/arduino_moveit
[0.429s] -- Up-to-date: /home/albert/umov_ws/install/arduino_moveit/share/arduino_moveit/cmake/arduino_moveitConfig.cmake
[0.429s] -- Up-to-date: /home/albert/umov_ws/install/arduino_moveit/share/arduino_moveit/cmake/arduino_moveitConfig-version.cmake
[0.429s] -- Up-to-date: /home/albert/umov_ws/install/arduino_moveit/share/arduino_moveit/package.xml
[0.543s] Invoked command in '/home/albert/umov_ws/build/arduino_moveit' returned '0': CMAKE_PREFIX_PATH=${CMAKE_PREFIX_PATH}:/home/albert/ag_arm_ws/install/arm_py:/home/albert/ws_moveit2/install/moveit_configs_utils:/home/albert/ws_moveit2/install/launch_param_builder:/home/albert/umov_ws/install/arduino_py_examples:/home/albert/udem2_ws/install/actions_py:/home/albert/udem2_ws/install/lifecycle_py:/home/albert/udem2_ws/install/executors_py:/home/albert/udem2_ws/install/components_py:/home/albert/udem_ws/install/turtlesim_catcher:/home/albert/udem_ws/install/my_py_pkg:/home/albert/udem_ws/install/lifecycle_py:/home/albert/bcdc_ws/install/agbot_teleop:/home/albert/bcdc_ws/install/agbot_py:/home/albert/arduinobot_ws/install/arduinobot_py_examples:/opt/ros/humble /home/albert/.local/bin/cmake --install /home/albert/umov_ws/build/arduino_moveit
