-- Install configuration: ""
-- Up-to-date: /home/albert/umov_ws/install/MoveitAssistant/share/ament_index/resource_index/package_run_dependencies/MoveitAssistant
-- Up-to-date: /home/albert/umov_ws/install/MoveitAssistant/share/ament_index/resource_index/parent_prefix_path/MoveitAssistant
-- Up-to-date: /home/albert/umov_ws/install/MoveitAssistant/share/MoveitAssistant/environment/ament_prefix_path.sh
-- Up-to-date: /home/albert/umov_ws/install/MoveitAssistant/share/MoveitAssistant/environment/ament_prefix_path.dsv
-- Up-to-date: /home/albert/umov_ws/install/MoveitAssistant/share/MoveitAssistant/environment/path.sh
-- Up-to-date: /home/albert/umov_ws/install/MoveitAssistant/share/MoveitAssistant/environment/path.dsv
-- Up-to-date: /home/albert/umov_ws/install/MoveitAssistant/share/MoveitAssistant/local_setup.bash
-- Up-to-date: /home/albert/umov_ws/install/MoveitAssistant/share/MoveitAssistant/local_setup.sh
-- Up-to-date: /home/albert/umov_ws/install/MoveitAssistant/share/MoveitAssistant/local_setup.zsh
-- Up-to-date: /home/albert/umov_ws/install/MoveitAssistant/share/MoveitAssistant/local_setup.dsv
-- Installing: /home/albert/umov_ws/install/MoveitAssistant/share/MoveitAssistant/package.dsv
-- Up-to-date: /home/albert/umov_ws/install/MoveitAssistant/share/ament_index/resource_index/packages/MoveitAssistant
-- Up-to-date: /home/albert/umov_ws/install/MoveitAssistant/share/MoveitAssistant/cmake/MoveitAssistantConfig.cmake
-- Up-to-date: /home/albert/umov_ws/install/MoveitAssistant/share/MoveitAssistant/cmake/MoveitAssistantConfig-version.cmake
-- Up-to-date: /home/albert/umov_ws/install/MoveitAssistant/share/MoveitAssistant/package.xml
-- Up-to-date: /home/albert/umov_ws/install/MoveitAssistant/share/MoveitAssistant/launch
-- Up-to-date: /home/albert/umov_ws/install/MoveitAssistant/share/MoveitAssistant/launch/moveit_rviz.launch.py
-- Up-to-date: /home/albert/umov_ws/install/MoveitAssistant/share/MoveitAssistant/launch/spawn_controllers.launch.py
-- Up-to-date: /home/albert/umov_ws/install/MoveitAssistant/share/MoveitAssistant/launch/move_group.launch.py
-- Up-to-date: /home/albert/umov_ws/install/MoveitAssistant/share/MoveitAssistant/launch/warehouse_db.launch.py
-- Up-to-date: /home/albert/umov_ws/install/MoveitAssistant/share/MoveitAssistant/launch/static_virtual_joint_tfs.launch.py
-- Up-to-date: /home/albert/umov_ws/install/MoveitAssistant/share/MoveitAssistant/launch/demo.launch.py
-- Up-to-date: /home/albert/umov_ws/install/MoveitAssistant/share/MoveitAssistant/launch/setup_assistant.launch.py
-- Up-to-date: /home/albert/umov_ws/install/MoveitAssistant/share/MoveitAssistant/launch/rsp.launch.py
-- Up-to-date: /home/albert/umov_ws/install/MoveitAssistant/share/MoveitAssistant/config
-- Up-to-date: /home/albert/umov_ws/install/MoveitAssistant/share/MoveitAssistant/config/joint_limits.yaml
-- Up-to-date: /home/albert/umov_ws/install/MoveitAssistant/share/MoveitAssistant/config/ros2_controllers.yaml
-- Up-to-date: /home/albert/umov_ws/install/MoveitAssistant/share/MoveitAssistant/config/moveit_controllers.yaml
-- Up-to-date: /home/albert/umov_ws/install/MoveitAssistant/share/MoveitAssistant/config/initial_positions.yaml
-- Up-to-date: /home/albert/umov_ws/install/MoveitAssistant/share/MoveitAssistant/config/arduinobot.urdf.xacro
-- Up-to-date: /home/albert/umov_ws/install/MoveitAssistant/share/MoveitAssistant/config/pilz_cartesian_limits.yaml
-- Up-to-date: /home/albert/umov_ws/install/MoveitAssistant/share/MoveitAssistant/config/arduinobot.srdf
-- Up-to-date: /home/albert/umov_ws/install/MoveitAssistant/share/MoveitAssistant/config/kinematics.yaml
-- Up-to-date: /home/albert/umov_ws/install/MoveitAssistant/share/MoveitAssistant/config/arduinobot.ros2_control.xacro
-- Up-to-date: /home/albert/umov_ws/install/MoveitAssistant/share/MoveitAssistant/config/moveit.rviz
-- Up-to-date: /home/albert/umov_ws/install/MoveitAssistant/share/MoveitAssistant/.setup_assistant
