[  9%] Built target simple_subscriber
[ 18%] Built target simple_publisher
[ 27%] Built target simple_parameter
[ 36%] Built target simple_lifecycle_node
[ 45%] Built target simple_service_client
[ 54%] Built target simple_action_server_node
[ 63%] Built target simple_service_server
[ 72%] Built target simple_action_server
[ 81%] Built target simple_action_client
[ 90%] Built target simple_action_client_node
[100%] Built target simple_moveit_interface
-- Install configuration: ""
-- Up-to-date: /home/albert/umov_ws/install/arduino_cpp_examples/lib/arduino_cpp_examples/simple_action_server_node
-- Up-to-date: /home/albert/umov_ws/install/arduino_cpp_examples/lib/arduino_cpp_examples/simple_action_client_node
-- Up-to-date: /home/albert/umov_ws/install/arduino_cpp_examples/lib/arduino_cpp_examples/simple_publisher
-- Up-to-date: /home/albert/umov_ws/install/arduino_cpp_examples/lib/arduino_cpp_examples/simple_subscriber
-- Up-to-date: /home/albert/umov_ws/install/arduino_cpp_examples/lib/arduino_cpp_examples/simple_parameter
-- Up-to-date: /home/albert/umov_ws/install/arduino_cpp_examples/lib/arduino_cpp_examples/simple_service_server
-- Up-to-date: /home/albert/umov_ws/install/arduino_cpp_examples/lib/arduino_cpp_examples/simple_service_client
-- Up-to-date: /home/albert/umov_ws/install/arduino_cpp_examples/lib/arduino_cpp_examples/simple_moveit_interface
-- Up-to-date: /home/albert/umov_ws/install/arduino_cpp_examples/lib/arduino_cpp_examples/simple_lifecycle_node
-- Up-to-date: /home/albert/umov_ws/install/arduino_cpp_examples/lib/libsimple_action_server.so
-- Up-to-date: /home/albert/umov_ws/install/arduino_cpp_examples/lib/libsimple_action_client.so
-- Up-to-date: /home/albert/umov_ws/install/arduino_cpp_examples/share/ament_index/resource_index/package_run_dependencies/arduino_cpp_examples
-- Up-to-date: /home/albert/umov_ws/install/arduino_cpp_examples/share/ament_index/resource_index/parent_prefix_path/arduino_cpp_examples
-- Up-to-date: /home/albert/umov_ws/install/arduino_cpp_examples/share/arduino_cpp_examples/environment/ament_prefix_path.sh
-- Up-to-date: /home/albert/umov_ws/install/arduino_cpp_examples/share/arduino_cpp_examples/environment/ament_prefix_path.dsv
-- Up-to-date: /home/albert/umov_ws/install/arduino_cpp_examples/share/arduino_cpp_examples/environment/path.sh
-- Up-to-date: /home/albert/umov_ws/install/arduino_cpp_examples/share/arduino_cpp_examples/environment/path.dsv
-- Up-to-date: /home/albert/umov_ws/install/arduino_cpp_examples/share/arduino_cpp_examples/local_setup.bash
-- Up-to-date: /home/albert/umov_ws/install/arduino_cpp_examples/share/arduino_cpp_examples/local_setup.sh
-- Up-to-date: /home/albert/umov_ws/install/arduino_cpp_examples/share/arduino_cpp_examples/local_setup.zsh
-- Up-to-date: /home/albert/umov_ws/install/arduino_cpp_examples/share/arduino_cpp_examples/local_setup.dsv
-- Installing: /home/albert/umov_ws/install/arduino_cpp_examples/share/arduino_cpp_examples/package.dsv
-- Up-to-date: /home/albert/umov_ws/install/arduino_cpp_examples/share/ament_index/resource_index/packages/arduino_cpp_examples
-- Up-to-date: /home/albert/umov_ws/install/arduino_cpp_examples/share/ament_index/resource_index/rclcpp_components/arduino_cpp_examples
-- Up-to-date: /home/albert/umov_ws/install/arduino_cpp_examples/share/arduino_cpp_examples/cmake/arduino_cpp_examplesConfig.cmake
-- Up-to-date: /home/albert/umov_ws/install/arduino_cpp_examples/share/arduino_cpp_examples/cmake/arduino_cpp_examplesConfig-version.cmake
-- Up-to-date: /home/albert/umov_ws/install/arduino_cpp_examples/share/arduino_cpp_examples/package.xml
