[0.089s] Invoking command in '/home/albert/umov_ws/build/arduino_moveit': CMAKE_PREFIX_PATH=${CMAKE_PREFIX_PATH}:/home/albert/ws_moveit2/install/moveit_configs_utils:/home/albert/ws_moveit2/install/launch_param_builder:/home/albert/umov_ws/install/arduino_py_examples:/home/albert/udem2_ws/install/actions_py:/home/albert/udem2_ws/install/lifecycle_py:/home/albert/udem2_ws/install/executors_py:/home/albert/udem2_ws/install/components_py:/home/albert/udem_ws/install/turtlesim_catcher:/home/albert/udem_ws/install/my_py_pkg:/home/albert/udem_ws/install/lifecycle_py:/home/albert/bcdc_ws/install/agbot_teleop:/home/albert/bcdc_ws/install/agbot_py:/home/albert/arduinobot_ws/install/arduinobot_py_examples:/opt/ros/humble /home/albert/.local/bin/cmake /home/albert/umov_ws/src/arduino_moveit -DCMAKE_INSTALL_PREFIX=/home/albert/umov_ws/install/arduino_moveit
[0.223s] -- The C compiler identification is GNU 11.4.0
[0.362s] -- The CXX compiler identification is GNU 11.4.0
[0.386s] -- Detecting C compiler ABI info
[0.520s] -- Detecting C compiler ABI info - done
[0.572s] -- Check for working C compiler: /usr/bin/cc - skipped
[0.572s] -- Detecting C compile features
[0.572s] -- Detecting C compile features - done
[0.584s] -- Detecting CXX compiler ABI info
[0.803s] -- Detecting CXX compiler ABI info - done
[0.842s] -- Check for working CXX compiler: /usr/bin/c++ - skipped
[0.844s] -- Detecting CXX compile features
[0.845s] -- Detecting CXX compile features - done
[0.870s] -- Found ament_cmake: 1.3.11 (/opt/ros/humble/share/ament_cmake/cmake)
[1.384s] -- Found Python3: /usr/bin/python3 (found version "3.10.12") found components: Interpreter
[2.292s] -- Found ament_lint_auto: 0.12.11 (/opt/ros/humble/share/ament_lint_auto/cmake)
[2.837s] -- Added test 'flake8' to check Python code syntax and style conventions
[2.852s] -- Added test 'lint_cmake' to check CMake code style
[2.869s] -- Added test 'pep257' to check Python code against some of the docstring style conventions in PEP 257
[2.886s] -- Added test 'xmllint' to check XML markup files
[2.924s] -- Configuring done (2.8s)
[2.927s] -- Generating done (0.0s)
[2.932s] -- Build files have been written to: /home/albert/umov_ws/build/arduino_moveit
[2.959s] Invoked command in '/home/albert/umov_ws/build/arduino_moveit' returned '0': CMAKE_PREFIX_PATH=${CMAKE_PREFIX_PATH}:/home/albert/ws_moveit2/install/moveit_configs_utils:/home/albert/ws_moveit2/install/launch_param_builder:/home/albert/umov_ws/install/arduino_py_examples:/home/albert/udem2_ws/install/actions_py:/home/albert/udem2_ws/install/lifecycle_py:/home/albert/udem2_ws/install/executors_py:/home/albert/udem2_ws/install/components_py:/home/albert/udem_ws/install/turtlesim_catcher:/home/albert/udem_ws/install/my_py_pkg:/home/albert/udem_ws/install/lifecycle_py:/home/albert/bcdc_ws/install/agbot_teleop:/home/albert/bcdc_ws/install/agbot_py:/home/albert/arduinobot_ws/install/arduinobot_py_examples:/opt/ros/humble /home/albert/.local/bin/cmake /home/albert/umov_ws/src/arduino_moveit -DCMAKE_INSTALL_PREFIX=/home/albert/umov_ws/install/arduino_moveit
[2.960s] Invoking command in '/home/albert/umov_ws/build/arduino_moveit': CMAKE_PREFIX_PATH=${CMAKE_PREFIX_PATH}:/home/albert/ws_moveit2/install/moveit_configs_utils:/home/albert/ws_moveit2/install/launch_param_builder:/home/albert/umov_ws/install/arduino_py_examples:/home/albert/udem2_ws/install/actions_py:/home/albert/udem2_ws/install/lifecycle_py:/home/albert/udem2_ws/install/executors_py:/home/albert/udem2_ws/install/components_py:/home/albert/udem_ws/install/turtlesim_catcher:/home/albert/udem_ws/install/my_py_pkg:/home/albert/udem_ws/install/lifecycle_py:/home/albert/bcdc_ws/install/agbot_teleop:/home/albert/bcdc_ws/install/agbot_py:/home/albert/arduinobot_ws/install/arduinobot_py_examples:/opt/ros/humble /home/albert/.local/bin/cmake --build /home/albert/umov_ws/build/arduino_moveit -- -j8 -l8
[3.066s] Invoked command in '/home/albert/umov_ws/build/arduino_moveit' returned '0': CMAKE_PREFIX_PATH=${CMAKE_PREFIX_PATH}:/home/albert/ws_moveit2/install/moveit_configs_utils:/home/albert/ws_moveit2/install/launch_param_builder:/home/albert/umov_ws/install/arduino_py_examples:/home/albert/udem2_ws/install/actions_py:/home/albert/udem2_ws/install/lifecycle_py:/home/albert/udem2_ws/install/executors_py:/home/albert/udem2_ws/install/components_py:/home/albert/udem_ws/install/turtlesim_catcher:/home/albert/udem_ws/install/my_py_pkg:/home/albert/udem_ws/install/lifecycle_py:/home/albert/bcdc_ws/install/agbot_teleop:/home/albert/bcdc_ws/install/agbot_py:/home/albert/arduinobot_ws/install/arduinobot_py_examples:/opt/ros/humble /home/albert/.local/bin/cmake --build /home/albert/umov_ws/build/arduino_moveit -- -j8 -l8
[3.077s] Invoking command in '/home/albert/umov_ws/build/arduino_moveit': CMAKE_PREFIX_PATH=${CMAKE_PREFIX_PATH}:/home/albert/ws_moveit2/install/moveit_configs_utils:/home/albert/ws_moveit2/install/launch_param_builder:/home/albert/umov_ws/install/arduino_py_examples:/home/albert/udem2_ws/install/actions_py:/home/albert/udem2_ws/install/lifecycle_py:/home/albert/udem2_ws/install/executors_py:/home/albert/udem2_ws/install/components_py:/home/albert/udem_ws/install/turtlesim_catcher:/home/albert/udem_ws/install/my_py_pkg:/home/albert/udem_ws/install/lifecycle_py:/home/albert/bcdc_ws/install/agbot_teleop:/home/albert/bcdc_ws/install/agbot_py:/home/albert/arduinobot_ws/install/arduinobot_py_examples:/opt/ros/humble /home/albert/.local/bin/cmake --install /home/albert/umov_ws/build/arduino_moveit
[3.092s] -- Install configuration: ""
[3.093s] -- Installing: /home/albert/umov_ws/install/arduino_moveit/share/arduino_moveit/launch
[3.104s] -- Installing: /home/albert/umov_ws/install/arduino_moveit/share/arduino_moveit/launch/moveit.launch.py
[3.104s] -- Installing: /home/albert/umov_ws/install/arduino_moveit/share/arduino_moveit/config
[3.104s] -- Installing: /home/albert/umov_ws/install/arduino_moveit/share/arduino_moveit/config/planning_python_api.yaml
[3.104s] -- Installing: /home/albert/umov_ws/install/arduino_moveit/share/arduino_moveit/config/old_arduinobot.srdf
[3.104s] -- Installing: /home/albert/umov_ws/install/arduino_moveit/share/arduino_moveit/config/joint_limits.yaml
[3.105s] -- Installing: /home/albert/umov_ws/install/arduino_moveit/share/arduino_moveit/config/moveit_controllers.yaml
[3.105s] -- Installing: /home/albert/umov_ws/install/arduino_moveit/share/arduino_moveit/config/initial_positions.yaml
[3.105s] -- Installing: /home/albert/umov_ws/install/arduino_moveit/share/arduino_moveit/config/arduino.srdf
[3.105s] -- Installing: /home/albert/umov_ws/install/arduino_moveit/share/arduino_moveit/config/pilz_cartesian_limits.yaml
[3.105s] -- Installing: /home/albert/umov_ws/install/arduino_moveit/share/arduino_moveit/config/kinematics.yaml
[3.106s] -- Installing: /home/albert/umov_ws/install/arduino_moveit/share/arduino_moveit/config/moveit.rviz
[3.106s] -- Installing: /home/albert/umov_ws/install/arduino_moveit/share/ament_index/resource_index/package_run_dependencies/arduino_moveit
[3.106s] -- Installing: /home/albert/umov_ws/install/arduino_moveit/share/ament_index/resource_index/parent_prefix_path/arduino_moveit
[3.107s] -- Installing: /home/albert/umov_ws/install/arduino_moveit/share/arduino_moveit/environment/ament_prefix_path.sh
[3.107s] -- Installing: /home/albert/umov_ws/install/arduino_moveit/share/arduino_moveit/environment/ament_prefix_path.dsv
[3.107s] -- Installing: /home/albert/umov_ws/install/arduino_moveit/share/arduino_moveit/environment/path.sh
[3.107s] -- Installing: /home/albert/umov_ws/install/arduino_moveit/share/arduino_moveit/environment/path.dsv
[3.108s] -- Installing: /home/albert/umov_ws/install/arduino_moveit/share/arduino_moveit/local_setup.bash
[3.108s] -- Installing: /home/albert/umov_ws/install/arduino_moveit/share/arduino_moveit/local_setup.sh
[3.108s] -- Installing: /home/albert/umov_ws/install/arduino_moveit/share/arduino_moveit/local_setup.zsh
[3.108s] -- Installing: /home/albert/umov_ws/install/arduino_moveit/share/arduino_moveit/local_setup.dsv
[3.108s] -- Installing: /home/albert/umov_ws/install/arduino_moveit/share/arduino_moveit/package.dsv
[3.109s] -- Installing: /home/albert/umov_ws/install/arduino_moveit/share/ament_index/resource_index/packages/arduino_moveit
[3.109s] -- Installing: /home/albert/umov_ws/install/arduino_moveit/share/arduino_moveit/cmake/arduino_moveitConfig.cmake
[3.109s] -- Installing: /home/albert/umov_ws/install/arduino_moveit/share/arduino_moveit/cmake/arduino_moveitConfig-version.cmake
[3.109s] -- Installing: /home/albert/umov_ws/install/arduino_moveit/share/arduino_moveit/package.xml
[3.150s] Invoked command in '/home/albert/umov_ws/build/arduino_moveit' returned '0': CMAKE_PREFIX_PATH=${CMAKE_PREFIX_PATH}:/home/albert/ws_moveit2/install/moveit_configs_utils:/home/albert/ws_moveit2/install/launch_param_builder:/home/albert/umov_ws/install/arduino_py_examples:/home/albert/udem2_ws/install/actions_py:/home/albert/udem2_ws/install/lifecycle_py:/home/albert/udem2_ws/install/executors_py:/home/albert/udem2_ws/install/components_py:/home/albert/udem_ws/install/turtlesim_catcher:/home/albert/udem_ws/install/my_py_pkg:/home/albert/udem_ws/install/lifecycle_py:/home/albert/bcdc_ws/install/agbot_teleop:/home/albert/bcdc_ws/install/agbot_py:/home/albert/arduinobot_ws/install/arduinobot_py_examples:/opt/ros/humble /home/albert/.local/bin/cmake --install /home/albert/umov_ws/build/arduino_moveit
