[0.138s] Invoking command in '/home/albert/umov_ws/build/arduinobot_moveit': CMAKE_PREFIX_PATH=${CMAKE_PREFIX_PATH}:/home/albert/ws_moveit2/install/moveit_configs_utils:/home/albert/ws_moveit2/install/launch_param_builder:/home/albert/umov_ws/install/arduino_py_examples:/home/albert/udem2_ws/install/actions_py:/home/albert/udem2_ws/install/lifecycle_py:/home/albert/udem2_ws/install/executors_py:/home/albert/udem2_ws/install/components_py:/home/albert/udem_ws/install/turtlesim_catcher:/home/albert/udem_ws/install/my_py_pkg:/home/albert/udem_ws/install/lifecycle_py:/home/albert/bcdc_ws/install/agbot_teleop:/home/albert/bcdc_ws/install/agbot_py:/home/albert/arduinobot_ws/install/arduinobot_py_examples:/opt/ros/humble /home/albert/.local/bin/cmake /home/albert/umov_ws/src/arduinobot_moveit -DCMAKE_INSTALL_PREFIX=/home/albert/umov_ws/install/arduinobot_moveit
[0.301s] -- The C compiler identification is GNU 11.4.0
[0.478s] -- The CXX compiler identification is GNU 11.4.0
[0.541s] -- Detecting C compiler ABI info
[0.812s] -- Detecting C compiler ABI info - done
[0.921s] -- Check for working C compiler: /usr/bin/cc - skipped
[0.923s] -- Detecting C compile features
[0.925s] -- Detecting C compile features - done
[0.941s] -- Detecting CXX compiler ABI info
[1.262s] -- Detecting CXX compiler ABI info - done
[1.331s] -- Check for working CXX compiler: /usr/bin/c++ - skipped
[1.333s] -- Detecting CXX compile features
[1.335s] -- Detecting CXX compile features - done
[1.370s] -- Found ament_cmake: 1.3.11 (/opt/ros/humble/share/ament_cmake/cmake)
[2.017s] -- Found Python3: /usr/bin/python3 (found version "3.10.12") found components: Interpreter
[2.873s] -- Found ament_lint_auto: 0.12.11 (/opt/ros/humble/share/ament_lint_auto/cmake)
[3.422s] -- Added test 'flake8' to check Python code syntax and style conventions
[3.438s] -- Added test 'lint_cmake' to check CMake code style
[3.452s] -- Added test 'pep257' to check Python code against some of the docstring style conventions in PEP 257
[3.472s] -- Added test 'xmllint' to check XML markup files
[3.515s] -- Configuring done (3.4s)
[3.515s] -- Generating done (0.0s)
[3.517s] -- Build files have been written to: /home/albert/umov_ws/build/arduinobot_moveit
[3.542s] Invoked command in '/home/albert/umov_ws/build/arduinobot_moveit' returned '0': CMAKE_PREFIX_PATH=${CMAKE_PREFIX_PATH}:/home/albert/ws_moveit2/install/moveit_configs_utils:/home/albert/ws_moveit2/install/launch_param_builder:/home/albert/umov_ws/install/arduino_py_examples:/home/albert/udem2_ws/install/actions_py:/home/albert/udem2_ws/install/lifecycle_py:/home/albert/udem2_ws/install/executors_py:/home/albert/udem2_ws/install/components_py:/home/albert/udem_ws/install/turtlesim_catcher:/home/albert/udem_ws/install/my_py_pkg:/home/albert/udem_ws/install/lifecycle_py:/home/albert/bcdc_ws/install/agbot_teleop:/home/albert/bcdc_ws/install/agbot_py:/home/albert/arduinobot_ws/install/arduinobot_py_examples:/opt/ros/humble /home/albert/.local/bin/cmake /home/albert/umov_ws/src/arduinobot_moveit -DCMAKE_INSTALL_PREFIX=/home/albert/umov_ws/install/arduinobot_moveit
[3.550s] Invoking command in '/home/albert/umov_ws/build/arduinobot_moveit': CMAKE_PREFIX_PATH=${CMAKE_PREFIX_PATH}:/home/albert/ws_moveit2/install/moveit_configs_utils:/home/albert/ws_moveit2/install/launch_param_builder:/home/albert/umov_ws/install/arduino_py_examples:/home/albert/udem2_ws/install/actions_py:/home/albert/udem2_ws/install/lifecycle_py:/home/albert/udem2_ws/install/executors_py:/home/albert/udem2_ws/install/components_py:/home/albert/udem_ws/install/turtlesim_catcher:/home/albert/udem_ws/install/my_py_pkg:/home/albert/udem_ws/install/lifecycle_py:/home/albert/bcdc_ws/install/agbot_teleop:/home/albert/bcdc_ws/install/agbot_py:/home/albert/arduinobot_ws/install/arduinobot_py_examples:/opt/ros/humble /home/albert/.local/bin/cmake --build /home/albert/umov_ws/build/arduinobot_moveit -- -j8 -l8
[3.650s] Invoked command in '/home/albert/umov_ws/build/arduinobot_moveit' returned '0': CMAKE_PREFIX_PATH=${CMAKE_PREFIX_PATH}:/home/albert/ws_moveit2/install/moveit_configs_utils:/home/albert/ws_moveit2/install/launch_param_builder:/home/albert/umov_ws/install/arduino_py_examples:/home/albert/udem2_ws/install/actions_py:/home/albert/udem2_ws/install/lifecycle_py:/home/albert/udem2_ws/install/executors_py:/home/albert/udem2_ws/install/components_py:/home/albert/udem_ws/install/turtlesim_catcher:/home/albert/udem_ws/install/my_py_pkg:/home/albert/udem_ws/install/lifecycle_py:/home/albert/bcdc_ws/install/agbot_teleop:/home/albert/bcdc_ws/install/agbot_py:/home/albert/arduinobot_ws/install/arduinobot_py_examples:/opt/ros/humble /home/albert/.local/bin/cmake --build /home/albert/umov_ws/build/arduinobot_moveit -- -j8 -l8
[3.655s] Invoking command in '/home/albert/umov_ws/build/arduinobot_moveit': CMAKE_PREFIX_PATH=${CMAKE_PREFIX_PATH}:/home/albert/ws_moveit2/install/moveit_configs_utils:/home/albert/ws_moveit2/install/launch_param_builder:/home/albert/umov_ws/install/arduino_py_examples:/home/albert/udem2_ws/install/actions_py:/home/albert/udem2_ws/install/lifecycle_py:/home/albert/udem2_ws/install/executors_py:/home/albert/udem2_ws/install/components_py:/home/albert/udem_ws/install/turtlesim_catcher:/home/albert/udem_ws/install/my_py_pkg:/home/albert/udem_ws/install/lifecycle_py:/home/albert/bcdc_ws/install/agbot_teleop:/home/albert/bcdc_ws/install/agbot_py:/home/albert/arduinobot_ws/install/arduinobot_py_examples:/opt/ros/humble /home/albert/.local/bin/cmake --install /home/albert/umov_ws/build/arduinobot_moveit
[3.673s] -- Install configuration: ""
[3.673s] -- Installing: /home/albert/umov_ws/install/arduinobot_moveit/share/arduinobot_moveit/launch
[3.674s] -- Installing: /home/albert/umov_ws/install/arduinobot_moveit/share/arduinobot_moveit/launch/moveit.launch.py
[3.674s] -- Installing: /home/albert/umov_ws/install/arduinobot_moveit/share/arduinobot_moveit/config
[3.674s] -- Installing: /home/albert/umov_ws/install/arduinobot_moveit/share/arduinobot_moveit/config/planning_python_api.yaml
[3.674s] -- Installing: /home/albert/umov_ws/install/arduinobot_moveit/share/arduinobot_moveit/config/old_arduinobot.srdf
[3.674s] -- Installing: /home/albert/umov_ws/install/arduinobot_moveit/share/arduinobot_moveit/config/joint_limits.yaml
[3.675s] -- Installing: /home/albert/umov_ws/install/arduinobot_moveit/share/arduinobot_moveit/config/moveit_controllers.yaml
[3.675s] -- Installing: /home/albert/umov_ws/install/arduinobot_moveit/share/arduinobot_moveit/config/initial_positions.yaml
[3.675s] -- Installing: /home/albert/umov_ws/install/arduinobot_moveit/share/arduinobot_moveit/config/pilz_cartesian_limits.yaml
[3.675s] -- Installing: /home/albert/umov_ws/install/arduinobot_moveit/share/arduinobot_moveit/config/arduinobot.srdf
[3.675s] -- Installing: /home/albert/umov_ws/install/arduinobot_moveit/share/arduinobot_moveit/config/kinematics.yaml
[3.675s] -- Installing: /home/albert/umov_ws/install/arduinobot_moveit/share/arduinobot_moveit/config/moveit.rviz
[3.676s] -- Installing: /home/albert/umov_ws/install/arduinobot_moveit/share/ament_index/resource_index/package_run_dependencies/arduinobot_moveit
[3.676s] -- Installing: /home/albert/umov_ws/install/arduinobot_moveit/share/ament_index/resource_index/parent_prefix_path/arduinobot_moveit
[3.676s] -- Installing: /home/albert/umov_ws/install/arduinobot_moveit/share/arduinobot_moveit/environment/ament_prefix_path.sh
[3.676s] -- Installing: /home/albert/umov_ws/install/arduinobot_moveit/share/arduinobot_moveit/environment/ament_prefix_path.dsv
[3.676s] -- Installing: /home/albert/umov_ws/install/arduinobot_moveit/share/arduinobot_moveit/environment/path.sh
[3.676s] -- Installing: /home/albert/umov_ws/install/arduinobot_moveit/share/arduinobot_moveit/environment/path.dsv
[3.677s] -- Installing: /home/albert/umov_ws/install/arduinobot_moveit/share/arduinobot_moveit/local_setup.bash
[3.680s] -- Installing: /home/albert/umov_ws/install/arduinobot_moveit/share/arduinobot_moveit/local_setup.sh
[3.680s] -- Installing: /home/albert/umov_ws/install/arduinobot_moveit/share/arduinobot_moveit/local_setup.zsh
[3.681s] -- Installing: /home/albert/umov_ws/install/arduinobot_moveit/share/arduinobot_moveit/local_setup.dsv
[3.681s] -- Installing: /home/albert/umov_ws/install/arduinobot_moveit/share/arduinobot_moveit/package.dsv
[3.681s] -- Installing: /home/albert/umov_ws/install/arduinobot_moveit/share/ament_index/resource_index/packages/arduinobot_moveit
[3.681s] -- Installing: /home/albert/umov_ws/install/arduinobot_moveit/share/arduinobot_moveit/cmake/arduinobot_moveitConfig.cmake
[3.682s] -- Installing: /home/albert/umov_ws/install/arduinobot_moveit/share/arduinobot_moveit/cmake/arduinobot_moveitConfig-version.cmake
[3.682s] -- Installing: /home/albert/umov_ws/install/arduinobot_moveit/share/arduinobot_moveit/package.xml
[3.775s] Invoked command in '/home/albert/umov_ws/build/arduinobot_moveit' returned '0': CMAKE_PREFIX_PATH=${CMAKE_PREFIX_PATH}:/home/albert/ws_moveit2/install/moveit_configs_utils:/home/albert/ws_moveit2/install/launch_param_builder:/home/albert/umov_ws/install/arduino_py_examples:/home/albert/udem2_ws/install/actions_py:/home/albert/udem2_ws/install/lifecycle_py:/home/albert/udem2_ws/install/executors_py:/home/albert/udem2_ws/install/components_py:/home/albert/udem_ws/install/turtlesim_catcher:/home/albert/udem_ws/install/my_py_pkg:/home/albert/udem_ws/install/lifecycle_py:/home/albert/bcdc_ws/install/agbot_teleop:/home/albert/bcdc_ws/install/agbot_py:/home/albert/arduinobot_ws/install/arduinobot_py_examples:/opt/ros/humble /home/albert/.local/bin/cmake --install /home/albert/umov_ws/build/arduinobot_moveit
