[0.083s] Invoking command in '/home/albert/umov_ws/build/description': CMAKE_PREFIX_PATH=${CMAKE_PREFIX_PATH}:/home/albert/ws_moveit2/install/moveit_configs_utils:/home/albert/ws_moveit2/install/launch_param_builder:/home/albert/umov_ws/install/arduino_py_examples:/home/albert/udem2_ws/install/actions_py:/home/albert/udem2_ws/install/lifecycle_py:/home/albert/udem2_ws/install/executors_py:/home/albert/udem2_ws/install/components_py:/home/albert/udem_ws/install/turtlesim_catcher:/home/albert/udem_ws/install/my_py_pkg:/home/albert/udem_ws/install/lifecycle_py:/home/albert/bcdc_ws/install/agbot_teleop:/home/albert/bcdc_ws/install/agbot_py:/home/albert/arduinobot_ws/install/arduinobot_py_examples:/opt/ros/humble /home/albert/.local/bin/cmake /home/albert/umov_ws/src/description -DCMAKE_INSTALL_PREFIX=/home/albert/umov_ws/install/description
[0.333s] -- The C compiler identification is GNU 11.4.0
[0.456s] -- The CXX compiler identification is GNU 11.4.0
[0.480s] -- Detecting C compiler ABI info
[0.637s] -- Detecting C compiler ABI info - done
[0.680s] -- Check for working C compiler: /usr/bin/cc - skipped
[0.682s] -- Detecting C compile features
[0.682s] -- Detecting C compile features - done
[0.691s] -- Detecting CXX compiler ABI info
[0.875s] -- Detecting CXX compiler ABI info - done
[0.908s] -- Check for working CXX compiler: /usr/bin/c++ - skipped
[0.911s] -- Detecting CXX compile features
[0.911s] -- Detecting CXX compile features - done
[0.947s] -- Found ament_cmake: 1.3.11 (/opt/ros/humble/share/ament_cmake/cmake)
[1.347s] -- Found Python3: /usr/bin/python3 (found version "3.10.12") found components: Interpreter
[1.833s] -- Found urdf: 2.6.1 (/opt/ros/humble/share/urdf/cmake)
[2.197s] -- Found ament_lint_auto: 0.12.11 (/opt/ros/humble/share/ament_lint_auto/cmake)
[2.506s] -- Added test 'flake8' to check Python code syntax and style conventions
[2.514s] -- Added test 'lint_cmake' to check CMake code style
[2.519s] -- Added test 'pep257' to check Python code against some of the docstring style conventions in PEP 257
[2.529s] -- Added test 'xmllint' to check XML markup files
[2.541s] -- Configuring done (2.5s)
[2.547s] -- Generating done (0.0s)
[2.553s] -- Build files have been written to: /home/albert/umov_ws/build/description
[2.570s] Invoked command in '/home/albert/umov_ws/build/description' returned '0': CMAKE_PREFIX_PATH=${CMAKE_PREFIX_PATH}:/home/albert/ws_moveit2/install/moveit_configs_utils:/home/albert/ws_moveit2/install/launch_param_builder:/home/albert/umov_ws/install/arduino_py_examples:/home/albert/udem2_ws/install/actions_py:/home/albert/udem2_ws/install/lifecycle_py:/home/albert/udem2_ws/install/executors_py:/home/albert/udem2_ws/install/components_py:/home/albert/udem_ws/install/turtlesim_catcher:/home/albert/udem_ws/install/my_py_pkg:/home/albert/udem_ws/install/lifecycle_py:/home/albert/bcdc_ws/install/agbot_teleop:/home/albert/bcdc_ws/install/agbot_py:/home/albert/arduinobot_ws/install/arduinobot_py_examples:/opt/ros/humble /home/albert/.local/bin/cmake /home/albert/umov_ws/src/description -DCMAKE_INSTALL_PREFIX=/home/albert/umov_ws/install/description
[2.571s] Invoking command in '/home/albert/umov_ws/build/description': CMAKE_PREFIX_PATH=${CMAKE_PREFIX_PATH}:/home/albert/ws_moveit2/install/moveit_configs_utils:/home/albert/ws_moveit2/install/launch_param_builder:/home/albert/umov_ws/install/arduino_py_examples:/home/albert/udem2_ws/install/actions_py:/home/albert/udem2_ws/install/lifecycle_py:/home/albert/udem2_ws/install/executors_py:/home/albert/udem2_ws/install/components_py:/home/albert/udem_ws/install/turtlesim_catcher:/home/albert/udem_ws/install/my_py_pkg:/home/albert/udem_ws/install/lifecycle_py:/home/albert/bcdc_ws/install/agbot_teleop:/home/albert/bcdc_ws/install/agbot_py:/home/albert/arduinobot_ws/install/arduinobot_py_examples:/opt/ros/humble /home/albert/.local/bin/cmake --build /home/albert/umov_ws/build/description -- -j8 -l8
[2.612s] Invoked command in '/home/albert/umov_ws/build/description' returned '0': CMAKE_PREFIX_PATH=${CMAKE_PREFIX_PATH}:/home/albert/ws_moveit2/install/moveit_configs_utils:/home/albert/ws_moveit2/install/launch_param_builder:/home/albert/umov_ws/install/arduino_py_examples:/home/albert/udem2_ws/install/actions_py:/home/albert/udem2_ws/install/lifecycle_py:/home/albert/udem2_ws/install/executors_py:/home/albert/udem2_ws/install/components_py:/home/albert/udem_ws/install/turtlesim_catcher:/home/albert/udem_ws/install/my_py_pkg:/home/albert/udem_ws/install/lifecycle_py:/home/albert/bcdc_ws/install/agbot_teleop:/home/albert/bcdc_ws/install/agbot_py:/home/albert/arduinobot_ws/install/arduinobot_py_examples:/opt/ros/humble /home/albert/.local/bin/cmake --build /home/albert/umov_ws/build/description -- -j8 -l8
[2.614s] Invoking command in '/home/albert/umov_ws/build/description': CMAKE_PREFIX_PATH=${CMAKE_PREFIX_PATH}:/home/albert/ws_moveit2/install/moveit_configs_utils:/home/albert/ws_moveit2/install/launch_param_builder:/home/albert/umov_ws/install/arduino_py_examples:/home/albert/udem2_ws/install/actions_py:/home/albert/udem2_ws/install/lifecycle_py:/home/albert/udem2_ws/install/executors_py:/home/albert/udem2_ws/install/components_py:/home/albert/udem_ws/install/turtlesim_catcher:/home/albert/udem_ws/install/my_py_pkg:/home/albert/udem_ws/install/lifecycle_py:/home/albert/bcdc_ws/install/agbot_teleop:/home/albert/bcdc_ws/install/agbot_py:/home/albert/arduinobot_ws/install/arduinobot_py_examples:/opt/ros/humble /home/albert/.local/bin/cmake --install /home/albert/umov_ws/build/description
[2.617s] -- Install configuration: ""
[2.617s] -- Installing: /home/albert/umov_ws/install/description/share/description/launch
[2.618s] -- Installing: /home/albert/umov_ws/install/description/share/description/launch/gazebo.launch.py
[2.618s] -- Installing: /home/albert/umov_ws/install/description/share/description/launch/orig_gazebo.launch.py
[2.618s] -- Installing: /home/albert/umov_ws/install/description/share/description/launch/display.launch.py
[2.618s] -- Installing: /home/albert/umov_ws/install/description/share/description/meshes
[2.618s] -- Installing: /home/albert/umov_ws/install/description/share/description/meshes/right_finger.STL
[2.628s] -- Installing: /home/albert/umov_ws/install/description/share/description/meshes/triangular_link.STL
[2.677s] -- Installing: /home/albert/umov_ws/install/description/share/description/meshes/round_plate.STL
[2.685s] -- Installing: /home/albert/umov_ws/install/description/share/description/meshes/left_finger.STL
[2.695s] -- Installing: /home/albert/umov_ws/install/description/share/description/meshes/vertical_drive_arm.STL
[2.710s] -- Installing: /home/albert/umov_ws/install/description/share/description/meshes/claw_support.STL
[2.715s] -- Installing: /home/albert/umov_ws/install/description/share/description/meshes/link.STL
[2.733s] -- Installing: /home/albert/umov_ws/install/description/share/description/meshes/horizontal_arm.STL
[2.743s] -- Installing: /home/albert/umov_ws/install/description/share/description/meshes/basement.STL
[2.743s] -- Installing: /home/albert/umov_ws/install/description/share/description/meshes/forward_drive_arm.STL
[2.748s] -- Installing: /home/albert/umov_ws/install/description/share/description/meshes/servo_plate.STL
[2.749s] -- Installing: /home/albert/umov_ws/install/description/share/description/meshes/plate.STL
[2.761s] -- Installing: /home/albert/umov_ws/install/description/share/description/meshes/base_plate.STL
[2.772s] -- Installing: /home/albert/umov_ws/install/description/share/description/meshes/pi_camera.STL
[2.777s] -- Installing: /home/albert/umov_ws/install/description/share/description/models
[2.777s] -- Installing: /home/albert/umov_ws/install/description/share/description/models/ground_plane
[2.777s] -- Installing: /home/albert/umov_ws/install/description/share/description/models/ground_plane/model-1_2.sdf
[2.777s] -- Installing: /home/albert/umov_ws/install/description/share/description/models/ground_plane/model-1_3.sdf
[2.778s] -- Installing: /home/albert/umov_ws/install/description/share/description/models/ground_plane/model.config
[2.778s] -- Installing: /home/albert/umov_ws/install/description/share/description/models/ground_plane/model.sdf
[2.779s] -- Installing: /home/albert/umov_ws/install/description/share/description/models/ground_plane/model-1_4.sdf
[2.779s] -- Installing: /home/albert/umov_ws/install/description/share/description/models/sun
[2.779s] -- Installing: /home/albert/umov_ws/install/description/share/description/models/sun/model-1_2.sdf
[2.779s] -- Installing: /home/albert/umov_ws/install/description/share/description/models/sun/model-1_3.sdf
[2.780s] -- Installing: /home/albert/umov_ws/install/description/share/description/models/sun/model.config
[2.780s] -- Installing: /home/albert/umov_ws/install/description/share/description/models/sun/model.sdf
[2.780s] -- Installing: /home/albert/umov_ws/install/description/share/description/models/sun/model-1_4.sdf
[2.780s] -- Installing: /home/albert/umov_ws/install/description/share/description/urdf
[2.781s] -- Installing: /home/albert/umov_ws/install/description/share/description/urdf/common_properties.xacro
[2.781s] -- Installing: /home/albert/umov_ws/install/description/share/description/urdf/arduinobot.urdf.xacro
[2.781s] -- Installing: /home/albert/umov_ws/install/description/share/description/urdf/arduinobot_gazebo.xacro
[2.781s] -- Installing: /home/albert/umov_ws/install/description/share/description/urdf/arduinobot_ros2_control.xacro
[2.781s] -- Installing: /home/albert/umov_ws/install/description/share/description/rviz
[2.781s] -- Installing: /home/albert/umov_ws/install/description/share/description/rviz/display.rviz
[2.784s] -- Installing: /home/albert/umov_ws/install/description/share/ament_index/resource_index/package_run_dependencies/description
[2.784s] -- Installing: /home/albert/umov_ws/install/description/share/ament_index/resource_index/parent_prefix_path/description
[2.784s] -- Installing: /home/albert/umov_ws/install/description/share/description/environment/ament_prefix_path.sh
[2.784s] -- Installing: /home/albert/umov_ws/install/description/share/description/environment/ament_prefix_path.dsv
[2.785s] -- Installing: /home/albert/umov_ws/install/description/share/description/environment/path.sh
[2.785s] -- Installing: /home/albert/umov_ws/install/description/share/description/environment/path.dsv
[2.785s] -- Installing: /home/albert/umov_ws/install/description/share/description/local_setup.bash
[2.785s] -- Installing: /home/albert/umov_ws/install/description/share/description/local_setup.sh
[2.785s] -- Installing: /home/albert/umov_ws/install/description/share/description/local_setup.zsh
[2.786s] -- Installing: /home/albert/umov_ws/install/description/share/description/local_setup.dsv
[2.786s] -- Installing: /home/albert/umov_ws/install/description/share/description/package.dsv
[2.786s] -- Installing: /home/albert/umov_ws/install/description/share/ament_index/resource_index/packages/description
[2.786s] -- Installing: /home/albert/umov_ws/install/description/share/description/cmake/descriptionConfig.cmake
[2.786s] -- Installing: /home/albert/umov_ws/install/description/share/description/cmake/descriptionConfig-version.cmake
[2.786s] -- Installing: /home/albert/umov_ws/install/description/share/description/package.xml
[2.792s] Invoked command in '/home/albert/umov_ws/build/description' returned '0': CMAKE_PREFIX_PATH=${CMAKE_PREFIX_PATH}:/home/albert/ws_moveit2/install/moveit_configs_utils:/home/albert/ws_moveit2/install/launch_param_builder:/home/albert/umov_ws/install/arduino_py_examples:/home/albert/udem2_ws/install/actions_py:/home/albert/udem2_ws/install/lifecycle_py:/home/albert/udem2_ws/install/executors_py:/home/albert/udem2_ws/install/components_py:/home/albert/udem_ws/install/turtlesim_catcher:/home/albert/udem_ws/install/my_py_pkg:/home/albert/udem_ws/install/lifecycle_py:/home/albert/bcdc_ws/install/agbot_teleop:/home/albert/bcdc_ws/install/agbot_py:/home/albert/arduinobot_ws/install/arduinobot_py_examples:/opt/ros/humble /home/albert/.local/bin/cmake --install /home/albert/umov_ws/build/description
