[0.202s] Invoking command in '/home/albert/umov_ws/build/arduino_msgs': CMAKE_PREFIX_PATH=${CMAKE_PREFIX_PATH}:/home/albert/ag_arm_ws/install/arm_py:/home/albert/ws_moveit2/install/moveit_configs_utils:/home/albert/ws_moveit2/install/launch_param_builder:/home/albert/umov_ws/install/arduino_py_examples:/home/albert/udem2_ws/install/actions_py:/home/albert/udem2_ws/install/lifecycle_py:/home/albert/udem2_ws/install/executors_py:/home/albert/udem2_ws/install/components_py:/home/albert/udem_ws/install/turtlesim_catcher:/home/albert/udem_ws/install/my_py_pkg:/home/albert/udem_ws/install/lifecycle_py:/home/albert/bcdc_ws/install/agbot_teleop:/home/albert/bcdc_ws/install/agbot_py:/home/albert/arduinobot_ws/install/arduinobot_py_examples:/opt/ros/humble /home/albert/.local/bin/cmake --build /home/albert/umov_ws/build/arduino_msgs -- -j8 -l8
[0.319s] [  1%] Built target arduino_msgs__cpp
[0.357s] [ 12%] Built target arduino_msgs__rosidl_generator_c
[0.407s] [ 12%] Built target ament_cmake_python_copy_arduino_msgs
[0.435s] [ 23%] Built target arduino_msgs__rosidl_typesupport_introspection_cpp
[0.461s] [ 34%] Built target arduino_msgs__rosidl_typesupport_c
[0.526s] [ 46%] Built target arduino_msgs__rosidl_typesupport_introspection_c
[0.633s] [ 57%] Built target arduino_msgs__rosidl_typesupport_fastrtps_c
[0.719s] [ 68%] Built target arduino_msgs__rosidl_typesupport_fastrtps_cpp
[0.777s] [ 79%] Built target arduino_msgs__rosidl_typesupport_cpp
[0.823s] [ 79%] Built target arduino_msgs
[0.870s] [ 80%] Built target arduino_msgs__py
[0.939s] [ 90%] Built target arduino_msgs__rosidl_generator_py
[0.995s] [ 93%] Built target arduino_msgs__rosidl_typesupport_fastrtps_c__pyext
[1.052s] [ 96%] Built target arduino_msgs__rosidl_typesupport_c__pyext
[1.126s] [100%] Built target arduino_msgs__rosidl_typesupport_introspection_c__pyext
[1.466s] running egg_info
[1.467s] writing arduino_msgs.egg-info/PKG-INFO
[1.468s] writing dependency_links to arduino_msgs.egg-info/dependency_links.txt
[1.468s] writing top-level names to arduino_msgs.egg-info/top_level.txt
[1.473s] reading manifest file 'arduino_msgs.egg-info/SOURCES.txt'
[1.475s] writing manifest file 'arduino_msgs.egg-info/SOURCES.txt'
[1.521s] [100%] Built target ament_cmake_python_build_arduino_msgs_egg
[1.538s] Invoked command in '/home/albert/umov_ws/build/arduino_msgs' returned '0': CMAKE_PREFIX_PATH=${CMAKE_PREFIX_PATH}:/home/albert/ag_arm_ws/install/arm_py:/home/albert/ws_moveit2/install/moveit_configs_utils:/home/albert/ws_moveit2/install/launch_param_builder:/home/albert/umov_ws/install/arduino_py_examples:/home/albert/udem2_ws/install/actions_py:/home/albert/udem2_ws/install/lifecycle_py:/home/albert/udem2_ws/install/executors_py:/home/albert/udem2_ws/install/components_py:/home/albert/udem_ws/install/turtlesim_catcher:/home/albert/udem_ws/install/my_py_pkg:/home/albert/udem_ws/install/lifecycle_py:/home/albert/bcdc_ws/install/agbot_teleop:/home/albert/bcdc_ws/install/agbot_py:/home/albert/arduinobot_ws/install/arduinobot_py_examples:/opt/ros/humble /home/albert/.local/bin/cmake --build /home/albert/umov_ws/build/arduino_msgs -- -j8 -l8
[1.545s] Invoking command in '/home/albert/umov_ws/build/arduino_msgs': CMAKE_PREFIX_PATH=${CMAKE_PREFIX_PATH}:/home/albert/ag_arm_ws/install/arm_py:/home/albert/ws_moveit2/install/moveit_configs_utils:/home/albert/ws_moveit2/install/launch_param_builder:/home/albert/umov_ws/install/arduino_py_examples:/home/albert/udem2_ws/install/actions_py:/home/albert/udem2_ws/install/lifecycle_py:/home/albert/udem2_ws/install/executors_py:/home/albert/udem2_ws/install/components_py:/home/albert/udem_ws/install/turtlesim_catcher:/home/albert/udem_ws/install/my_py_pkg:/home/albert/udem_ws/install/lifecycle_py:/home/albert/bcdc_ws/install/agbot_teleop:/home/albert/bcdc_ws/install/agbot_py:/home/albert/arduinobot_ws/install/arduinobot_py_examples:/opt/ros/humble /home/albert/.local/bin/cmake --install /home/albert/umov_ws/build/arduino_msgs
[1.553s] -- Install configuration: ""
[1.553s] -- Up-to-date: /home/albert/umov_ws/install/arduino_msgs/share/ament_index/resource_index/rosidl_interfaces/arduino_msgs
[1.553s] -- Up-to-date: /home/albert/umov_ws/install/arduino_msgs/include/arduino_msgs/arduino_msgs
[1.554s] -- Up-to-date: /home/albert/umov_ws/install/arduino_msgs/include/arduino_msgs/arduino_msgs/msg
[1.554s] -- Up-to-date: /home/albert/umov_ws/install/arduino_msgs/include/arduino_msgs/arduino_msgs/msg/rosidl_generator_c__visibility_control.h
[1.554s] -- Up-to-date: /home/albert/umov_ws/install/arduino_msgs/include/arduino_msgs/arduino_msgs/action
[1.555s] -- Up-to-date: /home/albert/umov_ws/install/arduino_msgs/include/arduino_msgs/arduino_msgs/action/arduino_task.h
[1.555s] -- Up-to-date: /home/albert/umov_ws/install/arduino_msgs/include/arduino_msgs/arduino_msgs/action/fibonacci.h
[1.555s] -- Up-to-date: /home/albert/umov_ws/install/arduino_msgs/include/arduino_msgs/arduino_msgs/action/detail
[1.555s] -- Up-to-date: /home/albert/umov_ws/install/arduino_msgs/include/arduino_msgs/arduino_msgs/action/detail/fibonacci__functions.c
[1.555s] -- Up-to-date: /home/albert/umov_ws/install/arduino_msgs/include/arduino_msgs/arduino_msgs/action/detail/arduino_task__struct.h
[1.556s] -- Up-to-date: /home/albert/umov_ws/install/arduino_msgs/include/arduino_msgs/arduino_msgs/action/detail/fibonacci__type_support.h
[1.556s] -- Up-to-date: /home/albert/umov_ws/install/arduino_msgs/include/arduino_msgs/arduino_msgs/action/detail/fibonacci__struct.h
[1.556s] -- Up-to-date: /home/albert/umov_ws/install/arduino_msgs/include/arduino_msgs/arduino_msgs/action/detail/arduino_task__functions.c
[1.556s] -- Up-to-date: /home/albert/umov_ws/install/arduino_msgs/include/arduino_msgs/arduino_msgs/action/detail/fibonacci__functions.h
[1.556s] -- Up-to-date: /home/albert/umov_ws/install/arduino_msgs/include/arduino_msgs/arduino_msgs/action/detail/arduino_task__functions.h
[1.556s] -- Up-to-date: /home/albert/umov_ws/install/arduino_msgs/include/arduino_msgs/arduino_msgs/action/detail/arduino_task__type_support.h
[1.557s] -- Up-to-date: /home/albert/umov_ws/install/arduino_msgs/include/arduino_msgs/arduino_msgs/srv
[1.557s] -- Up-to-date: /home/albert/umov_ws/install/arduino_msgs/include/arduino_msgs/arduino_msgs/srv/quaternion_to_euler.h
[1.557s] -- Up-to-date: /home/albert/umov_ws/install/arduino_msgs/include/arduino_msgs/arduino_msgs/srv/detail
[1.557s] -- Up-to-date: /home/albert/umov_ws/install/arduino_msgs/include/arduino_msgs/arduino_msgs/srv/detail/euler_to_quaternion__functions.c
[1.557s] -- Up-to-date: /home/albert/umov_ws/install/arduino_msgs/include/arduino_msgs/arduino_msgs/srv/detail/add_two_ints__functions.h
[1.557s] -- Up-to-date: /home/albert/umov_ws/install/arduino_msgs/include/arduino_msgs/arduino_msgs/srv/detail/euler_to_quaternion__struct.h
[1.558s] -- Up-to-date: /home/albert/umov_ws/install/arduino_msgs/include/arduino_msgs/arduino_msgs/srv/detail/add_two_ints__functions.c
[1.558s] -- Up-to-date: /home/albert/umov_ws/install/arduino_msgs/include/arduino_msgs/arduino_msgs/srv/detail/quaternion_to_euler__functions.c
[1.558s] -- Up-to-date: /home/albert/umov_ws/install/arduino_msgs/include/arduino_msgs/arduino_msgs/srv/detail/euler_to_quaternion__functions.h
[1.558s] -- Up-to-date: /home/albert/umov_ws/install/arduino_msgs/include/arduino_msgs/arduino_msgs/srv/detail/quaternion_to_euler__functions.h
[1.559s] -- Up-to-date: /home/albert/umov_ws/install/arduino_msgs/include/arduino_msgs/arduino_msgs/srv/detail/quaternion_to_euler__type_support.h
[1.559s] -- Up-to-date: /home/albert/umov_ws/install/arduino_msgs/include/arduino_msgs/arduino_msgs/srv/detail/add_two_ints__type_support.h
[1.559s] -- Up-to-date: /home/albert/umov_ws/install/arduino_msgs/include/arduino_msgs/arduino_msgs/srv/detail/euler_to_quaternion__type_support.h
[1.560s] -- Up-to-date: /home/albert/umov_ws/install/arduino_msgs/include/arduino_msgs/arduino_msgs/srv/detail/quaternion_to_euler__struct.h
[1.560s] -- Up-to-date: /home/albert/umov_ws/install/arduino_msgs/include/arduino_msgs/arduino_msgs/srv/detail/add_two_ints__struct.h
[1.560s] -- Up-to-date: /home/albert/umov_ws/install/arduino_msgs/include/arduino_msgs/arduino_msgs/srv/euler_to_quaternion.h
[1.560s] -- Up-to-date: /home/albert/umov_ws/install/arduino_msgs/include/arduino_msgs/arduino_msgs/srv/add_two_ints.h
[1.561s] -- Up-to-date: /home/albert/umov_ws/install/arduino_msgs/share/arduino_msgs/environment/library_path.sh
[1.561s] -- Up-to-date: /home/albert/umov_ws/install/arduino_msgs/share/arduino_msgs/environment/library_path.dsv
[1.562s] -- Up-to-date: /home/albert/umov_ws/install/arduino_msgs/lib/libarduino_msgs__rosidl_generator_c.so
[1.563s] -- Up-to-date: /home/albert/umov_ws/install/arduino_msgs/include/arduino_msgs/arduino_msgs
[1.563s] -- Up-to-date: /home/albert/umov_ws/install/arduino_msgs/include/arduino_msgs/arduino_msgs/msg
[1.566s] -- Up-to-date: /home/albert/umov_ws/install/arduino_msgs/include/arduino_msgs/arduino_msgs/msg/rosidl_typesupport_fastrtps_c__visibility_control.h
[1.566s] -- Up-to-date: /home/albert/umov_ws/install/arduino_msgs/include/arduino_msgs/arduino_msgs/action
[1.567s] -- Up-to-date: /home/albert/umov_ws/install/arduino_msgs/include/arduino_msgs/arduino_msgs/action/detail
[1.568s] -- Up-to-date: /home/albert/umov_ws/install/arduino_msgs/include/arduino_msgs/arduino_msgs/action/detail/arduino_task__rosidl_typesupport_fastrtps_c.h
[1.569s] -- Up-to-date: /home/albert/umov_ws/install/arduino_msgs/include/arduino_msgs/arduino_msgs/action/detail/fibonacci__rosidl_typesupport_fastrtps_c.h
[1.575s] -- Up-to-date: /home/albert/umov_ws/install/arduino_msgs/include/arduino_msgs/arduino_msgs/srv
[1.575s] -- Up-to-date: /home/albert/umov_ws/install/arduino_msgs/include/arduino_msgs/arduino_msgs/srv/detail
[1.575s] -- Up-to-date: /home/albert/umov_ws/install/arduino_msgs/include/arduino_msgs/arduino_msgs/srv/detail/add_two_ints__rosidl_typesupport_fastrtps_c.h
[1.575s] -- Up-to-date: /home/albert/umov_ws/install/arduino_msgs/include/arduino_msgs/arduino_msgs/srv/detail/euler_to_quaternion__rosidl_typesupport_fastrtps_c.h
[1.575s] -- Up-to-date: /home/albert/umov_ws/install/arduino_msgs/include/arduino_msgs/arduino_msgs/srv/detail/quaternion_to_euler__rosidl_typesupport_fastrtps_c.h
[1.576s] -- Up-to-date: /home/albert/umov_ws/install/arduino_msgs/lib/libarduino_msgs__rosidl_typesupport_fastrtps_c.so
[1.576s] -- Up-to-date: /home/albert/umov_ws/install/arduino_msgs/include/arduino_msgs/arduino_msgs
[1.576s] -- Up-to-date: /home/albert/umov_ws/install/arduino_msgs/include/arduino_msgs/arduino_msgs/msg
[1.576s] -- Up-to-date: /home/albert/umov_ws/install/arduino_msgs/include/arduino_msgs/arduino_msgs/msg/rosidl_generator_cpp__visibility_control.hpp
[1.576s] -- Up-to-date: /home/albert/umov_ws/install/arduino_msgs/include/arduino_msgs/arduino_msgs/action
[1.577s] -- Up-to-date: /home/albert/umov_ws/install/arduino_msgs/include/arduino_msgs/arduino_msgs/action/arduino_task.hpp
[1.577s] -- Up-to-date: /home/albert/umov_ws/install/arduino_msgs/include/arduino_msgs/arduino_msgs/action/fibonacci.hpp
[1.577s] -- Up-to-date: /home/albert/umov_ws/install/arduino_msgs/include/arduino_msgs/arduino_msgs/action/detail
[1.577s] -- Up-to-date: /home/albert/umov_ws/install/arduino_msgs/include/arduino_msgs/arduino_msgs/action/detail/fibonacci__type_support.hpp
[1.577s] -- Up-to-date: /home/albert/umov_ws/install/arduino_msgs/include/arduino_msgs/arduino_msgs/action/detail/arduino_task__builder.hpp
[1.577s] -- Up-to-date: /home/albert/umov_ws/install/arduino_msgs/include/arduino_msgs/arduino_msgs/action/detail/fibonacci__builder.hpp
[1.578s] -- Up-to-date: /home/albert/umov_ws/install/arduino_msgs/include/arduino_msgs/arduino_msgs/action/detail/arduino_task__type_support.hpp
[1.578s] -- Up-to-date: /home/albert/umov_ws/install/arduino_msgs/include/arduino_msgs/arduino_msgs/action/detail/fibonacci__struct.hpp
[1.578s] -- Up-to-date: /home/albert/umov_ws/install/arduino_msgs/include/arduino_msgs/arduino_msgs/action/detail/arduino_task__struct.hpp
[1.578s] -- Up-to-date: /home/albert/umov_ws/install/arduino_msgs/include/arduino_msgs/arduino_msgs/action/detail/arduino_task__traits.hpp
[1.578s] -- Up-to-date: /home/albert/umov_ws/install/arduino_msgs/include/arduino_msgs/arduino_msgs/action/detail/fibonacci__traits.hpp
[1.578s] -- Up-to-date: /home/albert/umov_ws/install/arduino_msgs/include/arduino_msgs/arduino_msgs/srv
[1.579s] -- Up-to-date: /home/albert/umov_ws/install/arduino_msgs/include/arduino_msgs/arduino_msgs/srv/euler_to_quaternion.hpp
[1.579s] -- Up-to-date: /home/albert/umov_ws/install/arduino_msgs/include/arduino_msgs/arduino_msgs/srv/detail
[1.579s] -- Up-to-date: /home/albert/umov_ws/install/arduino_msgs/include/arduino_msgs/arduino_msgs/srv/detail/quaternion_to_euler__struct.hpp
[1.579s] -- Up-to-date: /home/albert/umov_ws/install/arduino_msgs/include/arduino_msgs/arduino_msgs/srv/detail/quaternion_to_euler__builder.hpp
[1.579s] -- Up-to-date: /home/albert/umov_ws/install/arduino_msgs/include/arduino_msgs/arduino_msgs/srv/detail/euler_to_quaternion__traits.hpp
[1.581s] -- Up-to-date: /home/albert/umov_ws/install/arduino_msgs/include/arduino_msgs/arduino_msgs/srv/detail/add_two_ints__type_support.hpp
[1.581s] -- Up-to-date: /home/albert/umov_ws/install/arduino_msgs/include/arduino_msgs/arduino_msgs/srv/detail/add_two_ints__builder.hpp
[1.582s] -- Up-to-date: /home/albert/umov_ws/install/arduino_msgs/include/arduino_msgs/arduino_msgs/srv/detail/euler_to_quaternion__type_support.hpp
[1.582s] -- Up-to-date: /home/albert/umov_ws/install/arduino_msgs/include/arduino_msgs/arduino_msgs/srv/detail/quaternion_to_euler__traits.hpp
[1.582s] -- Up-to-date: /home/albert/umov_ws/install/arduino_msgs/include/arduino_msgs/arduino_msgs/srv/detail/euler_to_quaternion__builder.hpp
[1.583s] -- Up-to-date: /home/albert/umov_ws/install/arduino_msgs/include/arduino_msgs/arduino_msgs/srv/detail/add_two_ints__traits.hpp
[1.583s] -- Up-to-date: /home/albert/umov_ws/install/arduino_msgs/include/arduino_msgs/arduino_msgs/srv/detail/add_two_ints__struct.hpp
[1.583s] -- Up-to-date: /home/albert/umov_ws/install/arduino_msgs/include/arduino_msgs/arduino_msgs/srv/detail/euler_to_quaternion__struct.hpp
[1.583s] -- Up-to-date: /home/albert/umov_ws/install/arduino_msgs/include/arduino_msgs/arduino_msgs/srv/detail/quaternion_to_euler__type_support.hpp
[1.583s] -- Up-to-date: /home/albert/umov_ws/install/arduino_msgs/include/arduino_msgs/arduino_msgs/srv/quaternion_to_euler.hpp
[1.584s] -- Up-to-date: /home/albert/umov_ws/install/arduino_msgs/include/arduino_msgs/arduino_msgs/srv/add_two_ints.hpp
[1.584s] -- Up-to-date: /home/albert/umov_ws/install/arduino_msgs/include/arduino_msgs/arduino_msgs
[1.584s] -- Up-to-date: /home/albert/umov_ws/install/arduino_msgs/include/arduino_msgs/arduino_msgs/msg
[1.584s] -- Up-to-date: /home/albert/umov_ws/install/arduino_msgs/include/arduino_msgs/arduino_msgs/msg/rosidl_typesupport_fastrtps_cpp__visibility_control.h
[1.584s] -- Up-to-date: /home/albert/umov_ws/install/arduino_msgs/include/arduino_msgs/arduino_msgs/action
[1.584s] -- Up-to-date: /home/albert/umov_ws/install/arduino_msgs/include/arduino_msgs/arduino_msgs/action/detail
[1.585s] -- Up-to-date: /home/albert/umov_ws/install/arduino_msgs/include/arduino_msgs/arduino_msgs/action/detail/arduino_task__rosidl_typesupport_fastrtps_cpp.hpp
[1.585s] -- Up-to-date: /home/albert/umov_ws/install/arduino_msgs/include/arduino_msgs/arduino_msgs/action/detail/dds_fastrtps
[1.585s] -- Up-to-date: /home/albert/umov_ws/install/arduino_msgs/include/arduino_msgs/arduino_msgs/action/detail/fibonacci__rosidl_typesupport_fastrtps_cpp.hpp
[1.585s] -- Up-to-date: /home/albert/umov_ws/install/arduino_msgs/include/arduino_msgs/arduino_msgs/srv
[1.585s] -- Up-to-date: /home/albert/umov_ws/install/arduino_msgs/include/arduino_msgs/arduino_msgs/srv/detail
[1.585s] -- Up-to-date: /home/albert/umov_ws/install/arduino_msgs/include/arduino_msgs/arduino_msgs/srv/detail/euler_to_quaternion__rosidl_typesupport_fastrtps_cpp.hpp
[1.586s] -- Up-to-date: /home/albert/umov_ws/install/arduino_msgs/include/arduino_msgs/arduino_msgs/srv/detail/quaternion_to_euler__rosidl_typesupport_fastrtps_cpp.hpp
[1.586s] -- Up-to-date: /home/albert/umov_ws/install/arduino_msgs/include/arduino_msgs/arduino_msgs/srv/detail/dds_fastrtps
[1.586s] -- Up-to-date: /home/albert/umov_ws/install/arduino_msgs/include/arduino_msgs/arduino_msgs/srv/detail/add_two_ints__rosidl_typesupport_fastrtps_cpp.hpp
[1.586s] -- Up-to-date: /home/albert/umov_ws/install/arduino_msgs/lib/libarduino_msgs__rosidl_typesupport_fastrtps_cpp.so
[1.586s] -- Up-to-date: /home/albert/umov_ws/install/arduino_msgs/include/arduino_msgs/arduino_msgs
[1.587s] -- Up-to-date: /home/albert/umov_ws/install/arduino_msgs/include/arduino_msgs/arduino_msgs/msg
[1.587s] -- Up-to-date: /home/albert/umov_ws/install/arduino_msgs/include/arduino_msgs/arduino_msgs/msg/rosidl_typesupport_introspection_c__visibility_control.h
[1.587s] -- Up-to-date: /home/albert/umov_ws/install/arduino_msgs/include/arduino_msgs/arduino_msgs/action
[1.587s] -- Up-to-date: /home/albert/umov_ws/install/arduino_msgs/include/arduino_msgs/arduino_msgs/action/detail
[1.587s] -- Up-to-date: /home/albert/umov_ws/install/arduino_msgs/include/arduino_msgs/arduino_msgs/action/detail/arduino_task__type_support.c
[1.587s] -- Up-to-date: /home/albert/umov_ws/install/arduino_msgs/include/arduino_msgs/arduino_msgs/action/detail/fibonacci__type_support.c
[1.588s] -- Up-to-date: /home/albert/umov_ws/install/arduino_msgs/include/arduino_msgs/arduino_msgs/action/detail/fibonacci__rosidl_typesupport_introspection_c.h
[1.588s] -- Up-to-date: /home/albert/umov_ws/install/arduino_msgs/include/arduino_msgs/arduino_msgs/action/detail/arduino_task__rosidl_typesupport_introspection_c.h
[1.588s] -- Up-to-date: /home/albert/umov_ws/install/arduino_msgs/include/arduino_msgs/arduino_msgs/srv
[1.588s] -- Up-to-date: /home/albert/umov_ws/install/arduino_msgs/include/arduino_msgs/arduino_msgs/srv/detail
[1.588s] -- Up-to-date: /home/albert/umov_ws/install/arduino_msgs/include/arduino_msgs/arduino_msgs/srv/detail/add_two_ints__rosidl_typesupport_introspection_c.h
[1.588s] -- Up-to-date: /home/albert/umov_ws/install/arduino_msgs/include/arduino_msgs/arduino_msgs/srv/detail/euler_to_quaternion__type_support.c
[1.589s] -- Up-to-date: /home/albert/umov_ws/install/arduino_msgs/include/arduino_msgs/arduino_msgs/srv/detail/add_two_ints__type_support.c
[1.589s] -- Up-to-date: /home/albert/umov_ws/install/arduino_msgs/include/arduino_msgs/arduino_msgs/srv/detail/quaternion_to_euler__type_support.c
[1.589s] -- Up-to-date: /home/albert/umov_ws/install/arduino_msgs/include/arduino_msgs/arduino_msgs/srv/detail/quaternion_to_euler__rosidl_typesupport_introspection_c.h
[1.589s] -- Up-to-date: /home/albert/umov_ws/install/arduino_msgs/include/arduino_msgs/arduino_msgs/srv/detail/euler_to_quaternion__rosidl_typesupport_introspection_c.h
[1.589s] -- Up-to-date: /home/albert/umov_ws/install/arduino_msgs/lib/libarduino_msgs__rosidl_typesupport_introspection_c.so
[1.590s] -- Up-to-date: /home/albert/umov_ws/install/arduino_msgs/lib/libarduino_msgs__rosidl_typesupport_c.so
[1.590s] -- Up-to-date: /home/albert/umov_ws/install/arduino_msgs/include/arduino_msgs/arduino_msgs
[1.590s] -- Up-to-date: /home/albert/umov_ws/install/arduino_msgs/include/arduino_msgs/arduino_msgs/action
[1.590s] -- Up-to-date: /home/albert/umov_ws/install/arduino_msgs/include/arduino_msgs/arduino_msgs/action/detail
[1.590s] -- Up-to-date: /home/albert/umov_ws/install/arduino_msgs/include/arduino_msgs/arduino_msgs/action/detail/arduino_task__type_support.cpp
[1.591s] -- Up-to-date: /home/albert/umov_ws/install/arduino_msgs/include/arduino_msgs/arduino_msgs/action/detail/fibonacci__type_support.cpp
[1.591s] -- Up-to-date: /home/albert/umov_ws/install/arduino_msgs/include/arduino_msgs/arduino_msgs/action/detail/fibonacci__rosidl_typesupport_introspection_cpp.hpp
[1.591s] -- Up-to-date: /home/albert/umov_ws/install/arduino_msgs/include/arduino_msgs/arduino_msgs/action/detail/arduino_task__rosidl_typesupport_introspection_cpp.hpp
[1.591s] -- Up-to-date: /home/albert/umov_ws/install/arduino_msgs/include/arduino_msgs/arduino_msgs/srv
[1.591s] -- Up-to-date: /home/albert/umov_ws/install/arduino_msgs/include/arduino_msgs/arduino_msgs/srv/detail
[1.591s] -- Up-to-date: /home/albert/umov_ws/install/arduino_msgs/include/arduino_msgs/arduino_msgs/srv/detail/euler_to_quaternion__rosidl_typesupport_introspection_cpp.hpp
[1.592s] -- Up-to-date: /home/albert/umov_ws/install/arduino_msgs/include/arduino_msgs/arduino_msgs/srv/detail/euler_to_quaternion__type_support.cpp
[1.592s] -- Up-to-date: /home/albert/umov_ws/install/arduino_msgs/include/arduino_msgs/arduino_msgs/srv/detail/add_two_ints__type_support.cpp
[1.592s] -- Up-to-date: /home/albert/umov_ws/install/arduino_msgs/include/arduino_msgs/arduino_msgs/srv/detail/quaternion_to_euler__type_support.cpp
[1.592s] -- Up-to-date: /home/albert/umov_ws/install/arduino_msgs/include/arduino_msgs/arduino_msgs/srv/detail/quaternion_to_euler__rosidl_typesupport_introspection_cpp.hpp
[1.592s] -- Up-to-date: /home/albert/umov_ws/install/arduino_msgs/include/arduino_msgs/arduino_msgs/srv/detail/add_two_ints__rosidl_typesupport_introspection_cpp.hpp
[1.596s] -- Up-to-date: /home/albert/umov_ws/install/arduino_msgs/lib/libarduino_msgs__rosidl_typesupport_introspection_cpp.so
[1.596s] -- Up-to-date: /home/albert/umov_ws/install/arduino_msgs/lib/libarduino_msgs__rosidl_typesupport_cpp.so
[1.597s] -- Up-to-date: /home/albert/umov_ws/install/arduino_msgs/share/arduino_msgs/environment/pythonpath.sh
[1.597s] -- Up-to-date: /home/albert/umov_ws/install/arduino_msgs/share/arduino_msgs/environment/pythonpath.dsv
[1.597s] -- Up-to-date: /home/albert/umov_ws/install/arduino_msgs/local/lib/python3.10/dist-packages/arduino_msgs-0.0.0-py3.10.egg-info
[1.597s] -- Installing: /home/albert/umov_ws/install/arduino_msgs/local/lib/python3.10/dist-packages/arduino_msgs-0.0.0-py3.10.egg-info/SOURCES.txt
[1.597s] -- Installing: /home/albert/umov_ws/install/arduino_msgs/local/lib/python3.10/dist-packages/arduino_msgs-0.0.0-py3.10.egg-info/top_level.txt
[1.597s] -- Installing: /home/albert/umov_ws/install/arduino_msgs/local/lib/python3.10/dist-packages/arduino_msgs-0.0.0-py3.10.egg-info/PKG-INFO
[1.599s] -- Installing: /home/albert/umov_ws/install/arduino_msgs/local/lib/python3.10/dist-packages/arduino_msgs-0.0.0-py3.10.egg-info/dependency_links.txt
[1.599s] -- Up-to-date: /home/albert/umov_ws/install/arduino_msgs/local/lib/python3.10/dist-packages/arduino_msgs
[1.599s] -- Up-to-date: /home/albert/umov_ws/install/arduino_msgs/local/lib/python3.10/dist-packages/arduino_msgs/libarduino_msgs__rosidl_generator_py.so
[1.599s] -- Up-to-date: /home/albert/umov_ws/install/arduino_msgs/local/lib/python3.10/dist-packages/arduino_msgs/__init__.py
[1.599s] -- Up-to-date: /home/albert/umov_ws/install/arduino_msgs/local/lib/python3.10/dist-packages/arduino_msgs/action
[1.599s] -- Up-to-date: /home/albert/umov_ws/install/arduino_msgs/local/lib/python3.10/dist-packages/arduino_msgs/action/__init__.py
[1.604s] -- Up-to-date: /home/albert/umov_ws/install/arduino_msgs/local/lib/python3.10/dist-packages/arduino_msgs/action/_fibonacci_s.c
[1.604s] -- Up-to-date: /home/albert/umov_ws/install/arduino_msgs/local/lib/python3.10/dist-packages/arduino_msgs/action/_arduino_task.py
[1.604s] -- Up-to-date: /home/albert/umov_ws/install/arduino_msgs/local/lib/python3.10/dist-packages/arduino_msgs/action/_arduino_task_s.c
[1.604s] -- Up-to-date: /home/albert/umov_ws/install/arduino_msgs/local/lib/python3.10/dist-packages/arduino_msgs/action/_fibonacci.py
[1.605s] -- Up-to-date: /home/albert/umov_ws/install/arduino_msgs/local/lib/python3.10/dist-packages/arduino_msgs/arduino_msgs_s__rosidl_typesupport_introspection_c.cpython-310-x86_64-linux-gnu.so
[1.605s] -- Up-to-date: /home/albert/umov_ws/install/arduino_msgs/local/lib/python3.10/dist-packages/arduino_msgs/_arduino_msgs_s.ep.rosidl_typesupport_c.c
[1.607s] -- Up-to-date: /home/albert/umov_ws/install/arduino_msgs/local/lib/python3.10/dist-packages/arduino_msgs/arduino_msgs_s__rosidl_typesupport_fastrtps_c.cpython-310-x86_64-linux-gnu.so
[1.607s] -- Up-to-date: /home/albert/umov_ws/install/arduino_msgs/local/lib/python3.10/dist-packages/arduino_msgs/_arduino_msgs_s.ep.rosidl_typesupport_fastrtps_c.c
[1.607s] -- Up-to-date: /home/albert/umov_ws/install/arduino_msgs/local/lib/python3.10/dist-packages/arduino_msgs/arduino_msgs_s__rosidl_typesupport_c.cpython-310-x86_64-linux-gnu.so
[1.607s] -- Up-to-date: /home/albert/umov_ws/install/arduino_msgs/local/lib/python3.10/dist-packages/arduino_msgs/_arduino_msgs_s.ep.rosidl_typesupport_introspection_c.c
[1.607s] -- Up-to-date: /home/albert/umov_ws/install/arduino_msgs/local/lib/python3.10/dist-packages/arduino_msgs/srv
[1.608s] -- Up-to-date: /home/albert/umov_ws/install/arduino_msgs/local/lib/python3.10/dist-packages/arduino_msgs/srv/_quaternion_to_euler_s.c
[1.608s] -- Up-to-date: /home/albert/umov_ws/install/arduino_msgs/local/lib/python3.10/dist-packages/arduino_msgs/srv/_euler_to_quaternion.py
[1.608s] -- Up-to-date: /home/albert/umov_ws/install/arduino_msgs/local/lib/python3.10/dist-packages/arduino_msgs/srv/__init__.py
[1.608s] -- Up-to-date: /home/albert/umov_ws/install/arduino_msgs/local/lib/python3.10/dist-packages/arduino_msgs/srv/_quaternion_to_euler.py
[1.608s] -- Up-to-date: /home/albert/umov_ws/install/arduino_msgs/local/lib/python3.10/dist-packages/arduino_msgs/srv/_add_two_ints_s.c
[1.608s] -- Up-to-date: /home/albert/umov_ws/install/arduino_msgs/local/lib/python3.10/dist-packages/arduino_msgs/srv/_add_two_ints.py
[1.609s] -- Up-to-date: /home/albert/umov_ws/install/arduino_msgs/local/lib/python3.10/dist-packages/arduino_msgs/srv/_euler_to_quaternion_s.c
[1.708s] Listing '/home/albert/umov_ws/install/arduino_msgs/local/lib/python3.10/dist-packages/arduino_msgs'...
[1.709s] Listing '/home/albert/umov_ws/install/arduino_msgs/local/lib/python3.10/dist-packages/arduino_msgs/action'...
[1.709s] Listing '/home/albert/umov_ws/install/arduino_msgs/local/lib/python3.10/dist-packages/arduino_msgs/srv'...
[1.718s] -- Up-to-date: /home/albert/umov_ws/install/arduino_msgs/local/lib/python3.10/dist-packages/arduino_msgs/arduino_msgs_s__rosidl_typesupport_fastrtps_c.cpython-310-x86_64-linux-gnu.so
[1.719s] -- Up-to-date: /home/albert/umov_ws/install/arduino_msgs/local/lib/python3.10/dist-packages/arduino_msgs/arduino_msgs_s__rosidl_typesupport_introspection_c.cpython-310-x86_64-linux-gnu.so
[1.721s] -- Up-to-date: /home/albert/umov_ws/install/arduino_msgs/local/lib/python3.10/dist-packages/arduino_msgs/arduino_msgs_s__rosidl_typesupport_c.cpython-310-x86_64-linux-gnu.so
[1.721s] -- Up-to-date: /home/albert/umov_ws/install/arduino_msgs/lib/libarduino_msgs__rosidl_generator_py.so
[1.721s] -- Up-to-date: /home/albert/umov_ws/install/arduino_msgs/share/arduino_msgs/srv/AddTwoInts.idl
[1.722s] -- Up-to-date: /home/albert/umov_ws/install/arduino_msgs/share/arduino_msgs/srv/EulerToQuaternion.idl
[1.722s] -- Up-to-date: /home/albert/umov_ws/install/arduino_msgs/share/arduino_msgs/srv/QuaternionToEuler.idl
[1.722s] -- Up-to-date: /home/albert/umov_ws/install/arduino_msgs/share/arduino_msgs/action/Fibonacci.idl
[1.722s] -- Up-to-date: /home/albert/umov_ws/install/arduino_msgs/share/arduino_msgs/action/ArduinoTask.idl
[1.723s] -- Up-to-date: /home/albert/umov_ws/install/arduino_msgs/share/arduino_msgs/srv/AddTwoInts.srv
[1.723s] -- Up-to-date: /home/albert/umov_ws/install/arduino_msgs/share/arduino_msgs/srv/AddTwoInts_Request.msg
[1.723s] -- Up-to-date: /home/albert/umov_ws/install/arduino_msgs/share/arduino_msgs/srv/AddTwoInts_Response.msg
[1.724s] -- Up-to-date: /home/albert/umov_ws/install/arduino_msgs/share/arduino_msgs/srv/EulerToQuaternion.srv
[1.724s] -- Up-to-date: /home/albert/umov_ws/install/arduino_msgs/share/arduino_msgs/srv/EulerToQuaternion_Request.msg
[1.724s] -- Up-to-date: /home/albert/umov_ws/install/arduino_msgs/share/arduino_msgs/srv/EulerToQuaternion_Response.msg
[1.724s] -- Up-to-date: /home/albert/umov_ws/install/arduino_msgs/share/arduino_msgs/srv/QuaternionToEuler.srv
[1.724s] -- Up-to-date: /home/albert/umov_ws/install/arduino_msgs/share/arduino_msgs/srv/QuaternionToEuler_Request.msg
[1.725s] -- Up-to-date: /home/albert/umov_ws/install/arduino_msgs/share/arduino_msgs/srv/QuaternionToEuler_Response.msg
[1.725s] -- Up-to-date: /home/albert/umov_ws/install/arduino_msgs/share/arduino_msgs/action/Fibonacci.action
[1.725s] -- Up-to-date: /home/albert/umov_ws/install/arduino_msgs/share/arduino_msgs/action/ArduinoTask.action
[1.725s] -- Up-to-date: /home/albert/umov_ws/install/arduino_msgs/share/ament_index/resource_index/package_run_dependencies/arduino_msgs
[1.725s] -- Up-to-date: /home/albert/umov_ws/install/arduino_msgs/share/ament_index/resource_index/parent_prefix_path/arduino_msgs
[1.726s] -- Up-to-date: /home/albert/umov_ws/install/arduino_msgs/share/arduino_msgs/environment/ament_prefix_path.sh
[1.726s] -- Up-to-date: /home/albert/umov_ws/install/arduino_msgs/share/arduino_msgs/environment/ament_prefix_path.dsv
[1.726s] -- Up-to-date: /home/albert/umov_ws/install/arduino_msgs/share/arduino_msgs/environment/path.sh
[1.728s] -- Up-to-date: /home/albert/umov_ws/install/arduino_msgs/share/arduino_msgs/environment/path.dsv
[1.729s] -- Up-to-date: /home/albert/umov_ws/install/arduino_msgs/share/arduino_msgs/local_setup.bash
[1.729s] -- Up-to-date: /home/albert/umov_ws/install/arduino_msgs/share/arduino_msgs/local_setup.sh
[1.729s] -- Up-to-date: /home/albert/umov_ws/install/arduino_msgs/share/arduino_msgs/local_setup.zsh
[1.729s] -- Up-to-date: /home/albert/umov_ws/install/arduino_msgs/share/arduino_msgs/local_setup.dsv
[1.730s] -- Installing: /home/albert/umov_ws/install/arduino_msgs/share/arduino_msgs/package.dsv
[1.730s] -- Up-to-date: /home/albert/umov_ws/install/arduino_msgs/share/ament_index/resource_index/packages/arduino_msgs
[1.730s] -- Up-to-date: /home/albert/umov_ws/install/arduino_msgs/share/arduino_msgs/cmake/export_arduino_msgs__rosidl_generator_cExport.cmake
[1.731s] -- Up-to-date: /home/albert/umov_ws/install/arduino_msgs/share/arduino_msgs/cmake/export_arduino_msgs__rosidl_generator_cExport-noconfig.cmake
[1.731s] -- Up-to-date: /home/albert/umov_ws/install/arduino_msgs/share/arduino_msgs/cmake/export_arduino_msgs__rosidl_typesupport_fastrtps_cExport.cmake
[1.731s] -- Up-to-date: /home/albert/umov_ws/install/arduino_msgs/share/arduino_msgs/cmake/export_arduino_msgs__rosidl_typesupport_fastrtps_cExport-noconfig.cmake
[1.731s] -- Up-to-date: /home/albert/umov_ws/install/arduino_msgs/share/arduino_msgs/cmake/export_arduino_msgs__rosidl_generator_cppExport.cmake
[1.732s] -- Up-to-date: /home/albert/umov_ws/install/arduino_msgs/share/arduino_msgs/cmake/export_arduino_msgs__rosidl_typesupport_fastrtps_cppExport.cmake
[1.732s] -- Up-to-date: /home/albert/umov_ws/install/arduino_msgs/share/arduino_msgs/cmake/export_arduino_msgs__rosidl_typesupport_fastrtps_cppExport-noconfig.cmake
[1.732s] -- Up-to-date: /home/albert/umov_ws/install/arduino_msgs/share/arduino_msgs/cmake/arduino_msgs__rosidl_typesupport_introspection_cExport.cmake
[1.732s] -- Up-to-date: /home/albert/umov_ws/install/arduino_msgs/share/arduino_msgs/cmake/arduino_msgs__rosidl_typesupport_introspection_cExport-noconfig.cmake
[1.732s] -- Up-to-date: /home/albert/umov_ws/install/arduino_msgs/share/arduino_msgs/cmake/arduino_msgs__rosidl_typesupport_cExport.cmake
[1.733s] -- Up-to-date: /home/albert/umov_ws/install/arduino_msgs/share/arduino_msgs/cmake/arduino_msgs__rosidl_typesupport_cExport-noconfig.cmake
[1.733s] -- Up-to-date: /home/albert/umov_ws/install/arduino_msgs/share/arduino_msgs/cmake/arduino_msgs__rosidl_typesupport_introspection_cppExport.cmake
[1.733s] -- Up-to-date: /home/albert/umov_ws/install/arduino_msgs/share/arduino_msgs/cmake/arduino_msgs__rosidl_typesupport_introspection_cppExport-noconfig.cmake
[1.734s] -- Up-to-date: /home/albert/umov_ws/install/arduino_msgs/share/arduino_msgs/cmake/arduino_msgs__rosidl_typesupport_cppExport.cmake
[1.736s] -- Up-to-date: /home/albert/umov_ws/install/arduino_msgs/share/arduino_msgs/cmake/arduino_msgs__rosidl_typesupport_cppExport-noconfig.cmake
[1.737s] -- Up-to-date: /home/albert/umov_ws/install/arduino_msgs/share/arduino_msgs/cmake/export_arduino_msgs__rosidl_generator_pyExport.cmake
[1.737s] -- Up-to-date: /home/albert/umov_ws/install/arduino_msgs/share/arduino_msgs/cmake/export_arduino_msgs__rosidl_generator_pyExport-noconfig.cmake
[1.737s] -- Up-to-date: /home/albert/umov_ws/install/arduino_msgs/share/arduino_msgs/cmake/rosidl_cmake-extras.cmake
[1.738s] -- Up-to-date: /home/albert/umov_ws/install/arduino_msgs/share/arduino_msgs/cmake/ament_cmake_export_dependencies-extras.cmake
[1.738s] -- Up-to-date: /home/albert/umov_ws/install/arduino_msgs/share/arduino_msgs/cmake/ament_cmake_export_include_directories-extras.cmake
[1.738s] -- Up-to-date: /home/albert/umov_ws/install/arduino_msgs/share/arduino_msgs/cmake/ament_cmake_export_libraries-extras.cmake
[1.738s] -- Up-to-date: /home/albert/umov_ws/install/arduino_msgs/share/arduino_msgs/cmake/ament_cmake_export_targets-extras.cmake
[1.739s] -- Up-to-date: /home/albert/umov_ws/install/arduino_msgs/share/arduino_msgs/cmake/rosidl_cmake_export_typesupport_targets-extras.cmake
[1.739s] -- Up-to-date: /home/albert/umov_ws/install/arduino_msgs/share/arduino_msgs/cmake/rosidl_cmake_export_typesupport_libraries-extras.cmake
[1.739s] -- Up-to-date: /home/albert/umov_ws/install/arduino_msgs/share/arduino_msgs/cmake/arduino_msgsConfig.cmake
[1.740s] -- Up-to-date: /home/albert/umov_ws/install/arduino_msgs/share/arduino_msgs/cmake/arduino_msgsConfig-version.cmake
[1.740s] -- Up-to-date: /home/albert/umov_ws/install/arduino_msgs/share/arduino_msgs/package.xml
[1.745s] Invoked command in '/home/albert/umov_ws/build/arduino_msgs' returned '0': CMAKE_PREFIX_PATH=${CMAKE_PREFIX_PATH}:/home/albert/ag_arm_ws/install/arm_py:/home/albert/ws_moveit2/install/moveit_configs_utils:/home/albert/ws_moveit2/install/launch_param_builder:/home/albert/umov_ws/install/arduino_py_examples:/home/albert/udem2_ws/install/actions_py:/home/albert/udem2_ws/install/lifecycle_py:/home/albert/udem2_ws/install/executors_py:/home/albert/udem2_ws/install/components_py:/home/albert/udem_ws/install/turtlesim_catcher:/home/albert/udem_ws/install/my_py_pkg:/home/albert/udem_ws/install/lifecycle_py:/home/albert/bcdc_ws/install/agbot_teleop:/home/albert/bcdc_ws/install/agbot_py:/home/albert/arduinobot_ws/install/arduinobot_py_examples:/opt/ros/humble /home/albert/.local/bin/cmake --install /home/albert/umov_ws/build/arduino_msgs
