[0.261s] Invoking command in '/home/albert/umov_ws/build/arduino_msgs': CMAKE_PREFIX_PATH=${CMAKE_PREFIX_PATH}:/home/albert/ag_arm_ws/install/arm_py:/home/albert/ws_moveit2/install/moveit_configs_utils:/home/albert/ws_moveit2/install/launch_param_builder:/home/albert/umov_ws/install/arduino_py_examples:/home/albert/udem2_ws/install/actions_py:/home/albert/udem2_ws/install/lifecycle_py:/home/albert/udem2_ws/install/executors_py:/home/albert/udem2_ws/install/components_py:/home/albert/udem_ws/install/turtlesim_catcher:/home/albert/udem_ws/install/my_py_pkg:/home/albert/udem_ws/install/lifecycle_py:/home/albert/bcdc_ws/install/agbot_teleop:/home/albert/bcdc_ws/install/agbot_py:/home/albert/arduinobot_ws/install/arduinobot_py_examples:/opt/ros/humble /home/albert/.local/bin/cmake --build /home/albert/umov_ws/build/arduino_msgs -- -j8 -l8
[0.450s] [  1%] Built target arduino_msgs__cpp
[0.558s] [ 12%] Built target arduino_msgs__rosidl_generator_c
[0.559s] [ 12%] Built target ament_cmake_python_copy_arduino_msgs
[0.590s] [ 23%] Built target arduino_msgs__rosidl_typesupport_cpp
[0.595s] [ 34%] Built target arduino_msgs__rosidl_typesupport_c
[0.595s] [ 46%] Built target arduino_msgs__rosidl_typesupport_introspection_cpp
[0.609s] [ 57%] Built target arduino_msgs__rosidl_typesupport_fastrtps_cpp
[0.615s] [ 68%] Built target arduino_msgs__rosidl_typesupport_fastrtps_c
[0.617s] [ 79%] Built target arduino_msgs__rosidl_typesupport_introspection_c
[0.698s] [ 79%] Built target arduino_msgs
[0.754s] [ 80%] Built target arduino_msgs__py
[0.844s] [ 90%] Built target arduino_msgs__rosidl_generator_py
[1.003s] [ 93%] Built target arduino_msgs__rosidl_typesupport_fastrtps_c__pyext
[1.003s] [ 96%] Built target arduino_msgs__rosidl_typesupport_introspection_c__pyext
[1.028s] [100%] Built target arduino_msgs__rosidl_typesupport_c__pyext
[2.223s] running egg_info
[2.228s] writing arduino_msgs.egg-info/PKG-INFO
[2.228s] writing dependency_links to arduino_msgs.egg-info/dependency_links.txt
[2.229s] writing top-level names to arduino_msgs.egg-info/top_level.txt
[2.242s] reading manifest file 'arduino_msgs.egg-info/SOURCES.txt'
[2.246s] writing manifest file 'arduino_msgs.egg-info/SOURCES.txt'
[2.326s] [100%] Built target ament_cmake_python_build_arduino_msgs_egg
[2.345s] Invoked command in '/home/albert/umov_ws/build/arduino_msgs' returned '0': CMAKE_PREFIX_PATH=${CMAKE_PREFIX_PATH}:/home/albert/ag_arm_ws/install/arm_py:/home/albert/ws_moveit2/install/moveit_configs_utils:/home/albert/ws_moveit2/install/launch_param_builder:/home/albert/umov_ws/install/arduino_py_examples:/home/albert/udem2_ws/install/actions_py:/home/albert/udem2_ws/install/lifecycle_py:/home/albert/udem2_ws/install/executors_py:/home/albert/udem2_ws/install/components_py:/home/albert/udem_ws/install/turtlesim_catcher:/home/albert/udem_ws/install/my_py_pkg:/home/albert/udem_ws/install/lifecycle_py:/home/albert/bcdc_ws/install/agbot_teleop:/home/albert/bcdc_ws/install/agbot_py:/home/albert/arduinobot_ws/install/arduinobot_py_examples:/opt/ros/humble /home/albert/.local/bin/cmake --build /home/albert/umov_ws/build/arduino_msgs -- -j8 -l8
[2.352s] Invoking command in '/home/albert/umov_ws/build/arduino_msgs': CMAKE_PREFIX_PATH=${CMAKE_PREFIX_PATH}:/home/albert/ag_arm_ws/install/arm_py:/home/albert/ws_moveit2/install/moveit_configs_utils:/home/albert/ws_moveit2/install/launch_param_builder:/home/albert/umov_ws/install/arduino_py_examples:/home/albert/udem2_ws/install/actions_py:/home/albert/udem2_ws/install/lifecycle_py:/home/albert/udem2_ws/install/executors_py:/home/albert/udem2_ws/install/components_py:/home/albert/udem_ws/install/turtlesim_catcher:/home/albert/udem_ws/install/my_py_pkg:/home/albert/udem_ws/install/lifecycle_py:/home/albert/bcdc_ws/install/agbot_teleop:/home/albert/bcdc_ws/install/agbot_py:/home/albert/arduinobot_ws/install/arduinobot_py_examples:/opt/ros/humble /home/albert/.local/bin/cmake --install /home/albert/umov_ws/build/arduino_msgs
[2.366s] -- Install configuration: ""
[2.366s] -- Up-to-date: /home/albert/umov_ws/install/arduino_msgs/share/ament_index/resource_index/rosidl_interfaces/arduino_msgs
[2.367s] -- Up-to-date: /home/albert/umov_ws/install/arduino_msgs/include/arduino_msgs/arduino_msgs
[2.367s] -- Up-to-date: /home/albert/umov_ws/install/arduino_msgs/include/arduino_msgs/arduino_msgs/msg
[2.368s] -- Up-to-date: /home/albert/umov_ws/install/arduino_msgs/include/arduino_msgs/arduino_msgs/msg/rosidl_generator_c__visibility_control.h
[2.369s] -- Up-to-date: /home/albert/umov_ws/install/arduino_msgs/include/arduino_msgs/arduino_msgs/action
[2.369s] -- Up-to-date: /home/albert/umov_ws/install/arduino_msgs/include/arduino_msgs/arduino_msgs/action/arduino_task.h
[2.370s] -- Up-to-date: /home/albert/umov_ws/install/arduino_msgs/include/arduino_msgs/arduino_msgs/action/fibonacci.h
[2.371s] -- Up-to-date: /home/albert/umov_ws/install/arduino_msgs/include/arduino_msgs/arduino_msgs/action/detail
[2.371s] -- Up-to-date: /home/albert/umov_ws/install/arduino_msgs/include/arduino_msgs/arduino_msgs/action/detail/fibonacci__functions.c
[2.372s] -- Up-to-date: /home/albert/umov_ws/install/arduino_msgs/include/arduino_msgs/arduino_msgs/action/detail/arduino_task__struct.h
[2.372s] -- Up-to-date: /home/albert/umov_ws/install/arduino_msgs/include/arduino_msgs/arduino_msgs/action/detail/fibonacci__type_support.h
[2.372s] -- Up-to-date: /home/albert/umov_ws/install/arduino_msgs/include/arduino_msgs/arduino_msgs/action/detail/fibonacci__struct.h
[2.372s] -- Up-to-date: /home/albert/umov_ws/install/arduino_msgs/include/arduino_msgs/arduino_msgs/action/detail/arduino_task__functions.c
[2.373s] -- Up-to-date: /home/albert/umov_ws/install/arduino_msgs/include/arduino_msgs/arduino_msgs/action/detail/fibonacci__functions.h
[2.373s] -- Up-to-date: /home/albert/umov_ws/install/arduino_msgs/include/arduino_msgs/arduino_msgs/action/detail/arduino_task__functions.h
[2.373s] -- Up-to-date: /home/albert/umov_ws/install/arduino_msgs/include/arduino_msgs/arduino_msgs/action/detail/arduino_task__type_support.h
[2.373s] -- Up-to-date: /home/albert/umov_ws/install/arduino_msgs/include/arduino_msgs/arduino_msgs/srv
[2.373s] -- Up-to-date: /home/albert/umov_ws/install/arduino_msgs/include/arduino_msgs/arduino_msgs/srv/quaternion_to_euler.h
[2.373s] -- Up-to-date: /home/albert/umov_ws/install/arduino_msgs/include/arduino_msgs/arduino_msgs/srv/detail
[2.374s] -- Up-to-date: /home/albert/umov_ws/install/arduino_msgs/include/arduino_msgs/arduino_msgs/srv/detail/euler_to_quaternion__functions.c
[2.374s] -- Up-to-date: /home/albert/umov_ws/install/arduino_msgs/include/arduino_msgs/arduino_msgs/srv/detail/add_two_ints__functions.h
[2.374s] -- Up-to-date: /home/albert/umov_ws/install/arduino_msgs/include/arduino_msgs/arduino_msgs/srv/detail/euler_to_quaternion__struct.h
[2.374s] -- Up-to-date: /home/albert/umov_ws/install/arduino_msgs/include/arduino_msgs/arduino_msgs/srv/detail/add_two_ints__functions.c
[2.375s] -- Up-to-date: /home/albert/umov_ws/install/arduino_msgs/include/arduino_msgs/arduino_msgs/srv/detail/quaternion_to_euler__functions.c
[2.375s] -- Up-to-date: /home/albert/umov_ws/install/arduino_msgs/include/arduino_msgs/arduino_msgs/srv/detail/euler_to_quaternion__functions.h
[2.375s] -- Up-to-date: /home/albert/umov_ws/install/arduino_msgs/include/arduino_msgs/arduino_msgs/srv/detail/quaternion_to_euler__functions.h
[2.376s] -- Up-to-date: /home/albert/umov_ws/install/arduino_msgs/include/arduino_msgs/arduino_msgs/srv/detail/quaternion_to_euler__type_support.h
[2.376s] -- Up-to-date: /home/albert/umov_ws/install/arduino_msgs/include/arduino_msgs/arduino_msgs/srv/detail/add_two_ints__type_support.h
[2.376s] -- Up-to-date: /home/albert/umov_ws/install/arduino_msgs/include/arduino_msgs/arduino_msgs/srv/detail/euler_to_quaternion__type_support.h
[2.376s] -- Up-to-date: /home/albert/umov_ws/install/arduino_msgs/include/arduino_msgs/arduino_msgs/srv/detail/quaternion_to_euler__struct.h
[2.377s] -- Up-to-date: /home/albert/umov_ws/install/arduino_msgs/include/arduino_msgs/arduino_msgs/srv/detail/add_two_ints__struct.h
[2.377s] -- Up-to-date: /home/albert/umov_ws/install/arduino_msgs/include/arduino_msgs/arduino_msgs/srv/euler_to_quaternion.h
[2.377s] -- Up-to-date: /home/albert/umov_ws/install/arduino_msgs/include/arduino_msgs/arduino_msgs/srv/add_two_ints.h
[2.377s] -- Up-to-date: /home/albert/umov_ws/install/arduino_msgs/share/arduino_msgs/environment/library_path.sh
[2.377s] -- Up-to-date: /home/albert/umov_ws/install/arduino_msgs/share/arduino_msgs/environment/library_path.dsv
[2.378s] -- Up-to-date: /home/albert/umov_ws/install/arduino_msgs/lib/libarduino_msgs__rosidl_generator_c.so
[2.378s] -- Up-to-date: /home/albert/umov_ws/install/arduino_msgs/include/arduino_msgs/arduino_msgs
[2.378s] -- Up-to-date: /home/albert/umov_ws/install/arduino_msgs/include/arduino_msgs/arduino_msgs/msg
[2.378s] -- Up-to-date: /home/albert/umov_ws/install/arduino_msgs/include/arduino_msgs/arduino_msgs/msg/rosidl_typesupport_fastrtps_c__visibility_control.h
[2.378s] -- Up-to-date: /home/albert/umov_ws/install/arduino_msgs/include/arduino_msgs/arduino_msgs/action
[2.379s] -- Up-to-date: /home/albert/umov_ws/install/arduino_msgs/include/arduino_msgs/arduino_msgs/action/detail
[2.380s] -- Up-to-date: /home/albert/umov_ws/install/arduino_msgs/include/arduino_msgs/arduino_msgs/action/detail/arduino_task__rosidl_typesupport_fastrtps_c.h
[2.381s] -- Up-to-date: /home/albert/umov_ws/install/arduino_msgs/include/arduino_msgs/arduino_msgs/action/detail/fibonacci__rosidl_typesupport_fastrtps_c.h
[2.382s] -- Up-to-date: /home/albert/umov_ws/install/arduino_msgs/include/arduino_msgs/arduino_msgs/srv
[2.382s] -- Up-to-date: /home/albert/umov_ws/install/arduino_msgs/include/arduino_msgs/arduino_msgs/srv/detail
[2.382s] -- Up-to-date: /home/albert/umov_ws/install/arduino_msgs/include/arduino_msgs/arduino_msgs/srv/detail/add_two_ints__rosidl_typesupport_fastrtps_c.h
[2.382s] -- Up-to-date: /home/albert/umov_ws/install/arduino_msgs/include/arduino_msgs/arduino_msgs/srv/detail/euler_to_quaternion__rosidl_typesupport_fastrtps_c.h
[2.382s] -- Up-to-date: /home/albert/umov_ws/install/arduino_msgs/include/arduino_msgs/arduino_msgs/srv/detail/quaternion_to_euler__rosidl_typesupport_fastrtps_c.h
[2.383s] -- Up-to-date: /home/albert/umov_ws/install/arduino_msgs/lib/libarduino_msgs__rosidl_typesupport_fastrtps_c.so
[2.383s] -- Up-to-date: /home/albert/umov_ws/install/arduino_msgs/include/arduino_msgs/arduino_msgs
[2.383s] -- Up-to-date: /home/albert/umov_ws/install/arduino_msgs/include/arduino_msgs/arduino_msgs/msg
[2.383s] -- Up-to-date: /home/albert/umov_ws/install/arduino_msgs/include/arduino_msgs/arduino_msgs/msg/rosidl_generator_cpp__visibility_control.hpp
[2.383s] -- Up-to-date: /home/albert/umov_ws/install/arduino_msgs/include/arduino_msgs/arduino_msgs/action
[2.384s] -- Up-to-date: /home/albert/umov_ws/install/arduino_msgs/include/arduino_msgs/arduino_msgs/action/arduino_task.hpp
[2.384s] -- Up-to-date: /home/albert/umov_ws/install/arduino_msgs/include/arduino_msgs/arduino_msgs/action/fibonacci.hpp
[2.384s] -- Up-to-date: /home/albert/umov_ws/install/arduino_msgs/include/arduino_msgs/arduino_msgs/action/detail
[2.385s] -- Up-to-date: /home/albert/umov_ws/install/arduino_msgs/include/arduino_msgs/arduino_msgs/action/detail/fibonacci__type_support.hpp
[2.385s] -- Up-to-date: /home/albert/umov_ws/install/arduino_msgs/include/arduino_msgs/arduino_msgs/action/detail/arduino_task__builder.hpp
[2.385s] -- Up-to-date: /home/albert/umov_ws/install/arduino_msgs/include/arduino_msgs/arduino_msgs/action/detail/fibonacci__builder.hpp
[2.387s] -- Up-to-date: /home/albert/umov_ws/install/arduino_msgs/include/arduino_msgs/arduino_msgs/action/detail/arduino_task__type_support.hpp
[2.387s] -- Up-to-date: /home/albert/umov_ws/install/arduino_msgs/include/arduino_msgs/arduino_msgs/action/detail/fibonacci__struct.hpp
[2.388s] -- Up-to-date: /home/albert/umov_ws/install/arduino_msgs/include/arduino_msgs/arduino_msgs/action/detail/arduino_task__struct.hpp
[2.388s] -- Up-to-date: /home/albert/umov_ws/install/arduino_msgs/include/arduino_msgs/arduino_msgs/action/detail/arduino_task__traits.hpp
[2.388s] -- Up-to-date: /home/albert/umov_ws/install/arduino_msgs/include/arduino_msgs/arduino_msgs/action/detail/fibonacci__traits.hpp
[2.388s] -- Up-to-date: /home/albert/umov_ws/install/arduino_msgs/include/arduino_msgs/arduino_msgs/srv
[2.389s] -- Up-to-date: /home/albert/umov_ws/install/arduino_msgs/include/arduino_msgs/arduino_msgs/srv/euler_to_quaternion.hpp
[2.389s] -- Up-to-date: /home/albert/umov_ws/install/arduino_msgs/include/arduino_msgs/arduino_msgs/srv/detail
[2.389s] -- Up-to-date: /home/albert/umov_ws/install/arduino_msgs/include/arduino_msgs/arduino_msgs/srv/detail/quaternion_to_euler__struct.hpp
[2.389s] -- Up-to-date: /home/albert/umov_ws/install/arduino_msgs/include/arduino_msgs/arduino_msgs/srv/detail/quaternion_to_euler__builder.hpp
[2.390s] -- Up-to-date: /home/albert/umov_ws/install/arduino_msgs/include/arduino_msgs/arduino_msgs/srv/detail/euler_to_quaternion__traits.hpp
[2.390s] -- Up-to-date: /home/albert/umov_ws/install/arduino_msgs/include/arduino_msgs/arduino_msgs/srv/detail/add_two_ints__type_support.hpp
[2.391s] -- Up-to-date: /home/albert/umov_ws/install/arduino_msgs/include/arduino_msgs/arduino_msgs/srv/detail/add_two_ints__builder.hpp
[2.391s] -- Up-to-date: /home/albert/umov_ws/install/arduino_msgs/include/arduino_msgs/arduino_msgs/srv/detail/euler_to_quaternion__type_support.hpp
[2.391s] -- Up-to-date: /home/albert/umov_ws/install/arduino_msgs/include/arduino_msgs/arduino_msgs/srv/detail/quaternion_to_euler__traits.hpp
[2.392s] -- Up-to-date: /home/albert/umov_ws/install/arduino_msgs/include/arduino_msgs/arduino_msgs/srv/detail/euler_to_quaternion__builder.hpp
[2.392s] -- Up-to-date: /home/albert/umov_ws/install/arduino_msgs/include/arduino_msgs/arduino_msgs/srv/detail/add_two_ints__traits.hpp
[2.392s] -- Up-to-date: /home/albert/umov_ws/install/arduino_msgs/include/arduino_msgs/arduino_msgs/srv/detail/add_two_ints__struct.hpp
[2.393s] -- Up-to-date: /home/albert/umov_ws/install/arduino_msgs/include/arduino_msgs/arduino_msgs/srv/detail/euler_to_quaternion__struct.hpp
[2.394s] -- Up-to-date: /home/albert/umov_ws/install/arduino_msgs/include/arduino_msgs/arduino_msgs/srv/detail/quaternion_to_euler__type_support.hpp
[2.394s] -- Up-to-date: /home/albert/umov_ws/install/arduino_msgs/include/arduino_msgs/arduino_msgs/srv/quaternion_to_euler.hpp
[2.395s] -- Up-to-date: /home/albert/umov_ws/install/arduino_msgs/include/arduino_msgs/arduino_msgs/srv/add_two_ints.hpp
[2.396s] -- Up-to-date: /home/albert/umov_ws/install/arduino_msgs/include/arduino_msgs/arduino_msgs
[2.397s] -- Up-to-date: /home/albert/umov_ws/install/arduino_msgs/include/arduino_msgs/arduino_msgs/msg
[2.399s] -- Up-to-date: /home/albert/umov_ws/install/arduino_msgs/include/arduino_msgs/arduino_msgs/msg/rosidl_typesupport_fastrtps_cpp__visibility_control.h
[2.401s] -- Up-to-date: /home/albert/umov_ws/install/arduino_msgs/include/arduino_msgs/arduino_msgs/action
[2.403s] -- Up-to-date: /home/albert/umov_ws/install/arduino_msgs/include/arduino_msgs/arduino_msgs/action/detail
[2.403s] -- Up-to-date: /home/albert/umov_ws/install/arduino_msgs/include/arduino_msgs/arduino_msgs/action/detail/arduino_task__rosidl_typesupport_fastrtps_cpp.hpp
[2.403s] -- Up-to-date: /home/albert/umov_ws/install/arduino_msgs/include/arduino_msgs/arduino_msgs/action/detail/dds_fastrtps
[2.404s] -- Up-to-date: /home/albert/umov_ws/install/arduino_msgs/include/arduino_msgs/arduino_msgs/action/detail/fibonacci__rosidl_typesupport_fastrtps_cpp.hpp
[2.404s] -- Up-to-date: /home/albert/umov_ws/install/arduino_msgs/include/arduino_msgs/arduino_msgs/srv
[2.406s] -- Up-to-date: /home/albert/umov_ws/install/arduino_msgs/include/arduino_msgs/arduino_msgs/srv/detail
[2.408s] -- Up-to-date: /home/albert/umov_ws/install/arduino_msgs/include/arduino_msgs/arduino_msgs/srv/detail/euler_to_quaternion__rosidl_typesupport_fastrtps_cpp.hpp
[2.409s] -- Up-to-date: /home/albert/umov_ws/install/arduino_msgs/include/arduino_msgs/arduino_msgs/srv/detail/quaternion_to_euler__rosidl_typesupport_fastrtps_cpp.hpp
[2.409s] -- Up-to-date: /home/albert/umov_ws/install/arduino_msgs/include/arduino_msgs/arduino_msgs/srv/detail/dds_fastrtps
[2.409s] -- Up-to-date: /home/albert/umov_ws/install/arduino_msgs/include/arduino_msgs/arduino_msgs/srv/detail/add_two_ints__rosidl_typesupport_fastrtps_cpp.hpp
[2.410s] -- Up-to-date: /home/albert/umov_ws/install/arduino_msgs/lib/libarduino_msgs__rosidl_typesupport_fastrtps_cpp.so
[2.410s] -- Up-to-date: /home/albert/umov_ws/install/arduino_msgs/include/arduino_msgs/arduino_msgs
[2.410s] -- Up-to-date: /home/albert/umov_ws/install/arduino_msgs/include/arduino_msgs/arduino_msgs/msg
[2.410s] -- Up-to-date: /home/albert/umov_ws/install/arduino_msgs/include/arduino_msgs/arduino_msgs/msg/rosidl_typesupport_introspection_c__visibility_control.h
[2.410s] -- Up-to-date: /home/albert/umov_ws/install/arduino_msgs/include/arduino_msgs/arduino_msgs/action
[2.411s] -- Up-to-date: /home/albert/umov_ws/install/arduino_msgs/include/arduino_msgs/arduino_msgs/action/detail
[2.412s] -- Up-to-date: /home/albert/umov_ws/install/arduino_msgs/include/arduino_msgs/arduino_msgs/action/detail/arduino_task__type_support.c
[2.413s] -- Up-to-date: /home/albert/umov_ws/install/arduino_msgs/include/arduino_msgs/arduino_msgs/action/detail/fibonacci__type_support.c
[2.414s] -- Up-to-date: /home/albert/umov_ws/install/arduino_msgs/include/arduino_msgs/arduino_msgs/action/detail/fibonacci__rosidl_typesupport_introspection_c.h
[2.414s] -- Up-to-date: /home/albert/umov_ws/install/arduino_msgs/include/arduino_msgs/arduino_msgs/action/detail/arduino_task__rosidl_typesupport_introspection_c.h
[2.414s] -- Up-to-date: /home/albert/umov_ws/install/arduino_msgs/include/arduino_msgs/arduino_msgs/srv
[2.414s] -- Up-to-date: /home/albert/umov_ws/install/arduino_msgs/include/arduino_msgs/arduino_msgs/srv/detail
[2.415s] -- Up-to-date: /home/albert/umov_ws/install/arduino_msgs/include/arduino_msgs/arduino_msgs/srv/detail/add_two_ints__rosidl_typesupport_introspection_c.h
[2.415s] -- Up-to-date: /home/albert/umov_ws/install/arduino_msgs/include/arduino_msgs/arduino_msgs/srv/detail/euler_to_quaternion__type_support.c
[2.415s] -- Up-to-date: /home/albert/umov_ws/install/arduino_msgs/include/arduino_msgs/arduino_msgs/srv/detail/add_two_ints__type_support.c
[2.416s] -- Up-to-date: /home/albert/umov_ws/install/arduino_msgs/include/arduino_msgs/arduino_msgs/srv/detail/quaternion_to_euler__type_support.c
[2.416s] -- Up-to-date: /home/albert/umov_ws/install/arduino_msgs/include/arduino_msgs/arduino_msgs/srv/detail/quaternion_to_euler__rosidl_typesupport_introspection_c.h
[2.416s] -- Up-to-date: /home/albert/umov_ws/install/arduino_msgs/include/arduino_msgs/arduino_msgs/srv/detail/euler_to_quaternion__rosidl_typesupport_introspection_c.h
[2.416s] -- Up-to-date: /home/albert/umov_ws/install/arduino_msgs/lib/libarduino_msgs__rosidl_typesupport_introspection_c.so
[2.417s] -- Up-to-date: /home/albert/umov_ws/install/arduino_msgs/lib/libarduino_msgs__rosidl_typesupport_c.so
[2.417s] -- Up-to-date: /home/albert/umov_ws/install/arduino_msgs/include/arduino_msgs/arduino_msgs
[2.417s] -- Up-to-date: /home/albert/umov_ws/install/arduino_msgs/include/arduino_msgs/arduino_msgs/action
[2.417s] -- Up-to-date: /home/albert/umov_ws/install/arduino_msgs/include/arduino_msgs/arduino_msgs/action/detail
[2.418s] -- Up-to-date: /home/albert/umov_ws/install/arduino_msgs/include/arduino_msgs/arduino_msgs/action/detail/arduino_task__type_support.cpp
[2.418s] -- Up-to-date: /home/albert/umov_ws/install/arduino_msgs/include/arduino_msgs/arduino_msgs/action/detail/fibonacci__type_support.cpp
[2.418s] -- Up-to-date: /home/albert/umov_ws/install/arduino_msgs/include/arduino_msgs/arduino_msgs/action/detail/fibonacci__rosidl_typesupport_introspection_cpp.hpp
[2.418s] -- Up-to-date: /home/albert/umov_ws/install/arduino_msgs/include/arduino_msgs/arduino_msgs/action/detail/arduino_task__rosidl_typesupport_introspection_cpp.hpp
[2.419s] -- Up-to-date: /home/albert/umov_ws/install/arduino_msgs/include/arduino_msgs/arduino_msgs/srv
[2.419s] -- Up-to-date: /home/albert/umov_ws/install/arduino_msgs/include/arduino_msgs/arduino_msgs/srv/detail
[2.421s] -- Up-to-date: /home/albert/umov_ws/install/arduino_msgs/include/arduino_msgs/arduino_msgs/srv/detail/euler_to_quaternion__rosidl_typesupport_introspection_cpp.hpp
[2.422s] -- Up-to-date: /home/albert/umov_ws/install/arduino_msgs/include/arduino_msgs/arduino_msgs/srv/detail/euler_to_quaternion__type_support.cpp
[2.422s] -- Up-to-date: /home/albert/umov_ws/install/arduino_msgs/include/arduino_msgs/arduino_msgs/srv/detail/add_two_ints__type_support.cpp
[2.422s] -- Up-to-date: /home/albert/umov_ws/install/arduino_msgs/include/arduino_msgs/arduino_msgs/srv/detail/quaternion_to_euler__type_support.cpp
[2.422s] -- Up-to-date: /home/albert/umov_ws/install/arduino_msgs/include/arduino_msgs/arduino_msgs/srv/detail/quaternion_to_euler__rosidl_typesupport_introspection_cpp.hpp
[2.423s] -- Up-to-date: /home/albert/umov_ws/install/arduino_msgs/include/arduino_msgs/arduino_msgs/srv/detail/add_two_ints__rosidl_typesupport_introspection_cpp.hpp
[2.423s] -- Up-to-date: /home/albert/umov_ws/install/arduino_msgs/lib/libarduino_msgs__rosidl_typesupport_introspection_cpp.so
[2.423s] -- Up-to-date: /home/albert/umov_ws/install/arduino_msgs/lib/libarduino_msgs__rosidl_typesupport_cpp.so
[2.424s] -- Up-to-date: /home/albert/umov_ws/install/arduino_msgs/share/arduino_msgs/environment/pythonpath.sh
[2.424s] -- Up-to-date: /home/albert/umov_ws/install/arduino_msgs/share/arduino_msgs/environment/pythonpath.dsv
[2.424s] -- Up-to-date: /home/albert/umov_ws/install/arduino_msgs/local/lib/python3.10/dist-packages/arduino_msgs-0.0.0-py3.10.egg-info
[2.424s] -- Installing: /home/albert/umov_ws/install/arduino_msgs/local/lib/python3.10/dist-packages/arduino_msgs-0.0.0-py3.10.egg-info/SOURCES.txt
[2.425s] -- Installing: /home/albert/umov_ws/install/arduino_msgs/local/lib/python3.10/dist-packages/arduino_msgs-0.0.0-py3.10.egg-info/top_level.txt
[2.425s] -- Installing: /home/albert/umov_ws/install/arduino_msgs/local/lib/python3.10/dist-packages/arduino_msgs-0.0.0-py3.10.egg-info/PKG-INFO
[2.425s] -- Installing: /home/albert/umov_ws/install/arduino_msgs/local/lib/python3.10/dist-packages/arduino_msgs-0.0.0-py3.10.egg-info/dependency_links.txt
[2.425s] -- Up-to-date: /home/albert/umov_ws/install/arduino_msgs/local/lib/python3.10/dist-packages/arduino_msgs
[2.425s] -- Up-to-date: /home/albert/umov_ws/install/arduino_msgs/local/lib/python3.10/dist-packages/arduino_msgs/libarduino_msgs__rosidl_generator_py.so
[2.426s] -- Up-to-date: /home/albert/umov_ws/install/arduino_msgs/local/lib/python3.10/dist-packages/arduino_msgs/__init__.py
[2.426s] -- Up-to-date: /home/albert/umov_ws/install/arduino_msgs/local/lib/python3.10/dist-packages/arduino_msgs/action
[2.427s] -- Up-to-date: /home/albert/umov_ws/install/arduino_msgs/local/lib/python3.10/dist-packages/arduino_msgs/action/__init__.py
[2.428s] -- Up-to-date: /home/albert/umov_ws/install/arduino_msgs/local/lib/python3.10/dist-packages/arduino_msgs/action/_fibonacci_s.c
[2.429s] -- Up-to-date: /home/albert/umov_ws/install/arduino_msgs/local/lib/python3.10/dist-packages/arduino_msgs/action/_arduino_task.py
[2.429s] -- Up-to-date: /home/albert/umov_ws/install/arduino_msgs/local/lib/python3.10/dist-packages/arduino_msgs/action/_arduino_task_s.c
[2.429s] -- Up-to-date: /home/albert/umov_ws/install/arduino_msgs/local/lib/python3.10/dist-packages/arduino_msgs/action/_fibonacci.py
[2.430s] -- Up-to-date: /home/albert/umov_ws/install/arduino_msgs/local/lib/python3.10/dist-packages/arduino_msgs/arduino_msgs_s__rosidl_typesupport_introspection_c.cpython-310-x86_64-linux-gnu.so
[2.430s] -- Up-to-date: /home/albert/umov_ws/install/arduino_msgs/local/lib/python3.10/dist-packages/arduino_msgs/_arduino_msgs_s.ep.rosidl_typesupport_c.c
[2.430s] -- Up-to-date: /home/albert/umov_ws/install/arduino_msgs/local/lib/python3.10/dist-packages/arduino_msgs/arduino_msgs_s__rosidl_typesupport_fastrtps_c.cpython-310-x86_64-linux-gnu.so
[2.430s] -- Up-to-date: /home/albert/umov_ws/install/arduino_msgs/local/lib/python3.10/dist-packages/arduino_msgs/_arduino_msgs_s.ep.rosidl_typesupport_fastrtps_c.c
[2.431s] -- Up-to-date: /home/albert/umov_ws/install/arduino_msgs/local/lib/python3.10/dist-packages/arduino_msgs/arduino_msgs_s__rosidl_typesupport_c.cpython-310-x86_64-linux-gnu.so
[2.431s] -- Up-to-date: /home/albert/umov_ws/install/arduino_msgs/local/lib/python3.10/dist-packages/arduino_msgs/_arduino_msgs_s.ep.rosidl_typesupport_introspection_c.c
[2.431s] -- Up-to-date: /home/albert/umov_ws/install/arduino_msgs/local/lib/python3.10/dist-packages/arduino_msgs/srv
[2.431s] -- Up-to-date: /home/albert/umov_ws/install/arduino_msgs/local/lib/python3.10/dist-packages/arduino_msgs/srv/_quaternion_to_euler_s.c
[2.432s] -- Up-to-date: /home/albert/umov_ws/install/arduino_msgs/local/lib/python3.10/dist-packages/arduino_msgs/srv/_euler_to_quaternion.py
[2.432s] -- Up-to-date: /home/albert/umov_ws/install/arduino_msgs/local/lib/python3.10/dist-packages/arduino_msgs/srv/__init__.py
[2.432s] -- Up-to-date: /home/albert/umov_ws/install/arduino_msgs/local/lib/python3.10/dist-packages/arduino_msgs/srv/_quaternion_to_euler.py
[2.432s] -- Up-to-date: /home/albert/umov_ws/install/arduino_msgs/local/lib/python3.10/dist-packages/arduino_msgs/srv/_add_two_ints_s.c
[2.433s] -- Up-to-date: /home/albert/umov_ws/install/arduino_msgs/local/lib/python3.10/dist-packages/arduino_msgs/srv/_add_two_ints.py
[2.433s] -- Up-to-date: /home/albert/umov_ws/install/arduino_msgs/local/lib/python3.10/dist-packages/arduino_msgs/srv/_euler_to_quaternion_s.c
[2.573s] Listing '/home/albert/umov_ws/install/arduino_msgs/local/lib/python3.10/dist-packages/arduino_msgs'...
[2.573s] Listing '/home/albert/umov_ws/install/arduino_msgs/local/lib/python3.10/dist-packages/arduino_msgs/action'...
[2.574s] Listing '/home/albert/umov_ws/install/arduino_msgs/local/lib/python3.10/dist-packages/arduino_msgs/srv'...
[2.587s] -- Up-to-date: /home/albert/umov_ws/install/arduino_msgs/local/lib/python3.10/dist-packages/arduino_msgs/arduino_msgs_s__rosidl_typesupport_fastrtps_c.cpython-310-x86_64-linux-gnu.so
[2.595s] -- Up-to-date: /home/albert/umov_ws/install/arduino_msgs/local/lib/python3.10/dist-packages/arduino_msgs/arduino_msgs_s__rosidl_typesupport_introspection_c.cpython-310-x86_64-linux-gnu.so
[2.595s] -- Up-to-date: /home/albert/umov_ws/install/arduino_msgs/local/lib/python3.10/dist-packages/arduino_msgs/arduino_msgs_s__rosidl_typesupport_c.cpython-310-x86_64-linux-gnu.so
[2.596s] -- Up-to-date: /home/albert/umov_ws/install/arduino_msgs/lib/libarduino_msgs__rosidl_generator_py.so
[2.596s] -- Up-to-date: /home/albert/umov_ws/install/arduino_msgs/share/arduino_msgs/srv/AddTwoInts.idl
[2.596s] -- Up-to-date: /home/albert/umov_ws/install/arduino_msgs/share/arduino_msgs/srv/EulerToQuaternion.idl
[2.596s] -- Up-to-date: /home/albert/umov_ws/install/arduino_msgs/share/arduino_msgs/srv/QuaternionToEuler.idl
[2.597s] -- Up-to-date: /home/albert/umov_ws/install/arduino_msgs/share/arduino_msgs/action/Fibonacci.idl
[2.597s] -- Up-to-date: /home/albert/umov_ws/install/arduino_msgs/share/arduino_msgs/action/ArduinoTask.idl
[2.597s] -- Up-to-date: /home/albert/umov_ws/install/arduino_msgs/share/arduino_msgs/srv/AddTwoInts.srv
[2.604s] -- Up-to-date: /home/albert/umov_ws/install/arduino_msgs/share/arduino_msgs/srv/AddTwoInts_Request.msg
[2.605s] -- Up-to-date: /home/albert/umov_ws/install/arduino_msgs/share/arduino_msgs/srv/AddTwoInts_Response.msg
[2.606s] -- Up-to-date: /home/albert/umov_ws/install/arduino_msgs/share/arduino_msgs/srv/EulerToQuaternion.srv
[2.606s] -- Up-to-date: /home/albert/umov_ws/install/arduino_msgs/share/arduino_msgs/srv/EulerToQuaternion_Request.msg
[2.607s] -- Up-to-date: /home/albert/umov_ws/install/arduino_msgs/share/arduino_msgs/srv/EulerToQuaternion_Response.msg
[2.607s] -- Up-to-date: /home/albert/umov_ws/install/arduino_msgs/share/arduino_msgs/srv/QuaternionToEuler.srv
[2.607s] -- Up-to-date: /home/albert/umov_ws/install/arduino_msgs/share/arduino_msgs/srv/QuaternionToEuler_Request.msg
[2.608s] -- Up-to-date: /home/albert/umov_ws/install/arduino_msgs/share/arduino_msgs/srv/QuaternionToEuler_Response.msg
[2.609s] -- Up-to-date: /home/albert/umov_ws/install/arduino_msgs/share/arduino_msgs/action/Fibonacci.action
[2.609s] -- Up-to-date: /home/albert/umov_ws/install/arduino_msgs/share/arduino_msgs/action/ArduinoTask.action
[2.610s] -- Up-to-date: /home/albert/umov_ws/install/arduino_msgs/share/ament_index/resource_index/package_run_dependencies/arduino_msgs
[2.610s] -- Up-to-date: /home/albert/umov_ws/install/arduino_msgs/share/ament_index/resource_index/parent_prefix_path/arduino_msgs
[2.614s] -- Up-to-date: /home/albert/umov_ws/install/arduino_msgs/share/arduino_msgs/environment/ament_prefix_path.sh
[2.615s] -- Up-to-date: /home/albert/umov_ws/install/arduino_msgs/share/arduino_msgs/environment/ament_prefix_path.dsv
[2.616s] -- Up-to-date: /home/albert/umov_ws/install/arduino_msgs/share/arduino_msgs/environment/path.sh
[2.616s] -- Up-to-date: /home/albert/umov_ws/install/arduino_msgs/share/arduino_msgs/environment/path.dsv
[2.617s] -- Up-to-date: /home/albert/umov_ws/install/arduino_msgs/share/arduino_msgs/local_setup.bash
[2.617s] -- Up-to-date: /home/albert/umov_ws/install/arduino_msgs/share/arduino_msgs/local_setup.sh
[2.617s] -- Up-to-date: /home/albert/umov_ws/install/arduino_msgs/share/arduino_msgs/local_setup.zsh
[2.618s] -- Up-to-date: /home/albert/umov_ws/install/arduino_msgs/share/arduino_msgs/local_setup.dsv
[2.618s] -- Installing: /home/albert/umov_ws/install/arduino_msgs/share/arduino_msgs/package.dsv
[2.618s] -- Up-to-date: /home/albert/umov_ws/install/arduino_msgs/share/ament_index/resource_index/packages/arduino_msgs
[2.618s] -- Up-to-date: /home/albert/umov_ws/install/arduino_msgs/share/arduino_msgs/cmake/export_arduino_msgs__rosidl_generator_cExport.cmake
[2.619s] -- Up-to-date: /home/albert/umov_ws/install/arduino_msgs/share/arduino_msgs/cmake/export_arduino_msgs__rosidl_generator_cExport-noconfig.cmake
[2.619s] -- Up-to-date: /home/albert/umov_ws/install/arduino_msgs/share/arduino_msgs/cmake/export_arduino_msgs__rosidl_typesupport_fastrtps_cExport.cmake
[2.621s] -- Up-to-date: /home/albert/umov_ws/install/arduino_msgs/share/arduino_msgs/cmake/export_arduino_msgs__rosidl_typesupport_fastrtps_cExport-noconfig.cmake
[2.622s] -- Up-to-date: /home/albert/umov_ws/install/arduino_msgs/share/arduino_msgs/cmake/export_arduino_msgs__rosidl_generator_cppExport.cmake
[2.622s] -- Up-to-date: /home/albert/umov_ws/install/arduino_msgs/share/arduino_msgs/cmake/export_arduino_msgs__rosidl_typesupport_fastrtps_cppExport.cmake
[2.623s] -- Up-to-date: /home/albert/umov_ws/install/arduino_msgs/share/arduino_msgs/cmake/export_arduino_msgs__rosidl_typesupport_fastrtps_cppExport-noconfig.cmake
[2.624s] -- Up-to-date: /home/albert/umov_ws/install/arduino_msgs/share/arduino_msgs/cmake/arduino_msgs__rosidl_typesupport_introspection_cExport.cmake
[2.624s] -- Up-to-date: /home/albert/umov_ws/install/arduino_msgs/share/arduino_msgs/cmake/arduino_msgs__rosidl_typesupport_introspection_cExport-noconfig.cmake
[2.625s] -- Up-to-date: /home/albert/umov_ws/install/arduino_msgs/share/arduino_msgs/cmake/arduino_msgs__rosidl_typesupport_cExport.cmake
[2.625s] -- Up-to-date: /home/albert/umov_ws/install/arduino_msgs/share/arduino_msgs/cmake/arduino_msgs__rosidl_typesupport_cExport-noconfig.cmake
[2.626s] -- Up-to-date: /home/albert/umov_ws/install/arduino_msgs/share/arduino_msgs/cmake/arduino_msgs__rosidl_typesupport_introspection_cppExport.cmake
[2.627s] -- Up-to-date: /home/albert/umov_ws/install/arduino_msgs/share/arduino_msgs/cmake/arduino_msgs__rosidl_typesupport_introspection_cppExport-noconfig.cmake
[2.627s] -- Up-to-date: /home/albert/umov_ws/install/arduino_msgs/share/arduino_msgs/cmake/arduino_msgs__rosidl_typesupport_cppExport.cmake
[2.627s] -- Up-to-date: /home/albert/umov_ws/install/arduino_msgs/share/arduino_msgs/cmake/arduino_msgs__rosidl_typesupport_cppExport-noconfig.cmake
[2.628s] -- Up-to-date: /home/albert/umov_ws/install/arduino_msgs/share/arduino_msgs/cmake/export_arduino_msgs__rosidl_generator_pyExport.cmake
[2.628s] -- Up-to-date: /home/albert/umov_ws/install/arduino_msgs/share/arduino_msgs/cmake/export_arduino_msgs__rosidl_generator_pyExport-noconfig.cmake
[2.628s] -- Up-to-date: /home/albert/umov_ws/install/arduino_msgs/share/arduino_msgs/cmake/rosidl_cmake-extras.cmake
[2.628s] -- Up-to-date: /home/albert/umov_ws/install/arduino_msgs/share/arduino_msgs/cmake/ament_cmake_export_dependencies-extras.cmake
[2.629s] -- Up-to-date: /home/albert/umov_ws/install/arduino_msgs/share/arduino_msgs/cmake/ament_cmake_export_include_directories-extras.cmake
[2.629s] -- Up-to-date: /home/albert/umov_ws/install/arduino_msgs/share/arduino_msgs/cmake/ament_cmake_export_libraries-extras.cmake
[2.629s] -- Up-to-date: /home/albert/umov_ws/install/arduino_msgs/share/arduino_msgs/cmake/ament_cmake_export_targets-extras.cmake
[2.630s] -- Up-to-date: /home/albert/umov_ws/install/arduino_msgs/share/arduino_msgs/cmake/rosidl_cmake_export_typesupport_targets-extras.cmake
[2.630s] -- Up-to-date: /home/albert/umov_ws/install/arduino_msgs/share/arduino_msgs/cmake/rosidl_cmake_export_typesupport_libraries-extras.cmake
[2.631s] -- Up-to-date: /home/albert/umov_ws/install/arduino_msgs/share/arduino_msgs/cmake/arduino_msgsConfig.cmake
[2.631s] -- Up-to-date: /home/albert/umov_ws/install/arduino_msgs/share/arduino_msgs/cmake/arduino_msgsConfig-version.cmake
[2.631s] -- Up-to-date: /home/albert/umov_ws/install/arduino_msgs/share/arduino_msgs/package.xml
[2.632s] Invoked command in '/home/albert/umov_ws/build/arduino_msgs' returned '0': CMAKE_PREFIX_PATH=${CMAKE_PREFIX_PATH}:/home/albert/ag_arm_ws/install/arm_py:/home/albert/ws_moveit2/install/moveit_configs_utils:/home/albert/ws_moveit2/install/launch_param_builder:/home/albert/umov_ws/install/arduino_py_examples:/home/albert/udem2_ws/install/actions_py:/home/albert/udem2_ws/install/lifecycle_py:/home/albert/udem2_ws/install/executors_py:/home/albert/udem2_ws/install/components_py:/home/albert/udem_ws/install/turtlesim_catcher:/home/albert/udem_ws/install/my_py_pkg:/home/albert/udem_ws/install/lifecycle_py:/home/albert/bcdc_ws/install/agbot_teleop:/home/albert/bcdc_ws/install/agbot_py:/home/albert/arduinobot_ws/install/arduinobot_py_examples:/opt/ros/humble /home/albert/.local/bin/cmake --install /home/albert/umov_ws/build/arduino_msgs
