[0.062s] Invoking command in '/home/albert/umov_ws/build/arduinobot_firmware': CMAKE_PREFIX_PATH=${CMAKE_PREFIX_PATH}:/home/albert/ws_moveit2/install/moveit_configs_utils:/home/albert/ws_moveit2/install/launch_param_builder:/home/albert/umov_ws/install/arduino_py_examples:/home/albert/udem2_ws/install/actions_py:/home/albert/udem2_ws/install/lifecycle_py:/home/albert/udem2_ws/install/executors_py:/home/albert/udem2_ws/install/components_py:/home/albert/udem_ws/install/turtlesim_catcher:/home/albert/udem_ws/install/my_py_pkg:/home/albert/udem_ws/install/lifecycle_py:/home/albert/bcdc_ws/install/agbot_teleop:/home/albert/bcdc_ws/install/agbot_py:/home/albert/arduinobot_ws/install/arduinobot_py_examples:/opt/ros/humble /home/albert/.local/bin/cmake --build /home/albert/umov_ws/build/arduinobot_firmware -- -j8 -l8
[0.162s] [  0%] Built target ament_cmake_python_copy_arduinobot_firmware
[0.165s] [ 50%] Built target simple_serial_transmitter
[0.176s] [100%] Built target simple_serial_receiver
[0.764s] running egg_info
[0.765s] writing arduinobot_firmware.egg-info/PKG-INFO
[0.766s] writing dependency_links to arduinobot_firmware.egg-info/dependency_links.txt
[0.766s] writing top-level names to arduinobot_firmware.egg-info/top_level.txt
[0.771s] reading manifest file 'arduinobot_firmware.egg-info/SOURCES.txt'
[0.772s] writing manifest file 'arduinobot_firmware.egg-info/SOURCES.txt'
[0.824s] [100%] Built target ament_cmake_python_build_arduinobot_firmware_egg
[0.971s] Invoked command in '/home/albert/umov_ws/build/arduinobot_firmware' returned '0': CMAKE_PREFIX_PATH=${CMAKE_PREFIX_PATH}:/home/albert/ws_moveit2/install/moveit_configs_utils:/home/albert/ws_moveit2/install/launch_param_builder:/home/albert/umov_ws/install/arduino_py_examples:/home/albert/udem2_ws/install/actions_py:/home/albert/udem2_ws/install/lifecycle_py:/home/albert/udem2_ws/install/executors_py:/home/albert/udem2_ws/install/components_py:/home/albert/udem_ws/install/turtlesim_catcher:/home/albert/udem_ws/install/my_py_pkg:/home/albert/udem_ws/install/lifecycle_py:/home/albert/bcdc_ws/install/agbot_teleop:/home/albert/bcdc_ws/install/agbot_py:/home/albert/arduinobot_ws/install/arduinobot_py_examples:/opt/ros/humble /home/albert/.local/bin/cmake --build /home/albert/umov_ws/build/arduinobot_firmware -- -j8 -l8
[0.974s] Invoking command in '/home/albert/umov_ws/build/arduinobot_firmware': CMAKE_PREFIX_PATH=${CMAKE_PREFIX_PATH}:/home/albert/ws_moveit2/install/moveit_configs_utils:/home/albert/ws_moveit2/install/launch_param_builder:/home/albert/umov_ws/install/arduino_py_examples:/home/albert/udem2_ws/install/actions_py:/home/albert/udem2_ws/install/lifecycle_py:/home/albert/udem2_ws/install/executors_py:/home/albert/udem2_ws/install/components_py:/home/albert/udem_ws/install/turtlesim_catcher:/home/albert/udem_ws/install/my_py_pkg:/home/albert/udem_ws/install/lifecycle_py:/home/albert/bcdc_ws/install/agbot_teleop:/home/albert/bcdc_ws/install/agbot_py:/home/albert/arduinobot_ws/install/arduinobot_py_examples:/opt/ros/humble /home/albert/.local/bin/cmake --install /home/albert/umov_ws/build/arduinobot_firmware
[0.979s] -- Install configuration: ""
[0.986s] -- Up-to-date: /home/albert/umov_ws/install/arduinobot_firmware/share/arduinobot_firmware/environment/pythonpath.sh
[0.987s] -- Up-to-date: /home/albert/umov_ws/install/arduinobot_firmware/share/arduinobot_firmware/environment/pythonpath.dsv
[0.988s] -- Up-to-date: /home/albert/umov_ws/install/arduinobot_firmware/local/lib/python3.10/dist-packages/arduinobot_firmware-0.0.0-py3.10.egg-info
[0.988s] -- Installing: /home/albert/umov_ws/install/arduinobot_firmware/local/lib/python3.10/dist-packages/arduinobot_firmware-0.0.0-py3.10.egg-info/SOURCES.txt
[0.988s] -- Installing: /home/albert/umov_ws/install/arduinobot_firmware/local/lib/python3.10/dist-packages/arduinobot_firmware-0.0.0-py3.10.egg-info/top_level.txt
[0.988s] -- Installing: /home/albert/umov_ws/install/arduinobot_firmware/local/lib/python3.10/dist-packages/arduinobot_firmware-0.0.0-py3.10.egg-info/PKG-INFO
[0.988s] -- Installing: /home/albert/umov_ws/install/arduinobot_firmware/local/lib/python3.10/dist-packages/arduinobot_firmware-0.0.0-py3.10.egg-info/dependency_links.txt
[0.989s] -- Up-to-date: /home/albert/umov_ws/install/arduinobot_firmware/local/lib/python3.10/dist-packages/arduinobot_firmware
[0.989s] -- Up-to-date: /home/albert/umov_ws/install/arduinobot_firmware/local/lib/python3.10/dist-packages/arduinobot_firmware/simple_serial_receiver.py
[0.989s] -- Up-to-date: /home/albert/umov_ws/install/arduinobot_firmware/local/lib/python3.10/dist-packages/arduinobot_firmware/__init__.py
[0.989s] -- Up-to-date: /home/albert/umov_ws/install/arduinobot_firmware/local/lib/python3.10/dist-packages/arduinobot_firmware/simple_serial_transmitter.py
[0.989s] -- Up-to-date: /home/albert/umov_ws/install/arduinobot_firmware/local/lib/python3.10/dist-packages/arduinobot_firmware/simple_serial_receiver
[0.989s] -- Up-to-date: /home/albert/umov_ws/install/arduinobot_firmware/local/lib/python3.10/dist-packages/arduinobot_firmware/simple_serial_receiver/simple_serial_receiver.ino
[1.078s] Listing '/home/albert/umov_ws/install/arduinobot_firmware/local/lib/python3.10/dist-packages/arduinobot_firmware'...
[1.078s] Listing '/home/albert/umov_ws/install/arduinobot_firmware/local/lib/python3.10/dist-packages/arduinobot_firmware/simple_serial_receiver'...
[1.094s] -- Up-to-date: /home/albert/umov_ws/install/arduinobot_firmware/lib/arduinobot_firmware/simple_serial_transmitter
[1.095s] -- Up-to-date: /home/albert/umov_ws/install/arduinobot_firmware/lib/arduinobot_firmware/simple_serial_receiver
[1.095s] -- Up-to-date: /home/albert/umov_ws/install/arduinobot_firmware/lib/arduinobot_firmware/simple_serial_transmitter.py
[1.096s] -- Up-to-date: /home/albert/umov_ws/install/arduinobot_firmware/lib/arduinobot_firmware/simple_serial_receiver.py
[1.096s] -- Up-to-date: /home/albert/umov_ws/install/arduinobot_firmware/share/ament_index/resource_index/package_run_dependencies/arduinobot_firmware
[1.096s] -- Up-to-date: /home/albert/umov_ws/install/arduinobot_firmware/share/ament_index/resource_index/parent_prefix_path/arduinobot_firmware
[1.096s] -- Up-to-date: /home/albert/umov_ws/install/arduinobot_firmware/share/arduinobot_firmware/environment/ament_prefix_path.sh
[1.096s] -- Up-to-date: /home/albert/umov_ws/install/arduinobot_firmware/share/arduinobot_firmware/environment/ament_prefix_path.dsv
[1.096s] -- Up-to-date: /home/albert/umov_ws/install/arduinobot_firmware/share/arduinobot_firmware/environment/path.sh
[1.097s] -- Up-to-date: /home/albert/umov_ws/install/arduinobot_firmware/share/arduinobot_firmware/environment/path.dsv
[1.097s] -- Up-to-date: /home/albert/umov_ws/install/arduinobot_firmware/share/arduinobot_firmware/local_setup.bash
[1.097s] -- Up-to-date: /home/albert/umov_ws/install/arduinobot_firmware/share/arduinobot_firmware/local_setup.sh
[1.097s] -- Up-to-date: /home/albert/umov_ws/install/arduinobot_firmware/share/arduinobot_firmware/local_setup.zsh
[1.097s] -- Up-to-date: /home/albert/umov_ws/install/arduinobot_firmware/share/arduinobot_firmware/local_setup.dsv
[1.097s] -- Installing: /home/albert/umov_ws/install/arduinobot_firmware/share/arduinobot_firmware/package.dsv
[1.098s] -- Up-to-date: /home/albert/umov_ws/install/arduinobot_firmware/share/ament_index/resource_index/packages/arduinobot_firmware
[1.098s] -- Up-to-date: /home/albert/umov_ws/install/arduinobot_firmware/share/arduinobot_firmware/cmake/arduinobot_firmwareConfig.cmake
[1.098s] -- Up-to-date: /home/albert/umov_ws/install/arduinobot_firmware/share/arduinobot_firmware/cmake/arduinobot_firmwareConfig-version.cmake
[1.098s] -- Up-to-date: /home/albert/umov_ws/install/arduinobot_firmware/share/arduinobot_firmware/package.xml
[1.710s] Invoked command in '/home/albert/umov_ws/build/arduinobot_firmware' returned '0': CMAKE_PREFIX_PATH=${CMAKE_PREFIX_PATH}:/home/albert/ws_moveit2/install/moveit_configs_utils:/home/albert/ws_moveit2/install/launch_param_builder:/home/albert/umov_ws/install/arduino_py_examples:/home/albert/udem2_ws/install/actions_py:/home/albert/udem2_ws/install/lifecycle_py:/home/albert/udem2_ws/install/executors_py:/home/albert/udem2_ws/install/components_py:/home/albert/udem_ws/install/turtlesim_catcher:/home/albert/udem_ws/install/my_py_pkg:/home/albert/udem_ws/install/lifecycle_py:/home/albert/bcdc_ws/install/agbot_teleop:/home/albert/bcdc_ws/install/agbot_py:/home/albert/arduinobot_ws/install/arduinobot_py_examples:/opt/ros/humble /home/albert/.local/bin/cmake --install /home/albert/umov_ws/build/arduinobot_firmware
