gmake[2]: *** No rule to make target '/opt/ros/humble/lib/libgeometric_shapes.so.2.1.3', needed by 'simple_moveit_interface'.  Stop.
gmake[2]: *** Waiting for unfinished jobs....
gmake[2]: *** No rule to make target '/opt/ros/humble/lib/libgeometric_shapes.so.2.1.3', needed by 'moveit_interface'.  Stop.
gmake[2]: *** Waiting for unfinished jobs....
In file included from [01m[K/home/albert/ws_moveit2/install/moveit_core/include/moveit/robot_model/joint_model_group.h:41[m[K,
                 from [01m[K/home/albert/ws_moveit2/install/moveit_core/include/moveit/robot_model/robot_model.h:45[m[K,
                 from [01m[K/home/albert/ws_moveit2/install/moveit_core/include/moveit/robot_state/robot_state.h:40[m[K,
                 from [01m[K/home/albert/ws_moveit2/install/moveit_ros_planning_interface/include/moveit/move_group_interface/move_group_interface.h:41[m[K,
                 from [01m[K/home/albert/umov_ws/src/arduino_cpp_examples/src/simple_moveit_interface.cpp:2[m[K:
[01m[K/home/albert/ws_moveit2/install/moveit_core/include/moveit/robot_model/link_model.h:46:10:[m[K [01;31m[Kfatal error: [m[Kgeometric_shapes/check_isometry.h: No such file or directory
   46 | #include [01;31m[K<geometric_shapes/check_isometry.h>[m[K
      |          [01;31m[K^~~~~~~~~~~~~~~~~~~~~~~~~~~~~~~~~~~[m[K
compilation terminated.
In file included from [01m[K/home/albert/ws_moveit2/install/moveit_core/include/moveit/robot_model/joint_model_group.h:41[m[K,
                 from [01m[K/home/albert/ws_moveit2/install/moveit_core/include/moveit/robot_model/robot_model.h:45[m[K,
                 from [01m[K/home/albert/ws_moveit2/install/moveit_core/include/moveit/robot_state/robot_state.h:40[m[K,
                 from [01m[K/home/albert/ws_moveit2/install/moveit_ros_planning_interface/include/moveit/move_group_interface/move_group_interface.h:41[m[K,
                 from [01m[K/home/albert/umov_ws/src/arduino_cpp_examples/src/moveit_interface.cpp:2[m[K:
[01m[K/home/albert/ws_moveit2/install/moveit_core/include/moveit/robot_model/link_model.h:46:10:[m[K [01;31m[Kfatal error: [m[Kgeometric_shapes/check_isometry.h: No such file or directory
   46 | #include [01;31m[K<geometric_shapes/check_isometry.h>[m[K
      |          [01;31m[K^~~~~~~~~~~~~~~~~~~~~~~~~~~~~~~~~~~[m[K
compilation terminated.
gmake[2]: *** [CMakeFiles/simple_moveit_interface.dir/build.make:76: CMakeFiles/simple_moveit_interface.dir/src/simple_moveit_interface.cpp.o] Error 1
gmake[2]: *** [CMakeFiles/moveit_interface.dir/build.make:76: CMakeFiles/moveit_interface.dir/src/moveit_interface.cpp.o] Error 1
gmake[1]: *** [CMakeFiles/Makefile2:315: CMakeFiles/simple_moveit_interface.dir/all] Error 2
gmake[1]: *** Waiting for unfinished jobs....
gmake[1]: *** [CMakeFiles/Makefile2:341: CMakeFiles/moveit_interface.dir/all] Error 2
gmake: *** [Makefile:146: all] Error 2
