[1.046s] Invoking command in '/home/albert/umov_ws/build/arduinobot_remote': CMAKE_PREFIX_PATH=/home/albert/umov_ws/install/arduinobot_msgs:/home/albert/umov_ws/install/arduinobot_moveit:/home/albert/umov_ws/install/MoveitAssistant:/home/albert/ag_arm_ws/install/arm_setup_moveit:/home/albert/ag_arm_ws/install/arm_moveit:/home/albert/ag_arm_ws/install/arm_description:/home/albert/ag_arm_ws/install/arm_cpp:/home/albert/ag_arm_ws/install/arm_controller:/home/albert/ws_moveit2/install/pilz_industrial_motion_planner_testutils:/home/albert/ws_moveit2/install/moveit_runtime:/home/albert/ws_moveit2/install/moveit2_tutorials:/home/albert/ws_moveit2/install/moveit:/home/albert/ws_moveit2/install/moveit_planners:/home/albert/ws_moveit2/install/pilz_industrial_motion_planner:/home/albert/ws_moveit2/install/moveit_visual_tools:/home/albert/ws_moveit2/install/moveit_task_constructor_visualization:/home/albert/ws_moveit2/install/moveit_task_constructor_demo:/home/albert/ws_moveit2/install/moveit_task_constructor_capabilities:/home/albert/ws_moveit2/install/moveit_task_constructor_core:/home/albert/ws_moveit2/install/moveit_ros_control_interface:/home/albert/ws_moveit2/install/moveit_plugins:/home/albert/ws_moveit2/install/moveit_simple_controller_manager:/home/albert/ws_moveit2/install/moveit_setup_assistant:/home/albert/ws_moveit2/install/moveit_setup_srdf_plugins:/home/albert/ws_moveit2/install/moveit_setup_core_plugins:/home/albert/ws_moveit2/install/moveit_setup_controllers:/home/albert/ws_moveit2/install/moveit_setup_app_plugins:/home/albert/ws_moveit2/install/moveit_setup_framework:/home/albert/ws_moveit2/install/moveit_servo:/home/albert/ws_moveit2/install/moveit_ros:/home/albert/ws_moveit2/install/moveit_ros_visualization:/home/albert/ws_moveit2/install/moveit_hybrid_planning:/home/albert/ws_moveit2/install/moveit_ros_planning_interface:/home/albert/ws_moveit2/install/moveit_ros_benchmarks:/home/albert/ws_moveit2/install/moveit_ros_warehouse:/home/albert/ws_moveit2/install/moveit_ros_robot_interaction:/home/albert/ws_moveit2/install/moveit_ros_perception:/home/albert/ws_moveit2/install/moveit_resources_prbt_pg70_support:/home/albert/ws_moveit2/install/moveit_resources_prbt_moveit_config:/home/albert/ws_moveit2/install/moveit_ros_move_group:/home/albert/ws_moveit2/install/moveit_planners_ompl:/home/albert/ws_moveit2/install/moveit_ros_planning:/home/albert/ws_moveit2/install/moveit_ros_occupancy_map_monitor:/home/albert/ws_moveit2/install/moveit_resources_prbt_ikfast_manipulator_plugin:/home/albert/ws_moveit2/install/moveit_planners_chomp:/home/albert/ws_moveit2/install/moveit_kinematics:/home/albert/ws_moveit2/install/moveit_chomp_optimizer_adapter:/home/albert/ws_moveit2/install/chomp_motion_planner:/home/albert/ws_moveit2/install/moveit_core:/home/albert/ws_moveit2/install/srdfdom:/home/albert/ws_moveit2/install/rviz_marker_tools:/home/albert/ws_moveit2/install/rosparam_shortcuts:/home/albert/ws_moveit2/install/moveit_task_constructor_msgs:/home/albert/ws_moveit2/install/moveit_resources_prbt_support:/home/albert/ws_moveit2/install/moveit_resources:/home/albert/ws_moveit2/install/moveit_resources_pr2_description:/home/albert/ws_moveit2/install/moveit_resources_panda_moveit_config:/home/albert/ws_moveit2/install/moveit_resources_panda_description:/home/albert/ws_moveit2/install/moveit_resources_fanuc_moveit_config:/home/albert/ws_moveit2/install/moveit_resources_fanuc_description:/home/albert/ws_moveit2/install/moveit_common:/home/albert/umov_ws/install/description:/home/albert/umov_ws/install/arduinobot_utils:/home/albert/umov_ws/install/arduinobot_remote:/home/albert/umov_ws/install/arduino_cpp_examples:/home/albert/umov_ws/install/arduinobot_firmware:/home/albert/umov_ws/install/arduinobot_controller:/home/albert/umov_ws/install/arduinobot_bringup:/home/albert/unav_ws/install/turtlebot3_fake_node:/home/albert/unav_ws/install/robot_bringup:/home/albert/unav_ws/install/nav2_robot_description:/home/albert/udem2_ws/install/robot_bringup:/home/albert/udem2_ws/install/my_robot_bringup:/home/albert/udem2_ws/install/lifecycle_cpp:/home/albert/udem2_ws/install/final_project_cpp:/home/albert/udem2_ws/install/actions_cpp:/home/albert/udem2_ws/install/robot_interfaces:/home/albert/udem2_ws/install/executors_cpp:/home/albert/udem2_ws/install/components_cpp:/home/albert/udem_ws/install/my_robot_bringup:/home/albert/udem_ws/install/my_cpp_pkg:/home/albert/udem_ws/install/my_robot_interfaces:/home/albert/udem_ws/install/my_robot_description:/home/albert/udem_ws/install/lifecycle_cpp:/home/albert/bcdc_ws/install/aggiebot_cpp:/home/albert/bcdc_ws/install/aggiebot_msgs:/home/albert/bcdc_ws/install/aggiebot_description:/home/albert/bcdc_ws/install/aggiebot_controller:/home/albert/bcdc_ws/install/aggiebot_bringup:/home/albert/bcdc_ws/install/aggiebot_arm_moveit:/home/albert/bcdc_ws/install/aggiebot_arm_description:/home/albert/bcdc_ws/install/aggiebot_arm_controller:/home/albert/bcdc_ws/install/agbot_setup_moveit:/home/albert/bcdc_ws/install/agbot_cpp:/home/albert/bcdc_ws/install/agbot_msgs:/home/albert/bcdc_ws/install/agbot_moveit:/home/albert/bcdc_ws/install/agbot_description:/home/albert/bcdc_ws/install/agbot_controller:/home/albert/bcdc_ws/install/agbot_bringup:/home/albert/bcdc_ws/install/agbot_arm_controller:/home/albert/arduinobot_ws/install/arduinobot_utils:/home/albert/arduinobot_ws/install/arduinobot_remote:/home/albert/arduinobot_ws/install/arduinobot_cpp_examples:/home/albert/arduinobot_ws/install/arduinobot_msgs:/home/albert/arduinobot_ws/install/arduinobot_moveit_setup:/home/albert/arduinobot_ws/install/arduinobot_moveit:/home/albert/arduinobot_ws/install/arduinobot_description:/home/albert/arduinobot_ws/install/arduinobot_controller:/home/albert/rad_ws/install/agbot_full_nav2:/home/albert/rad_ws/install/agbot_full_msgs:/home/albert/rad_ws/install/agbot_full_moveit_setup:/home/albert/rad_ws/install/agbot_full_moveit:/home/albert/rad_ws/install/agbot_full_description:/home/albert/rad_ws/install/agbot_full_cpp:/home/albert/rad_ws/install/agbot_full_controller:/home/albert/rad_ws/install/agbot_full_cartogropher:/home/albert/dev_ws/install/my_bot:/home/albert/ag_car_ws/install/car_nav2:/home/albert/ag_car_ws/install/car_description:/home/albert/ag_car_ws/install/car_controller:/home/albert/ag_car_ws/install/car_cartographer:/home/albert/ws_moveit2/install/moveit_configs_utils:/home/albert/ws_moveit2/install/launch_param_builder:/home/albert/umov_ws/install/arduino_py_examples:/home/albert/udem2_ws/install/actions_py:/home/albert/udem2_ws/install/lifecycle_py:/home/albert/udem2_ws/install/executors_py:/home/albert/udem2_ws/install/components_py:/home/albert/udem_ws/install/turtlesim_catcher:/home/albert/udem_ws/install/my_py_pkg:/home/albert/udem_ws/install/lifecycle_py:/home/albert/bcdc_ws/install/agbot_teleop:/home/albert/bcdc_ws/install/agbot_py:/home/albert/arduinobot_ws/install/arduinobot_py_examples:/opt/ros/humble LD_LIBRARY_PATH=/home/albert/umov_ws/install/arduinobot_msgs/lib:/home/albert/ws_moveit2/install/pilz_industrial_motion_planner_testutils/lib:/home/albert/ws_moveit2/install/pilz_industrial_motion_planner/lib:/home/albert/ws_moveit2/install/moveit_visual_tools/lib:/home/albert/ws_moveit2/install/moveit_task_constructor_visualization/lib:/home/albert/ws_moveit2/install/moveit_task_constructor_demo/lib:/home/albert/ws_moveit2/install/moveit_task_constructor_capabilities/lib:/home/albert/ws_moveit2/install/moveit_task_constructor_core/lib:/home/albert/ws_moveit2/install/moveit_ros_control_interface/lib:/home/albert/ws_moveit2/install/moveit_simple_controller_manager/lib:/home/albert/ws_moveit2/install/moveit_setup_assistant/lib:/home/albert/ws_moveit2/install/moveit_setup_srdf_plugins/lib:/home/albert/ws_moveit2/install/moveit_setup_core_plugins/lib:/home/albert/ws_moveit2/install/moveit_setup_controllers/lib:/home/albert/ws_moveit2/install/moveit_setup_app_plugins/lib:/home/albert/ws_moveit2/install/moveit_setup_framework/lib:/home/albert/ws_moveit2/install/moveit_servo/lib:/home/albert/ws_moveit2/install/moveit_ros_visualization/lib:/home/albert/ws_moveit2/install/moveit_hybrid_planning/lib:/home/albert/ws_moveit2/install/moveit_ros_planning_interface/lib:/home/albert/ws_moveit2/install/moveit_ros_benchmarks/lib:/home/albert/ws_moveit2/install/moveit_ros_warehouse/lib:/home/albert/ws_moveit2/install/moveit_ros_robot_interaction/lib:/home/albert/ws_moveit2/install/moveit_ros_perception/lib:/home/albert/ws_moveit2/install/moveit_ros_move_group/lib:/home/albert/ws_moveit2/install/moveit_planners_ompl/lib:/home/albert/ws_moveit2/install/moveit_ros_planning/lib:/home/albert/ws_moveit2/install/moveit_ros_occupancy_map_monitor/lib:/home/albert/ws_moveit2/install/moveit_resources_prbt_ikfast_manipulator_plugin/lib:/home/albert/ws_moveit2/install/moveit_planners_chomp/lib:/home/albert/ws_moveit2/install/moveit_kinematics/lib:/home/albert/ws_moveit2/install/moveit_chomp_optimizer_adapter/lib:/home/albert/ws_moveit2/install/chomp_motion_planner/lib:/home/albert/ws_moveit2/install/moveit_core/lib:/home/albert/ws_moveit2/install/srdfdom/lib:/home/albert/ws_moveit2/install/rviz_marker_tools/lib:/home/albert/ws_moveit2/install/rosparam_shortcuts/lib:/home/albert/ws_moveit2/install/moveit_task_constructor_msgs/lib:/home/albert/umov_ws/install/arduinobot_remote/lib:/home/albert/umov_ws/install/arduino_cpp_examples/lib:/home/albert/umov_ws/install/arduinobot_controller/lib:/home/albert/udem2_ws/install/final_project_cpp/lib:/home/albert/udem2_ws/install/robot_interfaces/lib:/home/albert/udem2_ws/install/components_cpp/lib:/home/albert/udem_ws/install/my_robot_interfaces/lib:/home/albert/bcdc_ws/install/aggiebot_msgs/lib:/home/albert/bcdc_ws/install/agbot_msgs/lib:/home/albert/arduinobot_ws/install/arduinobot_remote/lib:/home/albert/arduinobot_ws/install/arduinobot_cpp_examples/lib:/home/albert/arduinobot_ws/install/arduinobot_msgs/lib:/usr/lib/x86_64-linux-gnu/gazebo-11/plugins:/opt/ros/humble/opt/rviz_ogre_vendor/lib:/opt/ros/humble/lib/x86_64-linux-gnu:/opt/ros/humble/lib:/usr/share/gazebo/../../lib/x86_64-linux-gnu/gazebo-11/plugins /home/albert/.local/bin/cmake --build /home/albert/umov_ws/build/arduinobot_remote -- -j8 -l8
[1.094s] -- Found ament_cmake: 1.3.11 (/opt/ros/humble/share/ament_cmake/cmake)
[1.782s] -- Found rclcpp: 16.0.11 (/opt/ros/humble/share/rclcpp/cmake)
[1.910s] -- Found rosidl_generator_c: 3.1.6 (/opt/ros/humble/share/rosidl_generator_c/cmake)
[1.923s] -- Found rosidl_adapter: 3.1.6 (/opt/ros/humble/share/rosidl_adapter/cmake)
[1.951s] -- Found rosidl_generator_cpp: 3.1.6 (/opt/ros/humble/share/rosidl_generator_cpp/cmake)
[2.018s] -- Using all available rosidl_typesupport_c: rosidl_typesupport_fastrtps_c;rosidl_typesupport_introspection_c
[2.105s] -- Using all available rosidl_typesupport_cpp: rosidl_typesupport_fastrtps_cpp;rosidl_typesupport_introspection_cpp
[2.280s] -- Found rmw_implementation_cmake: 6.1.2 (/opt/ros/humble/share/rmw_implementation_cmake/cmake)
[2.314s] -- Found rmw_cyclonedds_cpp: 1.3.4 (/opt/ros/humble/share/rmw_cyclonedds_cpp/cmake)
[2.404s] -- Using RMW implementation 'rmw_cyclonedds_cpp' as default
[2.611s] -- Found rclcpp_action: 16.0.11 (/opt/ros/humble/share/rclcpp_action/cmake)
[2.699s] -- Found rclcpp_components: 16.0.11 (/opt/ros/humble/share/rclcpp_components/cmake)
[2.749s] -- Found arduinobot_msgs: 0.0.0 (/home/albert/umov_ws/install/arduinobot_msgs/share/arduinobot_msgs/cmake)
[2.795s] -- Found rclpy: 3.3.15 (/opt/ros/humble/share/rclpy/cmake)
[2.797s] -- Found moveit_ros_planning_interface: 2.5.5 (/home/albert/ws_moveit2/install/moveit_ros_planning_interface/share/moveit_ros_planning_interface/cmake)
[2.829s] -- Found Boost: /usr/lib/x86_64-linux-gnu/cmake/Boost-1.74.0/BoostConfig.cmake (found version "1.74.0") found components: date_time filesystem program_options system thread
[3.286s] -- Found Boost: /usr/lib/x86_64-linux-gnu/cmake/Boost-1.74.0/BoostConfig.cmake (found version "1.74.0") found components: chrono date_time filesystem iostreams program_options regex serialization system thread
[3.398s] -- Found parameter_traits: 0.3.9 (/opt/ros/humble/share/parameter_traits/cmake)
[3.413s] -- Found rclcpp_lifecycle: 16.0.11 (/opt/ros/humble/share/rclcpp_lifecycle/cmake)
[3.464s] -- Found Boost: /usr/lib/x86_64-linux-gnu/cmake/Boost-1.74.0/BoostConfig.cmake (found version "1.74.0") found components: filesystem
[3.577s] -- library: /usr/lib/x86_64-linux-gnu/libcurl.so
[3.654s] -- Ensuring Eigen3 include directory is part of orocos-kdl CMake target
[3.903s] -- Found Boost: /usr/lib/x86_64-linux-gnu/cmake/Boost-1.74.0/BoostConfig.cmake (found version "1.74.0") found components: system filesystem date_time program_options thread chrono
[3.989s] -- Found Boost: /usr/lib/x86_64-linux-gnu/cmake/Boost-1.74.0/BoostConfig.cmake (found version "1.74.0") found components: thread system filesystem regex date_time program_options
[4.075s] -- Found Boost: /usr/lib/x86_64-linux-gnu/cmake/Boost-1.74.0/BoostConfig.cmake (found version "1.74.0") found components: system filesystem date_time program_options thread
[4.200s] -- Found moveit_planners: 2.5.5 (/home/albert/ws_moveit2/install/moveit_planners/share/moveit_planners/cmake)
[4.470s] -- Found ament_lint_auto: 0.12.11 (/opt/ros/humble/share/ament_lint_auto/cmake)
[4.635s] -- Added test 'cppcheck' to perform static code analysis on C / C++ code
[4.636s] -- Configured cppcheck include dirs: $<BUILD_INTERFACE:/home/albert/umov_ws/src/arduinobot_remote/include>
[4.636s] -- Configured cppcheck exclude dirs and/or files: 
[4.637s] -- Added test 'flake8' to check Python code syntax and style conventions
[4.638s] -- Added test 'lint_cmake' to check CMake code style
[4.640s] -- Added test 'pep257' to check Python code against some of the docstring style conventions in PEP 257
[4.643s] -- Added test 'uncrustify' to check C / C++ code style
[4.643s] -- Configured uncrustify additional arguments: 
[4.644s] -- Added test 'xmllint' to check XML markup files
[4.648s] -- Configuring done (3.6s)
[4.747s] -- Generating done (0.1s)
[4.762s] -- Build files have been written to: /home/albert/umov_ws/build/arduinobot_remote
[4.846s] [  0%] Built target ament_cmake_python_copy_arduinobot_remote
[4.853s] [ 50%] Built target task_server_node
[4.875s] [ 75%] [32mBuilding CXX object CMakeFiles/task_server.dir/src/task_server.cpp.o[0m
[5.831s] running egg_info
[5.832s] writing arduinobot_remote.egg-info/PKG-INFO
[5.833s] writing dependency_links to arduinobot_remote.egg-info/dependency_links.txt
[5.833s] writing top-level names to arduinobot_remote.egg-info/top_level.txt
[5.838s] reading manifest file 'arduinobot_remote.egg-info/SOURCES.txt'
[5.839s] writing manifest file 'arduinobot_remote.egg-info/SOURCES.txt'
[5.885s] [ 75%] Built target ament_cmake_python_build_arduinobot_remote_egg
[14.750s] [01m[K/home/albert/umov_ws/src/arduinobot_remote/src/task_server.cpp:30:66:[m[K [01;31m[Kerror: [m[K‘[01m[Knode[m[K’ has not been declared
[14.750s]    30 | :planning_interface::MoveGroupInterface arm_move_group_([01;31m[Knode[m[K, "arm");
[14.750s]       |                                                         [01;31m[K^~~~[m[K
[14.750s] 
[14.751s] [01m[K/home/albert/umov_ws/src/arduinobot_remote/src/task_server.cpp:30:72:[m[K [01;31m[Kerror: [m[Kexpected identifier before string constant
[14.751s]    30 | lanning_interface::MoveGroupInterface arm_move_group_(node, [01;31m[K"arm"[m[K);
[14.751s]       |                                                             [01;31m[K^~~~~[m[K
[14.751s] 
[14.752s] [01m[K/home/albert/umov_ws/src/arduinobot_remote/src/task_server.cpp:30:72:[m[K [01;31m[Kerror: [m[Kexpected ‘[01m[K,[m[K’ or ‘[01m[K...[m[K’ before string constant
[14.752s] [01m[K/home/albert/umov_ws/src/arduinobot_remote/src/task_server.cpp:31:70:[m[K [01;31m[Kerror: [m[K‘[01m[Knode[m[K’ has not been declared
[14.752s]    31 | nning_interface::MoveGroupInterface gripper_move_group_([01;31m[Knode[m[K, "gripper");
[14.752s]       |                                                         [01;31m[K^~~~[m[K
[14.752s] 
[14.753s] [01m[K/home/albert/umov_ws/src/arduinobot_remote/src/task_server.cpp:31:76:[m[K [01;31m[Kerror: [m[Kexpected identifier before string constant
[14.753s]    31 | interface::MoveGroupInterface gripper_move_group_(node, [01;31m[K"gripper"[m[K);
[14.756s]       |                                                         [01;31m[K^~~~~~~~~[m[K
[14.757s] 
[14.757s] [01m[K/home/albert/umov_ws/src/arduinobot_remote/src/task_server.cpp:31:76:[m[K [01;31m[Kerror: [m[Kexpected ‘[01m[K,[m[K’ or ‘[01m[K...[m[K’ before string constant
[14.823s] [01m[K/home/albert/umov_ws/src/arduinobot_remote/src/task_server.cpp:[m[K In member function ‘[01m[Krclcpp_action::CancelResponse arduinobot_remote::TaskServer::cancelCallback(std::shared_ptr<rclcpp_action::ServerGoalHandle<arduinobot_msgs::action::ArduinobotTask> >)[m[K’:
[14.823s] [01m[K/home/albert/umov_ws/src/arduinobot_remote/src/task_server.cpp:48:24:[m[K [01;31m[Kerror: [m[Kcannot convert ‘[01m[Karduinobot_remote::TaskServer::arm_move_group_[m[K’ from type ‘[01m[Kmoveit::planning_interface::MoveGroupInterface (arduinobot_remote::TaskServer::)(int, int)[m[K’ to type ‘[01m[Kbool[m[K’
[14.824s]    48 |     if (arm_move_group_[01;31m[K)[m[K{
[14.824s]       |                        [01;31m[K^[m[K
[14.827s] [01m[K/home/albert/umov_ws/src/arduinobot_remote/src/task_server.cpp:49:7:[m[K [01;31m[Kerror: [m[Kinvalid use of member function ‘[01m[Kmoveit::planning_interface::MoveGroupInterface arduinobot_remote::TaskServer::arm_move_group_(int, int)[m[K’ (did you forget the ‘[01m[K()[m[K’ ?)
[14.828s]    49 |       [01;31m[Karm_move_group_[m[K.stop();
[14.828s]       |       [01;31m[K^~~~~~~~~~~~~~~[m[K
[14.828s] [01m[K/home/albert/umov_ws/src/arduinobot_remote/src/task_server.cpp:51:28:[m[K [01;31m[Kerror: [m[Kcannot convert ‘[01m[Karduinobot_remote::TaskServer::gripper_move_group_[m[K’ from type ‘[01m[Kmoveit::planning_interface::MoveGroupInterface (arduinobot_remote::TaskServer::)(int, int)[m[K’ to type ‘[01m[Kbool[m[K’
[14.828s]    51 |     if (gripper_move_group_[01;31m[K)[m[K{
[14.828s]       |                            [01;31m[K^[m[K
[14.829s] [01m[K/home/albert/umov_ws/src/arduinobot_remote/src/task_server.cpp:52:7:[m[K [01;31m[Kerror: [m[Kinvalid use of member function ‘[01m[Kmoveit::planning_interface::MoveGroupInterface arduinobot_remote::TaskServer::gripper_move_group_(int, int)[m[K’ (did you forget the ‘[01m[K()[m[K’ ?)
[14.829s]    52 |       [01;31m[Kgripper_move_group_[m[K.stop();
[14.829s]       |       [01;31m[K^~~~~~~~~~~~~~~~~~~[m[K
[14.829s] [01m[K/home/albert/umov_ws/src/arduinobot_remote/src/task_server.cpp:[m[K In member function ‘[01m[Kvoid arduinobot_remote::TaskServer::execute(std::shared_ptr<rclcpp_action::ServerGoalHandle<arduinobot_msgs::action::ArduinobotTask> >)[m[K’:
[14.830s] [01m[K/home/albert/umov_ws/src/arduinobot_remote/src/task_server.cpp:68:9:[m[K [01;31m[Kerror: [m[Kcannot convert ‘[01m[Karduinobot_remote::TaskServer::arm_move_group_[m[K’ from type ‘[01m[Kmoveit::planning_interface::MoveGroupInterface (arduinobot_remote::TaskServer::)(int, int)[m[K’ to type ‘[01m[Kbool[m[K’
[14.830s]    68 |     if(![01;31m[Karm_move_group_[m[K){
[14.830s]       |         [01;31m[K^~~~~~~~~~~~~~~[m[K
[14.830s] [01m[K/home/albert/umov_ws/src/arduinobot_remote/src/task_server.cpp:68:9:[m[K [01;31m[Kerror: [m[Kin argument to unary !
[14.831s] [01m[K/home/albert/umov_ws/src/arduinobot_remote/src/task_server.cpp:69:7:[m[K [01;31m[Kerror: [m[Kinvalid use of member function ‘[01m[Kmoveit::planning_interface::MoveGroupInterface arduinobot_remote::TaskServer::arm_move_group_(int, int)[m[K’ (did you forget the ‘[01m[K()[m[K’ ?)
[14.831s]    69 |       [01;31m[Karm_move_group_[m[K = std::make_shared<moveit::planning_interface::MoveGroupInterface>(shared_from_this(), "arm");
[14.831s]       |       [01;31m[K^~~~~~~~~~~~~~~[m[K
[14.831s] [01m[K/home/albert/umov_ws/src/arduinobot_remote/src/task_server.cpp:71:9:[m[K [01;31m[Kerror: [m[Kcannot convert ‘[01m[Karduinobot_remote::TaskServer::gripper_move_group_[m[K’ from type ‘[01m[Kmoveit::planning_interface::MoveGroupInterface (arduinobot_remote::TaskServer::)(int, int)[m[K’ to type ‘[01m[Kbool[m[K’
[14.831s]    71 |     if(![01;31m[Kgripper_move_group_[m[K){
[14.832s]       |         [01;31m[K^~~~~~~~~~~~~~~~~~~[m[K
[14.832s] [01m[K/home/albert/umov_ws/src/arduinobot_remote/src/task_server.cpp:71:9:[m[K [01;31m[Kerror: [m[Kin argument to unary !
[14.832s] [01m[K/home/albert/umov_ws/src/arduinobot_remote/src/task_server.cpp:72:7:[m[K [01;31m[Kerror: [m[Kinvalid use of member function ‘[01m[Kmoveit::planning_interface::MoveGroupInterface arduinobot_remote::TaskServer::gripper_move_group_(int, int)[m[K’ (did you forget the ‘[01m[K()[m[K’ ?)
[14.832s]    72 |       [01;31m[Kgripper_move_group_[m[K = std::make_shared<moveit::planning_interface::MoveGroupInterface>(shared_from_this(), "gripper");
[14.832s]       |       [01;31m[K^~~~~~~~~~~~~~~~~~~[m[K
[14.850s] [01m[K/home/albert/umov_ws/src/arduinobot_remote/src/task_server.cpp:79:7:[m[K [01;31m[Kerror: [m[K‘[01m[Karm_move_group[m[K’ was not declared in this scope; did you mean ‘[01m[Karm_move_group_[m[K’?
[14.850s]    79 |       [01;31m[Karm_move_group[m[K.setJointValueTarget(arm_joint_goal)
[14.850s]       |       [01;31m[K^~~~~~~~~~~~~~[m[K
[14.851s]       |       [32m[Karm_move_group_[m[K
[14.865s] [01m[K/home/albert/umov_ws/src/arduinobot_remote/src/task_server.cpp:79:42:[m[K [01;31m[Kerror: [m[K‘[01m[Karm_joint_goal[m[K’ was not declared in this scope; did you mean ‘[01m[Karm_joint_goal_[m[K’?
[14.866s]    79 |       arm_move_group.setJointValueTarget([01;31m[Karm_joint_goal[m[K)
[14.866s]       |                                          [01;31m[K^~~~~~~~~~~~~~[m[K
[14.866s]       |                                          [32m[Karm_joint_goal_[m[K
[14.867s] [01m[K/home/albert/umov_ws/src/arduinobot_remote/src/task_server.cpp:81:7:[m[K [01;31m[Kerror: [m[Kinvalid use of member function ‘[01m[Kmoveit::planning_interface::MoveGroupInterface arduinobot_remote::TaskServer::gripper_move_group_(int, int)[m[K’ (did you forget the ‘[01m[K()[m[K’ ?)
[14.867s]    81 |       [01;31m[Kgripper_move_group_[m[K.setJointValueTarget(gripper_joint_goal_);
[14.867s]       |       [01;31m[K^~~~~~~~~~~~~~~~~~~[m[K
[14.867s] [01m[K/home/albert/umov_ws/src/arduinobot_remote/src/task_server.cpp:86:7:[m[K [01;31m[Kerror: [m[Kinvalid use of member function ‘[01m[Kmoveit::planning_interface::MoveGroupInterface arduinobot_remote::TaskServer::arm_move_group_(int, int)[m[K’ (did you forget the ‘[01m[K()[m[K’ ?)
[14.867s]    86 |       [01;31m[Karm_move_group_[m[K.setJointValueTarget(arm_joint_goal_)
[14.867s]       |       [01;31m[K^~~~~~~~~~~~~~~[m[K
[14.868s] [01m[K/home/albert/umov_ws/src/arduinobot_remote/src/task_server.cpp:88:7:[m[K [01;31m[Kerror: [m[Kinvalid use of member function ‘[01m[Kmoveit::planning_interface::MoveGroupInterface arduinobot_remote::TaskServer::gripper_move_group_(int, int)[m[K’ (did you forget the ‘[01m[K()[m[K’ ?)
[14.868s]    88 |       [01;31m[Kgripper_move_group_[m[K.setJointValueTarget(gripper_joint_goal_);
[14.868s]       |       [01;31m[K^~~~~~~~~~~~~~~~~~~[m[K
[14.868s] [01m[K/home/albert/umov_ws/src/arduinobot_remote/src/task_server.cpp:93:7:[m[K [01;31m[Kerror: [m[Kinvalid use of member function ‘[01m[Kmoveit::planning_interface::MoveGroupInterface arduinobot_remote::TaskServer::arm_move_group_(int, int)[m[K’ (did you forget the ‘[01m[K()[m[K’ ?)
[14.868s]    93 |       [01;31m[Karm_move_group_[m[K.setJointValueTarget(arm_joint_goal_)
[14.868s]       |       [01;31m[K^~~~~~~~~~~~~~~[m[K
[14.869s] [01m[K/home/albert/umov_ws/src/arduinobot_remote/src/task_server.cpp:95:7:[m[K [01;31m[Kerror: [m[Kinvalid use of member function ‘[01m[Kmoveit::planning_interface::MoveGroupInterface arduinobot_remote::TaskServer::gripper_move_group_(int, int)[m[K’ (did you forget the ‘[01m[K()[m[K’ ?)
[14.869s]    95 |       [01;31m[Kgripper_move_group_[m[K.setJointValueTarget(gripper_joint_goal_);
[14.869s]       |       [01;31m[K^~~~~~~~~~~~~~~~~~~[m[K
[14.869s] [01m[K/home/albert/umov_ws/src/arduinobot_remote/src/task_server.cpp:100:7:[m[K [01;31m[Kerror: [m[Kinvalid use of member function ‘[01m[Kmoveit::planning_interface::MoveGroupInterface arduinobot_remote::TaskServer::arm_move_group_(int, int)[m[K’ (did you forget the ‘[01m[K()[m[K’ ?)
[14.869s]   100 |       [01;31m[Karm_move_group_[m[K.setJointValueTarget(arm_joint_goal_)
[14.869s]       |       [01;31m[K^~~~~~~~~~~~~~~[m[K
[14.870s] [01m[K/home/albert/umov_ws/src/arduinobot_remote/src/task_server.cpp:102:7:[m[K [01;31m[Kerror: [m[Kinvalid use of member function ‘[01m[Kmoveit::planning_interface::MoveGroupInterface arduinobot_remote::TaskServer::gripper_move_group_(int, int)[m[K’ (did you forget the ‘[01m[K()[m[K’ ?)
[14.870s]   102 |       [01;31m[Kgripper_move_group_[m[K.setJointValueTarget(gripper_joint_goal_);
[14.870s]       |       [01;31m[K^~~~~~~~~~~~~~~~~~~[m[K
[14.870s] [01m[K/home/albert/umov_ws/src/arduinobot_remote/src/task_server.cpp:107:7:[m[K [01;31m[Kerror: [m[Kinvalid use of member function ‘[01m[Kmoveit::planning_interface::MoveGroupInterface arduinobot_remote::TaskServer::arm_move_group_(int, int)[m[K’ (did you forget the ‘[01m[K()[m[K’ ?)
[14.870s]   107 |       [01;31m[Karm_move_group_[m[K.setJointValueTarget(arm_joint_goal_)
[14.870s]       |       [01;31m[K^~~~~~~~~~~~~~~[m[K
[14.871s] [01m[K/home/albert/umov_ws/src/arduinobot_remote/src/task_server.cpp:109:7:[m[K [01;31m[Kerror: [m[Kinvalid use of member function ‘[01m[Kmoveit::planning_interface::MoveGroupInterface arduinobot_remote::TaskServer::gripper_move_group_(int, int)[m[K’ (did you forget the ‘[01m[K()[m[K’ ?)
[14.871s]   109 |       [01;31m[Kgripper_move_group_[m[K.setJointValueTarget(gripper_joint_goal_);
[14.871s]       |       [01;31m[K^~~~~~~~~~~~~~~~~~~[m[K
[14.871s] [01m[K/home/albert/umov_ws/src/arduinobot_remote/src/task_server.cpp:114:7:[m[K [01;31m[Kerror: [m[Kinvalid use of member function ‘[01m[Kmoveit::planning_interface::MoveGroupInterface arduinobot_remote::TaskServer::arm_move_group_(int, int)[m[K’ (did you forget the ‘[01m[K()[m[K’ ?)
[14.871s]   114 |       [01;31m[Karm_move_group_[m[K.setJointValueTarget(arm_joint_goal_)
[14.871s]       |       [01;31m[K^~~~~~~~~~~~~~~[m[K
[14.872s] [01m[K/home/albert/umov_ws/src/arduinobot_remote/src/task_server.cpp:116:7:[m[K [01;31m[Kerror: [m[Kinvalid use of member function ‘[01m[Kmoveit::planning_interface::MoveGroupInterface arduinobot_remote::TaskServer::gripper_move_group_(int, int)[m[K’ (did you forget the ‘[01m[K()[m[K’ ?)
[14.872s]   116 |       [01;31m[Kgripper_move_group_[m[K.setJointValueTarget(gripper_joint_goal_);
[14.872s]       |       [01;31m[K^~~~~~~~~~~~~~~~~~~[m[K
[14.872s] [01m[K/home/albert/umov_ws/src/arduinobot_remote/src/task_server.cpp:121:7:[m[K [01;31m[Kerror: [m[Kinvalid use of member function ‘[01m[Kmoveit::planning_interface::MoveGroupInterface arduinobot_remote::TaskServer::arm_move_group_(int, int)[m[K’ (did you forget the ‘[01m[K()[m[K’ ?)
[14.872s]   121 |       [01;31m[Karm_move_group_[m[K.setJointValueTarget(arm_joint_goal_)
[14.875s]       |       [01;31m[K^~~~~~~~~~~~~~~[m[K
[14.876s] [01m[K/home/albert/umov_ws/src/arduinobot_remote/src/task_server.cpp:123:7:[m[K [01;31m[Kerror: [m[Kinvalid use of member function ‘[01m[Kmoveit::planning_interface::MoveGroupInterface arduinobot_remote::TaskServer::gripper_move_group_(int, int)[m[K’ (did you forget the ‘[01m[K()[m[K’ ?)
[14.876s]   123 |       [01;31m[Kgripper_move_group_[m[K.setJointValueTarget(gripper_joint_goal_);
[14.876s]       |       [01;31m[K^~~~~~~~~~~~~~~~~~~[m[K
[14.882s] [01m[K/home/albert/umov_ws/src/arduinobot_remote/src/task_server.cpp:132:23:[m[K [01;31m[Kerror: [m[K‘[01m[Karm_move_group[m[K’ was not declared in this scope; did you mean ‘[01m[Karm_move_group_[m[K’?
[14.882s]   132 |     arm_move_group_ = [01;31m[Karm_move_group[m[K.setStartStateToCurrentState()
[14.883s]       |                       [01;31m[K^~~~~~~~~~~~~~[m[K
[14.883s]       |                       [32m[Karm_move_group_[m[K
[14.897s] [01m[K/home/albert/umov_ws/src/arduinobot_remote/src/task_server.cpp:136:31:[m[K [01;31m[Kerror: [m[K‘[01m[Karm_joint_goal[m[K’ was not declared in this scope; did you mean ‘[01m[Karm_joint_goal_[m[K’?
[14.897s]   136 |     bool arm_within_bounds = ([01;31m[Karm_joint_goal[m[K.size() == arm_move_group.getActiveJoints().size());
[14.898s]       |                               [01;31m[K^~~~~~~~~~~~~~[m[K
[14.898s]       |                               [32m[Karm_joint_goal_[m[K
[14.913s] [01m[K/home/albert/umov_ws/src/arduinobot_remote/src/task_server.cpp:137:35:[m[K [01;31m[Kerror: [m[K‘[01m[Kgripper_joint_goal[m[K’ was not declared in this scope; did you mean ‘[01m[Kgripper_joint_goal_[m[K’?
[14.913s]   137 |     bool gripper_within_bounds = ([01;31m[Kgripper_joint_goal[m[K.size() == gripper_move_group.getActiveJoints().size());
[14.913s]       |                                   [01;31m[K^~~~~~~~~~~~~~~~~~[m[K
[14.913s]       |                                   [32m[Kgripper_joint_goal_[m[K
[14.929s] [01m[K/home/albert/umov_ws/src/arduinobot_remote/src/task_server.cpp:137:64:[m[K [01;31m[Kerror: [m[K‘[01m[Kgripper_move_group[m[K’ was not declared in this scope; did you mean ‘[01m[Kgripper_move_group_[m[K’?
[14.930s]   137 | l gripper_within_bounds = (gripper_joint_goal.size() == [01;31m[Kgripper_move_group[m[K.getActiveJoints().size());
[14.930s]       |                                                         [01;31m[K^~~~~~~~~~~~~~~~~~[m[K
[14.931s]       |                                                         [32m[Kgripper_move_group_[m[K
[14.931s] [01m[K/home/albert/umov_ws/src/arduinobot_remote/src/task_server.cpp:157:34:[m[K [01;31m[Kerror: [m[Kinvalid use of member function ‘[01m[Kmoveit::planning_interface::MoveGroupInterface arduinobot_remote::TaskServer::gripper_move_group_(int, int)[m[K’ (did you forget the ‘[01m[K()[m[K’ ?)
[14.931s]   157 |     bool gripper_plan_success = ([01;31m[Kgripper_move_group_[m[K.plan(gripper_plan) == moveit::core::MoveItErrorCode::SUCCESS);
[14.932s]       |                                  [01;31m[K^~~~~~~~~~~~~~~~~~~[m[K
[14.932s] [01m[K/home/albert/umov_ws/src/arduinobot_remote/src/task_server.cpp:157:54:[m[K [01;31m[Kerror: [m[Kexpected ‘[01m[K)[m[K’ before ‘[01m[Kplan[m[K’
[14.932s]   157 |     bool gripper_plan_success = (gripper_move_group_.[01;31m[Kplan[m[K(gripper_plan) == moveit::core::MoveItErrorCode::SUCCESS);
[14.933s]       |                                                      [01;31m[K^~~~[m[K
[14.933s] [01m[K/home/albert/umov_ws/src/arduinobot_remote/src/task_server.cpp:157:33:[m[K [01;36m[Knote: [m[Kto match this ‘[01m[K([m[K’
[14.933s]   157 |     bool gripper_plan_success = [01;36m[K([m[Kgripper_move_group_.plan(gripper_plan) == moveit::core::MoveItErrorCode::SUCCESS);
[14.934s]       |                                 [01;36m[K^[m[K
[14.934s] [01m[K/home/albert/umov_ws/src/arduinobot_remote/src/task_server.cpp:162:14:[m[K [01;35m[Kwarning: [m[Kunused variable ‘[01m[Karm_execution_success[m[K’ [[01;35m[K]8;;https://gcc.gnu.org/onlinedocs/gcc/Warning-Options.html#index-Wunused-variable-Wunused-variable]8;;[m[K]
[14.934s]   162 |         bool [01;35m[Karm_execution_success[m[K = (arm_move_group.execute(arm_plan) == moveit::core::MoveItErrorCode::SUCCESS);
[14.934s]       |              [01;35m[K^~~~~~~~~~~~~~~~~~~~~[m[K
[14.935s] [01m[K/home/albert/umov_ws/src/arduinobot_remote/src/task_server.cpp:173:14:[m[K [01;35m[Kwarning: [m[Kunused variable ‘[01m[Kgripper_plan_success[m[K’ [[01;35m[K]8;;https://gcc.gnu.org/onlinedocs/gcc/Warning-Options.html#index-Wunused-variable-Wunused-variable]8;;[m[K]
[14.935s]   173 |         bool [01;35m[Kgripper_plan_success[m[K = (gripper_move_group.plan(gripper_plan) == moveit::core::MoveItErrorCode::SUCCESS);
[14.935s]       |              [01;35m[K^~~~~~~~~~~~~~~~~~~~[m[K
[22.093s] gmake[2]: *** [CMakeFiles/task_server.dir/build.make:76: CMakeFiles/task_server.dir/src/task_server.cpp.o] Error 1
[22.093s] gmake[1]: *** [CMakeFiles/Makefile2:142: CMakeFiles/task_server.dir/all] Error 2
[22.094s] gmake: *** [Makefile:146: all] Error 2
[22.097s] Invoked command in '/home/albert/umov_ws/build/arduinobot_remote' returned '2': CMAKE_PREFIX_PATH=/home/albert/umov_ws/install/arduinobot_msgs:/home/albert/umov_ws/install/arduinobot_moveit:/home/albert/umov_ws/install/MoveitAssistant:/home/albert/ag_arm_ws/install/arm_setup_moveit:/home/albert/ag_arm_ws/install/arm_moveit:/home/albert/ag_arm_ws/install/arm_description:/home/albert/ag_arm_ws/install/arm_cpp:/home/albert/ag_arm_ws/install/arm_controller:/home/albert/ws_moveit2/install/pilz_industrial_motion_planner_testutils:/home/albert/ws_moveit2/install/moveit_runtime:/home/albert/ws_moveit2/install/moveit2_tutorials:/home/albert/ws_moveit2/install/moveit:/home/albert/ws_moveit2/install/moveit_planners:/home/albert/ws_moveit2/install/pilz_industrial_motion_planner:/home/albert/ws_moveit2/install/moveit_visual_tools:/home/albert/ws_moveit2/install/moveit_task_constructor_visualization:/home/albert/ws_moveit2/install/moveit_task_constructor_demo:/home/albert/ws_moveit2/install/moveit_task_constructor_capabilities:/home/albert/ws_moveit2/install/moveit_task_constructor_core:/home/albert/ws_moveit2/install/moveit_ros_control_interface:/home/albert/ws_moveit2/install/moveit_plugins:/home/albert/ws_moveit2/install/moveit_simple_controller_manager:/home/albert/ws_moveit2/install/moveit_setup_assistant:/home/albert/ws_moveit2/install/moveit_setup_srdf_plugins:/home/albert/ws_moveit2/install/moveit_setup_core_plugins:/home/albert/ws_moveit2/install/moveit_setup_controllers:/home/albert/ws_moveit2/install/moveit_setup_app_plugins:/home/albert/ws_moveit2/install/moveit_setup_framework:/home/albert/ws_moveit2/install/moveit_servo:/home/albert/ws_moveit2/install/moveit_ros:/home/albert/ws_moveit2/install/moveit_ros_visualization:/home/albert/ws_moveit2/install/moveit_hybrid_planning:/home/albert/ws_moveit2/install/moveit_ros_planning_interface:/home/albert/ws_moveit2/install/moveit_ros_benchmarks:/home/albert/ws_moveit2/install/moveit_ros_warehouse:/home/albert/ws_moveit2/install/moveit_ros_robot_interaction:/home/albert/ws_moveit2/install/moveit_ros_perception:/home/albert/ws_moveit2/install/moveit_resources_prbt_pg70_support:/home/albert/ws_moveit2/install/moveit_resources_prbt_moveit_config:/home/albert/ws_moveit2/install/moveit_ros_move_group:/home/albert/ws_moveit2/install/moveit_planners_ompl:/home/albert/ws_moveit2/install/moveit_ros_planning:/home/albert/ws_moveit2/install/moveit_ros_occupancy_map_monitor:/home/albert/ws_moveit2/install/moveit_resources_prbt_ikfast_manipulator_plugin:/home/albert/ws_moveit2/install/moveit_planners_chomp:/home/albert/ws_moveit2/install/moveit_kinematics:/home/albert/ws_moveit2/install/moveit_chomp_optimizer_adapter:/home/albert/ws_moveit2/install/chomp_motion_planner:/home/albert/ws_moveit2/install/moveit_core:/home/albert/ws_moveit2/install/srdfdom:/home/albert/ws_moveit2/install/rviz_marker_tools:/home/albert/ws_moveit2/install/rosparam_shortcuts:/home/albert/ws_moveit2/install/moveit_task_constructor_msgs:/home/albert/ws_moveit2/install/moveit_resources_prbt_support:/home/albert/ws_moveit2/install/moveit_resources:/home/albert/ws_moveit2/install/moveit_resources_pr2_description:/home/albert/ws_moveit2/install/moveit_resources_panda_moveit_config:/home/albert/ws_moveit2/install/moveit_resources_panda_description:/home/albert/ws_moveit2/install/moveit_resources_fanuc_moveit_config:/home/albert/ws_moveit2/install/moveit_resources_fanuc_description:/home/albert/ws_moveit2/install/moveit_common:/home/albert/umov_ws/install/description:/home/albert/umov_ws/install/arduinobot_utils:/home/albert/umov_ws/install/arduinobot_remote:/home/albert/umov_ws/install/arduino_cpp_examples:/home/albert/umov_ws/install/arduinobot_firmware:/home/albert/umov_ws/install/arduinobot_controller:/home/albert/umov_ws/install/arduinobot_bringup:/home/albert/unav_ws/install/turtlebot3_fake_node:/home/albert/unav_ws/install/robot_bringup:/home/albert/unav_ws/install/nav2_robot_description:/home/albert/udem2_ws/install/robot_bringup:/home/albert/udem2_ws/install/my_robot_bringup:/home/albert/udem2_ws/install/lifecycle_cpp:/home/albert/udem2_ws/install/final_project_cpp:/home/albert/udem2_ws/install/actions_cpp:/home/albert/udem2_ws/install/robot_interfaces:/home/albert/udem2_ws/install/executors_cpp:/home/albert/udem2_ws/install/components_cpp:/home/albert/udem_ws/install/my_robot_bringup:/home/albert/udem_ws/install/my_cpp_pkg:/home/albert/udem_ws/install/my_robot_interfaces:/home/albert/udem_ws/install/my_robot_description:/home/albert/udem_ws/install/lifecycle_cpp:/home/albert/bcdc_ws/install/aggiebot_cpp:/home/albert/bcdc_ws/install/aggiebot_msgs:/home/albert/bcdc_ws/install/aggiebot_description:/home/albert/bcdc_ws/install/aggiebot_controller:/home/albert/bcdc_ws/install/aggiebot_bringup:/home/albert/bcdc_ws/install/aggiebot_arm_moveit:/home/albert/bcdc_ws/install/aggiebot_arm_description:/home/albert/bcdc_ws/install/aggiebot_arm_controller:/home/albert/bcdc_ws/install/agbot_setup_moveit:/home/albert/bcdc_ws/install/agbot_cpp:/home/albert/bcdc_ws/install/agbot_msgs:/home/albert/bcdc_ws/install/agbot_moveit:/home/albert/bcdc_ws/install/agbot_description:/home/albert/bcdc_ws/install/agbot_controller:/home/albert/bcdc_ws/install/agbot_bringup:/home/albert/bcdc_ws/install/agbot_arm_controller:/home/albert/arduinobot_ws/install/arduinobot_utils:/home/albert/arduinobot_ws/install/arduinobot_remote:/home/albert/arduinobot_ws/install/arduinobot_cpp_examples:/home/albert/arduinobot_ws/install/arduinobot_msgs:/home/albert/arduinobot_ws/install/arduinobot_moveit_setup:/home/albert/arduinobot_ws/install/arduinobot_moveit:/home/albert/arduinobot_ws/install/arduinobot_description:/home/albert/arduinobot_ws/install/arduinobot_controller:/home/albert/rad_ws/install/agbot_full_nav2:/home/albert/rad_ws/install/agbot_full_msgs:/home/albert/rad_ws/install/agbot_full_moveit_setup:/home/albert/rad_ws/install/agbot_full_moveit:/home/albert/rad_ws/install/agbot_full_description:/home/albert/rad_ws/install/agbot_full_cpp:/home/albert/rad_ws/install/agbot_full_controller:/home/albert/rad_ws/install/agbot_full_cartogropher:/home/albert/dev_ws/install/my_bot:/home/albert/ag_car_ws/install/car_nav2:/home/albert/ag_car_ws/install/car_description:/home/albert/ag_car_ws/install/car_controller:/home/albert/ag_car_ws/install/car_cartographer:/home/albert/ws_moveit2/install/moveit_configs_utils:/home/albert/ws_moveit2/install/launch_param_builder:/home/albert/umov_ws/install/arduino_py_examples:/home/albert/udem2_ws/install/actions_py:/home/albert/udem2_ws/install/lifecycle_py:/home/albert/udem2_ws/install/executors_py:/home/albert/udem2_ws/install/components_py:/home/albert/udem_ws/install/turtlesim_catcher:/home/albert/udem_ws/install/my_py_pkg:/home/albert/udem_ws/install/lifecycle_py:/home/albert/bcdc_ws/install/agbot_teleop:/home/albert/bcdc_ws/install/agbot_py:/home/albert/arduinobot_ws/install/arduinobot_py_examples:/opt/ros/humble LD_LIBRARY_PATH=/home/albert/umov_ws/install/arduinobot_msgs/lib:/home/albert/ws_moveit2/install/pilz_industrial_motion_planner_testutils/lib:/home/albert/ws_moveit2/install/pilz_industrial_motion_planner/lib:/home/albert/ws_moveit2/install/moveit_visual_tools/lib:/home/albert/ws_moveit2/install/moveit_task_constructor_visualization/lib:/home/albert/ws_moveit2/install/moveit_task_constructor_demo/lib:/home/albert/ws_moveit2/install/moveit_task_constructor_capabilities/lib:/home/albert/ws_moveit2/install/moveit_task_constructor_core/lib:/home/albert/ws_moveit2/install/moveit_ros_control_interface/lib:/home/albert/ws_moveit2/install/moveit_simple_controller_manager/lib:/home/albert/ws_moveit2/install/moveit_setup_assistant/lib:/home/albert/ws_moveit2/install/moveit_setup_srdf_plugins/lib:/home/albert/ws_moveit2/install/moveit_setup_core_plugins/lib:/home/albert/ws_moveit2/install/moveit_setup_controllers/lib:/home/albert/ws_moveit2/install/moveit_setup_app_plugins/lib:/home/albert/ws_moveit2/install/moveit_setup_framework/lib:/home/albert/ws_moveit2/install/moveit_servo/lib:/home/albert/ws_moveit2/install/moveit_ros_visualization/lib:/home/albert/ws_moveit2/install/moveit_hybrid_planning/lib:/home/albert/ws_moveit2/install/moveit_ros_planning_interface/lib:/home/albert/ws_moveit2/install/moveit_ros_benchmarks/lib:/home/albert/ws_moveit2/install/moveit_ros_warehouse/lib:/home/albert/ws_moveit2/install/moveit_ros_robot_interaction/lib:/home/albert/ws_moveit2/install/moveit_ros_perception/lib:/home/albert/ws_moveit2/install/moveit_ros_move_group/lib:/home/albert/ws_moveit2/install/moveit_planners_ompl/lib:/home/albert/ws_moveit2/install/moveit_ros_planning/lib:/home/albert/ws_moveit2/install/moveit_ros_occupancy_map_monitor/lib:/home/albert/ws_moveit2/install/moveit_resources_prbt_ikfast_manipulator_plugin/lib:/home/albert/ws_moveit2/install/moveit_planners_chomp/lib:/home/albert/ws_moveit2/install/moveit_kinematics/lib:/home/albert/ws_moveit2/install/moveit_chomp_optimizer_adapter/lib:/home/albert/ws_moveit2/install/chomp_motion_planner/lib:/home/albert/ws_moveit2/install/moveit_core/lib:/home/albert/ws_moveit2/install/srdfdom/lib:/home/albert/ws_moveit2/install/rviz_marker_tools/lib:/home/albert/ws_moveit2/install/rosparam_shortcuts/lib:/home/albert/ws_moveit2/install/moveit_task_constructor_msgs/lib:/home/albert/umov_ws/install/arduinobot_remote/lib:/home/albert/umov_ws/install/arduino_cpp_examples/lib:/home/albert/umov_ws/install/arduinobot_controller/lib:/home/albert/udem2_ws/install/final_project_cpp/lib:/home/albert/udem2_ws/install/robot_interfaces/lib:/home/albert/udem2_ws/install/components_cpp/lib:/home/albert/udem_ws/install/my_robot_interfaces/lib:/home/albert/bcdc_ws/install/aggiebot_msgs/lib:/home/albert/bcdc_ws/install/agbot_msgs/lib:/home/albert/arduinobot_ws/install/arduinobot_remote/lib:/home/albert/arduinobot_ws/install/arduinobot_cpp_examples/lib:/home/albert/arduinobot_ws/install/arduinobot_msgs/lib:/usr/lib/x86_64-linux-gnu/gazebo-11/plugins:/opt/ros/humble/opt/rviz_ogre_vendor/lib:/opt/ros/humble/lib/x86_64-linux-gnu:/opt/ros/humble/lib:/usr/share/gazebo/../../lib/x86_64-linux-gnu/gazebo-11/plugins /home/albert/.local/bin/cmake --build /home/albert/umov_ws/build/arduinobot_remote -- -j8 -l8
