[ 50%] Built target simple_serial_transmitter
[100%] Built target simple_serial_receiver
[100%] Built target ament_cmake_python_copy_arduino_firmware
running egg_info
writing arduino_firmware.egg-info/PKG-INFO
writing dependency_links to arduino_firmware.egg-info/dependency_links.txt
writing top-level names to arduino_firmware.egg-info/top_level.txt
reading manifest file 'arduino_firmware.egg-info/SOURCES.txt'
writing manifest file 'arduino_firmware.egg-info/SOURCES.txt'
[100%] Built target ament_cmake_python_build_arduino_firmware_egg
-- Install configuration: ""
-- Up-to-date: /home/albert/umov_ws/install/arduino_firmware/share/arduino_firmware/environment/pythonpath.sh
-- Up-to-date: /home/albert/umov_ws/install/arduino_firmware/share/arduino_firmware/environment/pythonpath.dsv
-- Up-to-date: /home/albert/umov_ws/install/arduino_firmware/local/lib/python3.10/dist-packages/arduino_firmware-0.0.0-py3.10.egg-info
-- Installing: /home/albert/umov_ws/install/arduino_firmware/local/lib/python3.10/dist-packages/arduino_firmware-0.0.0-py3.10.egg-info/SOURCES.txt
-- Installing: /home/albert/umov_ws/install/arduino_firmware/local/lib/python3.10/dist-packages/arduino_firmware-0.0.0-py3.10.egg-info/top_level.txt
-- Installing: /home/albert/umov_ws/install/arduino_firmware/local/lib/python3.10/dist-packages/arduino_firmware-0.0.0-py3.10.egg-info/PKG-INFO
-- Installing: /home/albert/umov_ws/install/arduino_firmware/local/lib/python3.10/dist-packages/arduino_firmware-0.0.0-py3.10.egg-info/dependency_links.txt
-- Up-to-date: /home/albert/umov_ws/install/arduino_firmware/local/lib/python3.10/dist-packages/arduino_firmware
-- Up-to-date: /home/albert/umov_ws/install/arduino_firmware/local/lib/python3.10/dist-packages/arduino_firmware/simple_serial_receiver.py
-- Up-to-date: /home/albert/umov_ws/install/arduino_firmware/local/lib/python3.10/dist-packages/arduino_firmware/__init__.py
-- Up-to-date: /home/albert/umov_ws/install/arduino_firmware/local/lib/python3.10/dist-packages/arduino_firmware/simple_serial_transmitter.py
-- Up-to-date: /home/albert/umov_ws/install/arduino_firmware/local/lib/python3.10/dist-packages/arduino_firmware/simple_serial_receiver
-- Up-to-date: /home/albert/umov_ws/install/arduino_firmware/local/lib/python3.10/dist-packages/arduino_firmware/simple_serial_receiver/simple_serial_receiver.ino
Listing '/home/albert/umov_ws/install/arduino_firmware/local/lib/python3.10/dist-packages/arduino_firmware'...
Listing '/home/albert/umov_ws/install/arduino_firmware/local/lib/python3.10/dist-packages/arduino_firmware/simple_serial_receiver'...
-- Up-to-date: /home/albert/umov_ws/install/arduino_firmware/lib/arduino_firmware/simple_serial_transmitter
-- Up-to-date: /home/albert/umov_ws/install/arduino_firmware/lib/arduino_firmware/simple_serial_receiver
-- Up-to-date: /home/albert/umov_ws/install/arduino_firmware/lib/arduino_firmware/simple_serial_transmitter.py
-- Up-to-date: /home/albert/umov_ws/install/arduino_firmware/lib/arduino_firmware/simple_serial_receiver.py
-- Up-to-date: /home/albert/umov_ws/install/arduino_firmware/share/ament_index/resource_index/package_run_dependencies/arduino_firmware
-- Up-to-date: /home/albert/umov_ws/install/arduino_firmware/share/ament_index/resource_index/parent_prefix_path/arduino_firmware
-- Up-to-date: /home/albert/umov_ws/install/arduino_firmware/share/arduino_firmware/environment/ament_prefix_path.sh
-- Up-to-date: /home/albert/umov_ws/install/arduino_firmware/share/arduino_firmware/environment/ament_prefix_path.dsv
-- Up-to-date: /home/albert/umov_ws/install/arduino_firmware/share/arduino_firmware/environment/path.sh
-- Up-to-date: /home/albert/umov_ws/install/arduino_firmware/share/arduino_firmware/environment/path.dsv
-- Up-to-date: /home/albert/umov_ws/install/arduino_firmware/share/arduino_firmware/local_setup.bash
-- Up-to-date: /home/albert/umov_ws/install/arduino_firmware/share/arduino_firmware/local_setup.sh
-- Up-to-date: /home/albert/umov_ws/install/arduino_firmware/share/arduino_firmware/local_setup.zsh
-- Up-to-date: /home/albert/umov_ws/install/arduino_firmware/share/arduino_firmware/local_setup.dsv
-- Installing: /home/albert/umov_ws/install/arduino_firmware/share/arduino_firmware/package.dsv
-- Up-to-date: /home/albert/umov_ws/install/arduino_firmware/share/ament_index/resource_index/packages/arduino_firmware
-- Up-to-date: /home/albert/umov_ws/install/arduino_firmware/share/arduino_firmware/cmake/arduino_firmwareConfig.cmake
-- Up-to-date: /home/albert/umov_ws/install/arduino_firmware/share/arduino_firmware/cmake/arduino_firmwareConfig-version.cmake
-- Up-to-date: /home/albert/umov_ws/install/arduino_firmware/share/arduino_firmware/package.xml
