[0.102s] Invoking command in '/home/albert/umov_ws/build/arduinobot_msgs': CMAKE_PREFIX_PATH=${CMAKE_PREFIX_PATH}:/home/albert/ws_moveit2/install/moveit_configs_utils:/home/albert/ws_moveit2/install/launch_param_builder:/home/albert/umov_ws/install/arduino_py_examples:/home/albert/udem2_ws/install/actions_py:/home/albert/udem2_ws/install/lifecycle_py:/home/albert/udem2_ws/install/executors_py:/home/albert/udem2_ws/install/components_py:/home/albert/udem_ws/install/turtlesim_catcher:/home/albert/udem_ws/install/my_py_pkg:/home/albert/udem_ws/install/lifecycle_py:/home/albert/bcdc_ws/install/agbot_teleop:/home/albert/bcdc_ws/install/agbot_py:/home/albert/arduinobot_ws/install/arduinobot_py_examples:/opt/ros/humble /home/albert/.local/bin/cmake /home/albert/umov_ws/src/arduinobot_msgs -DCMAKE_INSTALL_PREFIX=/home/albert/umov_ws/install/arduinobot_msgs
[0.214s] -- The C compiler identification is GNU 11.4.0
[0.343s] -- The CXX compiler identification is GNU 11.4.0
[0.371s] -- Detecting C compiler ABI info
[0.500s] -- Detecting C compiler ABI info - done
[0.541s] -- Check for working C compiler: /usr/bin/cc - skipped
[0.541s] -- Detecting C compile features
[0.542s] -- Detecting C compile features - done
[0.552s] -- Detecting CXX compiler ABI info
[0.729s] -- Detecting CXX compiler ABI info - done
[0.775s] -- Check for working CXX compiler: /usr/bin/c++ - skipped
[0.775s] -- Detecting CXX compile features
[0.777s] -- Detecting CXX compile features - done
[0.799s] -- Found ament_cmake: 1.3.11 (/opt/ros/humble/share/ament_cmake/cmake)
[1.229s] -- Found Python3: /usr/bin/python3 (found version "3.10.12") found components: Interpreter
[1.745s] -- Found std_msgs: 4.2.4 (/opt/ros/humble/share/std_msgs/cmake)
[2.000s] -- Found rosidl_generator_c: 3.1.6 (/opt/ros/humble/share/rosidl_generator_c/cmake)
[2.049s] -- Found rosidl_adapter: 3.1.6 (/opt/ros/humble/share/rosidl_adapter/cmake)
[2.106s] -- Found rosidl_generator_cpp: 3.1.6 (/opt/ros/humble/share/rosidl_generator_cpp/cmake)
[2.194s] -- Using all available rosidl_typesupport_c: rosidl_typesupport_fastrtps_c;rosidl_typesupport_introspection_c
[2.316s] -- Using all available rosidl_typesupport_cpp: rosidl_typesupport_fastrtps_cpp;rosidl_typesupport_introspection_cpp
[2.489s] -- Found rosidl_default_generators: 1.2.0 (/opt/ros/humble/share/rosidl_default_generators/cmake)
[4.310s] -- Found ament_cmake_ros: 0.10.0 (/opt/ros/humble/share/ament_cmake_ros/cmake)
[7.510s] -- Using all available rosidl_typesupport_c: rosidl_typesupport_fastrtps_c;rosidl_typesupport_introspection_c
[8.670s] -- Using all available rosidl_typesupport_cpp: rosidl_typesupport_fastrtps_cpp;rosidl_typesupport_introspection_cpp
[8.681s] [33mCMake Warning (dev) at /opt/ros/humble/share/rosidl_generator_py/cmake/rosidl_generator_py_generate_interfaces.cmake:20 (find_package):
[8.682s]   Policy CMP0148 is not set: The FindPythonInterp and FindPythonLibs modules
[8.682s]   are removed.  Run "cmake --help-policy CMP0148" for policy details.  Use
[8.682s]   the cmake_policy command to set the policy and suppress this warning.
[8.682s] 
[8.682s] Call Stack (most recent call first):
[8.683s]   /opt/ros/humble/share/ament_cmake_core/cmake/core/ament_execute_extensions.cmake:48 (include)
[8.683s]   /opt/ros/humble/share/rosidl_cmake/cmake/rosidl_generate_interfaces.cmake:286 (ament_execute_extensions)
[8.683s]   CMakeLists.txt:12 (rosidl_generate_interfaces)
[8.683s] This warning is for project developers.  Use -Wno-dev to suppress it.
[8.683s] [0m
[8.773s] -- Found PythonInterp: /usr/bin/python3 (found suitable version "3.10.12", minimum required is "3.6")
[8.809s] -- Found python_cmake_module: 0.10.0 (/opt/ros/humble/share/python_cmake_module/cmake)
[8.810s] [33mCMake Warning (dev) at /opt/ros/humble/share/python_cmake_module/cmake/Modules/FindPythonExtra.cmake:52 (find_package):
[8.810s]   Policy CMP0148 is not set: The FindPythonInterp and FindPythonLibs modules
[8.810s]   are removed.  Run "cmake --help-policy CMP0148" for policy details.  Use
[8.814s]   the cmake_policy command to set the policy and suppress this warning.
[8.814s] 
[8.814s] Call Stack (most recent call first):
[8.814s]   /opt/ros/humble/share/rosidl_generator_py/cmake/rosidl_generator_py_generate_interfaces.cmake:23 (find_package)
[8.815s]   /opt/ros/humble/share/ament_cmake_core/cmake/core/ament_execute_extensions.cmake:48 (include)
[8.815s]   /opt/ros/humble/share/rosidl_cmake/cmake/rosidl_generate_interfaces.cmake:286 (ament_execute_extensions)
[8.815s]   CMakeLists.txt:12 (rosidl_generate_interfaces)
[8.816s] This warning is for project developers.  Use -Wno-dev to suppress it.
[8.816s] [0m
[8.894s] [33mCMake Warning (dev) at /opt/ros/humble/share/python_cmake_module/cmake/Modules/FindPythonExtra.cmake:140 (find_package):
[8.898s]   Policy CMP0148 is not set: The FindPythonInterp and FindPythonLibs modules
[8.899s]   are removed.  Run "cmake --help-policy CMP0148" for policy details.  Use
[8.899s]   the cmake_policy command to set the policy and suppress this warning.
[8.899s] 
[8.899s] Call Stack (most recent call first):
[8.899s]   /opt/ros/humble/share/rosidl_generator_py/cmake/rosidl_generator_py_generate_interfaces.cmake:23 (find_package)
[8.904s]   /opt/ros/humble/share/ament_cmake_core/cmake/core/ament_execute_extensions.cmake:48 (include)
[8.904s]   /opt/ros/humble/share/rosidl_cmake/cmake/rosidl_generate_interfaces.cmake:286 (ament_execute_extensions)
[8.905s]   CMakeLists.txt:12 (rosidl_generate_interfaces)
[8.905s] This warning is for project developers.  Use -Wno-dev to suppress it.
[8.905s] [0m
[8.950s] -- Found PythonLibs: /usr/lib/x86_64-linux-gnu/libpython3.10.so (found suitable version "3.10.12", minimum required is "3.5")
[8.953s] -- Using PYTHON_EXECUTABLE: /usr/bin/python3
[8.953s] -- Using PYTHON_INCLUDE_DIRS: /usr/include/python3.10
[8.953s] -- Using PYTHON_LIBRARIES: /usr/lib/x86_64-linux-gnu/libpython3.10.so
[9.037s] -- Found PythonExtra: .so
[9.752s] -- Configuring done (9.6s)
[9.889s] -- Generating done (0.1s)
[9.931s] -- Build files have been written to: /home/albert/umov_ws/build/arduinobot_msgs
[9.959s] Invoked command in '/home/albert/umov_ws/build/arduinobot_msgs' returned '0': CMAKE_PREFIX_PATH=${CMAKE_PREFIX_PATH}:/home/albert/ws_moveit2/install/moveit_configs_utils:/home/albert/ws_moveit2/install/launch_param_builder:/home/albert/umov_ws/install/arduino_py_examples:/home/albert/udem2_ws/install/actions_py:/home/albert/udem2_ws/install/lifecycle_py:/home/albert/udem2_ws/install/executors_py:/home/albert/udem2_ws/install/components_py:/home/albert/udem_ws/install/turtlesim_catcher:/home/albert/udem_ws/install/my_py_pkg:/home/albert/udem_ws/install/lifecycle_py:/home/albert/bcdc_ws/install/agbot_teleop:/home/albert/bcdc_ws/install/agbot_py:/home/albert/arduinobot_ws/install/arduinobot_py_examples:/opt/ros/humble /home/albert/.local/bin/cmake /home/albert/umov_ws/src/arduinobot_msgs -DCMAKE_INSTALL_PREFIX=/home/albert/umov_ws/install/arduinobot_msgs
[9.961s] Invoking command in '/home/albert/umov_ws/build/arduinobot_msgs': CMAKE_PREFIX_PATH=${CMAKE_PREFIX_PATH}:/home/albert/ws_moveit2/install/moveit_configs_utils:/home/albert/ws_moveit2/install/launch_param_builder:/home/albert/umov_ws/install/arduino_py_examples:/home/albert/udem2_ws/install/actions_py:/home/albert/udem2_ws/install/lifecycle_py:/home/albert/udem2_ws/install/executors_py:/home/albert/udem2_ws/install/components_py:/home/albert/udem_ws/install/turtlesim_catcher:/home/albert/udem_ws/install/my_py_pkg:/home/albert/udem_ws/install/lifecycle_py:/home/albert/bcdc_ws/install/agbot_teleop:/home/albert/bcdc_ws/install/agbot_py:/home/albert/arduinobot_ws/install/arduinobot_py_examples:/opt/ros/humble /home/albert/.local/bin/cmake --build /home/albert/umov_ws/build/arduinobot_msgs -- -j8 -l8
[10.072s] [  1%] [34m[1mGenerating C code for ROS interfaces[0m
[10.127s] [  3%] [34m[1mGenerating C++ code for ROS interfaces[0m
[10.138s] [  3%] Built target ament_cmake_python_copy_arduinobot_msgs
[11.443s] running egg_info
[11.445s] creating arduinobot_msgs.egg-info
[11.445s] writing arduinobot_msgs.egg-info/PKG-INFO
[11.447s] writing dependency_links to arduinobot_msgs.egg-info/dependency_links.txt
[11.449s] writing top-level names to arduinobot_msgs.egg-info/top_level.txt
[11.453s] writing manifest file 'arduinobot_msgs.egg-info/SOURCES.txt'
[11.461s] reading manifest file 'arduinobot_msgs.egg-info/SOURCES.txt'
[11.462s] writing manifest file 'arduinobot_msgs.egg-info/SOURCES.txt'
[11.538s] [  3%] Built target ament_cmake_python_build_arduinobot_msgs_egg
[13.594s] [  3%] Built target arduinobot_msgs__cpp
[13.624s] [  4%] [34m[1mGenerating C++ type support for eProsima Fast-RTPS[0m
[13.624s] [  6%] [34m[1mGenerating C++ type support dispatch for ROS interfaces[0m
[13.634s] [  7%] [34m[1mGenerating C++ introspection for ROS interfaces[0m
[13.906s] [  9%] [32mBuilding C object CMakeFiles/arduinobot_msgs__rosidl_generator_c.dir/rosidl_generator_c/arduinobot_msgs/srv/detail/euler_to_quaternion__functions.c.o[0m
[13.917s] [ 12%] [32mBuilding C object CMakeFiles/arduinobot_msgs__rosidl_generator_c.dir/rosidl_generator_c/arduinobot_msgs/action/detail/fibonacci__functions.c.o[0m
[13.918s] [ 12%] [32mBuilding C object CMakeFiles/arduinobot_msgs__rosidl_generator_c.dir/rosidl_generator_c/arduinobot_msgs/srv/detail/add_two_ints__functions.c.o[0m
[13.921s] [ 14%] [32mBuilding C object CMakeFiles/arduinobot_msgs__rosidl_generator_c.dir/rosidl_generator_c/arduinobot_msgs/srv/detail/quaternion_to_euler__functions.c.o[0m
[13.933s] [ 15%] [32mBuilding C object CMakeFiles/arduinobot_msgs__rosidl_generator_c.dir/rosidl_generator_c/arduinobot_msgs/action/detail/arduinobot_task__functions.c.o[0m
[14.677s] [ 17%] [32m[1mLinking C shared library libarduinobot_msgs__rosidl_generator_c.so[0m
[14.819s] [ 17%] Built target arduinobot_msgs__rosidl_generator_c
[14.869s] [ 19%] [34m[1mGenerating C type support for eProsima Fast-RTPS[0m
[14.869s] [ 20%] [34m[1mGenerating C introspection for ROS interfaces[0m
[14.873s] [ 22%] [34m[1mGenerating C type support dispatch for ROS interfaces[0m
[17.307s] [ 23%] [32mBuilding CXX object CMakeFiles/arduinobot_msgs__rosidl_typesupport_cpp.dir/rosidl_typesupport_cpp/arduinobot_msgs/srv/add_two_ints__type_support.cpp.o[0m
[17.319s] [ 25%] [32mBuilding CXX object CMakeFiles/arduinobot_msgs__rosidl_typesupport_cpp.dir/rosidl_typesupport_cpp/arduinobot_msgs/srv/euler_to_quaternion__type_support.cpp.o[0m
[17.338s] [ 26%] [32mBuilding CXX object CMakeFiles/arduinobot_msgs__rosidl_typesupport_cpp.dir/rosidl_typesupport_cpp/arduinobot_msgs/srv/quaternion_to_euler__type_support.cpp.o[0m
[17.750s] [ 28%] [32mBuilding CXX object CMakeFiles/arduinobot_msgs__rosidl_typesupport_c.dir/rosidl_typesupport_c/arduinobot_msgs/srv/add_two_ints__type_support.cpp.o[0m
[17.842s] [ 30%] [32mBuilding CXX object CMakeFiles/arduinobot_msgs__rosidl_typesupport_c.dir/rosidl_typesupport_c/arduinobot_msgs/srv/euler_to_quaternion__type_support.cpp.o[0m
[17.993s] [ 31%] [32mBuilding CXX object CMakeFiles/arduinobot_msgs__rosidl_typesupport_c.dir/rosidl_typesupport_c/arduinobot_msgs/srv/quaternion_to_euler__type_support.cpp.o[0m
[18.215s] [ 33%] [32mBuilding CXX object CMakeFiles/arduinobot_msgs__rosidl_typesupport_introspection_cpp.dir/rosidl_typesupport_introspection_cpp/arduinobot_msgs/srv/detail/add_two_ints__type_support.cpp.o[0m
[18.217s] [ 34%] [32mBuilding CXX object CMakeFiles/arduinobot_msgs__rosidl_typesupport_c.dir/rosidl_typesupport_c/arduinobot_msgs/action/fibonacci__type_support.cpp.o[0m
[18.443s] [ 36%] [32mBuilding CXX object CMakeFiles/arduinobot_msgs__rosidl_typesupport_c.dir/rosidl_typesupport_c/arduinobot_msgs/action/arduinobot_task__type_support.cpp.o[0m
[18.485s] [ 38%] [32mBuilding CXX object CMakeFiles/arduinobot_msgs__rosidl_typesupport_cpp.dir/rosidl_typesupport_cpp/arduinobot_msgs/action/fibonacci__type_support.cpp.o[0m
[18.519s] [ 39%] [32mBuilding CXX object CMakeFiles/arduinobot_msgs__rosidl_typesupport_cpp.dir/rosidl_typesupport_cpp/arduinobot_msgs/action/arduinobot_task__type_support.cpp.o[0m
[18.741s] [ 41%] [32m[1mLinking CXX shared library libarduinobot_msgs__rosidl_typesupport_c.so[0m
[18.932s] [ 41%] Built target arduinobot_msgs__rosidl_typesupport_c
[18.971s] [ 42%] [32mBuilding CXX object CMakeFiles/arduinobot_msgs__rosidl_typesupport_introspection_cpp.dir/rosidl_typesupport_introspection_cpp/arduinobot_msgs/srv/detail/euler_to_quaternion__type_support.cpp.o[0m
[19.170s] [ 44%] [32mBuilding CXX object CMakeFiles/arduinobot_msgs__rosidl_typesupport_introspection_cpp.dir/rosidl_typesupport_introspection_cpp/arduinobot_msgs/srv/detail/quaternion_to_euler__type_support.cpp.o[0m
[19.346s] [ 46%] [32mBuilding CXX object CMakeFiles/arduinobot_msgs__rosidl_typesupport_fastrtps_cpp.dir/rosidl_typesupport_fastrtps_cpp/arduinobot_msgs/srv/detail/dds_fastrtps/add_two_ints__type_support.cpp.o[0m
[19.765s] [ 47%] [32mBuilding C object CMakeFiles/arduinobot_msgs__rosidl_typesupport_introspection_c.dir/rosidl_typesupport_introspection_c/arduinobot_msgs/srv/detail/add_two_ints__type_support.c.o[0m
[20.000s] [ 49%] [32mBuilding C object CMakeFiles/arduinobot_msgs__rosidl_typesupport_introspection_c.dir/rosidl_typesupport_introspection_c/arduinobot_msgs/srv/detail/euler_to_quaternion__type_support.c.o[0m
[20.230s] [ 50%] [32mBuilding C object CMakeFiles/arduinobot_msgs__rosidl_typesupport_introspection_c.dir/rosidl_typesupport_introspection_c/arduinobot_msgs/srv/detail/quaternion_to_euler__type_support.c.o[0m
[20.402s] [ 52%] [32mBuilding C object CMakeFiles/arduinobot_msgs__rosidl_typesupport_introspection_c.dir/rosidl_typesupport_introspection_c/arduinobot_msgs/action/detail/fibonacci__type_support.c.o[0m
[20.504s] [ 53%] [32mBuilding CXX object CMakeFiles/arduinobot_msgs__rosidl_typesupport_fastrtps_c.dir/rosidl_typesupport_fastrtps_c/arduinobot_msgs/srv/detail/add_two_ints__type_support_c.cpp.o[0m
[20.532s] [ 55%] [32mBuilding CXX object CMakeFiles/arduinobot_msgs__rosidl_typesupport_fastrtps_cpp.dir/rosidl_typesupport_fastrtps_cpp/arduinobot_msgs/srv/detail/dds_fastrtps/euler_to_quaternion__type_support.cpp.o[0m
[20.717s] [ 57%] [32mBuilding CXX object CMakeFiles/arduinobot_msgs__rosidl_typesupport_introspection_cpp.dir/rosidl_typesupport_introspection_cpp/arduinobot_msgs/action/detail/fibonacci__type_support.cpp.o[0m
[20.788s] [ 58%] [32mBuilding C object CMakeFiles/arduinobot_msgs__rosidl_typesupport_introspection_c.dir/rosidl_typesupport_introspection_c/arduinobot_msgs/action/detail/arduinobot_task__type_support.c.o[0m
[21.089s] [ 60%] [32mBuilding CXX object CMakeFiles/arduinobot_msgs__rosidl_typesupport_fastrtps_c.dir/rosidl_typesupport_fastrtps_c/arduinobot_msgs/srv/detail/euler_to_quaternion__type_support_c.cpp.o[0m
[21.119s] [ 61%] [32m[1mLinking C shared library libarduinobot_msgs__rosidl_typesupport_introspection_c.so[0m
[21.123s] [ 63%] [32mBuilding CXX object CMakeFiles/arduinobot_msgs__rosidl_typesupport_fastrtps_cpp.dir/rosidl_typesupport_fastrtps_cpp/arduinobot_msgs/srv/detail/dds_fastrtps/quaternion_to_euler__type_support.cpp.o[0m
[21.202s] [ 65%] [32mBuilding CXX object CMakeFiles/arduinobot_msgs__rosidl_typesupport_introspection_cpp.dir/rosidl_typesupport_introspection_cpp/arduinobot_msgs/action/detail/arduinobot_task__type_support.cpp.o[0m
[21.237s] [ 65%] Built target arduinobot_msgs__rosidl_typesupport_introspection_c
[21.256s] [ 66%] [32mBuilding CXX object CMakeFiles/arduinobot_msgs__rosidl_typesupport_fastrtps_c.dir/rosidl_typesupport_fastrtps_c/arduinobot_msgs/srv/detail/quaternion_to_euler__type_support_c.cpp.o[0m
[21.312s] [ 68%] [32m[1mLinking CXX shared library libarduinobot_msgs__rosidl_typesupport_cpp.so[0m
[21.518s] [ 68%] Built target arduinobot_msgs__rosidl_typesupport_cpp
[21.549s] [ 69%] [32mBuilding CXX object CMakeFiles/arduinobot_msgs__rosidl_typesupport_fastrtps_cpp.dir/rosidl_typesupport_fastrtps_cpp/arduinobot_msgs/action/detail/dds_fastrtps/fibonacci__type_support.cpp.o[0m
[21.767s] [ 71%] [32mBuilding CXX object CMakeFiles/arduinobot_msgs__rosidl_typesupport_fastrtps_cpp.dir/rosidl_typesupport_fastrtps_cpp/arduinobot_msgs/action/detail/dds_fastrtps/arduinobot_task__type_support.cpp.o[0m
[22.497s] [ 73%] [32mBuilding CXX object CMakeFiles/arduinobot_msgs__rosidl_typesupport_fastrtps_c.dir/rosidl_typesupport_fastrtps_c/arduinobot_msgs/action/detail/fibonacci__type_support_c.cpp.o[0m
[22.873s] [ 74%] [32mBuilding CXX object CMakeFiles/arduinobot_msgs__rosidl_typesupport_fastrtps_c.dir/rosidl_typesupport_fastrtps_c/arduinobot_msgs/action/detail/arduinobot_task__type_support_c.cpp.o[0m
[23.874s] [ 76%] [32m[1mLinking CXX shared library libarduinobot_msgs__rosidl_typesupport_introspection_cpp.so[0m
[24.075s] [ 76%] Built target arduinobot_msgs__rosidl_typesupport_introspection_cpp
[24.077s] [ 77%] [32m[1mLinking CXX shared library libarduinobot_msgs__rosidl_typesupport_fastrtps_cpp.so[0m
[24.134s] [ 79%] [32m[1mLinking CXX shared library libarduinobot_msgs__rosidl_typesupport_fastrtps_c.so[0m
[24.270s] [ 79%] Built target arduinobot_msgs__rosidl_typesupport_fastrtps_cpp
[24.311s] [ 79%] Built target arduinobot_msgs__rosidl_typesupport_fastrtps_c
[24.346s] [ 79%] Built target arduinobot_msgs
[24.382s] [ 80%] [34m[1mGenerating Python code for ROS interfaces[0m
[28.373s] [ 80%] Built target arduinobot_msgs__py
[28.406s] [ 82%] [32mBuilding C object CMakeFiles/arduinobot_msgs__rosidl_generator_py.dir/rosidl_generator_py/arduinobot_msgs/srv/_quaternion_to_euler_s.c.o[0m
[28.406s] [ 84%] [32mBuilding C object CMakeFiles/arduinobot_msgs__rosidl_generator_py.dir/rosidl_generator_py/arduinobot_msgs/srv/_add_two_ints_s.c.o[0m
[28.406s] [ 85%] [32mBuilding C object CMakeFiles/arduinobot_msgs__rosidl_generator_py.dir/rosidl_generator_py/arduinobot_msgs/srv/_euler_to_quaternion_s.c.o[0m
[28.407s] [ 87%] [32mBuilding C object CMakeFiles/arduinobot_msgs__rosidl_generator_py.dir/rosidl_generator_py/arduinobot_msgs/action/_arduinobot_task_s.c.o[0m
[28.407s] [ 88%] [32mBuilding C object CMakeFiles/arduinobot_msgs__rosidl_generator_py.dir/rosidl_generator_py/arduinobot_msgs/action/_fibonacci_s.c.o[0m
[28.801s] [ 90%] [32m[1mLinking C shared library rosidl_generator_py/arduinobot_msgs/libarduinobot_msgs__rosidl_generator_py.so[0m
[28.875s] [ 90%] Built target arduinobot_msgs__rosidl_generator_py
[28.918s] [ 92%] [32mBuilding C object CMakeFiles/arduinobot_msgs__rosidl_typesupport_c__pyext.dir/rosidl_generator_py/arduinobot_msgs/_arduinobot_msgs_s.ep.rosidl_typesupport_c.c.o[0m
[28.919s] [ 93%] [32mBuilding C object CMakeFiles/arduinobot_msgs__rosidl_typesupport_introspection_c__pyext.dir/rosidl_generator_py/arduinobot_msgs/_arduinobot_msgs_s.ep.rosidl_typesupport_introspection_c.c.o[0m
[28.919s] [ 95%] [32mBuilding C object CMakeFiles/arduinobot_msgs__rosidl_typesupport_fastrtps_c__pyext.dir/rosidl_generator_py/arduinobot_msgs/_arduinobot_msgs_s.ep.rosidl_typesupport_fastrtps_c.c.o[0m
[29.353s] [ 96%] [32m[1mLinking C shared library rosidl_generator_py/arduinobot_msgs/arduinobot_msgs_s__rosidl_typesupport_introspection_c.cpython-310-x86_64-linux-gnu.so[0m
[29.369s] [ 98%] [32m[1mLinking C shared library rosidl_generator_py/arduinobot_msgs/arduinobot_msgs_s__rosidl_typesupport_fastrtps_c.cpython-310-x86_64-linux-gnu.so[0m
[29.379s] [100%] [32m[1mLinking C shared library rosidl_generator_py/arduinobot_msgs/arduinobot_msgs_s__rosidl_typesupport_c.cpython-310-x86_64-linux-gnu.so[0m
[29.444s] [100%] Built target arduinobot_msgs__rosidl_typesupport_introspection_c__pyext
[29.458s] [100%] Built target arduinobot_msgs__rosidl_typesupport_fastrtps_c__pyext
[29.471s] [100%] Built target arduinobot_msgs__rosidl_typesupport_c__pyext
[29.484s] Invoked command in '/home/albert/umov_ws/build/arduinobot_msgs' returned '0': CMAKE_PREFIX_PATH=${CMAKE_PREFIX_PATH}:/home/albert/ws_moveit2/install/moveit_configs_utils:/home/albert/ws_moveit2/install/launch_param_builder:/home/albert/umov_ws/install/arduino_py_examples:/home/albert/udem2_ws/install/actions_py:/home/albert/udem2_ws/install/lifecycle_py:/home/albert/udem2_ws/install/executors_py:/home/albert/udem2_ws/install/components_py:/home/albert/udem_ws/install/turtlesim_catcher:/home/albert/udem_ws/install/my_py_pkg:/home/albert/udem_ws/install/lifecycle_py:/home/albert/bcdc_ws/install/agbot_teleop:/home/albert/bcdc_ws/install/agbot_py:/home/albert/arduinobot_ws/install/arduinobot_py_examples:/opt/ros/humble /home/albert/.local/bin/cmake --build /home/albert/umov_ws/build/arduinobot_msgs -- -j8 -l8
[29.491s] Invoking command in '/home/albert/umov_ws/build/arduinobot_msgs': CMAKE_PREFIX_PATH=${CMAKE_PREFIX_PATH}:/home/albert/ws_moveit2/install/moveit_configs_utils:/home/albert/ws_moveit2/install/launch_param_builder:/home/albert/umov_ws/install/arduino_py_examples:/home/albert/udem2_ws/install/actions_py:/home/albert/udem2_ws/install/lifecycle_py:/home/albert/udem2_ws/install/executors_py:/home/albert/udem2_ws/install/components_py:/home/albert/udem_ws/install/turtlesim_catcher:/home/albert/udem_ws/install/my_py_pkg:/home/albert/udem_ws/install/lifecycle_py:/home/albert/bcdc_ws/install/agbot_teleop:/home/albert/bcdc_ws/install/agbot_py:/home/albert/arduinobot_ws/install/arduinobot_py_examples:/opt/ros/humble /home/albert/.local/bin/cmake --install /home/albert/umov_ws/build/arduinobot_msgs
[29.498s] -- Install configuration: ""
[29.498s] -- Installing: /home/albert/umov_ws/install/arduinobot_msgs/share/ament_index/resource_index/rosidl_interfaces/arduinobot_msgs
[29.499s] -- Installing: /home/albert/umov_ws/install/arduinobot_msgs/include/arduinobot_msgs/arduinobot_msgs
[29.499s] -- Installing: /home/albert/umov_ws/install/arduinobot_msgs/include/arduinobot_msgs/arduinobot_msgs/msg
[29.499s] -- Installing: /home/albert/umov_ws/install/arduinobot_msgs/include/arduinobot_msgs/arduinobot_msgs/msg/rosidl_generator_c__visibility_control.h
[29.500s] -- Installing: /home/albert/umov_ws/install/arduinobot_msgs/include/arduinobot_msgs/arduinobot_msgs/action
[29.500s] -- Installing: /home/albert/umov_ws/install/arduinobot_msgs/include/arduinobot_msgs/arduinobot_msgs/action/arduinobot_task.h
[29.500s] -- Installing: /home/albert/umov_ws/install/arduinobot_msgs/include/arduinobot_msgs/arduinobot_msgs/action/fibonacci.h
[29.500s] -- Installing: /home/albert/umov_ws/install/arduinobot_msgs/include/arduinobot_msgs/arduinobot_msgs/action/detail
[29.501s] -- Installing: /home/albert/umov_ws/install/arduinobot_msgs/include/arduinobot_msgs/arduinobot_msgs/action/detail/fibonacci__functions.c
[29.501s] -- Installing: /home/albert/umov_ws/install/arduinobot_msgs/include/arduinobot_msgs/arduinobot_msgs/action/detail/arduinobot_task__functions.c
[29.501s] -- Installing: /home/albert/umov_ws/install/arduinobot_msgs/include/arduinobot_msgs/arduinobot_msgs/action/detail/fibonacci__type_support.h
[29.501s] -- Installing: /home/albert/umov_ws/install/arduinobot_msgs/include/arduinobot_msgs/arduinobot_msgs/action/detail/arduinobot_task__functions.h
[29.502s] -- Installing: /home/albert/umov_ws/install/arduinobot_msgs/include/arduinobot_msgs/arduinobot_msgs/action/detail/fibonacci__struct.h
[29.502s] -- Installing: /home/albert/umov_ws/install/arduinobot_msgs/include/arduinobot_msgs/arduinobot_msgs/action/detail/arduinobot_task__type_support.h
[29.503s] -- Installing: /home/albert/umov_ws/install/arduinobot_msgs/include/arduinobot_msgs/arduinobot_msgs/action/detail/arduinobot_task__struct.h
[29.503s] -- Installing: /home/albert/umov_ws/install/arduinobot_msgs/include/arduinobot_msgs/arduinobot_msgs/action/detail/fibonacci__functions.h
[29.503s] -- Installing: /home/albert/umov_ws/install/arduinobot_msgs/include/arduinobot_msgs/arduinobot_msgs/srv
[29.503s] -- Installing: /home/albert/umov_ws/install/arduinobot_msgs/include/arduinobot_msgs/arduinobot_msgs/srv/quaternion_to_euler.h
[29.504s] -- Installing: /home/albert/umov_ws/install/arduinobot_msgs/include/arduinobot_msgs/arduinobot_msgs/srv/detail
[29.504s] -- Installing: /home/albert/umov_ws/install/arduinobot_msgs/include/arduinobot_msgs/arduinobot_msgs/srv/detail/euler_to_quaternion__functions.c
[29.504s] -- Installing: /home/albert/umov_ws/install/arduinobot_msgs/include/arduinobot_msgs/arduinobot_msgs/srv/detail/add_two_ints__functions.h
[29.505s] -- Installing: /home/albert/umov_ws/install/arduinobot_msgs/include/arduinobot_msgs/arduinobot_msgs/srv/detail/euler_to_quaternion__struct.h
[29.505s] -- Installing: /home/albert/umov_ws/install/arduinobot_msgs/include/arduinobot_msgs/arduinobot_msgs/srv/detail/add_two_ints__functions.c
[29.505s] -- Installing: /home/albert/umov_ws/install/arduinobot_msgs/include/arduinobot_msgs/arduinobot_msgs/srv/detail/quaternion_to_euler__functions.c
[29.505s] -- Installing: /home/albert/umov_ws/install/arduinobot_msgs/include/arduinobot_msgs/arduinobot_msgs/srv/detail/euler_to_quaternion__functions.h
[29.506s] -- Installing: /home/albert/umov_ws/install/arduinobot_msgs/include/arduinobot_msgs/arduinobot_msgs/srv/detail/quaternion_to_euler__functions.h
[29.506s] -- Installing: /home/albert/umov_ws/install/arduinobot_msgs/include/arduinobot_msgs/arduinobot_msgs/srv/detail/quaternion_to_euler__type_support.h
[29.506s] -- Installing: /home/albert/umov_ws/install/arduinobot_msgs/include/arduinobot_msgs/arduinobot_msgs/srv/detail/add_two_ints__type_support.h
[29.506s] -- Installing: /home/albert/umov_ws/install/arduinobot_msgs/include/arduinobot_msgs/arduinobot_msgs/srv/detail/euler_to_quaternion__type_support.h
[29.507s] -- Installing: /home/albert/umov_ws/install/arduinobot_msgs/include/arduinobot_msgs/arduinobot_msgs/srv/detail/quaternion_to_euler__struct.h
[29.507s] -- Installing: /home/albert/umov_ws/install/arduinobot_msgs/include/arduinobot_msgs/arduinobot_msgs/srv/detail/add_two_ints__struct.h
[29.507s] -- Installing: /home/albert/umov_ws/install/arduinobot_msgs/include/arduinobot_msgs/arduinobot_msgs/srv/euler_to_quaternion.h
[29.507s] -- Installing: /home/albert/umov_ws/install/arduinobot_msgs/include/arduinobot_msgs/arduinobot_msgs/srv/add_two_ints.h
[29.508s] -- Installing: /home/albert/umov_ws/install/arduinobot_msgs/share/arduinobot_msgs/environment/library_path.sh
[29.508s] -- Installing: /home/albert/umov_ws/install/arduinobot_msgs/share/arduinobot_msgs/environment/library_path.dsv
[29.508s] -- Installing: /home/albert/umov_ws/install/arduinobot_msgs/lib/libarduinobot_msgs__rosidl_generator_c.so
[29.509s] -- Set non-toolchain portion of runtime path of "/home/albert/umov_ws/install/arduinobot_msgs/lib/libarduinobot_msgs__rosidl_generator_c.so" to ""
[29.510s] -- Up-to-date: /home/albert/umov_ws/install/arduinobot_msgs/include/arduinobot_msgs/arduinobot_msgs
[29.510s] -- Up-to-date: /home/albert/umov_ws/install/arduinobot_msgs/include/arduinobot_msgs/arduinobot_msgs/msg
[29.510s] -- Installing: /home/albert/umov_ws/install/arduinobot_msgs/include/arduinobot_msgs/arduinobot_msgs/msg/rosidl_typesupport_fastrtps_c__visibility_control.h
[29.511s] -- Up-to-date: /home/albert/umov_ws/install/arduinobot_msgs/include/arduinobot_msgs/arduinobot_msgs/action
[29.511s] -- Up-to-date: /home/albert/umov_ws/install/arduinobot_msgs/include/arduinobot_msgs/arduinobot_msgs/action/detail
[29.511s] -- Installing: /home/albert/umov_ws/install/arduinobot_msgs/include/arduinobot_msgs/arduinobot_msgs/action/detail/fibonacci__rosidl_typesupport_fastrtps_c.h
[29.512s] -- Installing: /home/albert/umov_ws/install/arduinobot_msgs/include/arduinobot_msgs/arduinobot_msgs/action/detail/arduinobot_task__rosidl_typesupport_fastrtps_c.h
[29.512s] -- Up-to-date: /home/albert/umov_ws/install/arduinobot_msgs/include/arduinobot_msgs/arduinobot_msgs/srv
[29.512s] -- Up-to-date: /home/albert/umov_ws/install/arduinobot_msgs/include/arduinobot_msgs/arduinobot_msgs/srv/detail
[29.512s] -- Installing: /home/albert/umov_ws/install/arduinobot_msgs/include/arduinobot_msgs/arduinobot_msgs/srv/detail/add_two_ints__rosidl_typesupport_fastrtps_c.h
[29.513s] -- Installing: /home/albert/umov_ws/install/arduinobot_msgs/include/arduinobot_msgs/arduinobot_msgs/srv/detail/euler_to_quaternion__rosidl_typesupport_fastrtps_c.h
[29.513s] -- Installing: /home/albert/umov_ws/install/arduinobot_msgs/include/arduinobot_msgs/arduinobot_msgs/srv/detail/quaternion_to_euler__rosidl_typesupport_fastrtps_c.h
[29.513s] -- Installing: /home/albert/umov_ws/install/arduinobot_msgs/lib/libarduinobot_msgs__rosidl_typesupport_fastrtps_c.so
[29.513s] -- Set non-toolchain portion of runtime path of "/home/albert/umov_ws/install/arduinobot_msgs/lib/libarduinobot_msgs__rosidl_typesupport_fastrtps_c.so" to ""
[29.514s] -- Up-to-date: /home/albert/umov_ws/install/arduinobot_msgs/include/arduinobot_msgs/arduinobot_msgs
[29.514s] -- Up-to-date: /home/albert/umov_ws/install/arduinobot_msgs/include/arduinobot_msgs/arduinobot_msgs/msg
[29.514s] -- Installing: /home/albert/umov_ws/install/arduinobot_msgs/include/arduinobot_msgs/arduinobot_msgs/msg/rosidl_generator_cpp__visibility_control.hpp
[29.514s] -- Up-to-date: /home/albert/umov_ws/install/arduinobot_msgs/include/arduinobot_msgs/arduinobot_msgs/action
[29.515s] -- Installing: /home/albert/umov_ws/install/arduinobot_msgs/include/arduinobot_msgs/arduinobot_msgs/action/fibonacci.hpp
[29.515s] -- Up-to-date: /home/albert/umov_ws/install/arduinobot_msgs/include/arduinobot_msgs/arduinobot_msgs/action/detail
[29.515s] -- Installing: /home/albert/umov_ws/install/arduinobot_msgs/include/arduinobot_msgs/arduinobot_msgs/action/detail/fibonacci__type_support.hpp
[29.515s] -- Installing: /home/albert/umov_ws/install/arduinobot_msgs/include/arduinobot_msgs/arduinobot_msgs/action/detail/arduinobot_task__traits.hpp
[29.516s] -- Installing: /home/albert/umov_ws/install/arduinobot_msgs/include/arduinobot_msgs/arduinobot_msgs/action/detail/arduinobot_task__builder.hpp
[29.516s] -- Installing: /home/albert/umov_ws/install/arduinobot_msgs/include/arduinobot_msgs/arduinobot_msgs/action/detail/fibonacci__builder.hpp
[29.516s] -- Installing: /home/albert/umov_ws/install/arduinobot_msgs/include/arduinobot_msgs/arduinobot_msgs/action/detail/fibonacci__struct.hpp
[29.516s] -- Installing: /home/albert/umov_ws/install/arduinobot_msgs/include/arduinobot_msgs/arduinobot_msgs/action/detail/arduinobot_task__struct.hpp
[29.517s] -- Installing: /home/albert/umov_ws/install/arduinobot_msgs/include/arduinobot_msgs/arduinobot_msgs/action/detail/arduinobot_task__type_support.hpp
[29.517s] -- Installing: /home/albert/umov_ws/install/arduinobot_msgs/include/arduinobot_msgs/arduinobot_msgs/action/detail/fibonacci__traits.hpp
[29.517s] -- Installing: /home/albert/umov_ws/install/arduinobot_msgs/include/arduinobot_msgs/arduinobot_msgs/action/arduinobot_task.hpp
[29.518s] -- Up-to-date: /home/albert/umov_ws/install/arduinobot_msgs/include/arduinobot_msgs/arduinobot_msgs/srv
[29.518s] -- Installing: /home/albert/umov_ws/install/arduinobot_msgs/include/arduinobot_msgs/arduinobot_msgs/srv/euler_to_quaternion.hpp
[29.518s] -- Up-to-date: /home/albert/umov_ws/install/arduinobot_msgs/include/arduinobot_msgs/arduinobot_msgs/srv/detail
[29.518s] -- Installing: /home/albert/umov_ws/install/arduinobot_msgs/include/arduinobot_msgs/arduinobot_msgs/srv/detail/quaternion_to_euler__struct.hpp
[29.519s] -- Installing: /home/albert/umov_ws/install/arduinobot_msgs/include/arduinobot_msgs/arduinobot_msgs/srv/detail/quaternion_to_euler__builder.hpp
[29.519s] -- Installing: /home/albert/umov_ws/install/arduinobot_msgs/include/arduinobot_msgs/arduinobot_msgs/srv/detail/euler_to_quaternion__traits.hpp
[29.519s] -- Installing: /home/albert/umov_ws/install/arduinobot_msgs/include/arduinobot_msgs/arduinobot_msgs/srv/detail/add_two_ints__type_support.hpp
[29.520s] -- Installing: /home/albert/umov_ws/install/arduinobot_msgs/include/arduinobot_msgs/arduinobot_msgs/srv/detail/add_two_ints__builder.hpp
[29.520s] -- Installing: /home/albert/umov_ws/install/arduinobot_msgs/include/arduinobot_msgs/arduinobot_msgs/srv/detail/euler_to_quaternion__type_support.hpp
[29.520s] -- Installing: /home/albert/umov_ws/install/arduinobot_msgs/include/arduinobot_msgs/arduinobot_msgs/srv/detail/quaternion_to_euler__traits.hpp
[29.521s] -- Installing: /home/albert/umov_ws/install/arduinobot_msgs/include/arduinobot_msgs/arduinobot_msgs/srv/detail/euler_to_quaternion__builder.hpp
[29.521s] -- Installing: /home/albert/umov_ws/install/arduinobot_msgs/include/arduinobot_msgs/arduinobot_msgs/srv/detail/add_two_ints__traits.hpp
[29.521s] -- Installing: /home/albert/umov_ws/install/arduinobot_msgs/include/arduinobot_msgs/arduinobot_msgs/srv/detail/add_two_ints__struct.hpp
[29.521s] -- Installing: /home/albert/umov_ws/install/arduinobot_msgs/include/arduinobot_msgs/arduinobot_msgs/srv/detail/euler_to_quaternion__struct.hpp
[29.522s] -- Installing: /home/albert/umov_ws/install/arduinobot_msgs/include/arduinobot_msgs/arduinobot_msgs/srv/detail/quaternion_to_euler__type_support.hpp
[29.522s] -- Installing: /home/albert/umov_ws/install/arduinobot_msgs/include/arduinobot_msgs/arduinobot_msgs/srv/quaternion_to_euler.hpp
[29.522s] -- Installing: /home/albert/umov_ws/install/arduinobot_msgs/include/arduinobot_msgs/arduinobot_msgs/srv/add_two_ints.hpp
[29.523s] -- Up-to-date: /home/albert/umov_ws/install/arduinobot_msgs/include/arduinobot_msgs/arduinobot_msgs
[29.523s] -- Up-to-date: /home/albert/umov_ws/install/arduinobot_msgs/include/arduinobot_msgs/arduinobot_msgs/msg
[29.523s] -- Installing: /home/albert/umov_ws/install/arduinobot_msgs/include/arduinobot_msgs/arduinobot_msgs/msg/rosidl_typesupport_fastrtps_cpp__visibility_control.h
[29.523s] -- Up-to-date: /home/albert/umov_ws/install/arduinobot_msgs/include/arduinobot_msgs/arduinobot_msgs/action
[29.524s] -- Up-to-date: /home/albert/umov_ws/install/arduinobot_msgs/include/arduinobot_msgs/arduinobot_msgs/action/detail
[29.524s] -- Installing: /home/albert/umov_ws/install/arduinobot_msgs/include/arduinobot_msgs/arduinobot_msgs/action/detail/arduinobot_task__rosidl_typesupport_fastrtps_cpp.hpp
[29.524s] -- Installing: /home/albert/umov_ws/install/arduinobot_msgs/include/arduinobot_msgs/arduinobot_msgs/action/detail/dds_fastrtps
[29.525s] -- Installing: /home/albert/umov_ws/install/arduinobot_msgs/include/arduinobot_msgs/arduinobot_msgs/action/detail/fibonacci__rosidl_typesupport_fastrtps_cpp.hpp
[29.525s] -- Up-to-date: /home/albert/umov_ws/install/arduinobot_msgs/include/arduinobot_msgs/arduinobot_msgs/srv
[29.525s] -- Up-to-date: /home/albert/umov_ws/install/arduinobot_msgs/include/arduinobot_msgs/arduinobot_msgs/srv/detail
[29.525s] -- Installing: /home/albert/umov_ws/install/arduinobot_msgs/include/arduinobot_msgs/arduinobot_msgs/srv/detail/euler_to_quaternion__rosidl_typesupport_fastrtps_cpp.hpp
[29.526s] -- Installing: /home/albert/umov_ws/install/arduinobot_msgs/include/arduinobot_msgs/arduinobot_msgs/srv/detail/quaternion_to_euler__rosidl_typesupport_fastrtps_cpp.hpp
[29.526s] -- Installing: /home/albert/umov_ws/install/arduinobot_msgs/include/arduinobot_msgs/arduinobot_msgs/srv/detail/dds_fastrtps
[29.526s] -- Installing: /home/albert/umov_ws/install/arduinobot_msgs/include/arduinobot_msgs/arduinobot_msgs/srv/detail/add_two_ints__rosidl_typesupport_fastrtps_cpp.hpp
[29.526s] -- Installing: /home/albert/umov_ws/install/arduinobot_msgs/lib/libarduinobot_msgs__rosidl_typesupport_fastrtps_cpp.so
[29.527s] -- Set non-toolchain portion of runtime path of "/home/albert/umov_ws/install/arduinobot_msgs/lib/libarduinobot_msgs__rosidl_typesupport_fastrtps_cpp.so" to ""
[29.527s] -- Up-to-date: /home/albert/umov_ws/install/arduinobot_msgs/include/arduinobot_msgs/arduinobot_msgs
[29.527s] -- Up-to-date: /home/albert/umov_ws/install/arduinobot_msgs/include/arduinobot_msgs/arduinobot_msgs/msg
[29.528s] -- Installing: /home/albert/umov_ws/install/arduinobot_msgs/include/arduinobot_msgs/arduinobot_msgs/msg/rosidl_typesupport_introspection_c__visibility_control.h
[29.528s] -- Up-to-date: /home/albert/umov_ws/install/arduinobot_msgs/include/arduinobot_msgs/arduinobot_msgs/action
[29.528s] -- Up-to-date: /home/albert/umov_ws/install/arduinobot_msgs/include/arduinobot_msgs/arduinobot_msgs/action/detail
[29.528s] -- Installing: /home/albert/umov_ws/install/arduinobot_msgs/include/arduinobot_msgs/arduinobot_msgs/action/detail/fibonacci__type_support.c
[29.529s] -- Installing: /home/albert/umov_ws/install/arduinobot_msgs/include/arduinobot_msgs/arduinobot_msgs/action/detail/fibonacci__rosidl_typesupport_introspection_c.h
[29.529s] -- Installing: /home/albert/umov_ws/install/arduinobot_msgs/include/arduinobot_msgs/arduinobot_msgs/action/detail/arduinobot_task__rosidl_typesupport_introspection_c.h
[29.530s] -- Installing: /home/albert/umov_ws/install/arduinobot_msgs/include/arduinobot_msgs/arduinobot_msgs/action/detail/arduinobot_task__type_support.c
[29.530s] -- Up-to-date: /home/albert/umov_ws/install/arduinobot_msgs/include/arduinobot_msgs/arduinobot_msgs/srv
[29.530s] -- Up-to-date: /home/albert/umov_ws/install/arduinobot_msgs/include/arduinobot_msgs/arduinobot_msgs/srv/detail
[29.530s] -- Installing: /home/albert/umov_ws/install/arduinobot_msgs/include/arduinobot_msgs/arduinobot_msgs/srv/detail/add_two_ints__rosidl_typesupport_introspection_c.h
[29.531s] -- Installing: /home/albert/umov_ws/install/arduinobot_msgs/include/arduinobot_msgs/arduinobot_msgs/srv/detail/euler_to_quaternion__type_support.c
[29.531s] -- Installing: /home/albert/umov_ws/install/arduinobot_msgs/include/arduinobot_msgs/arduinobot_msgs/srv/detail/add_two_ints__type_support.c
[29.532s] -- Installing: /home/albert/umov_ws/install/arduinobot_msgs/include/arduinobot_msgs/arduinobot_msgs/srv/detail/quaternion_to_euler__type_support.c
[29.532s] -- Installing: /home/albert/umov_ws/install/arduinobot_msgs/include/arduinobot_msgs/arduinobot_msgs/srv/detail/quaternion_to_euler__rosidl_typesupport_introspection_c.h
[29.532s] -- Installing: /home/albert/umov_ws/install/arduinobot_msgs/include/arduinobot_msgs/arduinobot_msgs/srv/detail/euler_to_quaternion__rosidl_typesupport_introspection_c.h
[29.532s] -- Installing: /home/albert/umov_ws/install/arduinobot_msgs/lib/libarduinobot_msgs__rosidl_typesupport_introspection_c.so
[29.533s] -- Set non-toolchain portion of runtime path of "/home/albert/umov_ws/install/arduinobot_msgs/lib/libarduinobot_msgs__rosidl_typesupport_introspection_c.so" to ""
[29.533s] -- Installing: /home/albert/umov_ws/install/arduinobot_msgs/lib/libarduinobot_msgs__rosidl_typesupport_c.so
[29.533s] -- Set non-toolchain portion of runtime path of "/home/albert/umov_ws/install/arduinobot_msgs/lib/libarduinobot_msgs__rosidl_typesupport_c.so" to ""
[29.533s] -- Up-to-date: /home/albert/umov_ws/install/arduinobot_msgs/include/arduinobot_msgs/arduinobot_msgs
[29.534s] -- Up-to-date: /home/albert/umov_ws/install/arduinobot_msgs/include/arduinobot_msgs/arduinobot_msgs/action
[29.534s] -- Up-to-date: /home/albert/umov_ws/install/arduinobot_msgs/include/arduinobot_msgs/arduinobot_msgs/action/detail
[29.534s] -- Installing: /home/albert/umov_ws/install/arduinobot_msgs/include/arduinobot_msgs/arduinobot_msgs/action/detail/fibonacci__type_support.cpp
[29.535s] -- Installing: /home/albert/umov_ws/install/arduinobot_msgs/include/arduinobot_msgs/arduinobot_msgs/action/detail/arduinobot_task__rosidl_typesupport_introspection_cpp.hpp
[29.535s] -- Installing: /home/albert/umov_ws/install/arduinobot_msgs/include/arduinobot_msgs/arduinobot_msgs/action/detail/fibonacci__rosidl_typesupport_introspection_cpp.hpp
[29.535s] -- Installing: /home/albert/umov_ws/install/arduinobot_msgs/include/arduinobot_msgs/arduinobot_msgs/action/detail/arduinobot_task__type_support.cpp
[29.535s] -- Up-to-date: /home/albert/umov_ws/install/arduinobot_msgs/include/arduinobot_msgs/arduinobot_msgs/srv
[29.536s] -- Up-to-date: /home/albert/umov_ws/install/arduinobot_msgs/include/arduinobot_msgs/arduinobot_msgs/srv/detail
[29.536s] -- Installing: /home/albert/umov_ws/install/arduinobot_msgs/include/arduinobot_msgs/arduinobot_msgs/srv/detail/euler_to_quaternion__rosidl_typesupport_introspection_cpp.hpp
[29.536s] -- Installing: /home/albert/umov_ws/install/arduinobot_msgs/include/arduinobot_msgs/arduinobot_msgs/srv/detail/euler_to_quaternion__type_support.cpp
[29.536s] -- Installing: /home/albert/umov_ws/install/arduinobot_msgs/include/arduinobot_msgs/arduinobot_msgs/srv/detail/add_two_ints__type_support.cpp
[29.537s] -- Installing: /home/albert/umov_ws/install/arduinobot_msgs/include/arduinobot_msgs/arduinobot_msgs/srv/detail/quaternion_to_euler__type_support.cpp
[29.537s] -- Installing: /home/albert/umov_ws/install/arduinobot_msgs/include/arduinobot_msgs/arduinobot_msgs/srv/detail/quaternion_to_euler__rosidl_typesupport_introspection_cpp.hpp
[29.537s] -- Installing: /home/albert/umov_ws/install/arduinobot_msgs/include/arduinobot_msgs/arduinobot_msgs/srv/detail/add_two_ints__rosidl_typesupport_introspection_cpp.hpp
[29.537s] -- Installing: /home/albert/umov_ws/install/arduinobot_msgs/lib/libarduinobot_msgs__rosidl_typesupport_introspection_cpp.so
[29.538s] -- Set non-toolchain portion of runtime path of "/home/albert/umov_ws/install/arduinobot_msgs/lib/libarduinobot_msgs__rosidl_typesupport_introspection_cpp.so" to ""
[29.539s] -- Installing: /home/albert/umov_ws/install/arduinobot_msgs/lib/libarduinobot_msgs__rosidl_typesupport_cpp.so
[29.540s] -- Set non-toolchain portion of runtime path of "/home/albert/umov_ws/install/arduinobot_msgs/lib/libarduinobot_msgs__rosidl_typesupport_cpp.so" to ""
[29.541s] -- Installing: /home/albert/umov_ws/install/arduinobot_msgs/share/arduinobot_msgs/environment/pythonpath.sh
[29.541s] -- Installing: /home/albert/umov_ws/install/arduinobot_msgs/share/arduinobot_msgs/environment/pythonpath.dsv
[29.541s] -- Installing: /home/albert/umov_ws/install/arduinobot_msgs/local/lib/python3.10/dist-packages/arduinobot_msgs-0.0.0-py3.10.egg-info
[29.542s] -- Installing: /home/albert/umov_ws/install/arduinobot_msgs/local/lib/python3.10/dist-packages/arduinobot_msgs-0.0.0-py3.10.egg-info/SOURCES.txt
[29.542s] -- Installing: /home/albert/umov_ws/install/arduinobot_msgs/local/lib/python3.10/dist-packages/arduinobot_msgs-0.0.0-py3.10.egg-info/top_level.txt
[29.542s] -- Installing: /home/albert/umov_ws/install/arduinobot_msgs/local/lib/python3.10/dist-packages/arduinobot_msgs-0.0.0-py3.10.egg-info/PKG-INFO
[29.543s] -- Installing: /home/albert/umov_ws/install/arduinobot_msgs/local/lib/python3.10/dist-packages/arduinobot_msgs-0.0.0-py3.10.egg-info/dependency_links.txt
[29.543s] -- Installing: /home/albert/umov_ws/install/arduinobot_msgs/local/lib/python3.10/dist-packages/arduinobot_msgs
[29.543s] -- Installing: /home/albert/umov_ws/install/arduinobot_msgs/local/lib/python3.10/dist-packages/arduinobot_msgs/_arduinobot_msgs_s.ep.rosidl_typesupport_fastrtps_c.c
[29.544s] -- Installing: /home/albert/umov_ws/install/arduinobot_msgs/local/lib/python3.10/dist-packages/arduinobot_msgs/arduinobot_msgs_s__rosidl_typesupport_fastrtps_c.cpython-310-x86_64-linux-gnu.so
[29.544s] -- Installing: /home/albert/umov_ws/install/arduinobot_msgs/local/lib/python3.10/dist-packages/arduinobot_msgs/__init__.py
[29.544s] -- Installing: /home/albert/umov_ws/install/arduinobot_msgs/local/lib/python3.10/dist-packages/arduinobot_msgs/action
[29.545s] -- Installing: /home/albert/umov_ws/install/arduinobot_msgs/local/lib/python3.10/dist-packages/arduinobot_msgs/action/_arduinobot_task_s.c
[29.545s] -- Installing: /home/albert/umov_ws/install/arduinobot_msgs/local/lib/python3.10/dist-packages/arduinobot_msgs/action/__init__.py
[29.545s] -- Installing: /home/albert/umov_ws/install/arduinobot_msgs/local/lib/python3.10/dist-packages/arduinobot_msgs/action/_arduinobot_task.py
[29.546s] -- Installing: /home/albert/umov_ws/install/arduinobot_msgs/local/lib/python3.10/dist-packages/arduinobot_msgs/action/_fibonacci_s.c
[29.546s] -- Installing: /home/albert/umov_ws/install/arduinobot_msgs/local/lib/python3.10/dist-packages/arduinobot_msgs/action/_fibonacci.py
[29.546s] -- Installing: /home/albert/umov_ws/install/arduinobot_msgs/local/lib/python3.10/dist-packages/arduinobot_msgs/_arduinobot_msgs_s.ep.rosidl_typesupport_introspection_c.c
[29.546s] -- Installing: /home/albert/umov_ws/install/arduinobot_msgs/local/lib/python3.10/dist-packages/arduinobot_msgs/_arduinobot_msgs_s.ep.rosidl_typesupport_c.c
[29.547s] -- Installing: /home/albert/umov_ws/install/arduinobot_msgs/local/lib/python3.10/dist-packages/arduinobot_msgs/libarduinobot_msgs__rosidl_generator_py.so
[29.548s] -- Installing: /home/albert/umov_ws/install/arduinobot_msgs/local/lib/python3.10/dist-packages/arduinobot_msgs/arduinobot_msgs_s__rosidl_typesupport_c.cpython-310-x86_64-linux-gnu.so
[29.549s] -- Installing: /home/albert/umov_ws/install/arduinobot_msgs/local/lib/python3.10/dist-packages/arduinobot_msgs/arduinobot_msgs_s__rosidl_typesupport_introspection_c.cpython-310-x86_64-linux-gnu.so
[29.549s] -- Installing: /home/albert/umov_ws/install/arduinobot_msgs/local/lib/python3.10/dist-packages/arduinobot_msgs/srv
[29.550s] -- Installing: /home/albert/umov_ws/install/arduinobot_msgs/local/lib/python3.10/dist-packages/arduinobot_msgs/srv/_quaternion_to_euler_s.c
[29.550s] -- Installing: /home/albert/umov_ws/install/arduinobot_msgs/local/lib/python3.10/dist-packages/arduinobot_msgs/srv/_euler_to_quaternion.py
[29.550s] -- Installing: /home/albert/umov_ws/install/arduinobot_msgs/local/lib/python3.10/dist-packages/arduinobot_msgs/srv/__init__.py
[29.550s] -- Installing: /home/albert/umov_ws/install/arduinobot_msgs/local/lib/python3.10/dist-packages/arduinobot_msgs/srv/_quaternion_to_euler.py
[29.550s] -- Installing: /home/albert/umov_ws/install/arduinobot_msgs/local/lib/python3.10/dist-packages/arduinobot_msgs/srv/_add_two_ints_s.c
[29.551s] -- Installing: /home/albert/umov_ws/install/arduinobot_msgs/local/lib/python3.10/dist-packages/arduinobot_msgs/srv/_add_two_ints.py
[29.551s] -- Installing: /home/albert/umov_ws/install/arduinobot_msgs/local/lib/python3.10/dist-packages/arduinobot_msgs/srv/_euler_to_quaternion_s.c
[29.686s] Listing '/home/albert/umov_ws/install/arduinobot_msgs/local/lib/python3.10/dist-packages/arduinobot_msgs'...
[29.686s] Compiling '/home/albert/umov_ws/install/arduinobot_msgs/local/lib/python3.10/dist-packages/arduinobot_msgs/__init__.py'...
[29.686s] Listing '/home/albert/umov_ws/install/arduinobot_msgs/local/lib/python3.10/dist-packages/arduinobot_msgs/action'...
[29.686s] Compiling '/home/albert/umov_ws/install/arduinobot_msgs/local/lib/python3.10/dist-packages/arduinobot_msgs/action/__init__.py'...
[29.686s] Compiling '/home/albert/umov_ws/install/arduinobot_msgs/local/lib/python3.10/dist-packages/arduinobot_msgs/action/_arduinobot_task.py'...
[29.686s] Compiling '/home/albert/umov_ws/install/arduinobot_msgs/local/lib/python3.10/dist-packages/arduinobot_msgs/action/_fibonacci.py'...
[29.686s] Listing '/home/albert/umov_ws/install/arduinobot_msgs/local/lib/python3.10/dist-packages/arduinobot_msgs/srv'...
[29.686s] Compiling '/home/albert/umov_ws/install/arduinobot_msgs/local/lib/python3.10/dist-packages/arduinobot_msgs/srv/__init__.py'...
[29.686s] Compiling '/home/albert/umov_ws/install/arduinobot_msgs/local/lib/python3.10/dist-packages/arduinobot_msgs/srv/_add_two_ints.py'...
[29.687s] Compiling '/home/albert/umov_ws/install/arduinobot_msgs/local/lib/python3.10/dist-packages/arduinobot_msgs/srv/_euler_to_quaternion.py'...
[29.687s] Compiling '/home/albert/umov_ws/install/arduinobot_msgs/local/lib/python3.10/dist-packages/arduinobot_msgs/srv/_quaternion_to_euler.py'...
[29.696s] -- Installing: /home/albert/umov_ws/install/arduinobot_msgs/local/lib/python3.10/dist-packages/arduinobot_msgs/arduinobot_msgs_s__rosidl_typesupport_fastrtps_c.cpython-310-x86_64-linux-gnu.so
[29.697s] -- Set non-toolchain portion of runtime path of "/home/albert/umov_ws/install/arduinobot_msgs/local/lib/python3.10/dist-packages/arduinobot_msgs/arduinobot_msgs_s__rosidl_typesupport_fastrtps_c.cpython-310-x86_64-linux-gnu.so" to ""
[29.697s] -- Installing: /home/albert/umov_ws/install/arduinobot_msgs/local/lib/python3.10/dist-packages/arduinobot_msgs/arduinobot_msgs_s__rosidl_typesupport_introspection_c.cpython-310-x86_64-linux-gnu.so
[29.698s] -- Set non-toolchain portion of runtime path of "/home/albert/umov_ws/install/arduinobot_msgs/local/lib/python3.10/dist-packages/arduinobot_msgs/arduinobot_msgs_s__rosidl_typesupport_introspection_c.cpython-310-x86_64-linux-gnu.so" to ""
[29.699s] -- Installing: /home/albert/umov_ws/install/arduinobot_msgs/local/lib/python3.10/dist-packages/arduinobot_msgs/arduinobot_msgs_s__rosidl_typesupport_c.cpython-310-x86_64-linux-gnu.so
[29.700s] -- Set non-toolchain portion of runtime path of "/home/albert/umov_ws/install/arduinobot_msgs/local/lib/python3.10/dist-packages/arduinobot_msgs/arduinobot_msgs_s__rosidl_typesupport_c.cpython-310-x86_64-linux-gnu.so" to ""
[29.700s] -- Installing: /home/albert/umov_ws/install/arduinobot_msgs/lib/libarduinobot_msgs__rosidl_generator_py.so
[29.701s] -- Set non-toolchain portion of runtime path of "/home/albert/umov_ws/install/arduinobot_msgs/lib/libarduinobot_msgs__rosidl_generator_py.so" to ""
[29.701s] -- Installing: /home/albert/umov_ws/install/arduinobot_msgs/share/arduinobot_msgs/srv/AddTwoInts.idl
[29.701s] -- Installing: /home/albert/umov_ws/install/arduinobot_msgs/share/arduinobot_msgs/srv/EulerToQuaternion.idl
[29.702s] -- Installing: /home/albert/umov_ws/install/arduinobot_msgs/share/arduinobot_msgs/srv/QuaternionToEuler.idl
[29.702s] -- Installing: /home/albert/umov_ws/install/arduinobot_msgs/share/arduinobot_msgs/action/Fibonacci.idl
[29.702s] -- Installing: /home/albert/umov_ws/install/arduinobot_msgs/share/arduinobot_msgs/action/ArduinobotTask.idl
[29.702s] -- Installing: /home/albert/umov_ws/install/arduinobot_msgs/share/arduinobot_msgs/srv/AddTwoInts.srv
[29.702s] -- Installing: /home/albert/umov_ws/install/arduinobot_msgs/share/arduinobot_msgs/srv/AddTwoInts_Request.msg
[29.703s] -- Installing: /home/albert/umov_ws/install/arduinobot_msgs/share/arduinobot_msgs/srv/AddTwoInts_Response.msg
[29.703s] -- Installing: /home/albert/umov_ws/install/arduinobot_msgs/share/arduinobot_msgs/srv/EulerToQuaternion.srv
[29.703s] -- Installing: /home/albert/umov_ws/install/arduinobot_msgs/share/arduinobot_msgs/srv/EulerToQuaternion_Request.msg
[29.703s] -- Installing: /home/albert/umov_ws/install/arduinobot_msgs/share/arduinobot_msgs/srv/EulerToQuaternion_Response.msg
[29.703s] -- Installing: /home/albert/umov_ws/install/arduinobot_msgs/share/arduinobot_msgs/srv/QuaternionToEuler.srv
[29.704s] -- Installing: /home/albert/umov_ws/install/arduinobot_msgs/share/arduinobot_msgs/srv/QuaternionToEuler_Request.msg
[29.706s] -- Installing: /home/albert/umov_ws/install/arduinobot_msgs/share/arduinobot_msgs/srv/QuaternionToEuler_Response.msg
[29.706s] -- Installing: /home/albert/umov_ws/install/arduinobot_msgs/share/arduinobot_msgs/action/Fibonacci.action
[29.706s] -- Installing: /home/albert/umov_ws/install/arduinobot_msgs/share/arduinobot_msgs/action/ArduinobotTask.action
[29.706s] -- Installing: /home/albert/umov_ws/install/arduinobot_msgs/share/ament_index/resource_index/package_run_dependencies/arduinobot_msgs
[29.707s] -- Installing: /home/albert/umov_ws/install/arduinobot_msgs/share/ament_index/resource_index/parent_prefix_path/arduinobot_msgs
[29.707s] -- Installing: /home/albert/umov_ws/install/arduinobot_msgs/share/arduinobot_msgs/environment/ament_prefix_path.sh
[29.708s] -- Installing: /home/albert/umov_ws/install/arduinobot_msgs/share/arduinobot_msgs/environment/ament_prefix_path.dsv
[29.709s] -- Installing: /home/albert/umov_ws/install/arduinobot_msgs/share/arduinobot_msgs/environment/path.sh
[29.709s] -- Installing: /home/albert/umov_ws/install/arduinobot_msgs/share/arduinobot_msgs/environment/path.dsv
[29.709s] -- Installing: /home/albert/umov_ws/install/arduinobot_msgs/share/arduinobot_msgs/local_setup.bash
[29.709s] -- Installing: /home/albert/umov_ws/install/arduinobot_msgs/share/arduinobot_msgs/local_setup.sh
[29.710s] -- Installing: /home/albert/umov_ws/install/arduinobot_msgs/share/arduinobot_msgs/local_setup.zsh
[29.710s] -- Installing: /home/albert/umov_ws/install/arduinobot_msgs/share/arduinobot_msgs/local_setup.dsv
[29.710s] -- Installing: /home/albert/umov_ws/install/arduinobot_msgs/share/arduinobot_msgs/package.dsv
[29.711s] -- Installing: /home/albert/umov_ws/install/arduinobot_msgs/share/ament_index/resource_index/packages/arduinobot_msgs
[29.711s] -- Installing: /home/albert/umov_ws/install/arduinobot_msgs/share/arduinobot_msgs/cmake/export_arduinobot_msgs__rosidl_generator_cExport.cmake
[29.711s] -- Installing: /home/albert/umov_ws/install/arduinobot_msgs/share/arduinobot_msgs/cmake/export_arduinobot_msgs__rosidl_generator_cExport-noconfig.cmake
[29.711s] -- Installing: /home/albert/umov_ws/install/arduinobot_msgs/share/arduinobot_msgs/cmake/export_arduinobot_msgs__rosidl_typesupport_fastrtps_cExport.cmake
[29.712s] -- Installing: /home/albert/umov_ws/install/arduinobot_msgs/share/arduinobot_msgs/cmake/export_arduinobot_msgs__rosidl_typesupport_fastrtps_cExport-noconfig.cmake
[29.712s] -- Installing: /home/albert/umov_ws/install/arduinobot_msgs/share/arduinobot_msgs/cmake/export_arduinobot_msgs__rosidl_generator_cppExport.cmake
[29.712s] -- Installing: /home/albert/umov_ws/install/arduinobot_msgs/share/arduinobot_msgs/cmake/export_arduinobot_msgs__rosidl_typesupport_fastrtps_cppExport.cmake
[29.712s] -- Installing: /home/albert/umov_ws/install/arduinobot_msgs/share/arduinobot_msgs/cmake/export_arduinobot_msgs__rosidl_typesupport_fastrtps_cppExport-noconfig.cmake
[29.713s] -- Installing: /home/albert/umov_ws/install/arduinobot_msgs/share/arduinobot_msgs/cmake/arduinobot_msgs__rosidl_typesupport_introspection_cExport.cmake
[29.713s] -- Installing: /home/albert/umov_ws/install/arduinobot_msgs/share/arduinobot_msgs/cmake/arduinobot_msgs__rosidl_typesupport_introspection_cExport-noconfig.cmake
[29.713s] -- Installing: /home/albert/umov_ws/install/arduinobot_msgs/share/arduinobot_msgs/cmake/arduinobot_msgs__rosidl_typesupport_cExport.cmake
[29.714s] -- Installing: /home/albert/umov_ws/install/arduinobot_msgs/share/arduinobot_msgs/cmake/arduinobot_msgs__rosidl_typesupport_cExport-noconfig.cmake
[29.714s] -- Installing: /home/albert/umov_ws/install/arduinobot_msgs/share/arduinobot_msgs/cmake/arduinobot_msgs__rosidl_typesupport_introspection_cppExport.cmake
[29.714s] -- Installing: /home/albert/umov_ws/install/arduinobot_msgs/share/arduinobot_msgs/cmake/arduinobot_msgs__rosidl_typesupport_introspection_cppExport-noconfig.cmake
[29.714s] -- Installing: /home/albert/umov_ws/install/arduinobot_msgs/share/arduinobot_msgs/cmake/arduinobot_msgs__rosidl_typesupport_cppExport.cmake
[29.715s] -- Installing: /home/albert/umov_ws/install/arduinobot_msgs/share/arduinobot_msgs/cmake/arduinobot_msgs__rosidl_typesupport_cppExport-noconfig.cmake
[29.715s] -- Installing: /home/albert/umov_ws/install/arduinobot_msgs/share/arduinobot_msgs/cmake/export_arduinobot_msgs__rosidl_generator_pyExport.cmake
[29.715s] -- Installing: /home/albert/umov_ws/install/arduinobot_msgs/share/arduinobot_msgs/cmake/export_arduinobot_msgs__rosidl_generator_pyExport-noconfig.cmake
[29.716s] -- Installing: /home/albert/umov_ws/install/arduinobot_msgs/share/arduinobot_msgs/cmake/rosidl_cmake-extras.cmake
[29.716s] -- Installing: /home/albert/umov_ws/install/arduinobot_msgs/share/arduinobot_msgs/cmake/ament_cmake_export_dependencies-extras.cmake
[29.716s] -- Installing: /home/albert/umov_ws/install/arduinobot_msgs/share/arduinobot_msgs/cmake/ament_cmake_export_include_directories-extras.cmake
[29.716s] -- Installing: /home/albert/umov_ws/install/arduinobot_msgs/share/arduinobot_msgs/cmake/ament_cmake_export_libraries-extras.cmake
[29.717s] -- Installing: /home/albert/umov_ws/install/arduinobot_msgs/share/arduinobot_msgs/cmake/ament_cmake_export_targets-extras.cmake
[29.717s] -- Installing: /home/albert/umov_ws/install/arduinobot_msgs/share/arduinobot_msgs/cmake/rosidl_cmake_export_typesupport_targets-extras.cmake
[29.717s] -- Installing: /home/albert/umov_ws/install/arduinobot_msgs/share/arduinobot_msgs/cmake/rosidl_cmake_export_typesupport_libraries-extras.cmake
[29.718s] -- Installing: /home/albert/umov_ws/install/arduinobot_msgs/share/arduinobot_msgs/cmake/arduinobot_msgsConfig.cmake
[29.718s] -- Installing: /home/albert/umov_ws/install/arduinobot_msgs/share/arduinobot_msgs/cmake/arduinobot_msgsConfig-version.cmake
[29.718s] -- Installing: /home/albert/umov_ws/install/arduinobot_msgs/share/arduinobot_msgs/package.xml
[29.722s] Invoked command in '/home/albert/umov_ws/build/arduinobot_msgs' returned '0': CMAKE_PREFIX_PATH=${CMAKE_PREFIX_PATH}:/home/albert/ws_moveit2/install/moveit_configs_utils:/home/albert/ws_moveit2/install/launch_param_builder:/home/albert/umov_ws/install/arduino_py_examples:/home/albert/udem2_ws/install/actions_py:/home/albert/udem2_ws/install/lifecycle_py:/home/albert/udem2_ws/install/executors_py:/home/albert/udem2_ws/install/components_py:/home/albert/udem_ws/install/turtlesim_catcher:/home/albert/udem_ws/install/my_py_pkg:/home/albert/udem_ws/install/lifecycle_py:/home/albert/bcdc_ws/install/agbot_teleop:/home/albert/bcdc_ws/install/agbot_py:/home/albert/arduinobot_ws/install/arduinobot_py_examples:/opt/ros/humble /home/albert/.local/bin/cmake --install /home/albert/umov_ws/build/arduinobot_msgs
