-- Found ament_cmake: 1.3.11 (/opt/ros/humble/share/ament_cmake/cmake)
-- Found rclcpp: 16.0.11 (/opt/ros/humble/share/rclcpp/cmake)
-- Found rosidl_generator_c: 3.1.6 (/opt/ros/humble/share/rosidl_generator_c/cmake)
-- Found rosidl_adapter: 3.1.6 (/opt/ros/humble/share/rosidl_adapter/cmake)
-- Found rosidl_generator_cpp: 3.1.6 (/opt/ros/humble/share/rosidl_generator_cpp/cmake)
-- Using all available rosidl_typesupport_c: rosidl_typesupport_fastrtps_c;rosidl_typesupport_introspection_c
-- Using all available rosidl_typesupport_cpp: rosidl_typesupport_fastrtps_cpp;rosidl_typesupport_introspection_cpp
-- Found rmw_implementation_cmake: 6.1.2 (/opt/ros/humble/share/rmw_implementation_cmake/cmake)
-- Found rmw_cyclonedds_cpp: 1.3.4 (/opt/ros/humble/share/rmw_cyclonedds_cpp/cmake)
-- Using RMW implementation 'rmw_cyclonedds_cpp' as default
-- Found rclcpp_action: 16.0.11 (/opt/ros/humble/share/rclcpp_action/cmake)
-- Found rclcpp_components: 16.0.11 (/opt/ros/humble/share/rclcpp_components/cmake)
-- Found arduino_msgs: 0.0.0 (/home/albert/umov_ws/install/arduino_msgs/share/arduino_msgs/cmake)
-- Found rclpy: 3.3.15 (/opt/ros/humble/share/rclpy/cmake)
-- Found moveit_ros_planning_interface: 2.5.5 (/home/albert/ws_moveit2/install/moveit_ros_planning_interface/share/moveit_ros_planning_interface/cmake)
-- Found Boost: /usr/lib/x86_64-linux-gnu/cmake/Boost-1.74.0/BoostConfig.cmake (found version "1.74.0") found components: date_time filesystem program_options system thread
-- Found Boost: /usr/lib/x86_64-linux-gnu/cmake/Boost-1.74.0/BoostConfig.cmake (found version "1.74.0") found components: chrono date_time filesystem iostreams program_options regex serialization system thread
-- Found parameter_traits: 0.3.9 (/opt/ros/humble/share/parameter_traits/cmake)
-- Found rclcpp_lifecycle: 16.0.11 (/opt/ros/humble/share/rclcpp_lifecycle/cmake)
-- Found Boost: /usr/lib/x86_64-linux-gnu/cmake/Boost-1.74.0/BoostConfig.cmake (found version "1.74.0") found components: filesystem
-- library: /usr/lib/x86_64-linux-gnu/libcurl.so
-- Ensuring Eigen3 include directory is part of orocos-kdl CMake target
-- Found Boost: /usr/lib/x86_64-linux-gnu/cmake/Boost-1.74.0/BoostConfig.cmake (found version "1.74.0") found components: system filesystem date_time program_options thread chrono
-- Found Boost: /usr/lib/x86_64-linux-gnu/cmake/Boost-1.74.0/BoostConfig.cmake (found version "1.74.0") found components: thread system filesystem regex date_time program_options
-- Found Boost: /usr/lib/x86_64-linux-gnu/cmake/Boost-1.74.0/BoostConfig.cmake (found version "1.74.0") found components: system filesystem date_time program_options thread
-- Found moveit_planners: 2.5.5 (/home/albert/ws_moveit2/install/moveit_planners/share/moveit_planners/cmake)
-- Found ament_lint_auto: 0.12.11 (/opt/ros/humble/share/ament_lint_auto/cmake)
-- Added test 'cppcheck' to perform static code analysis on C / C++ code
-- Configured cppcheck include dirs: $<BUILD_INTERFACE:/home/albert/umov_ws/src/arduino_remote/include>
-- Configured cppcheck exclude dirs and/or files: 
-- Added test 'flake8' to check Python code syntax and style conventions
-- Added test 'lint_cmake' to check CMake code style
-- Added test 'pep257' to check Python code against some of the docstring style conventions in PEP 257
-- Added test 'uncrustify' to check C / C++ code style
-- Configured uncrustify additional arguments: 
-- Added test 'xmllint' to check XML markup files
-- Configuring done (3.5s)
-- Generating done (0.1s)
-- Build files have been written to: /home/albert/umov_ws/build/arduino_remote
[ 25%] [32mBuilding CXX object CMakeFiles/arduino_task_server_node.dir/rclcpp_components/node_main_arduino_task_server_node.cpp.o[0m
[ 50%] [32mBuilding CXX object CMakeFiles/arduino_task_server.dir/src/arduino_task_server.cpp.o[0m
[ 50%] Built target ament_cmake_python_copy_arduino_remote
running egg_info
writing arduino_remote.egg-info/PKG-INFO
writing dependency_links to arduino_remote.egg-info/dependency_links.txt
writing top-level names to arduino_remote.egg-info/top_level.txt
reading manifest file 'arduino_remote.egg-info/SOURCES.txt'
writing manifest file 'arduino_remote.egg-info/SOURCES.txt'
[ 50%] Built target ament_cmake_python_build_arduino_remote_egg
[ 75%] [32m[1mLinking CXX executable arduino_task_server_node[0m
[ 75%] Built target arduino_task_server_node
[01m[K/home/albert/umov_ws/src/arduino_remote/src/arduino_task_server.cpp:[m[K In constructor ‘[01m[Karduino_remote::ArduinoTaskServer::ArduinoTaskServer(const rclcpp::NodeOptions&)[m[K’:
[01m[K/home/albert/umov_ws/src/arduino_remote/src/arduino_task_server.cpp:23:5:[m[K [01;31m[Kerror: [m[K‘[01m[Karduino_action_server[m[K’ was not declared in this scope; did you mean ‘[01m[Karduino_action_server_[m[K’?
   23 |     [01;31m[Karduino_action_server[m[K = rclcpp_action::create_server<ArduinoRobotTask>(
      |     [01;31m[K^~~~~~~~~~~~~~~~~~~~~[m[K
      |     [32m[Karduino_action_server_[m[K
[01m[K/home/albert/umov_ws/src/arduino_remote/src/arduino_task_server.cpp:24:68:[m[K [01;31m[Kerror: [m[K‘[01m[Karduino_GoalCallback[m[K’ is not a member of ‘[01m[Karduino_remote::ArduinoTaskServer[m[K’
   24 |         this, "arduino_task_server", std::bind(&ArduinoTaskServer::[01;31m[Karduino_GoalCallback[m[K, this, _1, _2),
      |                                                                    [01;31m[K^~~~~~~~~~~~~~~~~~~~[m[K
gmake[2]: *** [CMakeFiles/arduino_task_server.dir/build.make:76: CMakeFiles/arduino_task_server.dir/src/arduino_task_server.cpp.o] Error 1
gmake[1]: *** [CMakeFiles/Makefile2:142: CMakeFiles/arduino_task_server.dir/all] Error 2
gmake: *** [Makefile:146: all] Error 2
