[  0%] Built target ament_cmake_python_copy_arduinobot_remote
[ 50%] Built target task_server_node
[ 75%] [32mBuilding CXX object CMakeFiles/task_server.dir/src/task_server.cpp.o[0m
running egg_info
writing arduinobot_remote.egg-info/PKG-INFO
writing dependency_links to arduinobot_remote.egg-info/dependency_links.txt
writing top-level names to arduinobot_remote.egg-info/top_level.txt
reading manifest file 'arduinobot_remote.egg-info/SOURCES.txt'
writing manifest file 'arduinobot_remote.egg-info/SOURCES.txt'
[ 75%] Built target ament_cmake_python_build_arduinobot_remote_egg
[01m[K/home/albert/umov_ws/src/arduinobot_remote/src/task_server.cpp:[m[K In member function ‘[01m[Krclcpp_action::CancelResponse TaskServer::cancel_callback(std::shared_ptr<rclcpp_action::ServerGoalHandle<arduinobot_msgs::action::ArduinobotTask> >)[m[K’:
[01m[K/home/albert/umov_ws/src/arduinobot_remote/src/task_server.cpp:59:105:[m[K [01;35m[Kwarning: [m[Kunused parameter ‘[01m[Kgoal_handle[m[K’ [[01;35m[K]8;;https://gcc.gnu.org/onlinedocs/gcc/Warning-Options.html#index-Wunused-parameter-Wunused-parameter]8;;[m[K]
   59 |         [01;35m[Kconst std::shared_ptr<rclcpp_action::ServerGoalHandle<arduinobot_msgs::action::ArduinobotTask>> goal_handle[m[K)
      |         [01;35m[K~~~~~~~~~~~~~~~~~~~~~~~~~~~~~~~~~~~~~~~~~~~~~~~~~~~~~~~~~~~~~~~~~~~~~~~~~~~~~~~~~~~~~~~~~~~~~~~~^~~~~~~~~~~[m[K
[01m[K/home/albert/umov_ws/src/arduinobot_remote/src/task_server.cpp:[m[K In member function ‘[01m[Kvoid TaskServer::handle_accepted_callback(std::shared_ptr<rclcpp_action::ServerGoalHandle<arduinobot_msgs::action::ArduinobotTask> >)[m[K’:
[01m[K/home/albert/umov_ws/src/arduinobot_remote/src/task_server.cpp:74:45:[m[K [01;31m[Kerror: [m[K‘[01m[Kexecute[m[K’ is not a member of ‘[01m[KTaskServer[m[K’
   74 |         std::thread{ std::bind(&TaskServer::[01;31m[Kexecute[m[K, this, _1), goal_handle}.detach();
      |                                             [01;31m[K^~~~~~~[m[K
[01m[K/home/albert/umov_ws/src/arduinobot_remote/src/task_server.cpp:74:76:[m[K [01;31m[Kerror: [m[Kno matching function for call to ‘[01m[Kstd::thread::thread(<brace-enclosed initializer list>)[m[K’
   74 |         std::thread{ std::bind(&TaskServer::execute, this, _1), goal_handle[01;31m[K}[m[K.detach();
      |                                                                            [01;31m[K^[m[K
In file included from [01m[K/usr/include/c++/11/future:48[m[K,
                 from [01m[K/opt/ros/humble/include/rclcpp/rclcpp/executors.hpp:18[m[K,
                 from [01m[K/opt/ros/humble/include/rclcpp/rclcpp/rclcpp.hpp:155[m[K,
                 from [01m[K/home/albert/umov_ws/src/arduinobot_remote/src/task_server.cpp:1[m[K:
[01m[K/usr/include/c++/11/bits/std_thread.h:127:7:[m[K [01;36m[Knote: [m[Kcandidate: ‘[01m[Ktemplate<class _Callable, class ... _Args, class> std::thread::thread(_Callable&&, _Args&& ...)[m[K’
  127 |       [01;36m[Kthread[m[K(_Callable&& __f, _Args&&... __args)
      |       [01;36m[K^~~~~~[m[K
[01m[K/usr/include/c++/11/bits/std_thread.h:127:7:[m[K [01;36m[Knote: [m[K  template argument deduction/substitution failed:
[01m[K/usr/include/c++/11/bits/std_thread.h:157:5:[m[K [01;36m[Knote: [m[Kcandidate: ‘[01m[Kstd::thread::thread(std::thread&&)[m[K’
  157 |     [01;36m[Kthread[m[K(thread&& __t) noexcept
      |     [01;36m[K^~~~~~[m[K
[01m[K/usr/include/c++/11/bits/std_thread.h:157:5:[m[K [01;36m[Knote: [m[K  candidate expects 1 argument, 2 provided
[01m[K/usr/include/c++/11/bits/std_thread.h:121:5:[m[K [01;36m[Knote: [m[Kcandidate: ‘[01m[Kstd::thread::thread()[m[K’
  121 |     [01;36m[Kthread[m[K() noexcept = default;
      |     [01;36m[K^~~~~~[m[K
[01m[K/usr/include/c++/11/bits/std_thread.h:121:5:[m[K [01;36m[Knote: [m[K  candidate expects 0 arguments, 2 provided
[01m[K/home/albert/umov_ws/src/arduinobot_remote/src/task_server.cpp:[m[K In member function ‘[01m[Kvoid TaskServer::execute_goal(std::shared_ptr<rclcpp_action::ServerGoalHandle<arduinobot_msgs::action::ArduinobotTask> >)[m[K’:
[01m[K/home/albert/umov_ws/src/arduinobot_remote/src/task_server.cpp:80:5:[m[K [01;31m[Kerror: [m[K‘[01m[Karm_move_group[m[K’ was not declared in this scope
   80 |     [01;31m[Karm_move_group[m[K.setStartStateToCurrentState();
      |     [01;31m[K^~~~~~~~~~~~~~[m[K
[01m[K/home/albert/umov_ws/src/arduinobot_remote/src/task_server.cpp:81:5:[m[K [01;31m[Kerror: [m[K‘[01m[Kgripper_move_group[m[K’ was not declared in this scope
   81 |     [01;31m[Kgripper_move_group[m[K.setStartStateToCurrentState();
      |     [01;31m[K^~~~~~~~~~~~~~~~~~[m[K
[01m[K/home/albert/umov_ws/src/arduinobot_remote/src/task_server.cpp:126:40:[m[K [01;31m[Kerror: [m[K‘[01m[Karm_joint_goal[m[K’ was not declared in this scope; did you mean ‘[01m[Karm_joint_goal_[m[K’?
  126 |     arm_move_group.setJointValueTarget([01;31m[Karm_joint_goal[m[K);
      |                                        [01;31m[K^~~~~~~~~~~~~~[m[K
      |                                        [32m[Karm_joint_goal_[m[K
[01m[K/home/albert/umov_ws/src/arduinobot_remote/src/task_server.cpp:127:44:[m[K [01;31m[Kerror: [m[K‘[01m[Kgripper_joint_goal[m[K’ was not declared in this scope; did you mean ‘[01m[Kgripper_joint_goal_[m[K’?
  127 |     gripper_move_group.setJointValueTarget([01;31m[Kgripper_joint_goal[m[K);
      |                                            [01;31m[K^~~~~~~~~~~~~~~~~~[m[K
      |                                            [32m[Kgripper_joint_goal_[m[K
[01m[K/home/albert/umov_ws/src/arduinobot_remote/src/task_server.cpp:[m[K In function ‘[01m[Kint main(int, char**)[m[K’:
[01m[K/home/albert/umov_ws/src/arduinobot_remote/src/task_server.cpp:231:5:[m[K [01;31m[Kerror: [m[K‘[01m[Kmove_robot[m[K’ was not declared in this scope
  231 |     [01;31m[Kmove_robot[m[K(node);
      |     [01;31m[K^~~~~~~~~~[m[K
gmake[2]: *** [CMakeFiles/task_server.dir/build.make:76: CMakeFiles/task_server.dir/src/task_server.cpp.o] Error 1
gmake[1]: *** [CMakeFiles/Makefile2:142: CMakeFiles/task_server.dir/all] Error 2
gmake: *** [Makefile:146: all] Error 2
