[0.100s] Invoking command in '/home/albert/umov_ws/build/arduino_moveit': CMAKE_PREFIX_PATH=${CMAKE_PREFIX_PATH}:/home/albert/ag_arm_ws/install/arm_py:/home/albert/ws_moveit2/install/moveit_configs_utils:/home/albert/ws_moveit2/install/launch_param_builder:/home/albert/umov_ws/install/arduino_py_examples:/home/albert/udem2_ws/install/actions_py:/home/albert/udem2_ws/install/lifecycle_py:/home/albert/udem2_ws/install/executors_py:/home/albert/udem2_ws/install/components_py:/home/albert/udem_ws/install/turtlesim_catcher:/home/albert/udem_ws/install/my_py_pkg:/home/albert/udem_ws/install/lifecycle_py:/home/albert/bcdc_ws/install/agbot_teleop:/home/albert/bcdc_ws/install/agbot_py:/home/albert/arduinobot_ws/install/arduinobot_py_examples:/opt/ros/humble /home/albert/.local/bin/cmake /home/albert/umov_ws/src/arduino_moveit -DCMAKE_INSTALL_PREFIX=/home/albert/umov_ws/install/arduino_moveit
[0.220s] -- The C compiler identification is GNU 11.4.0
[0.337s] -- The CXX compiler identification is GNU 11.4.0
[0.364s] -- Detecting C compiler ABI info
[0.531s] -- Detecting C compiler ABI info - done
[0.585s] -- Check for working C compiler: /usr/bin/cc - skipped
[0.585s] -- Detecting C compile features
[0.587s] -- Detecting C compile features - done
[0.596s] -- Detecting CXX compiler ABI info
[0.804s] -- Detecting CXX compiler ABI info - done
[0.854s] -- Check for working CXX compiler: /usr/bin/c++ - skipped
[0.855s] -- Detecting CXX compile features
[0.861s] -- Detecting CXX compile features - done
[0.881s] -- Found ament_cmake: 1.3.11 (/opt/ros/humble/share/ament_cmake/cmake)
[1.383s] -- Found Python3: /usr/bin/python3 (found version "3.10.12") found components: Interpreter
[1.849s] -- Found ament_lint_auto: 0.12.11 (/opt/ros/humble/share/ament_lint_auto/cmake)
[2.154s] -- Added test 'flake8' to check Python code syntax and style conventions
[2.160s] -- Added test 'lint_cmake' to check CMake code style
[2.166s] -- Added test 'pep257' to check Python code against some of the docstring style conventions in PEP 257
[2.175s] -- Added test 'xmllint' to check XML markup files
[2.187s] -- Configuring done (2.1s)
[2.192s] -- Generating done (0.0s)
[2.195s] -- Build files have been written to: /home/albert/umov_ws/build/arduino_moveit
[2.202s] Invoked command in '/home/albert/umov_ws/build/arduino_moveit' returned '0': CMAKE_PREFIX_PATH=${CMAKE_PREFIX_PATH}:/home/albert/ag_arm_ws/install/arm_py:/home/albert/ws_moveit2/install/moveit_configs_utils:/home/albert/ws_moveit2/install/launch_param_builder:/home/albert/umov_ws/install/arduino_py_examples:/home/albert/udem2_ws/install/actions_py:/home/albert/udem2_ws/install/lifecycle_py:/home/albert/udem2_ws/install/executors_py:/home/albert/udem2_ws/install/components_py:/home/albert/udem_ws/install/turtlesim_catcher:/home/albert/udem_ws/install/my_py_pkg:/home/albert/udem_ws/install/lifecycle_py:/home/albert/bcdc_ws/install/agbot_teleop:/home/albert/bcdc_ws/install/agbot_py:/home/albert/arduinobot_ws/install/arduinobot_py_examples:/opt/ros/humble /home/albert/.local/bin/cmake /home/albert/umov_ws/src/arduino_moveit -DCMAKE_INSTALL_PREFIX=/home/albert/umov_ws/install/arduino_moveit
[2.215s] Invoking command in '/home/albert/umov_ws/build/arduino_moveit': CMAKE_PREFIX_PATH=${CMAKE_PREFIX_PATH}:/home/albert/ag_arm_ws/install/arm_py:/home/albert/ws_moveit2/install/moveit_configs_utils:/home/albert/ws_moveit2/install/launch_param_builder:/home/albert/umov_ws/install/arduino_py_examples:/home/albert/udem2_ws/install/actions_py:/home/albert/udem2_ws/install/lifecycle_py:/home/albert/udem2_ws/install/executors_py:/home/albert/udem2_ws/install/components_py:/home/albert/udem_ws/install/turtlesim_catcher:/home/albert/udem_ws/install/my_py_pkg:/home/albert/udem_ws/install/lifecycle_py:/home/albert/bcdc_ws/install/agbot_teleop:/home/albert/bcdc_ws/install/agbot_py:/home/albert/arduinobot_ws/install/arduinobot_py_examples:/opt/ros/humble /home/albert/.local/bin/cmake --build /home/albert/umov_ws/build/arduino_moveit -- -j8 -l8
[2.245s] Invoked command in '/home/albert/umov_ws/build/arduino_moveit' returned '0': CMAKE_PREFIX_PATH=${CMAKE_PREFIX_PATH}:/home/albert/ag_arm_ws/install/arm_py:/home/albert/ws_moveit2/install/moveit_configs_utils:/home/albert/ws_moveit2/install/launch_param_builder:/home/albert/umov_ws/install/arduino_py_examples:/home/albert/udem2_ws/install/actions_py:/home/albert/udem2_ws/install/lifecycle_py:/home/albert/udem2_ws/install/executors_py:/home/albert/udem2_ws/install/components_py:/home/albert/udem_ws/install/turtlesim_catcher:/home/albert/udem_ws/install/my_py_pkg:/home/albert/udem_ws/install/lifecycle_py:/home/albert/bcdc_ws/install/agbot_teleop:/home/albert/bcdc_ws/install/agbot_py:/home/albert/arduinobot_ws/install/arduinobot_py_examples:/opt/ros/humble /home/albert/.local/bin/cmake --build /home/albert/umov_ws/build/arduino_moveit -- -j8 -l8
[2.256s] Invoking command in '/home/albert/umov_ws/build/arduino_moveit': CMAKE_PREFIX_PATH=${CMAKE_PREFIX_PATH}:/home/albert/ag_arm_ws/install/arm_py:/home/albert/ws_moveit2/install/moveit_configs_utils:/home/albert/ws_moveit2/install/launch_param_builder:/home/albert/umov_ws/install/arduino_py_examples:/home/albert/udem2_ws/install/actions_py:/home/albert/udem2_ws/install/lifecycle_py:/home/albert/udem2_ws/install/executors_py:/home/albert/udem2_ws/install/components_py:/home/albert/udem_ws/install/turtlesim_catcher:/home/albert/udem_ws/install/my_py_pkg:/home/albert/udem_ws/install/lifecycle_py:/home/albert/bcdc_ws/install/agbot_teleop:/home/albert/bcdc_ws/install/agbot_py:/home/albert/arduinobot_ws/install/arduinobot_py_examples:/opt/ros/humble /home/albert/.local/bin/cmake --install /home/albert/umov_ws/build/arduino_moveit
[2.263s] -- Install configuration: ""
[2.263s] -- Installing: /home/albert/umov_ws/install/arduino_moveit/share/arduino_moveit/launch
[2.263s] -- Installing: /home/albert/umov_ws/install/arduino_moveit/share/arduino_moveit/launch/arduino_moveit.launch.py
[2.265s] -- Installing: /home/albert/umov_ws/install/arduino_moveit/share/arduino_moveit/config
[2.265s] -- Installing: /home/albert/umov_ws/install/arduino_moveit/share/arduino_moveit/config/planning_python_api.yaml
[2.265s] -- Installing: /home/albert/umov_ws/install/arduino_moveit/share/arduino_moveit/config/old_arduinobot.srdf
[2.265s] -- Installing: /home/albert/umov_ws/install/arduino_moveit/share/arduino_moveit/config/joint_limits.yaml
[2.267s] -- Installing: /home/albert/umov_ws/install/arduino_moveit/share/arduino_moveit/config/moveit_controllers.yaml
[2.268s] -- Installing: /home/albert/umov_ws/install/arduino_moveit/share/arduino_moveit/config/initial_positions.yaml
[2.269s] -- Installing: /home/albert/umov_ws/install/arduino_moveit/share/arduino_moveit/config/arduino.srdf
[2.269s] -- Installing: /home/albert/umov_ws/install/arduino_moveit/share/arduino_moveit/config/pilz_cartesian_limits.yaml
[2.270s] -- Installing: /home/albert/umov_ws/install/arduino_moveit/share/arduino_moveit/config/kinematics.yaml
[2.270s] -- Installing: /home/albert/umov_ws/install/arduino_moveit/share/arduino_moveit/config/moveit.rviz
[2.271s] -- Installing: /home/albert/umov_ws/install/arduino_moveit/share/ament_index/resource_index/package_run_dependencies/arduino_moveit
[2.272s] -- Installing: /home/albert/umov_ws/install/arduino_moveit/share/ament_index/resource_index/parent_prefix_path/arduino_moveit
[2.272s] -- Installing: /home/albert/umov_ws/install/arduino_moveit/share/arduino_moveit/environment/ament_prefix_path.sh
[2.273s] -- Installing: /home/albert/umov_ws/install/arduino_moveit/share/arduino_moveit/environment/ament_prefix_path.dsv
[2.274s] -- Installing: /home/albert/umov_ws/install/arduino_moveit/share/arduino_moveit/environment/path.sh
[2.274s] -- Installing: /home/albert/umov_ws/install/arduino_moveit/share/arduino_moveit/environment/path.dsv
[2.275s] -- Installing: /home/albert/umov_ws/install/arduino_moveit/share/arduino_moveit/local_setup.bash
[2.275s] -- Installing: /home/albert/umov_ws/install/arduino_moveit/share/arduino_moveit/local_setup.sh
[2.276s] -- Installing: /home/albert/umov_ws/install/arduino_moveit/share/arduino_moveit/local_setup.zsh
[2.276s] -- Installing: /home/albert/umov_ws/install/arduino_moveit/share/arduino_moveit/local_setup.dsv
[2.277s] -- Installing: /home/albert/umov_ws/install/arduino_moveit/share/arduino_moveit/package.dsv
[2.277s] -- Installing: /home/albert/umov_ws/install/arduino_moveit/share/ament_index/resource_index/packages/arduino_moveit
[2.277s] -- Installing: /home/albert/umov_ws/install/arduino_moveit/share/arduino_moveit/cmake/arduino_moveitConfig.cmake
[2.277s] -- Installing: /home/albert/umov_ws/install/arduino_moveit/share/arduino_moveit/cmake/arduino_moveitConfig-version.cmake
[2.278s] -- Installing: /home/albert/umov_ws/install/arduino_moveit/share/arduino_moveit/package.xml
[2.281s] Invoked command in '/home/albert/umov_ws/build/arduino_moveit' returned '0': CMAKE_PREFIX_PATH=${CMAKE_PREFIX_PATH}:/home/albert/ag_arm_ws/install/arm_py:/home/albert/ws_moveit2/install/moveit_configs_utils:/home/albert/ws_moveit2/install/launch_param_builder:/home/albert/umov_ws/install/arduino_py_examples:/home/albert/udem2_ws/install/actions_py:/home/albert/udem2_ws/install/lifecycle_py:/home/albert/udem2_ws/install/executors_py:/home/albert/udem2_ws/install/components_py:/home/albert/udem_ws/install/turtlesim_catcher:/home/albert/udem_ws/install/my_py_pkg:/home/albert/udem_ws/install/lifecycle_py:/home/albert/bcdc_ws/install/agbot_teleop:/home/albert/bcdc_ws/install/agbot_py:/home/albert/arduinobot_ws/install/arduinobot_py_examples:/opt/ros/humble /home/albert/.local/bin/cmake --install /home/albert/umov_ws/build/arduino_moveit
