[0.084s] Invoking command in '/home/albert/umov_ws/build/arduino_moveit': CMAKE_PREFIX_PATH=${CMAKE_PREFIX_PATH}:/home/albert/ws_moveit2/install/moveit_configs_utils:/home/albert/ws_moveit2/install/launch_param_builder:/home/albert/umov_ws/install/arduino_py_examples:/home/albert/udem2_ws/install/actions_py:/home/albert/udem2_ws/install/lifecycle_py:/home/albert/udem2_ws/install/executors_py:/home/albert/udem2_ws/install/components_py:/home/albert/udem_ws/install/turtlesim_catcher:/home/albert/udem_ws/install/my_py_pkg:/home/albert/udem_ws/install/lifecycle_py:/home/albert/bcdc_ws/install/agbot_teleop:/home/albert/bcdc_ws/install/agbot_py:/home/albert/arduinobot_ws/install/arduinobot_py_examples:/opt/ros/humble /home/albert/.local/bin/cmake /home/albert/umov_ws/src/arduino_moveit -DCMAKE_INSTALL_PREFIX=/home/albert/umov_ws/install/arduino_moveit
[0.516s] -- The C compiler identification is GNU 11.4.0
[0.684s] -- The CXX compiler identification is GNU 11.4.0
[0.703s] -- Detecting C compiler ABI info
[0.874s] -- Detecting C compiler ABI info - done
[0.909s] -- Check for working C compiler: /usr/bin/cc - skipped
[0.909s] -- Detecting C compile features
[0.910s] -- Detecting C compile features - done
[0.918s] -- Detecting CXX compiler ABI info
[1.064s] -- Detecting CXX compiler ABI info - done
[1.093s] -- Check for working CXX compiler: /usr/bin/c++ - skipped
[1.094s] -- Detecting CXX compile features
[1.095s] -- Detecting CXX compile features - done
[1.120s] -- Found ament_cmake: 1.3.11 (/opt/ros/humble/share/ament_cmake/cmake)
[1.451s] -- Found Python3: /usr/bin/python3 (found version "3.10.12") found components: Interpreter
[1.859s] -- Found ament_lint_auto: 0.12.11 (/opt/ros/humble/share/ament_lint_auto/cmake)
[2.292s] -- Added test 'flake8' to check Python code syntax and style conventions
[2.303s] -- Added test 'lint_cmake' to check CMake code style
[2.313s] -- Added test 'pep257' to check Python code against some of the docstring style conventions in PEP 257
[2.327s] -- Added test 'xmllint' to check XML markup files
[2.354s] -- Configuring done (2.3s)
[2.356s] -- Generating done (0.0s)
[2.362s] -- Build files have been written to: /home/albert/umov_ws/build/arduino_moveit
[2.378s] Invoked command in '/home/albert/umov_ws/build/arduino_moveit' returned '0': CMAKE_PREFIX_PATH=${CMAKE_PREFIX_PATH}:/home/albert/ws_moveit2/install/moveit_configs_utils:/home/albert/ws_moveit2/install/launch_param_builder:/home/albert/umov_ws/install/arduino_py_examples:/home/albert/udem2_ws/install/actions_py:/home/albert/udem2_ws/install/lifecycle_py:/home/albert/udem2_ws/install/executors_py:/home/albert/udem2_ws/install/components_py:/home/albert/udem_ws/install/turtlesim_catcher:/home/albert/udem_ws/install/my_py_pkg:/home/albert/udem_ws/install/lifecycle_py:/home/albert/bcdc_ws/install/agbot_teleop:/home/albert/bcdc_ws/install/agbot_py:/home/albert/arduinobot_ws/install/arduinobot_py_examples:/opt/ros/humble /home/albert/.local/bin/cmake /home/albert/umov_ws/src/arduino_moveit -DCMAKE_INSTALL_PREFIX=/home/albert/umov_ws/install/arduino_moveit
[2.379s] Invoking command in '/home/albert/umov_ws/build/arduino_moveit': CMAKE_PREFIX_PATH=${CMAKE_PREFIX_PATH}:/home/albert/ws_moveit2/install/moveit_configs_utils:/home/albert/ws_moveit2/install/launch_param_builder:/home/albert/umov_ws/install/arduino_py_examples:/home/albert/udem2_ws/install/actions_py:/home/albert/udem2_ws/install/lifecycle_py:/home/albert/udem2_ws/install/executors_py:/home/albert/udem2_ws/install/components_py:/home/albert/udem_ws/install/turtlesim_catcher:/home/albert/udem_ws/install/my_py_pkg:/home/albert/udem_ws/install/lifecycle_py:/home/albert/bcdc_ws/install/agbot_teleop:/home/albert/bcdc_ws/install/agbot_py:/home/albert/arduinobot_ws/install/arduinobot_py_examples:/opt/ros/humble /home/albert/.local/bin/cmake --build /home/albert/umov_ws/build/arduino_moveit -- -j8 -l8
[2.433s] Invoked command in '/home/albert/umov_ws/build/arduino_moveit' returned '0': CMAKE_PREFIX_PATH=${CMAKE_PREFIX_PATH}:/home/albert/ws_moveit2/install/moveit_configs_utils:/home/albert/ws_moveit2/install/launch_param_builder:/home/albert/umov_ws/install/arduino_py_examples:/home/albert/udem2_ws/install/actions_py:/home/albert/udem2_ws/install/lifecycle_py:/home/albert/udem2_ws/install/executors_py:/home/albert/udem2_ws/install/components_py:/home/albert/udem_ws/install/turtlesim_catcher:/home/albert/udem_ws/install/my_py_pkg:/home/albert/udem_ws/install/lifecycle_py:/home/albert/bcdc_ws/install/agbot_teleop:/home/albert/bcdc_ws/install/agbot_py:/home/albert/arduinobot_ws/install/arduinobot_py_examples:/opt/ros/humble /home/albert/.local/bin/cmake --build /home/albert/umov_ws/build/arduino_moveit -- -j8 -l8
[2.447s] Invoking command in '/home/albert/umov_ws/build/arduino_moveit': CMAKE_PREFIX_PATH=${CMAKE_PREFIX_PATH}:/home/albert/ws_moveit2/install/moveit_configs_utils:/home/albert/ws_moveit2/install/launch_param_builder:/home/albert/umov_ws/install/arduino_py_examples:/home/albert/udem2_ws/install/actions_py:/home/albert/udem2_ws/install/lifecycle_py:/home/albert/udem2_ws/install/executors_py:/home/albert/udem2_ws/install/components_py:/home/albert/udem_ws/install/turtlesim_catcher:/home/albert/udem_ws/install/my_py_pkg:/home/albert/udem_ws/install/lifecycle_py:/home/albert/bcdc_ws/install/agbot_teleop:/home/albert/bcdc_ws/install/agbot_py:/home/albert/arduinobot_ws/install/arduinobot_py_examples:/opt/ros/humble /home/albert/.local/bin/cmake --install /home/albert/umov_ws/build/arduino_moveit
[2.456s] -- Install configuration: ""
[2.457s] -- Installing: /home/albert/umov_ws/install/arduino_moveit/share/arduino_moveit/launch
[2.458s] -- Installing: /home/albert/umov_ws/install/arduino_moveit/share/arduino_moveit/launch/moveit.launch.py
[2.459s] -- Installing: /home/albert/umov_ws/install/arduino_moveit/share/arduino_moveit/config
[2.460s] -- Installing: /home/albert/umov_ws/install/arduino_moveit/share/arduino_moveit/config/planning_python_api.yaml
[2.460s] -- Installing: /home/albert/umov_ws/install/arduino_moveit/share/arduino_moveit/config/old_arduinobot.srdf
[2.464s] -- Installing: /home/albert/umov_ws/install/arduino_moveit/share/arduino_moveit/config/joint_limits.yaml
[2.464s] -- Installing: /home/albert/umov_ws/install/arduino_moveit/share/arduino_moveit/config/moveit_controllers.yaml
[2.464s] -- Installing: /home/albert/umov_ws/install/arduino_moveit/share/arduino_moveit/config/initial_positions.yaml
[2.465s] -- Installing: /home/albert/umov_ws/install/arduino_moveit/share/arduino_moveit/config/arduino.srdf
[2.466s] -- Installing: /home/albert/umov_ws/install/arduino_moveit/share/arduino_moveit/config/pilz_cartesian_limits.yaml
[2.467s] -- Installing: /home/albert/umov_ws/install/arduino_moveit/share/arduino_moveit/config/kinematics.yaml
[2.467s] -- Installing: /home/albert/umov_ws/install/arduino_moveit/share/arduino_moveit/config/moveit.rviz
[2.467s] -- Installing: /home/albert/umov_ws/install/arduino_moveit/share/ament_index/resource_index/package_run_dependencies/arduino_moveit
[2.472s] -- Installing: /home/albert/umov_ws/install/arduino_moveit/share/ament_index/resource_index/parent_prefix_path/arduino_moveit
[2.472s] -- Installing: /home/albert/umov_ws/install/arduino_moveit/share/arduino_moveit/environment/ament_prefix_path.sh
[2.472s] -- Installing: /home/albert/umov_ws/install/arduino_moveit/share/arduino_moveit/environment/ament_prefix_path.dsv
[2.472s] -- Installing: /home/albert/umov_ws/install/arduino_moveit/share/arduino_moveit/environment/path.sh
[2.473s] -- Installing: /home/albert/umov_ws/install/arduino_moveit/share/arduino_moveit/environment/path.dsv
[2.473s] -- Installing: /home/albert/umov_ws/install/arduino_moveit/share/arduino_moveit/local_setup.bash
[2.473s] -- Installing: /home/albert/umov_ws/install/arduino_moveit/share/arduino_moveit/local_setup.sh
[2.473s] -- Installing: /home/albert/umov_ws/install/arduino_moveit/share/arduino_moveit/local_setup.zsh
[2.474s] -- Installing: /home/albert/umov_ws/install/arduino_moveit/share/arduino_moveit/local_setup.dsv
[2.474s] -- Installing: /home/albert/umov_ws/install/arduino_moveit/share/arduino_moveit/package.dsv
[2.474s] -- Installing: /home/albert/umov_ws/install/arduino_moveit/share/ament_index/resource_index/packages/arduino_moveit
[2.475s] -- Installing: /home/albert/umov_ws/install/arduino_moveit/share/arduino_moveit/cmake/arduino_moveitConfig.cmake
[2.475s] -- Installing: /home/albert/umov_ws/install/arduino_moveit/share/arduino_moveit/cmake/arduino_moveitConfig-version.cmake
[2.475s] -- Installing: /home/albert/umov_ws/install/arduino_moveit/share/arduino_moveit/package.xml
[2.477s] Invoked command in '/home/albert/umov_ws/build/arduino_moveit' returned '0': CMAKE_PREFIX_PATH=${CMAKE_PREFIX_PATH}:/home/albert/ws_moveit2/install/moveit_configs_utils:/home/albert/ws_moveit2/install/launch_param_builder:/home/albert/umov_ws/install/arduino_py_examples:/home/albert/udem2_ws/install/actions_py:/home/albert/udem2_ws/install/lifecycle_py:/home/albert/udem2_ws/install/executors_py:/home/albert/udem2_ws/install/components_py:/home/albert/udem_ws/install/turtlesim_catcher:/home/albert/udem_ws/install/my_py_pkg:/home/albert/udem_ws/install/lifecycle_py:/home/albert/bcdc_ws/install/agbot_teleop:/home/albert/bcdc_ws/install/agbot_py:/home/albert/arduinobot_ws/install/arduinobot_py_examples:/opt/ros/humble /home/albert/.local/bin/cmake --install /home/albert/umov_ws/build/arduino_moveit
