[0.100s] Invoking command in '/home/albert/umov_ws/build/arduinobot_bringup': CMAKE_PREFIX_PATH=${CMAKE_PREFIX_PATH}:/home/albert/ws_moveit2/install/moveit_configs_utils:/home/albert/ws_moveit2/install/launch_param_builder:/home/albert/umov_ws/install/arduino_py_examples:/home/albert/udem2_ws/install/actions_py:/home/albert/udem2_ws/install/lifecycle_py:/home/albert/udem2_ws/install/executors_py:/home/albert/udem2_ws/install/components_py:/home/albert/udem_ws/install/turtlesim_catcher:/home/albert/udem_ws/install/my_py_pkg:/home/albert/udem_ws/install/lifecycle_py:/home/albert/bcdc_ws/install/agbot_teleop:/home/albert/bcdc_ws/install/agbot_py:/home/albert/arduinobot_ws/install/arduinobot_py_examples:/opt/ros/humble /home/albert/.local/bin/cmake --build /home/albert/umov_ws/build/arduinobot_bringup -- -j8 -l8
[0.145s] -- Found ament_cmake: 1.3.11 (/opt/ros/humble/share/ament_cmake/cmake)
[0.589s] -- Found ament_lint_auto: 0.12.11 (/opt/ros/humble/share/ament_lint_auto/cmake)
[0.698s] -- Added test 'flake8' to check Python code syntax and style conventions
[0.698s] -- Added test 'lint_cmake' to check CMake code style
[0.699s] -- Added test 'pep257' to check Python code against some of the docstring style conventions in PEP 257
[0.700s] -- Added test 'xmllint' to check XML markup files
[0.702s] -- Configuring done (0.6s)
[0.707s] -- Generating done (0.0s)
[0.708s] -- Build files have been written to: /home/albert/umov_ws/build/arduinobot_bringup
[0.728s] Invoked command in '/home/albert/umov_ws/build/arduinobot_bringup' returned '0': CMAKE_PREFIX_PATH=${CMAKE_PREFIX_PATH}:/home/albert/ws_moveit2/install/moveit_configs_utils:/home/albert/ws_moveit2/install/launch_param_builder:/home/albert/umov_ws/install/arduino_py_examples:/home/albert/udem2_ws/install/actions_py:/home/albert/udem2_ws/install/lifecycle_py:/home/albert/udem2_ws/install/executors_py:/home/albert/udem2_ws/install/components_py:/home/albert/udem_ws/install/turtlesim_catcher:/home/albert/udem_ws/install/my_py_pkg:/home/albert/udem_ws/install/lifecycle_py:/home/albert/bcdc_ws/install/agbot_teleop:/home/albert/bcdc_ws/install/agbot_py:/home/albert/arduinobot_ws/install/arduinobot_py_examples:/opt/ros/humble /home/albert/.local/bin/cmake --build /home/albert/umov_ws/build/arduinobot_bringup -- -j8 -l8
[0.785s] Invoking command in '/home/albert/umov_ws/build/arduinobot_bringup': CMAKE_PREFIX_PATH=${CMAKE_PREFIX_PATH}:/home/albert/ws_moveit2/install/moveit_configs_utils:/home/albert/ws_moveit2/install/launch_param_builder:/home/albert/umov_ws/install/arduino_py_examples:/home/albert/udem2_ws/install/actions_py:/home/albert/udem2_ws/install/lifecycle_py:/home/albert/udem2_ws/install/executors_py:/home/albert/udem2_ws/install/components_py:/home/albert/udem_ws/install/turtlesim_catcher:/home/albert/udem_ws/install/my_py_pkg:/home/albert/udem_ws/install/lifecycle_py:/home/albert/bcdc_ws/install/agbot_teleop:/home/albert/bcdc_ws/install/agbot_py:/home/albert/arduinobot_ws/install/arduinobot_py_examples:/opt/ros/humble /home/albert/.local/bin/cmake --install /home/albert/umov_ws/build/arduinobot_bringup
[0.790s] -- Install configuration: ""
[0.792s] -- Up-to-date: /home/albert/umov_ws/install/arduinobot_bringup/share/arduinobot_bringup/launch
[0.792s] -- Up-to-date: /home/albert/umov_ws/install/arduinobot_bringup/share/arduinobot_bringup/launch/real_robot.launch.py
[0.792s] -- Up-to-date: /home/albert/umov_ws/install/arduinobot_bringup/share/arduinobot_bringup/launch/simulated_robot.launch.py
[0.792s] -- Up-to-date: /home/albert/umov_ws/install/arduinobot_bringup/share/ament_index/resource_index/package_run_dependencies/arduinobot_bringup
[0.792s] -- Installing: /home/albert/umov_ws/install/arduinobot_bringup/share/ament_index/resource_index/parent_prefix_path/arduinobot_bringup
[0.793s] -- Installing: /home/albert/umov_ws/install/arduinobot_bringup/share/arduinobot_bringup/environment/ament_prefix_path.sh
[0.793s] -- Installing: /home/albert/umov_ws/install/arduinobot_bringup/share/arduinobot_bringup/environment/ament_prefix_path.dsv
[0.795s] -- Installing: /home/albert/umov_ws/install/arduinobot_bringup/share/arduinobot_bringup/environment/path.sh
[0.795s] -- Installing: /home/albert/umov_ws/install/arduinobot_bringup/share/arduinobot_bringup/environment/path.dsv
[0.795s] -- Up-to-date: /home/albert/umov_ws/install/arduinobot_bringup/share/arduinobot_bringup/local_setup.bash
[0.795s] -- Up-to-date: /home/albert/umov_ws/install/arduinobot_bringup/share/arduinobot_bringup/local_setup.sh
[0.796s] -- Up-to-date: /home/albert/umov_ws/install/arduinobot_bringup/share/arduinobot_bringup/local_setup.zsh
[0.798s] -- Installing: /home/albert/umov_ws/install/arduinobot_bringup/share/arduinobot_bringup/local_setup.dsv
[0.798s] -- Installing: /home/albert/umov_ws/install/arduinobot_bringup/share/arduinobot_bringup/package.dsv
[0.798s] -- Up-to-date: /home/albert/umov_ws/install/arduinobot_bringup/share/ament_index/resource_index/packages/arduinobot_bringup
[0.798s] -- Up-to-date: /home/albert/umov_ws/install/arduinobot_bringup/share/arduinobot_bringup/cmake/arduinobot_bringupConfig.cmake
[0.798s] -- Up-to-date: /home/albert/umov_ws/install/arduinobot_bringup/share/arduinobot_bringup/cmake/arduinobot_bringupConfig-version.cmake
[0.798s] -- Up-to-date: /home/albert/umov_ws/install/arduinobot_bringup/share/arduinobot_bringup/package.xml
[0.798s] Invoked command in '/home/albert/umov_ws/build/arduinobot_bringup' returned '0': CMAKE_PREFIX_PATH=${CMAKE_PREFIX_PATH}:/home/albert/ws_moveit2/install/moveit_configs_utils:/home/albert/ws_moveit2/install/launch_param_builder:/home/albert/umov_ws/install/arduino_py_examples:/home/albert/udem2_ws/install/actions_py:/home/albert/udem2_ws/install/lifecycle_py:/home/albert/udem2_ws/install/executors_py:/home/albert/udem2_ws/install/components_py:/home/albert/udem_ws/install/turtlesim_catcher:/home/albert/udem_ws/install/my_py_pkg:/home/albert/udem_ws/install/lifecycle_py:/home/albert/bcdc_ws/install/agbot_teleop:/home/albert/bcdc_ws/install/agbot_py:/home/albert/arduinobot_ws/install/arduinobot_py_examples:/opt/ros/humble /home/albert/.local/bin/cmake --install /home/albert/umov_ws/build/arduinobot_bringup
