[ 25%] Built target ament_cmake_python_copy_arduino_remote
[ 50%] Built target arduino_task_server_node
[ 75%] [32mBuilding CXX object CMakeFiles/arduino_task_server.dir/src/arduino_task_server.cpp.o[0m
running egg_info
writing arduino_remote.egg-info/PKG-INFO
writing dependency_links to arduino_remote.egg-info/dependency_links.txt
writing top-level names to arduino_remote.egg-info/top_level.txt
reading manifest file 'arduino_remote.egg-info/SOURCES.txt'
writing manifest file 'arduino_remote.egg-info/SOURCES.txt'
[ 75%] Built target ament_cmake_python_build_arduino_remote_egg
[100%] [32m[1mLinking CXX shared library libarduino_task_server.so[0m
[100%] Built target arduino_task_server
-- Install configuration: ""
-- Up-to-date: /home/albert/umov_ws/install/arduino_remote/lib/arduino_remote/arduino_task_server_node
-- Up-to-date: /home/albert/umov_ws/install/arduino_remote/share/arduino_remote/environment/pythonpath.sh
-- Up-to-date: /home/albert/umov_ws/install/arduino_remote/share/arduino_remote/environment/pythonpath.dsv
-- Up-to-date: /home/albert/umov_ws/install/arduino_remote/local/lib/python3.10/dist-packages/arduino_remote-0.0.0-py3.10.egg-info
-- Installing: /home/albert/umov_ws/install/arduino_remote/local/lib/python3.10/dist-packages/arduino_remote-0.0.0-py3.10.egg-info/SOURCES.txt
-- Installing: /home/albert/umov_ws/install/arduino_remote/local/lib/python3.10/dist-packages/arduino_remote-0.0.0-py3.10.egg-info/top_level.txt
-- Installing: /home/albert/umov_ws/install/arduino_remote/local/lib/python3.10/dist-packages/arduino_remote-0.0.0-py3.10.egg-info/PKG-INFO
-- Installing: /home/albert/umov_ws/install/arduino_remote/local/lib/python3.10/dist-packages/arduino_remote-0.0.0-py3.10.egg-info/dependency_links.txt
-- Up-to-date: /home/albert/umov_ws/install/arduino_remote/local/lib/python3.10/dist-packages/arduino_remote
-- Installing: /home/albert/umov_ws/install/arduino_remote/local/lib/python3.10/dist-packages/arduino_remote/arduino_alexa_interface.py
-- Up-to-date: /home/albert/umov_ws/install/arduino_remote/local/lib/python3.10/dist-packages/arduino_remote/__init__.py
-- Up-to-date: /home/albert/umov_ws/install/arduino_remote/local/lib/python3.10/dist-packages/arduino_remote/arduino_task_server.py
Listing '/home/albert/umov_ws/install/arduino_remote/local/lib/python3.10/dist-packages/arduino_remote'...
Compiling '/home/albert/umov_ws/install/arduino_remote/local/lib/python3.10/dist-packages/arduino_remote/arduino_alexa_interface.py'...
-- Up-to-date: /home/albert/umov_ws/install/arduino_remote/share/arduino_remote/launch
-- Up-to-date: /home/albert/umov_ws/install/arduino_remote/share/arduino_remote/launch/arduino_remote_interface.launch.py
-- Installing: /home/albert/umov_ws/install/arduino_remote/lib/libarduino_task_server.so
-- Set non-toolchain portion of runtime path of "/home/albert/umov_ws/install/arduino_remote/lib/libarduino_task_server.so" to ""
-- Installing: /home/albert/umov_ws/install/arduino_remote/lib/arduino_remote/arduino_alexa_interface.py
-- Up-to-date: /home/albert/umov_ws/install/arduino_remote/lib/arduino_remote/arduino_task_server.py
-- Up-to-date: /home/albert/umov_ws/install/arduino_remote/share/ament_index/resource_index/package_run_dependencies/arduino_remote
-- Up-to-date: /home/albert/umov_ws/install/arduino_remote/share/ament_index/resource_index/parent_prefix_path/arduino_remote
-- Up-to-date: /home/albert/umov_ws/install/arduino_remote/share/arduino_remote/environment/ament_prefix_path.sh
-- Up-to-date: /home/albert/umov_ws/install/arduino_remote/share/arduino_remote/environment/ament_prefix_path.dsv
-- Up-to-date: /home/albert/umov_ws/install/arduino_remote/share/arduino_remote/environment/path.sh
-- Up-to-date: /home/albert/umov_ws/install/arduino_remote/share/arduino_remote/environment/path.dsv
-- Up-to-date: /home/albert/umov_ws/install/arduino_remote/share/arduino_remote/local_setup.bash
-- Up-to-date: /home/albert/umov_ws/install/arduino_remote/share/arduino_remote/local_setup.sh
-- Up-to-date: /home/albert/umov_ws/install/arduino_remote/share/arduino_remote/local_setup.zsh
-- Up-to-date: /home/albert/umov_ws/install/arduino_remote/share/arduino_remote/local_setup.dsv
-- Installing: /home/albert/umov_ws/install/arduino_remote/share/arduino_remote/package.dsv
-- Up-to-date: /home/albert/umov_ws/install/arduino_remote/share/ament_index/resource_index/packages/arduino_remote
-- Up-to-date: /home/albert/umov_ws/install/arduino_remote/share/ament_index/resource_index/rclcpp_components/arduino_remote
-- Up-to-date: /home/albert/umov_ws/install/arduino_remote/share/arduino_remote/cmake/arduino_remoteConfig.cmake
-- Up-to-date: /home/albert/umov_ws/install/arduino_remote/share/arduino_remote/cmake/arduino_remoteConfig-version.cmake
-- Up-to-date: /home/albert/umov_ws/install/arduino_remote/share/arduino_remote/package.xml
