[0.165s] Invoking command in '/home/albert/umov_ws/build/arduinobot_moveit': CMAKE_PREFIX_PATH=${CMAKE_PREFIX_PATH}:/home/albert/ws_moveit2/install/moveit_configs_utils:/home/albert/ws_moveit2/install/launch_param_builder:/home/albert/umov_ws/install/arduino_py_examples:/home/albert/udem2_ws/install/actions_py:/home/albert/udem2_ws/install/lifecycle_py:/home/albert/udem2_ws/install/executors_py:/home/albert/udem2_ws/install/components_py:/home/albert/udem_ws/install/turtlesim_catcher:/home/albert/udem_ws/install/my_py_pkg:/home/albert/udem_ws/install/lifecycle_py:/home/albert/bcdc_ws/install/agbot_teleop:/home/albert/bcdc_ws/install/agbot_py:/home/albert/arduinobot_ws/install/arduinobot_py_examples:/opt/ros/humble /home/albert/.local/bin/cmake /home/albert/umov_ws/src/arduinobot_moveit -DCMAKE_INSTALL_PREFIX=/home/albert/umov_ws/install/arduinobot_moveit
[0.436s] -- The C compiler identification is GNU 11.4.0
[0.871s] -- The CXX compiler identification is GNU 11.4.0
[0.947s] -- Detecting C compiler ABI info
[1.395s] -- Detecting C compiler ABI info - done
[1.509s] -- Check for working C compiler: /usr/bin/cc - skipped
[1.510s] -- Detecting C compile features
[1.510s] -- Detecting C compile features - done
[1.530s] -- Detecting CXX compiler ABI info
[1.937s] -- Detecting CXX compiler ABI info - done
[2.044s] -- Check for working CXX compiler: /usr/bin/c++ - skipped
[2.047s] -- Detecting CXX compile features
[2.048s] -- Detecting CXX compile features - done
[2.110s] -- Found ament_cmake: 1.3.11 (/opt/ros/humble/share/ament_cmake/cmake)
[3.238s] -- Found Python3: /usr/bin/python3 (found version "3.10.12") found components: Interpreter
[4.739s] -- Found ament_lint_auto: 0.12.11 (/opt/ros/humble/share/ament_lint_auto/cmake)
[5.930s] -- Added test 'flake8' to check Python code syntax and style conventions
[5.947s] -- Added test 'lint_cmake' to check CMake code style
[5.958s] -- Added test 'pep257' to check Python code against some of the docstring style conventions in PEP 257
[5.978s] -- Added test 'xmllint' to check XML markup files
[6.002s] -- Configuring done (5.8s)
[6.019s] -- Generating done (0.0s)
[6.022s] -- Build files have been written to: /home/albert/umov_ws/build/arduinobot_moveit
[6.055s] Invoked command in '/home/albert/umov_ws/build/arduinobot_moveit' returned '0': CMAKE_PREFIX_PATH=${CMAKE_PREFIX_PATH}:/home/albert/ws_moveit2/install/moveit_configs_utils:/home/albert/ws_moveit2/install/launch_param_builder:/home/albert/umov_ws/install/arduino_py_examples:/home/albert/udem2_ws/install/actions_py:/home/albert/udem2_ws/install/lifecycle_py:/home/albert/udem2_ws/install/executors_py:/home/albert/udem2_ws/install/components_py:/home/albert/udem_ws/install/turtlesim_catcher:/home/albert/udem_ws/install/my_py_pkg:/home/albert/udem_ws/install/lifecycle_py:/home/albert/bcdc_ws/install/agbot_teleop:/home/albert/bcdc_ws/install/agbot_py:/home/albert/arduinobot_ws/install/arduinobot_py_examples:/opt/ros/humble /home/albert/.local/bin/cmake /home/albert/umov_ws/src/arduinobot_moveit -DCMAKE_INSTALL_PREFIX=/home/albert/umov_ws/install/arduinobot_moveit
[6.056s] Invoking command in '/home/albert/umov_ws/build/arduinobot_moveit': CMAKE_PREFIX_PATH=${CMAKE_PREFIX_PATH}:/home/albert/ws_moveit2/install/moveit_configs_utils:/home/albert/ws_moveit2/install/launch_param_builder:/home/albert/umov_ws/install/arduino_py_examples:/home/albert/udem2_ws/install/actions_py:/home/albert/udem2_ws/install/lifecycle_py:/home/albert/udem2_ws/install/executors_py:/home/albert/udem2_ws/install/components_py:/home/albert/udem_ws/install/turtlesim_catcher:/home/albert/udem_ws/install/my_py_pkg:/home/albert/udem_ws/install/lifecycle_py:/home/albert/bcdc_ws/install/agbot_teleop:/home/albert/bcdc_ws/install/agbot_py:/home/albert/arduinobot_ws/install/arduinobot_py_examples:/opt/ros/humble /home/albert/.local/bin/cmake --build /home/albert/umov_ws/build/arduinobot_moveit -- -j8 -l8
[6.196s] Invoked command in '/home/albert/umov_ws/build/arduinobot_moveit' returned '0': CMAKE_PREFIX_PATH=${CMAKE_PREFIX_PATH}:/home/albert/ws_moveit2/install/moveit_configs_utils:/home/albert/ws_moveit2/install/launch_param_builder:/home/albert/umov_ws/install/arduino_py_examples:/home/albert/udem2_ws/install/actions_py:/home/albert/udem2_ws/install/lifecycle_py:/home/albert/udem2_ws/install/executors_py:/home/albert/udem2_ws/install/components_py:/home/albert/udem_ws/install/turtlesim_catcher:/home/albert/udem_ws/install/my_py_pkg:/home/albert/udem_ws/install/lifecycle_py:/home/albert/bcdc_ws/install/agbot_teleop:/home/albert/bcdc_ws/install/agbot_py:/home/albert/arduinobot_ws/install/arduinobot_py_examples:/opt/ros/humble /home/albert/.local/bin/cmake --build /home/albert/umov_ws/build/arduinobot_moveit -- -j8 -l8
[6.198s] Invoking command in '/home/albert/umov_ws/build/arduinobot_moveit': CMAKE_PREFIX_PATH=${CMAKE_PREFIX_PATH}:/home/albert/ws_moveit2/install/moveit_configs_utils:/home/albert/ws_moveit2/install/launch_param_builder:/home/albert/umov_ws/install/arduino_py_examples:/home/albert/udem2_ws/install/actions_py:/home/albert/udem2_ws/install/lifecycle_py:/home/albert/udem2_ws/install/executors_py:/home/albert/udem2_ws/install/components_py:/home/albert/udem_ws/install/turtlesim_catcher:/home/albert/udem_ws/install/my_py_pkg:/home/albert/udem_ws/install/lifecycle_py:/home/albert/bcdc_ws/install/agbot_teleop:/home/albert/bcdc_ws/install/agbot_py:/home/albert/arduinobot_ws/install/arduinobot_py_examples:/opt/ros/humble /home/albert/.local/bin/cmake --install /home/albert/umov_ws/build/arduinobot_moveit
[6.217s] -- Install configuration: ""
[6.217s] -- Installing: /home/albert/umov_ws/install/arduinobot_moveit/share/arduinobot_moveit/launch
[6.217s] -- Installing: /home/albert/umov_ws/install/arduinobot_moveit/share/arduinobot_moveit/launch/moveit.launch.py
[6.218s] -- Installing: /home/albert/umov_ws/install/arduinobot_moveit/share/arduinobot_moveit/config
[6.218s] -- Installing: /home/albert/umov_ws/install/arduinobot_moveit/share/arduinobot_moveit/config/joint_limits.yaml
[6.219s] -- Installing: /home/albert/umov_ws/install/arduinobot_moveit/share/arduinobot_moveit/config/moveit_controllers.yaml
[6.222s] -- Installing: /home/albert/umov_ws/install/arduinobot_moveit/share/arduinobot_moveit/config/initial_positions.yaml
[6.222s] -- Installing: /home/albert/umov_ws/install/arduinobot_moveit/share/arduinobot_moveit/config/pilz_cartesian_limits.yaml
[6.222s] -- Installing: /home/albert/umov_ws/install/arduinobot_moveit/share/arduinobot_moveit/config/arduinobot.srdf
[6.222s] -- Installing: /home/albert/umov_ws/install/arduinobot_moveit/share/arduinobot_moveit/config/kinematics.yaml
[6.224s] -- Installing: /home/albert/umov_ws/install/arduinobot_moveit/share/arduinobot_moveit/config/moveit.rviz
[6.225s] -- Installing: /home/albert/umov_ws/install/arduinobot_moveit/share/ament_index/resource_index/package_run_dependencies/arduinobot_moveit
[6.228s] -- Installing: /home/albert/umov_ws/install/arduinobot_moveit/share/ament_index/resource_index/parent_prefix_path/arduinobot_moveit
[6.230s] -- Installing: /home/albert/umov_ws/install/arduinobot_moveit/share/arduinobot_moveit/environment/ament_prefix_path.sh
[6.230s] -- Installing: /home/albert/umov_ws/install/arduinobot_moveit/share/arduinobot_moveit/environment/ament_prefix_path.dsv
[6.230s] -- Installing: /home/albert/umov_ws/install/arduinobot_moveit/share/arduinobot_moveit/environment/path.sh
[6.230s] -- Installing: /home/albert/umov_ws/install/arduinobot_moveit/share/arduinobot_moveit/environment/path.dsv
[6.234s] -- Installing: /home/albert/umov_ws/install/arduinobot_moveit/share/arduinobot_moveit/local_setup.bash
[6.235s] -- Installing: /home/albert/umov_ws/install/arduinobot_moveit/share/arduinobot_moveit/local_setup.sh
[6.236s] -- Installing: /home/albert/umov_ws/install/arduinobot_moveit/share/arduinobot_moveit/local_setup.zsh
[6.236s] -- Installing: /home/albert/umov_ws/install/arduinobot_moveit/share/arduinobot_moveit/local_setup.dsv
[6.236s] -- Installing: /home/albert/umov_ws/install/arduinobot_moveit/share/arduinobot_moveit/package.dsv
[6.240s] -- Installing: /home/albert/umov_ws/install/arduinobot_moveit/share/ament_index/resource_index/packages/arduinobot_moveit
[6.242s] -- Installing: /home/albert/umov_ws/install/arduinobot_moveit/share/arduinobot_moveit/cmake/arduinobot_moveitConfig.cmake
[6.242s] -- Installing: /home/albert/umov_ws/install/arduinobot_moveit/share/arduinobot_moveit/cmake/arduinobot_moveitConfig-version.cmake
[6.242s] -- Installing: /home/albert/umov_ws/install/arduinobot_moveit/share/arduinobot_moveit/package.xml
[6.250s] Invoked command in '/home/albert/umov_ws/build/arduinobot_moveit' returned '0': CMAKE_PREFIX_PATH=${CMAKE_PREFIX_PATH}:/home/albert/ws_moveit2/install/moveit_configs_utils:/home/albert/ws_moveit2/install/launch_param_builder:/home/albert/umov_ws/install/arduino_py_examples:/home/albert/udem2_ws/install/actions_py:/home/albert/udem2_ws/install/lifecycle_py:/home/albert/udem2_ws/install/executors_py:/home/albert/udem2_ws/install/components_py:/home/albert/udem_ws/install/turtlesim_catcher:/home/albert/udem_ws/install/my_py_pkg:/home/albert/udem_ws/install/lifecycle_py:/home/albert/bcdc_ws/install/agbot_teleop:/home/albert/bcdc_ws/install/agbot_py:/home/albert/arduinobot_ws/install/arduinobot_py_examples:/opt/ros/humble /home/albert/.local/bin/cmake --install /home/albert/umov_ws/build/arduinobot_moveit
