[  0%] Built target ament_cmake_python_copy_arduinobot_remote
gmake[2]: *** No rule to make target '/opt/ros/humble/lib/libgeometric_shapes.so.2.1.3', needed by 'libtask_server.so'.  Stop.
gmake[2]: *** Waiting for unfinished jobs....
[ 50%] Built target task_server_node
[ 75%] [32mBuilding CXX object CMakeFiles/task_server.dir/src/task_server.cpp.o[0m
running egg_info
writing arduinobot_remote.egg-info/PKG-INFO
writing dependency_links to arduinobot_remote.egg-info/dependency_links.txt
writing top-level names to arduinobot_remote.egg-info/top_level.txt
reading manifest file 'arduinobot_remote.egg-info/SOURCES.txt'
writing manifest file 'arduinobot_remote.egg-info/SOURCES.txt'
[ 75%] Built target ament_cmake_python_build_arduinobot_remote_egg
In file included from [01m[K/home/albert/ws_moveit2/install/moveit_core/include/moveit/robot_model/joint_model_group.h:41[m[K,
                 from [01m[K/home/albert/ws_moveit2/install/moveit_core/include/moveit/robot_model/robot_model.h:45[m[K,
                 from [01m[K/home/albert/ws_moveit2/install/moveit_core/include/moveit/robot_state/robot_state.h:40[m[K,
                 from [01m[K/home/albert/ws_moveit2/install/moveit_ros_planning_interface/include/moveit/move_group_interface/move_group_interface.h:41[m[K,
                 from [01m[K/home/albert/umov_ws/src/arduinobot_remote/src/task_server.cpp:5[m[K:
[01m[K/home/albert/ws_moveit2/install/moveit_core/include/moveit/robot_model/link_model.h:46:10:[m[K [01;31m[Kfatal error: [m[Kgeometric_shapes/check_isometry.h: No such file or directory
   46 | #include [01;31m[K<geometric_shapes/check_isometry.h>[m[K
      |          [01;31m[K^~~~~~~~~~~~~~~~~~~~~~~~~~~~~~~~~~~[m[K
compilation terminated.
gmake[2]: *** [CMakeFiles/task_server.dir/build.make:76: CMakeFiles/task_server.dir/src/task_server.cpp.o] Error 1
gmake[1]: *** [CMakeFiles/Makefile2:142: CMakeFiles/task_server.dir/all] Error 2
gmake: *** [Makefile:146: all] Error 2
