[01m[K/home/albert/umov_ws/src/arduinobot_remote/src/task_server.cpp:[m[K In constructor ‘[01m[Karduinobot_remote::TaskServer::TaskServer(const rclcpp::NodeOptions&)[m[K’:
[01m[K/home/albert/umov_ws/src/arduinobot_remote/src/task_server.cpp:21:91:[m[K [01;31m[Kerror: [m[Kno matching function for call to ‘[01m[Kcreate_server<arduinobot_msgs::action::ArduinobotTask>(arduinobot_remote::TaskServer*, const char [12], std::_Bind_helper<false, rclcpp_action::GoalResponse (arduinobot_remote::TaskServer::*)(const std::array<unsigned char, 16>&, std::shared_ptr<const arduinobot_msgs::action::ArduinobotTask_Goal_<std::allocator<void> > >), arduinobot_remote::TaskServer*, const std::_Placeholder<1>&, const std::_Placeholder<2>&>::type, std::_Bind_helper<false, rclcpp_action::GoalResponse (arduinobot_remote::TaskServer::*)(std::shared_ptr<rclcpp_action::ServerGoalHandle<arduinobot_msgs::action::ArduinobotTask> >), arduinobot_remote::TaskServer*, const std::_Placeholder<1>&>::type, std::_Bind_helper<false, void (arduinobot_remote::TaskServer::*)(std::shared_ptr<rclcpp_action::ServerGoalHandle<arduinobot_msgs::action::ArduinobotTask> >), arduinobot_remote::TaskServer*, const std::_Placeholder<1>&>::type)[m[K’
   21 | [01;31m[Kcpp_action::create_server<arduinobot_msgs::action::ArduinobotTask>([m[K
      | [01;31m[K~~~~~~~~~~~~~~~~~~~~~~~~~~~~~~~~~~~~~~~~~~~~~~~~~~~~~~~~~~~~~~~~~~^[m[K

   22 | [01;31m[Ker", std::bind(&TaskServer::goalCallback, this, _1, _2),[m[K
      | [01;31m[K~~~~~~~~~~~~~~~~~~~~~~~~~~~~~~~~~~~~~~~~~~~~~~~~~~~~~~~~[m[K           

   23 | [01;31m[Kerver::cancelCallback, this, _1),[m[K
      | [01;31m[K~~~~~~~~~~~~~~~~~~~~~~~~~~~~~~~~~[m[K                                  

   24 | [01;31m[Kerver::acceptedCallback, this, _1))[m[K;
      | [01;31m[K~~~~~~~~~~~~~~~~~~~~~~~~~~~~~~~~~~~[m[K                                

In file included from [01m[K/opt/ros/humble/include/rclcpp_action/rclcpp_action/rclcpp_action.hpp:39[m[K,
                 from [01m[K/home/albert/umov_ws/src/arduinobot_remote/src/task_server.cpp:2[m[K:
[01m[K/opt/ros/humble/include/rclcpp_action/rclcpp_action/create_server.hpp:58:1:[m[K [01;36m[Knote: [m[Kcandidate: ‘[01m[Ktypename rclcpp_action::Server<ActionT>::SharedPtr rclcpp_action::create_server(rclcpp::node_interfaces::NodeBaseInterface::SharedPtr, rclcpp::node_interfaces::NodeClockInterface::SharedPtr, rclcpp::node_interfaces::NodeLoggingInterface::SharedPtr, rclcpp::node_interfaces::NodeWaitablesInterface::SharedPtr, const string&, typename rclcpp_action::Server<ActionT>::GoalCallback, typename rclcpp_action::Server<ActionT>::CancelCallback, typename rclcpp_action::Server<ActionT>::AcceptedCallback, const rcl_action_server_options_t&, rclcpp::CallbackGroup::SharedPtr) [with ActionT = arduinobot_msgs::action::ArduinobotTask; typename rclcpp_action::Server<ActionT>::SharedPtr = std::shared_ptr<rclcpp_action::Server<arduinobot_msgs::action::ArduinobotTask> >; rclcpp::node_interfaces::NodeBaseInterface::SharedPtr = std::shared_ptr<rclcpp::node_interfaces::NodeBaseInterface>; rclcpp::node_interfaces::NodeClockInterface::SharedPtr = std::shared_ptr<rclcpp::node_interfaces::NodeClockInterface>; rclcpp::node_interfaces::NodeLoggingInterface::SharedPtr = std::shared_ptr<rclcpp::node_interfaces::NodeLoggingInterface>; rclcpp::node_interfaces::NodeWaitablesInterface::SharedPtr = std::shared_ptr<rclcpp::node_interfaces::NodeWaitablesInterface>; std::string = std::__cxx11::basic_string<char>; typename rclcpp_action::Server<ActionT>::GoalCallback = std::function<rclcpp_action::GoalResponse(const std::array<unsigned char, 16>&, std::shared_ptr<const arduinobot_msgs::action::ArduinobotTask_Goal_<std::allocator<void> > >)>; typename rclcpp_action::Server<ActionT>::CancelCallback = std::function<rclcpp_action::CancelResponse(std::shared_ptr<rclcpp_action::ServerGoalHandle<arduinobot_msgs::action::ArduinobotTask> >)>; typename rclcpp_action::Server<ActionT>::AcceptedCallback = std::function<void(std::shared_ptr<rclcpp_action::ServerGoalHandle<arduinobot_msgs::action::ArduinobotTask> >)>; rcl_action_server_options_t = rcl_action_server_options_s; rclcpp::CallbackGroup::SharedPtr = std::shared_ptr<rclcpp::CallbackGroup>][m[K’
   58 | [01;36m[Kcreate_server[m[K(
      | [01;36m[K^~~~~~~~~~~~~[m[K
[01m[K/opt/ros/humble/include/rclcpp_action/rclcpp_action/create_server.hpp:58:1:[m[K [01;36m[Knote: [m[K  candidate expects 10 arguments, 5 provided
[01m[K/opt/ros/humble/include/rclcpp_action/rclcpp_action/create_server.hpp:132:1:[m[K [01;36m[Knote: [m[Kcandidate: ‘[01m[Ktemplate<class ActionT, class NodeT> typename rclcpp_action::Server<ActionT>::SharedPtr rclcpp_action::create_server(NodeT, const string&, typename rclcpp_action::Server<ActionT>::GoalCallback, typename rclcpp_action::Server<ActionT>::CancelCallback, typename rclcpp_action::Server<ActionT>::AcceptedCallback, const rcl_action_server_options_t&, rclcpp::CallbackGroup::SharedPtr)[m[K’
  132 | [01;36m[Kcreate_server[m[K(
      | [01;36m[K^~~~~~~~~~~~~[m[K
[01m[K/opt/ros/humble/include/rclcpp_action/rclcpp_action/create_server.hpp:132:1:[m[K [01;36m[Knote: [m[K  template argument deduction/substitution failed:
[01m[K/home/albert/umov_ws/src/arduinobot_remote/src/task_server.cpp:23:18:[m[K [01;36m[Knote: [m[K  cannot convert ‘[01m[Kstd::bind(_Func&&, _BoundArgs&& ...) [with _Func = rclcpp_action::GoalResponse (arduinobot_remote::TaskServer::*)(std::shared_ptr<rclcpp_action::ServerGoalHandle<arduinobot_msgs::action::ArduinobotTask> >); _BoundArgs = {arduinobot_remote::TaskServer*, const std::_Placeholder<1>&}; typename std::_Bind_helper<std::__is_socketlike<_Func>::value, _Func, _BoundArgs ...>::type = std::_Bind_helper<false, rclcpp_action::GoalResponse (arduinobot_remote::TaskServer::*)(std::shared_ptr<rclcpp_action::ServerGoalHandle<arduinobot_msgs::action::ArduinobotTask> >), arduinobot_remote::TaskServer*, const std::_Placeholder<1>&>::type; std::__is_socketlike<_Func> = std::__is_socketlike<rclcpp_action::GoalResponse (arduinobot_remote::TaskServer::*)(std::shared_ptr<rclcpp_action::ServerGoalHandle<arduinobot_msgs::action::ArduinobotTask> >), rclcpp_action::GoalResponse (arduinobot_remote::TaskServer::*)(std::shared_ptr<rclcpp_action::ServerGoalHandle<arduinobot_msgs::action::ArduinobotTask> >)>; typename std::decay<_Tp>::type = rclcpp_action::GoalResponse (arduinobot_remote::TaskServer::*)(std::shared_ptr<rclcpp_action::ServerGoalHandle<arduinobot_msgs::action::ArduinobotTask> >)](((arduinobot_remote::TaskServer*)this), std::placeholders::_1)[m[K’ (type ‘[01m[Kstd::_Bind_helper<false, rclcpp_action::GoalResponse (arduinobot_remote::TaskServer::*)(std::shared_ptr<rclcpp_action::ServerGoalHandle<arduinobot_msgs::action::ArduinobotTask> >), arduinobot_remote::TaskServer*, const std::_Placeholder<1>&>::type[m[K’) to type ‘[01m[Krclcpp_action::Server<arduinobot_msgs::action::ArduinobotTask>::CancelCallback[m[K’ {aka ‘[01m[Kstd::function<rclcpp_action::CancelResponse(std::shared_ptr<rclcpp_action::ServerGoalHandle<arduinobot_msgs::action::ArduinobotTask> >)>[m[K’}
   23 |         [01;36m[Kstd::bind(&TaskServer::cancelCallback, this, _1)[m[K,
      |         [01;36m[K~~~~~~~~~^~~~~~~~~~~~~~~~~~~~~~~~~~~~~~~~~~~~~~~[m[K
In file included from [01m[K/opt/ros/humble/include/rclcpp/rclcpp/logging.hpp:24[m[K,
                 from [01m[K/opt/ros/humble/include/rclcpp/rclcpp/client.hpp:40[m[K,
                 from [01m[K/opt/ros/humble/include/rclcpp/rclcpp/callback_group.hpp:24[m[K,
                 from [01m[K/opt/ros/humble/include/rclcpp/rclcpp/any_executable.hpp:20[m[K,
                 from [01m[K/opt/ros/humble/include/rclcpp/rclcpp/memory_strategy.hpp:25[m[K,
                 from [01m[K/opt/ros/humble/include/rclcpp/rclcpp/memory_strategies.hpp:18[m[K,
                 from [01m[K/opt/ros/humble/include/rclcpp/rclcpp/executor_options.hpp:20[m[K,
                 from [01m[K/opt/ros/humble/include/rclcpp/rclcpp/executor.hpp:37[m[K,
                 from [01m[K/opt/ros/humble/include/rclcpp/rclcpp/executors/multi_threaded_executor.hpp:25[m[K,
                 from [01m[K/opt/ros/humble/include/rclcpp/rclcpp/executors.hpp:21[m[K,
                 from [01m[K/opt/ros/humble/include/rclcpp/rclcpp/rclcpp.hpp:155[m[K,
                 from [01m[K/home/albert/umov_ws/src/arduinobot_remote/src/task_server.cpp:1[m[K:
[01m[K/home/albert/umov_ws/src/arduinobot_remote/src/task_server.cpp:[m[K In member function ‘[01m[Krclcpp_action::GoalResponse arduinobot_remote::TaskServer::goalCallback(const GoalUUID&, std::shared_ptr<const arduinobot_msgs::action::ArduinobotTask_Goal_<std::allocator<void> > >)[m[K’:
[01m[K/home/albert/umov_ws/src/arduinobot_remote/src/task_server.cpp:38:74:[m[K [01;31m[Kerror: [m[Kinvalid operands of types ‘[01m[Kconst char [41][m[K’ and ‘[01m[Kconst _task_number_type[m[K’ {aka ‘[01m[Kconst int[m[K’} to binary ‘[01m[Koperator<<[m[K’
   38 | et_logger(), [32m[K"Received goal request with task_number: "[m[K [01;31m[K<<[m[K [34m[Kgoal->task_number[m[K);
      |              [32m[K~~~~~~~~~~~~~~~~~~~~~~~~~~~~~~~~~~~~~~~~~~[m[K [01;31m[K^~[m[K [34m[K~~~~~~~~~~~~~~~~~[m[K
      |              [32m[K|[m[K                                                   [34m[K|[m[K
      |              [32m[Kconst char [41][m[K                                     [34m[Kconst _task_number_type {aka const int}[m[K

[01m[K/home/albert/umov_ws/src/arduinobot_remote/src/task_server.cpp:[m[K In member function ‘[01m[Krclcpp_action::GoalResponse arduinobot_remote::TaskServer::cancelCallback(std::shared_ptr<rclcpp_action::ServerGoalHandle<arduinobot_msgs::action::ArduinobotTask> >)[m[K’:
[01m[K/home/albert/umov_ws/src/arduinobot_remote/src/task_server.cpp:54:43:[m[K [01;31m[Kerror: [m[Kcannot convert ‘[01m[Krclcpp_action::CancelResponse[m[K’ to ‘[01m[Krclcpp_action::GoalResponse[m[K’ in return
   54 |     return rclcpp_action::CancelResponse::[01;31m[KACCEPT[m[K;
      |                                           [01;31m[K^~~~~~[m[K
gmake[2]: *** [CMakeFiles/task_server.dir/build.make:76: CMakeFiles/task_server.dir/src/task_server.cpp.o] Error 1
gmake[1]: *** [CMakeFiles/Makefile2:142: CMakeFiles/task_server.dir/all] Error 2
gmake: *** [Makefile:146: all] Error 2
