[0.113s] Invoking command in '/home/albert/umov_ws/build/arduino_msgs': CMAKE_PREFIX_PATH=${CMAKE_PREFIX_PATH}:/home/albert/ag_arm_ws/install/arm_py:/home/albert/ws_moveit2/install/moveit_configs_utils:/home/albert/ws_moveit2/install/launch_param_builder:/home/albert/umov_ws/install/arduino_py_examples:/home/albert/udem2_ws/install/actions_py:/home/albert/udem2_ws/install/lifecycle_py:/home/albert/udem2_ws/install/executors_py:/home/albert/udem2_ws/install/components_py:/home/albert/udem_ws/install/turtlesim_catcher:/home/albert/udem_ws/install/my_py_pkg:/home/albert/udem_ws/install/lifecycle_py:/home/albert/bcdc_ws/install/agbot_teleop:/home/albert/bcdc_ws/install/agbot_py:/home/albert/arduinobot_ws/install/arduinobot_py_examples:/opt/ros/humble /home/albert/.local/bin/cmake /home/albert/umov_ws/src/arduino_msgs -DCMAKE_INSTALL_PREFIX=/home/albert/umov_ws/install/arduino_msgs
[0.245s] -- The C compiler identification is GNU 11.4.0
[0.365s] -- The CXX compiler identification is GNU 11.4.0
[0.393s] -- Detecting C compiler ABI info
[0.552s] -- Detecting C compiler ABI info - done
[0.615s] -- Check for working C compiler: /usr/bin/cc - skipped
[0.615s] -- Detecting C compile features
[0.616s] -- Detecting C compile features - done
[0.627s] -- Detecting CXX compiler ABI info
[0.871s] -- Detecting CXX compiler ABI info - done
[0.917s] -- Check for working CXX compiler: /usr/bin/c++ - skipped
[0.918s] -- Detecting CXX compile features
[0.920s] -- Detecting CXX compile features - done
[0.949s] -- Found ament_cmake: 1.3.11 (/opt/ros/humble/share/ament_cmake/cmake)
[1.463s] -- Found Python3: /usr/bin/python3 (found version "3.10.12") found components: Interpreter
[2.026s] -- Found std_msgs: 4.2.4 (/opt/ros/humble/share/std_msgs/cmake)
[2.294s] -- Found rosidl_generator_c: 3.1.6 (/opt/ros/humble/share/rosidl_generator_c/cmake)
[2.352s] -- Found rosidl_adapter: 3.1.6 (/opt/ros/humble/share/rosidl_adapter/cmake)
[2.416s] -- Found rosidl_generator_cpp: 3.1.6 (/opt/ros/humble/share/rosidl_generator_cpp/cmake)
[2.536s] -- Using all available rosidl_typesupport_c: rosidl_typesupport_fastrtps_c;rosidl_typesupport_introspection_c
[2.620s] -- Using all available rosidl_typesupport_cpp: rosidl_typesupport_fastrtps_cpp;rosidl_typesupport_introspection_cpp
[2.717s] -- Found rosidl_default_generators: 1.2.0 (/opt/ros/humble/share/rosidl_default_generators/cmake)
[3.883s] -- Found ament_cmake_ros: 0.10.0 (/opt/ros/humble/share/ament_cmake_ros/cmake)
[6.735s] -- Using all available rosidl_typesupport_c: rosidl_typesupport_fastrtps_c;rosidl_typesupport_introspection_c
[7.624s] -- Using all available rosidl_typesupport_cpp: rosidl_typesupport_fastrtps_cpp;rosidl_typesupport_introspection_cpp
[7.630s] [33mCMake Warning (dev) at /opt/ros/humble/share/rosidl_generator_py/cmake/rosidl_generator_py_generate_interfaces.cmake:20 (find_package):
[7.630s]   Policy CMP0148 is not set: The FindPythonInterp and FindPythonLibs modules
[7.630s]   are removed.  Run "cmake --help-policy CMP0148" for policy details.  Use
[7.630s]   the cmake_policy command to set the policy and suppress this warning.
[7.630s] 
[7.631s] Call Stack (most recent call first):
[7.631s]   /opt/ros/humble/share/ament_cmake_core/cmake/core/ament_execute_extensions.cmake:48 (include)
[7.631s]   /opt/ros/humble/share/rosidl_cmake/cmake/rosidl_generate_interfaces.cmake:286 (ament_execute_extensions)
[7.631s]   CMakeLists.txt:12 (rosidl_generate_interfaces)
[7.631s] This warning is for project developers.  Use -Wno-dev to suppress it.
[7.631s] [0m
[7.719s] -- Found PythonInterp: /usr/bin/python3 (found suitable version "3.10.12", minimum required is "3.6")
[7.757s] -- Found python_cmake_module: 0.10.0 (/opt/ros/humble/share/python_cmake_module/cmake)
[7.758s] [33mCMake Warning (dev) at /opt/ros/humble/share/python_cmake_module/cmake/Modules/FindPythonExtra.cmake:52 (find_package):
[7.759s]   Policy CMP0148 is not set: The FindPythonInterp and FindPythonLibs modules
[7.760s]   are removed.  Run "cmake --help-policy CMP0148" for policy details.  Use
[7.760s]   the cmake_policy command to set the policy and suppress this warning.
[7.760s] 
[7.760s] Call Stack (most recent call first):
[7.760s]   /opt/ros/humble/share/rosidl_generator_py/cmake/rosidl_generator_py_generate_interfaces.cmake:23 (find_package)
[7.761s]   /opt/ros/humble/share/ament_cmake_core/cmake/core/ament_execute_extensions.cmake:48 (include)
[7.761s]   /opt/ros/humble/share/rosidl_cmake/cmake/rosidl_generate_interfaces.cmake:286 (ament_execute_extensions)
[7.761s]   CMakeLists.txt:12 (rosidl_generate_interfaces)
[7.761s] This warning is for project developers.  Use -Wno-dev to suppress it.
[7.761s] [0m
[7.827s] [33mCMake Warning (dev) at /opt/ros/humble/share/python_cmake_module/cmake/Modules/FindPythonExtra.cmake:140 (find_package):
[7.827s]   Policy CMP0148 is not set: The FindPythonInterp and FindPythonLibs modules
[7.827s]   are removed.  Run "cmake --help-policy CMP0148" for policy details.  Use
[7.827s]   the cmake_policy command to set the policy and suppress this warning.
[7.828s] 
[7.828s] Call Stack (most recent call first):
[7.828s]   /opt/ros/humble/share/rosidl_generator_py/cmake/rosidl_generator_py_generate_interfaces.cmake:23 (find_package)
[7.828s]   /opt/ros/humble/share/ament_cmake_core/cmake/core/ament_execute_extensions.cmake:48 (include)
[7.828s]   /opt/ros/humble/share/rosidl_cmake/cmake/rosidl_generate_interfaces.cmake:286 (ament_execute_extensions)
[7.829s]   CMakeLists.txt:12 (rosidl_generate_interfaces)
[7.829s] This warning is for project developers.  Use -Wno-dev to suppress it.
[7.829s] [0m
[7.859s] -- Found PythonLibs: /usr/lib/x86_64-linux-gnu/libpython3.10.so (found suitable version "3.10.12", minimum required is "3.5")
[7.859s] -- Using PYTHON_EXECUTABLE: /usr/bin/python3
[7.859s] -- Using PYTHON_INCLUDE_DIRS: /usr/include/python3.10
[7.860s] -- Using PYTHON_LIBRARIES: /usr/lib/x86_64-linux-gnu/libpython3.10.so
[7.923s] -- Found PythonExtra: .so
[8.615s] -- Configuring done (8.5s)
[8.751s] -- Generating done (0.1s)
[8.790s] -- Build files have been written to: /home/albert/umov_ws/build/arduino_msgs
[8.820s] Invoked command in '/home/albert/umov_ws/build/arduino_msgs' returned '0': CMAKE_PREFIX_PATH=${CMAKE_PREFIX_PATH}:/home/albert/ag_arm_ws/install/arm_py:/home/albert/ws_moveit2/install/moveit_configs_utils:/home/albert/ws_moveit2/install/launch_param_builder:/home/albert/umov_ws/install/arduino_py_examples:/home/albert/udem2_ws/install/actions_py:/home/albert/udem2_ws/install/lifecycle_py:/home/albert/udem2_ws/install/executors_py:/home/albert/udem2_ws/install/components_py:/home/albert/udem_ws/install/turtlesim_catcher:/home/albert/udem_ws/install/my_py_pkg:/home/albert/udem_ws/install/lifecycle_py:/home/albert/bcdc_ws/install/agbot_teleop:/home/albert/bcdc_ws/install/agbot_py:/home/albert/arduinobot_ws/install/arduinobot_py_examples:/opt/ros/humble /home/albert/.local/bin/cmake /home/albert/umov_ws/src/arduino_msgs -DCMAKE_INSTALL_PREFIX=/home/albert/umov_ws/install/arduino_msgs
[8.822s] Invoking command in '/home/albert/umov_ws/build/arduino_msgs': CMAKE_PREFIX_PATH=${CMAKE_PREFIX_PATH}:/home/albert/ag_arm_ws/install/arm_py:/home/albert/ws_moveit2/install/moveit_configs_utils:/home/albert/ws_moveit2/install/launch_param_builder:/home/albert/umov_ws/install/arduino_py_examples:/home/albert/udem2_ws/install/actions_py:/home/albert/udem2_ws/install/lifecycle_py:/home/albert/udem2_ws/install/executors_py:/home/albert/udem2_ws/install/components_py:/home/albert/udem_ws/install/turtlesim_catcher:/home/albert/udem_ws/install/my_py_pkg:/home/albert/udem_ws/install/lifecycle_py:/home/albert/bcdc_ws/install/agbot_teleop:/home/albert/bcdc_ws/install/agbot_py:/home/albert/arduinobot_ws/install/arduinobot_py_examples:/opt/ros/humble /home/albert/.local/bin/cmake --build /home/albert/umov_ws/build/arduino_msgs -- -j8 -l8
[8.911s] [  1%] [34m[1mGenerating C code for ROS interfaces[0m
[8.927s] [  3%] [34m[1mGenerating C++ code for ROS interfaces[0m
[8.948s] [  3%] Built target ament_cmake_python_copy_arduino_msgs
[10.121s] running egg_info
[10.123s] creating arduino_msgs.egg-info
[10.124s] writing arduino_msgs.egg-info/PKG-INFO
[10.125s] writing dependency_links to arduino_msgs.egg-info/dependency_links.txt
[10.125s] writing top-level names to arduino_msgs.egg-info/top_level.txt
[10.125s] writing manifest file 'arduino_msgs.egg-info/SOURCES.txt'
[10.135s] reading manifest file 'arduino_msgs.egg-info/SOURCES.txt'
[10.135s] writing manifest file 'arduino_msgs.egg-info/SOURCES.txt'
[10.200s] [  3%] Built target ament_cmake_python_build_arduino_msgs_egg
[12.369s] [  3%] Built target arduino_msgs__cpp
[12.411s] [  4%] [34m[1mGenerating C++ type support dispatch for ROS interfaces[0m
[12.420s] [  6%] [34m[1mGenerating C++ type support for eProsima Fast-RTPS[0m
[12.430s] [  7%] [34m[1mGenerating C++ introspection for ROS interfaces[0m
[12.495s] [ 11%] [32mBuilding C object CMakeFiles/arduino_msgs__rosidl_generator_c.dir/rosidl_generator_c/arduino_msgs/srv/detail/quaternion_to_euler__functions.c.o[0m
[12.496s] [ 11%] [32mBuilding C object CMakeFiles/arduino_msgs__rosidl_generator_c.dir/rosidl_generator_c/arduino_msgs/action/detail/fibonacci__functions.c.o[0m
[12.496s] [ 15%] [32mBuilding C object CMakeFiles/arduino_msgs__rosidl_generator_c.dir/rosidl_generator_c/arduino_msgs/action/detail/arduino_task__functions.c.o[0m
[12.498s] [ 12%] [32mBuilding C object CMakeFiles/arduino_msgs__rosidl_generator_c.dir/rosidl_generator_c/arduino_msgs/srv/detail/add_two_ints__functions.c.o[0m
[12.501s] [ 14%] [32mBuilding C object CMakeFiles/arduino_msgs__rosidl_generator_c.dir/rosidl_generator_c/arduino_msgs/srv/detail/euler_to_quaternion__functions.c.o[0m
[13.141s] [ 17%] [32m[1mLinking C shared library libarduino_msgs__rosidl_generator_c.so[0m
[13.265s] [ 17%] Built target arduino_msgs__rosidl_generator_c
[13.307s] [ 19%] [34m[1mGenerating C type support dispatch for ROS interfaces[0m
[13.312s] [ 20%] [34m[1mGenerating C introspection for ROS interfaces[0m
[13.322s] [ 22%] [34m[1mGenerating C type support for eProsima Fast-RTPS[0m
[15.702s] [ 23%] [32mBuilding CXX object CMakeFiles/arduino_msgs__rosidl_typesupport_introspection_cpp.dir/rosidl_typesupport_introspection_cpp/arduino_msgs/srv/detail/euler_to_quaternion__type_support.cpp.o[0m
[15.711s] [ 25%] [32mBuilding CXX object CMakeFiles/arduino_msgs__rosidl_typesupport_introspection_cpp.dir/rosidl_typesupport_introspection_cpp/arduino_msgs/srv/detail/quaternion_to_euler__type_support.cpp.o[0m
[15.713s] [ 26%] [32mBuilding CXX object CMakeFiles/arduino_msgs__rosidl_typesupport_introspection_cpp.dir/rosidl_typesupport_introspection_cpp/arduino_msgs/srv/detail/add_two_ints__type_support.cpp.o[0m
[15.789s] [ 28%] [32mBuilding CXX object CMakeFiles/arduino_msgs__rosidl_typesupport_cpp.dir/rosidl_typesupport_cpp/arduino_msgs/srv/add_two_ints__type_support.cpp.o[0m
[16.500s] [ 30%] [32mBuilding CXX object CMakeFiles/arduino_msgs__rosidl_typesupport_c.dir/rosidl_typesupport_c/arduino_msgs/srv/add_two_ints__type_support.cpp.o[0m
[16.678s] [ 31%] [32mBuilding CXX object CMakeFiles/arduino_msgs__rosidl_typesupport_c.dir/rosidl_typesupport_c/arduino_msgs/srv/euler_to_quaternion__type_support.cpp.o[0m
[16.827s] [ 33%] [32mBuilding CXX object CMakeFiles/arduino_msgs__rosidl_typesupport_c.dir/rosidl_typesupport_c/arduino_msgs/srv/quaternion_to_euler__type_support.cpp.o[0m
[16.848s] [ 34%] [32mBuilding CXX object CMakeFiles/arduino_msgs__rosidl_typesupport_cpp.dir/rosidl_typesupport_cpp/arduino_msgs/srv/euler_to_quaternion__type_support.cpp.o[0m
[16.992s] [ 36%] [32mBuilding CXX object CMakeFiles/arduino_msgs__rosidl_typesupport_c.dir/rosidl_typesupport_c/arduino_msgs/action/fibonacci__type_support.cpp.o[0m
[17.099s] [ 38%] [32mBuilding CXX object CMakeFiles/arduino_msgs__rosidl_typesupport_introspection_cpp.dir/rosidl_typesupport_introspection_cpp/arduino_msgs/action/detail/fibonacci__type_support.cpp.o[0m
[17.152s] [ 39%] [32mBuilding CXX object CMakeFiles/arduino_msgs__rosidl_typesupport_cpp.dir/rosidl_typesupport_cpp/arduino_msgs/srv/quaternion_to_euler__type_support.cpp.o[0m
[17.204s] [ 41%] [32mBuilding CXX object CMakeFiles/arduino_msgs__rosidl_typesupport_fastrtps_cpp.dir/rosidl_typesupport_fastrtps_cpp/arduino_msgs/srv/detail/dds_fastrtps/add_two_ints__type_support.cpp.o[0m
[17.217s] [ 42%] [32mBuilding CXX object CMakeFiles/arduino_msgs__rosidl_typesupport_c.dir/rosidl_typesupport_c/arduino_msgs/action/arduino_task__type_support.cpp.o[0m
[17.273s] [ 44%] [32mBuilding C object CMakeFiles/arduino_msgs__rosidl_typesupport_introspection_c.dir/rosidl_typesupport_introspection_c/arduino_msgs/srv/detail/add_two_ints__type_support.c.o[0m
[17.429s] [ 46%] [32mBuilding CXX object CMakeFiles/arduino_msgs__rosidl_typesupport_fastrtps_c.dir/rosidl_typesupport_fastrtps_c/arduino_msgs/srv/detail/add_two_ints__type_support_c.cpp.o[0m
[17.470s] [ 47%] [32m[1mLinking CXX shared library libarduino_msgs__rosidl_typesupport_c.so[0m
[17.480s] [ 49%] [32mBuilding C object CMakeFiles/arduino_msgs__rosidl_typesupport_introspection_c.dir/rosidl_typesupport_introspection_c/arduino_msgs/srv/detail/euler_to_quaternion__type_support.c.o[0m
[17.590s] [ 50%] [32mBuilding CXX object CMakeFiles/arduino_msgs__rosidl_typesupport_fastrtps_c.dir/rosidl_typesupport_fastrtps_c/arduino_msgs/srv/detail/euler_to_quaternion__type_support_c.cpp.o[0m
[17.651s] [ 52%] [32mBuilding C object CMakeFiles/arduino_msgs__rosidl_typesupport_introspection_c.dir/rosidl_typesupport_introspection_c/arduino_msgs/srv/detail/quaternion_to_euler__type_support.c.o[0m
[17.679s] [ 52%] Built target arduino_msgs__rosidl_typesupport_c
[17.709s] [ 53%] [32mBuilding C object CMakeFiles/arduino_msgs__rosidl_typesupport_introspection_c.dir/rosidl_typesupport_introspection_c/arduino_msgs/action/detail/fibonacci__type_support.c.o[0m
[17.727s] [ 55%] [32mBuilding CXX object CMakeFiles/arduino_msgs__rosidl_typesupport_introspection_cpp.dir/rosidl_typesupport_introspection_cpp/arduino_msgs/action/detail/arduino_task__type_support.cpp.o[0m
[17.858s] [ 57%] [32mBuilding CXX object CMakeFiles/arduino_msgs__rosidl_typesupport_fastrtps_c.dir/rosidl_typesupport_fastrtps_c/arduino_msgs/srv/detail/quaternion_to_euler__type_support_c.cpp.o[0m
[17.998s] [ 58%] [32mBuilding C object CMakeFiles/arduino_msgs__rosidl_typesupport_introspection_c.dir/rosidl_typesupport_introspection_c/arduino_msgs/action/detail/arduino_task__type_support.c.o[0m
[18.182s] [ 60%] [32mBuilding CXX object CMakeFiles/arduino_msgs__rosidl_typesupport_cpp.dir/rosidl_typesupport_cpp/arduino_msgs/action/fibonacci__type_support.cpp.o[0m
[18.239s] [ 61%] [32m[1mLinking C shared library libarduino_msgs__rosidl_typesupport_introspection_c.so[0m
[18.354s] [ 61%] Built target arduino_msgs__rosidl_typesupport_introspection_c
[18.378s] [ 63%] [32mBuilding CXX object CMakeFiles/arduino_msgs__rosidl_typesupport_fastrtps_cpp.dir/rosidl_typesupport_fastrtps_cpp/arduino_msgs/srv/detail/dds_fastrtps/euler_to_quaternion__type_support.cpp.o[0m
[18.732s] [ 65%] [32mBuilding CXX object CMakeFiles/arduino_msgs__rosidl_typesupport_fastrtps_c.dir/rosidl_typesupport_fastrtps_c/arduino_msgs/action/detail/fibonacci__type_support_c.cpp.o[0m
[18.812s] [ 66%] [32mBuilding CXX object CMakeFiles/arduino_msgs__rosidl_typesupport_fastrtps_cpp.dir/rosidl_typesupport_fastrtps_cpp/arduino_msgs/srv/detail/dds_fastrtps/quaternion_to_euler__type_support.cpp.o[0m
[19.246s] [ 68%] [32mBuilding CXX object CMakeFiles/arduino_msgs__rosidl_typesupport_fastrtps_c.dir/rosidl_typesupport_fastrtps_c/arduino_msgs/action/detail/arduino_task__type_support_c.cpp.o[0m
[19.422s] [ 69%] [32mBuilding CXX object CMakeFiles/arduino_msgs__rosidl_typesupport_cpp.dir/rosidl_typesupport_cpp/arduino_msgs/action/arduino_task__type_support.cpp.o[0m
[19.497s] [ 71%] [32mBuilding CXX object CMakeFiles/arduino_msgs__rosidl_typesupport_fastrtps_cpp.dir/rosidl_typesupport_fastrtps_cpp/arduino_msgs/action/detail/dds_fastrtps/fibonacci__type_support.cpp.o[0m
[19.745s] [ 73%] [32mBuilding CXX object CMakeFiles/arduino_msgs__rosidl_typesupport_fastrtps_cpp.dir/rosidl_typesupport_fastrtps_cpp/arduino_msgs/action/detail/dds_fastrtps/arduino_task__type_support.cpp.o[0m
[19.783s] [ 74%] [32m[1mLinking CXX shared library libarduino_msgs__rosidl_typesupport_introspection_cpp.so[0m
[20.032s] [ 74%] Built target arduino_msgs__rosidl_typesupport_introspection_cpp
[20.400s] [ 76%] [32m[1mLinking CXX shared library libarduino_msgs__rosidl_typesupport_fastrtps_c.so[0m
[20.596s] [ 76%] Built target arduino_msgs__rosidl_typesupport_fastrtps_c
[20.884s] [ 77%] [32m[1mLinking CXX shared library libarduino_msgs__rosidl_typesupport_cpp.so[0m
[20.949s] [ 77%] Built target arduino_msgs__rosidl_typesupport_cpp
[21.115s] [ 79%] [32m[1mLinking CXX shared library libarduino_msgs__rosidl_typesupport_fastrtps_cpp.so[0m
[21.227s] [ 79%] Built target arduino_msgs__rosidl_typesupport_fastrtps_cpp
[21.255s] [ 79%] Built target arduino_msgs
[21.284s] [ 80%] [34m[1mGenerating Python code for ROS interfaces[0m
[24.492s] [ 80%] Built target arduino_msgs__py
[24.533s] [ 82%] [32mBuilding C object CMakeFiles/arduino_msgs__rosidl_generator_py.dir/rosidl_generator_py/arduino_msgs/srv/_euler_to_quaternion_s.c.o[0m
[24.534s] [ 84%] [32mBuilding C object CMakeFiles/arduino_msgs__rosidl_generator_py.dir/rosidl_generator_py/arduino_msgs/srv/_quaternion_to_euler_s.c.o[0m
[24.539s] [ 85%] [32mBuilding C object CMakeFiles/arduino_msgs__rosidl_generator_py.dir/rosidl_generator_py/arduino_msgs/srv/_add_two_ints_s.c.o[0m
[24.544s] [ 87%] [32mBuilding C object CMakeFiles/arduino_msgs__rosidl_generator_py.dir/rosidl_generator_py/arduino_msgs/action/_arduino_task_s.c.o[0m
[24.552s] [ 88%] [32mBuilding C object CMakeFiles/arduino_msgs__rosidl_generator_py.dir/rosidl_generator_py/arduino_msgs/action/_fibonacci_s.c.o[0m
[24.962s] [ 90%] [32m[1mLinking C shared library rosidl_generator_py/arduino_msgs/libarduino_msgs__rosidl_generator_py.so[0m
[25.042s] [ 90%] Built target arduino_msgs__rosidl_generator_py
[25.087s] [ 92%] [32mBuilding C object CMakeFiles/arduino_msgs__rosidl_typesupport_c__pyext.dir/rosidl_generator_py/arduino_msgs/_arduino_msgs_s.ep.rosidl_typesupport_c.c.o[0m
[25.088s] [ 93%] [32mBuilding C object CMakeFiles/arduino_msgs__rosidl_typesupport_fastrtps_c__pyext.dir/rosidl_generator_py/arduino_msgs/_arduino_msgs_s.ep.rosidl_typesupport_fastrtps_c.c.o[0m
[25.093s] [ 95%] [32mBuilding C object CMakeFiles/arduino_msgs__rosidl_typesupport_introspection_c__pyext.dir/rosidl_generator_py/arduino_msgs/_arduino_msgs_s.ep.rosidl_typesupport_introspection_c.c.o[0m
[25.488s] [ 96%] [32m[1mLinking C shared library rosidl_generator_py/arduino_msgs/arduino_msgs_s__rosidl_typesupport_c.cpython-310-x86_64-linux-gnu.so[0m
[25.529s] [ 98%] [32m[1mLinking C shared library rosidl_generator_py/arduino_msgs/arduino_msgs_s__rosidl_typesupport_fastrtps_c.cpython-310-x86_64-linux-gnu.so[0m
[25.538s] [100%] [32m[1mLinking C shared library rosidl_generator_py/arduino_msgs/arduino_msgs_s__rosidl_typesupport_introspection_c.cpython-310-x86_64-linux-gnu.so[0m
[25.580s] [100%] Built target arduino_msgs__rosidl_typesupport_c__pyext
[25.620s] [100%] Built target arduino_msgs__rosidl_typesupport_fastrtps_c__pyext
[25.636s] [100%] Built target arduino_msgs__rosidl_typesupport_introspection_c__pyext
[25.649s] Invoked command in '/home/albert/umov_ws/build/arduino_msgs' returned '0': CMAKE_PREFIX_PATH=${CMAKE_PREFIX_PATH}:/home/albert/ag_arm_ws/install/arm_py:/home/albert/ws_moveit2/install/moveit_configs_utils:/home/albert/ws_moveit2/install/launch_param_builder:/home/albert/umov_ws/install/arduino_py_examples:/home/albert/udem2_ws/install/actions_py:/home/albert/udem2_ws/install/lifecycle_py:/home/albert/udem2_ws/install/executors_py:/home/albert/udem2_ws/install/components_py:/home/albert/udem_ws/install/turtlesim_catcher:/home/albert/udem_ws/install/my_py_pkg:/home/albert/udem_ws/install/lifecycle_py:/home/albert/bcdc_ws/install/agbot_teleop:/home/albert/bcdc_ws/install/agbot_py:/home/albert/arduinobot_ws/install/arduinobot_py_examples:/opt/ros/humble /home/albert/.local/bin/cmake --build /home/albert/umov_ws/build/arduino_msgs -- -j8 -l8
[25.651s] Invoking command in '/home/albert/umov_ws/build/arduino_msgs': CMAKE_PREFIX_PATH=${CMAKE_PREFIX_PATH}:/home/albert/ag_arm_ws/install/arm_py:/home/albert/ws_moveit2/install/moveit_configs_utils:/home/albert/ws_moveit2/install/launch_param_builder:/home/albert/umov_ws/install/arduino_py_examples:/home/albert/udem2_ws/install/actions_py:/home/albert/udem2_ws/install/lifecycle_py:/home/albert/udem2_ws/install/executors_py:/home/albert/udem2_ws/install/components_py:/home/albert/udem_ws/install/turtlesim_catcher:/home/albert/udem_ws/install/my_py_pkg:/home/albert/udem_ws/install/lifecycle_py:/home/albert/bcdc_ws/install/agbot_teleop:/home/albert/bcdc_ws/install/agbot_py:/home/albert/arduinobot_ws/install/arduinobot_py_examples:/opt/ros/humble /home/albert/.local/bin/cmake --install /home/albert/umov_ws/build/arduino_msgs
[25.663s] -- Install configuration: ""
[25.663s] -- Installing: /home/albert/umov_ws/install/arduino_msgs/share/ament_index/resource_index/rosidl_interfaces/arduino_msgs
[25.664s] -- Installing: /home/albert/umov_ws/install/arduino_msgs/include/arduino_msgs/arduino_msgs
[25.664s] -- Installing: /home/albert/umov_ws/install/arduino_msgs/include/arduino_msgs/arduino_msgs/msg
[25.665s] -- Installing: /home/albert/umov_ws/install/arduino_msgs/include/arduino_msgs/arduino_msgs/msg/rosidl_generator_c__visibility_control.h
[25.665s] -- Installing: /home/albert/umov_ws/install/arduino_msgs/include/arduino_msgs/arduino_msgs/action
[25.665s] -- Installing: /home/albert/umov_ws/install/arduino_msgs/include/arduino_msgs/arduino_msgs/action/arduino_task.h
[25.665s] -- Installing: /home/albert/umov_ws/install/arduino_msgs/include/arduino_msgs/arduino_msgs/action/fibonacci.h
[25.666s] -- Installing: /home/albert/umov_ws/install/arduino_msgs/include/arduino_msgs/arduino_msgs/action/detail
[25.666s] -- Installing: /home/albert/umov_ws/install/arduino_msgs/include/arduino_msgs/arduino_msgs/action/detail/fibonacci__functions.c
[25.666s] -- Installing: /home/albert/umov_ws/install/arduino_msgs/include/arduino_msgs/arduino_msgs/action/detail/arduino_task__struct.h
[25.666s] -- Installing: /home/albert/umov_ws/install/arduino_msgs/include/arduino_msgs/arduino_msgs/action/detail/fibonacci__type_support.h
[25.667s] -- Installing: /home/albert/umov_ws/install/arduino_msgs/include/arduino_msgs/arduino_msgs/action/detail/fibonacci__struct.h
[25.667s] -- Installing: /home/albert/umov_ws/install/arduino_msgs/include/arduino_msgs/arduino_msgs/action/detail/arduino_task__functions.c
[25.667s] -- Installing: /home/albert/umov_ws/install/arduino_msgs/include/arduino_msgs/arduino_msgs/action/detail/fibonacci__functions.h
[25.667s] -- Installing: /home/albert/umov_ws/install/arduino_msgs/include/arduino_msgs/arduino_msgs/action/detail/arduino_task__functions.h
[25.668s] -- Installing: /home/albert/umov_ws/install/arduino_msgs/include/arduino_msgs/arduino_msgs/action/detail/arduino_task__type_support.h
[25.668s] -- Installing: /home/albert/umov_ws/install/arduino_msgs/include/arduino_msgs/arduino_msgs/srv
[25.668s] -- Installing: /home/albert/umov_ws/install/arduino_msgs/include/arduino_msgs/arduino_msgs/srv/quaternion_to_euler.h
[25.668s] -- Installing: /home/albert/umov_ws/install/arduino_msgs/include/arduino_msgs/arduino_msgs/srv/detail
[25.669s] -- Installing: /home/albert/umov_ws/install/arduino_msgs/include/arduino_msgs/arduino_msgs/srv/detail/euler_to_quaternion__functions.c
[25.669s] -- Installing: /home/albert/umov_ws/install/arduino_msgs/include/arduino_msgs/arduino_msgs/srv/detail/add_two_ints__functions.h
[25.669s] -- Installing: /home/albert/umov_ws/install/arduino_msgs/include/arduino_msgs/arduino_msgs/srv/detail/euler_to_quaternion__struct.h
[25.669s] -- Installing: /home/albert/umov_ws/install/arduino_msgs/include/arduino_msgs/arduino_msgs/srv/detail/add_two_ints__functions.c
[25.670s] -- Installing: /home/albert/umov_ws/install/arduino_msgs/include/arduino_msgs/arduino_msgs/srv/detail/quaternion_to_euler__functions.c
[25.670s] -- Installing: /home/albert/umov_ws/install/arduino_msgs/include/arduino_msgs/arduino_msgs/srv/detail/euler_to_quaternion__functions.h
[25.670s] -- Installing: /home/albert/umov_ws/install/arduino_msgs/include/arduino_msgs/arduino_msgs/srv/detail/quaternion_to_euler__functions.h
[25.670s] -- Installing: /home/albert/umov_ws/install/arduino_msgs/include/arduino_msgs/arduino_msgs/srv/detail/quaternion_to_euler__type_support.h
[25.671s] -- Installing: /home/albert/umov_ws/install/arduino_msgs/include/arduino_msgs/arduino_msgs/srv/detail/add_two_ints__type_support.h
[25.671s] -- Installing: /home/albert/umov_ws/install/arduino_msgs/include/arduino_msgs/arduino_msgs/srv/detail/euler_to_quaternion__type_support.h
[25.671s] -- Installing: /home/albert/umov_ws/install/arduino_msgs/include/arduino_msgs/arduino_msgs/srv/detail/quaternion_to_euler__struct.h
[25.671s] -- Installing: /home/albert/umov_ws/install/arduino_msgs/include/arduino_msgs/arduino_msgs/srv/detail/add_two_ints__struct.h
[25.672s] -- Installing: /home/albert/umov_ws/install/arduino_msgs/include/arduino_msgs/arduino_msgs/srv/euler_to_quaternion.h
[25.672s] -- Installing: /home/albert/umov_ws/install/arduino_msgs/include/arduino_msgs/arduino_msgs/srv/add_two_ints.h
[25.672s] -- Installing: /home/albert/umov_ws/install/arduino_msgs/share/arduino_msgs/environment/library_path.sh
[25.673s] -- Installing: /home/albert/umov_ws/install/arduino_msgs/share/arduino_msgs/environment/library_path.dsv
[25.673s] -- Installing: /home/albert/umov_ws/install/arduino_msgs/lib/libarduino_msgs__rosidl_generator_c.so
[25.674s] -- Set non-toolchain portion of runtime path of "/home/albert/umov_ws/install/arduino_msgs/lib/libarduino_msgs__rosidl_generator_c.so" to ""
[25.675s] -- Up-to-date: /home/albert/umov_ws/install/arduino_msgs/include/arduino_msgs/arduino_msgs
[25.675s] -- Up-to-date: /home/albert/umov_ws/install/arduino_msgs/include/arduino_msgs/arduino_msgs/msg
[25.675s] -- Installing: /home/albert/umov_ws/install/arduino_msgs/include/arduino_msgs/arduino_msgs/msg/rosidl_typesupport_fastrtps_c__visibility_control.h
[25.676s] -- Up-to-date: /home/albert/umov_ws/install/arduino_msgs/include/arduino_msgs/arduino_msgs/action
[25.676s] -- Up-to-date: /home/albert/umov_ws/install/arduino_msgs/include/arduino_msgs/arduino_msgs/action/detail
[25.676s] -- Installing: /home/albert/umov_ws/install/arduino_msgs/include/arduino_msgs/arduino_msgs/action/detail/arduino_task__rosidl_typesupport_fastrtps_c.h
[25.676s] -- Installing: /home/albert/umov_ws/install/arduino_msgs/include/arduino_msgs/arduino_msgs/action/detail/fibonacci__rosidl_typesupport_fastrtps_c.h
[25.677s] -- Up-to-date: /home/albert/umov_ws/install/arduino_msgs/include/arduino_msgs/arduino_msgs/srv
[25.677s] -- Up-to-date: /home/albert/umov_ws/install/arduino_msgs/include/arduino_msgs/arduino_msgs/srv/detail
[25.677s] -- Installing: /home/albert/umov_ws/install/arduino_msgs/include/arduino_msgs/arduino_msgs/srv/detail/add_two_ints__rosidl_typesupport_fastrtps_c.h
[25.677s] -- Installing: /home/albert/umov_ws/install/arduino_msgs/include/arduino_msgs/arduino_msgs/srv/detail/euler_to_quaternion__rosidl_typesupport_fastrtps_c.h
[25.677s] -- Installing: /home/albert/umov_ws/install/arduino_msgs/include/arduino_msgs/arduino_msgs/srv/detail/quaternion_to_euler__rosidl_typesupport_fastrtps_c.h
[25.678s] -- Installing: /home/albert/umov_ws/install/arduino_msgs/lib/libarduino_msgs__rosidl_typesupport_fastrtps_c.so
[25.678s] -- Set non-toolchain portion of runtime path of "/home/albert/umov_ws/install/arduino_msgs/lib/libarduino_msgs__rosidl_typesupport_fastrtps_c.so" to ""
[25.678s] -- Up-to-date: /home/albert/umov_ws/install/arduino_msgs/include/arduino_msgs/arduino_msgs
[25.678s] -- Up-to-date: /home/albert/umov_ws/install/arduino_msgs/include/arduino_msgs/arduino_msgs/msg
[25.679s] -- Installing: /home/albert/umov_ws/install/arduino_msgs/include/arduino_msgs/arduino_msgs/msg/rosidl_generator_cpp__visibility_control.hpp
[25.679s] -- Up-to-date: /home/albert/umov_ws/install/arduino_msgs/include/arduino_msgs/arduino_msgs/action
[25.679s] -- Installing: /home/albert/umov_ws/install/arduino_msgs/include/arduino_msgs/arduino_msgs/action/arduino_task.hpp
[25.679s] -- Installing: /home/albert/umov_ws/install/arduino_msgs/include/arduino_msgs/arduino_msgs/action/fibonacci.hpp
[25.679s] -- Up-to-date: /home/albert/umov_ws/install/arduino_msgs/include/arduino_msgs/arduino_msgs/action/detail
[25.680s] -- Installing: /home/albert/umov_ws/install/arduino_msgs/include/arduino_msgs/arduino_msgs/action/detail/fibonacci__type_support.hpp
[25.680s] -- Installing: /home/albert/umov_ws/install/arduino_msgs/include/arduino_msgs/arduino_msgs/action/detail/arduino_task__builder.hpp
[25.680s] -- Installing: /home/albert/umov_ws/install/arduino_msgs/include/arduino_msgs/arduino_msgs/action/detail/fibonacci__builder.hpp
[25.680s] -- Installing: /home/albert/umov_ws/install/arduino_msgs/include/arduino_msgs/arduino_msgs/action/detail/arduino_task__type_support.hpp
[25.680s] -- Installing: /home/albert/umov_ws/install/arduino_msgs/include/arduino_msgs/arduino_msgs/action/detail/fibonacci__struct.hpp
[25.681s] -- Installing: /home/albert/umov_ws/install/arduino_msgs/include/arduino_msgs/arduino_msgs/action/detail/arduino_task__struct.hpp
[25.681s] -- Installing: /home/albert/umov_ws/install/arduino_msgs/include/arduino_msgs/arduino_msgs/action/detail/arduino_task__traits.hpp
[25.681s] -- Installing: /home/albert/umov_ws/install/arduino_msgs/include/arduino_msgs/arduino_msgs/action/detail/fibonacci__traits.hpp
[25.681s] -- Up-to-date: /home/albert/umov_ws/install/arduino_msgs/include/arduino_msgs/arduino_msgs/srv
[25.682s] -- Installing: /home/albert/umov_ws/install/arduino_msgs/include/arduino_msgs/arduino_msgs/srv/euler_to_quaternion.hpp
[25.682s] -- Up-to-date: /home/albert/umov_ws/install/arduino_msgs/include/arduino_msgs/arduino_msgs/srv/detail
[25.682s] -- Installing: /home/albert/umov_ws/install/arduino_msgs/include/arduino_msgs/arduino_msgs/srv/detail/quaternion_to_euler__struct.hpp
[25.682s] -- Installing: /home/albert/umov_ws/install/arduino_msgs/include/arduino_msgs/arduino_msgs/srv/detail/quaternion_to_euler__builder.hpp
[25.683s] -- Installing: /home/albert/umov_ws/install/arduino_msgs/include/arduino_msgs/arduino_msgs/srv/detail/euler_to_quaternion__traits.hpp
[25.683s] -- Installing: /home/albert/umov_ws/install/arduino_msgs/include/arduino_msgs/arduino_msgs/srv/detail/add_two_ints__type_support.hpp
[25.683s] -- Installing: /home/albert/umov_ws/install/arduino_msgs/include/arduino_msgs/arduino_msgs/srv/detail/add_two_ints__builder.hpp
[25.683s] -- Installing: /home/albert/umov_ws/install/arduino_msgs/include/arduino_msgs/arduino_msgs/srv/detail/euler_to_quaternion__type_support.hpp
[25.683s] -- Installing: /home/albert/umov_ws/install/arduino_msgs/include/arduino_msgs/arduino_msgs/srv/detail/quaternion_to_euler__traits.hpp
[25.684s] -- Installing: /home/albert/umov_ws/install/arduino_msgs/include/arduino_msgs/arduino_msgs/srv/detail/euler_to_quaternion__builder.hpp
[25.684s] -- Installing: /home/albert/umov_ws/install/arduino_msgs/include/arduino_msgs/arduino_msgs/srv/detail/add_two_ints__traits.hpp
[25.684s] -- Installing: /home/albert/umov_ws/install/arduino_msgs/include/arduino_msgs/arduino_msgs/srv/detail/add_two_ints__struct.hpp
[25.685s] -- Installing: /home/albert/umov_ws/install/arduino_msgs/include/arduino_msgs/arduino_msgs/srv/detail/euler_to_quaternion__struct.hpp
[25.685s] -- Installing: /home/albert/umov_ws/install/arduino_msgs/include/arduino_msgs/arduino_msgs/srv/detail/quaternion_to_euler__type_support.hpp
[25.685s] -- Installing: /home/albert/umov_ws/install/arduino_msgs/include/arduino_msgs/arduino_msgs/srv/quaternion_to_euler.hpp
[25.685s] -- Installing: /home/albert/umov_ws/install/arduino_msgs/include/arduino_msgs/arduino_msgs/srv/add_two_ints.hpp
[25.686s] -- Up-to-date: /home/albert/umov_ws/install/arduino_msgs/include/arduino_msgs/arduino_msgs
[25.686s] -- Up-to-date: /home/albert/umov_ws/install/arduino_msgs/include/arduino_msgs/arduino_msgs/msg
[25.686s] -- Installing: /home/albert/umov_ws/install/arduino_msgs/include/arduino_msgs/arduino_msgs/msg/rosidl_typesupport_fastrtps_cpp__visibility_control.h
[25.686s] -- Up-to-date: /home/albert/umov_ws/install/arduino_msgs/include/arduino_msgs/arduino_msgs/action
[25.687s] -- Up-to-date: /home/albert/umov_ws/install/arduino_msgs/include/arduino_msgs/arduino_msgs/action/detail
[25.687s] -- Installing: /home/albert/umov_ws/install/arduino_msgs/include/arduino_msgs/arduino_msgs/action/detail/arduino_task__rosidl_typesupport_fastrtps_cpp.hpp
[25.687s] -- Installing: /home/albert/umov_ws/install/arduino_msgs/include/arduino_msgs/arduino_msgs/action/detail/dds_fastrtps
[25.687s] -- Installing: /home/albert/umov_ws/install/arduino_msgs/include/arduino_msgs/arduino_msgs/action/detail/fibonacci__rosidl_typesupport_fastrtps_cpp.hpp
[25.687s] -- Up-to-date: /home/albert/umov_ws/install/arduino_msgs/include/arduino_msgs/arduino_msgs/srv
[25.687s] -- Up-to-date: /home/albert/umov_ws/install/arduino_msgs/include/arduino_msgs/arduino_msgs/srv/detail
[25.688s] -- Installing: /home/albert/umov_ws/install/arduino_msgs/include/arduino_msgs/arduino_msgs/srv/detail/euler_to_quaternion__rosidl_typesupport_fastrtps_cpp.hpp
[25.688s] -- Installing: /home/albert/umov_ws/install/arduino_msgs/include/arduino_msgs/arduino_msgs/srv/detail/quaternion_to_euler__rosidl_typesupport_fastrtps_cpp.hpp
[25.688s] -- Installing: /home/albert/umov_ws/install/arduino_msgs/include/arduino_msgs/arduino_msgs/srv/detail/dds_fastrtps
[25.688s] -- Installing: /home/albert/umov_ws/install/arduino_msgs/include/arduino_msgs/arduino_msgs/srv/detail/add_two_ints__rosidl_typesupport_fastrtps_cpp.hpp
[25.688s] -- Installing: /home/albert/umov_ws/install/arduino_msgs/lib/libarduino_msgs__rosidl_typesupport_fastrtps_cpp.so
[25.690s] -- Set non-toolchain portion of runtime path of "/home/albert/umov_ws/install/arduino_msgs/lib/libarduino_msgs__rosidl_typesupport_fastrtps_cpp.so" to ""
[25.691s] -- Up-to-date: /home/albert/umov_ws/install/arduino_msgs/include/arduino_msgs/arduino_msgs
[25.691s] -- Up-to-date: /home/albert/umov_ws/install/arduino_msgs/include/arduino_msgs/arduino_msgs/msg
[25.691s] -- Installing: /home/albert/umov_ws/install/arduino_msgs/include/arduino_msgs/arduino_msgs/msg/rosidl_typesupport_introspection_c__visibility_control.h
[25.691s] -- Up-to-date: /home/albert/umov_ws/install/arduino_msgs/include/arduino_msgs/arduino_msgs/action
[25.692s] -- Up-to-date: /home/albert/umov_ws/install/arduino_msgs/include/arduino_msgs/arduino_msgs/action/detail
[25.692s] -- Installing: /home/albert/umov_ws/install/arduino_msgs/include/arduino_msgs/arduino_msgs/action/detail/arduino_task__type_support.c
[25.692s] -- Installing: /home/albert/umov_ws/install/arduino_msgs/include/arduino_msgs/arduino_msgs/action/detail/fibonacci__type_support.c
[25.692s] -- Installing: /home/albert/umov_ws/install/arduino_msgs/include/arduino_msgs/arduino_msgs/action/detail/fibonacci__rosidl_typesupport_introspection_c.h
[25.692s] -- Installing: /home/albert/umov_ws/install/arduino_msgs/include/arduino_msgs/arduino_msgs/action/detail/arduino_task__rosidl_typesupport_introspection_c.h
[25.693s] -- Up-to-date: /home/albert/umov_ws/install/arduino_msgs/include/arduino_msgs/arduino_msgs/srv
[25.693s] -- Up-to-date: /home/albert/umov_ws/install/arduino_msgs/include/arduino_msgs/arduino_msgs/srv/detail
[25.693s] -- Installing: /home/albert/umov_ws/install/arduino_msgs/include/arduino_msgs/arduino_msgs/srv/detail/add_two_ints__rosidl_typesupport_introspection_c.h
[25.693s] -- Installing: /home/albert/umov_ws/install/arduino_msgs/include/arduino_msgs/arduino_msgs/srv/detail/euler_to_quaternion__type_support.c
[25.694s] -- Installing: /home/albert/umov_ws/install/arduino_msgs/include/arduino_msgs/arduino_msgs/srv/detail/add_two_ints__type_support.c
[25.694s] -- Installing: /home/albert/umov_ws/install/arduino_msgs/include/arduino_msgs/arduino_msgs/srv/detail/quaternion_to_euler__type_support.c
[25.694s] -- Installing: /home/albert/umov_ws/install/arduino_msgs/include/arduino_msgs/arduino_msgs/srv/detail/quaternion_to_euler__rosidl_typesupport_introspection_c.h
[25.694s] -- Installing: /home/albert/umov_ws/install/arduino_msgs/include/arduino_msgs/arduino_msgs/srv/detail/euler_to_quaternion__rosidl_typesupport_introspection_c.h
[25.694s] -- Installing: /home/albert/umov_ws/install/arduino_msgs/lib/libarduino_msgs__rosidl_typesupport_introspection_c.so
[25.695s] -- Set non-toolchain portion of runtime path of "/home/albert/umov_ws/install/arduino_msgs/lib/libarduino_msgs__rosidl_typesupport_introspection_c.so" to ""
[25.695s] -- Installing: /home/albert/umov_ws/install/arduino_msgs/lib/libarduino_msgs__rosidl_typesupport_c.so
[25.696s] -- Set non-toolchain portion of runtime path of "/home/albert/umov_ws/install/arduino_msgs/lib/libarduino_msgs__rosidl_typesupport_c.so" to ""
[25.696s] -- Up-to-date: /home/albert/umov_ws/install/arduino_msgs/include/arduino_msgs/arduino_msgs
[25.696s] -- Up-to-date: /home/albert/umov_ws/install/arduino_msgs/include/arduino_msgs/arduino_msgs/action
[25.697s] -- Up-to-date: /home/albert/umov_ws/install/arduino_msgs/include/arduino_msgs/arduino_msgs/action/detail
[25.697s] -- Installing: /home/albert/umov_ws/install/arduino_msgs/include/arduino_msgs/arduino_msgs/action/detail/arduino_task__type_support.cpp
[25.697s] -- Installing: /home/albert/umov_ws/install/arduino_msgs/include/arduino_msgs/arduino_msgs/action/detail/fibonacci__type_support.cpp
[25.697s] -- Installing: /home/albert/umov_ws/install/arduino_msgs/include/arduino_msgs/arduino_msgs/action/detail/fibonacci__rosidl_typesupport_introspection_cpp.hpp
[25.697s] -- Installing: /home/albert/umov_ws/install/arduino_msgs/include/arduino_msgs/arduino_msgs/action/detail/arduino_task__rosidl_typesupport_introspection_cpp.hpp
[25.698s] -- Up-to-date: /home/albert/umov_ws/install/arduino_msgs/include/arduino_msgs/arduino_msgs/srv
[25.698s] -- Up-to-date: /home/albert/umov_ws/install/arduino_msgs/include/arduino_msgs/arduino_msgs/srv/detail
[25.698s] -- Installing: /home/albert/umov_ws/install/arduino_msgs/include/arduino_msgs/arduino_msgs/srv/detail/euler_to_quaternion__rosidl_typesupport_introspection_cpp.hpp
[25.698s] -- Installing: /home/albert/umov_ws/install/arduino_msgs/include/arduino_msgs/arduino_msgs/srv/detail/euler_to_quaternion__type_support.cpp
[25.699s] -- Installing: /home/albert/umov_ws/install/arduino_msgs/include/arduino_msgs/arduino_msgs/srv/detail/add_two_ints__type_support.cpp
[25.699s] -- Installing: /home/albert/umov_ws/install/arduino_msgs/include/arduino_msgs/arduino_msgs/srv/detail/quaternion_to_euler__type_support.cpp
[25.699s] -- Installing: /home/albert/umov_ws/install/arduino_msgs/include/arduino_msgs/arduino_msgs/srv/detail/quaternion_to_euler__rosidl_typesupport_introspection_cpp.hpp
[25.699s] -- Installing: /home/albert/umov_ws/install/arduino_msgs/include/arduino_msgs/arduino_msgs/srv/detail/add_two_ints__rosidl_typesupport_introspection_cpp.hpp
[25.700s] -- Installing: /home/albert/umov_ws/install/arduino_msgs/lib/libarduino_msgs__rosidl_typesupport_introspection_cpp.so
[25.701s] -- Set non-toolchain portion of runtime path of "/home/albert/umov_ws/install/arduino_msgs/lib/libarduino_msgs__rosidl_typesupport_introspection_cpp.so" to ""
[25.701s] -- Installing: /home/albert/umov_ws/install/arduino_msgs/lib/libarduino_msgs__rosidl_typesupport_cpp.so
[25.702s] -- Set non-toolchain portion of runtime path of "/home/albert/umov_ws/install/arduino_msgs/lib/libarduino_msgs__rosidl_typesupport_cpp.so" to ""
[25.702s] -- Installing: /home/albert/umov_ws/install/arduino_msgs/share/arduino_msgs/environment/pythonpath.sh
[25.703s] -- Installing: /home/albert/umov_ws/install/arduino_msgs/share/arduino_msgs/environment/pythonpath.dsv
[25.703s] -- Installing: /home/albert/umov_ws/install/arduino_msgs/local/lib/python3.10/dist-packages/arduino_msgs-0.0.0-py3.10.egg-info
[25.703s] -- Installing: /home/albert/umov_ws/install/arduino_msgs/local/lib/python3.10/dist-packages/arduino_msgs-0.0.0-py3.10.egg-info/SOURCES.txt
[25.703s] -- Installing: /home/albert/umov_ws/install/arduino_msgs/local/lib/python3.10/dist-packages/arduino_msgs-0.0.0-py3.10.egg-info/top_level.txt
[25.704s] -- Installing: /home/albert/umov_ws/install/arduino_msgs/local/lib/python3.10/dist-packages/arduino_msgs-0.0.0-py3.10.egg-info/PKG-INFO
[25.704s] -- Installing: /home/albert/umov_ws/install/arduino_msgs/local/lib/python3.10/dist-packages/arduino_msgs-0.0.0-py3.10.egg-info/dependency_links.txt
[25.704s] -- Installing: /home/albert/umov_ws/install/arduino_msgs/local/lib/python3.10/dist-packages/arduino_msgs
[25.704s] -- Installing: /home/albert/umov_ws/install/arduino_msgs/local/lib/python3.10/dist-packages/arduino_msgs/libarduino_msgs__rosidl_generator_py.so
[25.705s] -- Installing: /home/albert/umov_ws/install/arduino_msgs/local/lib/python3.10/dist-packages/arduino_msgs/__init__.py
[25.705s] -- Installing: /home/albert/umov_ws/install/arduino_msgs/local/lib/python3.10/dist-packages/arduino_msgs/action
[25.705s] -- Installing: /home/albert/umov_ws/install/arduino_msgs/local/lib/python3.10/dist-packages/arduino_msgs/action/__init__.py
[25.706s] -- Installing: /home/albert/umov_ws/install/arduino_msgs/local/lib/python3.10/dist-packages/arduino_msgs/action/_fibonacci_s.c
[25.706s] -- Installing: /home/albert/umov_ws/install/arduino_msgs/local/lib/python3.10/dist-packages/arduino_msgs/action/_arduino_task.py
[25.706s] -- Installing: /home/albert/umov_ws/install/arduino_msgs/local/lib/python3.10/dist-packages/arduino_msgs/action/_arduino_task_s.c
[25.707s] -- Installing: /home/albert/umov_ws/install/arduino_msgs/local/lib/python3.10/dist-packages/arduino_msgs/action/_fibonacci.py
[25.707s] -- Installing: /home/albert/umov_ws/install/arduino_msgs/local/lib/python3.10/dist-packages/arduino_msgs/arduino_msgs_s__rosidl_typesupport_introspection_c.cpython-310-x86_64-linux-gnu.so
[25.707s] -- Installing: /home/albert/umov_ws/install/arduino_msgs/local/lib/python3.10/dist-packages/arduino_msgs/_arduino_msgs_s.ep.rosidl_typesupport_c.c
[25.709s] -- Installing: /home/albert/umov_ws/install/arduino_msgs/local/lib/python3.10/dist-packages/arduino_msgs/arduino_msgs_s__rosidl_typesupport_fastrtps_c.cpython-310-x86_64-linux-gnu.so
[25.709s] -- Installing: /home/albert/umov_ws/install/arduino_msgs/local/lib/python3.10/dist-packages/arduino_msgs/_arduino_msgs_s.ep.rosidl_typesupport_fastrtps_c.c
[25.709s] -- Installing: /home/albert/umov_ws/install/arduino_msgs/local/lib/python3.10/dist-packages/arduino_msgs/arduino_msgs_s__rosidl_typesupport_c.cpython-310-x86_64-linux-gnu.so
[25.709s] -- Installing: /home/albert/umov_ws/install/arduino_msgs/local/lib/python3.10/dist-packages/arduino_msgs/_arduino_msgs_s.ep.rosidl_typesupport_introspection_c.c
[25.710s] -- Installing: /home/albert/umov_ws/install/arduino_msgs/local/lib/python3.10/dist-packages/arduino_msgs/srv
[25.710s] -- Installing: /home/albert/umov_ws/install/arduino_msgs/local/lib/python3.10/dist-packages/arduino_msgs/srv/_quaternion_to_euler_s.c
[25.710s] -- Installing: /home/albert/umov_ws/install/arduino_msgs/local/lib/python3.10/dist-packages/arduino_msgs/srv/_euler_to_quaternion.py
[25.711s] -- Installing: /home/albert/umov_ws/install/arduino_msgs/local/lib/python3.10/dist-packages/arduino_msgs/srv/__init__.py
[25.711s] -- Installing: /home/albert/umov_ws/install/arduino_msgs/local/lib/python3.10/dist-packages/arduino_msgs/srv/_quaternion_to_euler.py
[25.711s] -- Installing: /home/albert/umov_ws/install/arduino_msgs/local/lib/python3.10/dist-packages/arduino_msgs/srv/_add_two_ints_s.c
[25.711s] -- Installing: /home/albert/umov_ws/install/arduino_msgs/local/lib/python3.10/dist-packages/arduino_msgs/srv/_add_two_ints.py
[25.712s] -- Installing: /home/albert/umov_ws/install/arduino_msgs/local/lib/python3.10/dist-packages/arduino_msgs/srv/_euler_to_quaternion_s.c
[25.874s] Listing '/home/albert/umov_ws/install/arduino_msgs/local/lib/python3.10/dist-packages/arduino_msgs'...
[25.874s] Compiling '/home/albert/umov_ws/install/arduino_msgs/local/lib/python3.10/dist-packages/arduino_msgs/__init__.py'...
[25.874s] Listing '/home/albert/umov_ws/install/arduino_msgs/local/lib/python3.10/dist-packages/arduino_msgs/action'...
[25.874s] Compiling '/home/albert/umov_ws/install/arduino_msgs/local/lib/python3.10/dist-packages/arduino_msgs/action/__init__.py'...
[25.874s] Compiling '/home/albert/umov_ws/install/arduino_msgs/local/lib/python3.10/dist-packages/arduino_msgs/action/_arduino_task.py'...
[25.875s] Compiling '/home/albert/umov_ws/install/arduino_msgs/local/lib/python3.10/dist-packages/arduino_msgs/action/_fibonacci.py'...
[25.875s] Listing '/home/albert/umov_ws/install/arduino_msgs/local/lib/python3.10/dist-packages/arduino_msgs/srv'...
[25.875s] Compiling '/home/albert/umov_ws/install/arduino_msgs/local/lib/python3.10/dist-packages/arduino_msgs/srv/__init__.py'...
[25.875s] Compiling '/home/albert/umov_ws/install/arduino_msgs/local/lib/python3.10/dist-packages/arduino_msgs/srv/_add_two_ints.py'...
[25.875s] Compiling '/home/albert/umov_ws/install/arduino_msgs/local/lib/python3.10/dist-packages/arduino_msgs/srv/_euler_to_quaternion.py'...
[25.875s] Compiling '/home/albert/umov_ws/install/arduino_msgs/local/lib/python3.10/dist-packages/arduino_msgs/srv/_quaternion_to_euler.py'...
[25.886s] -- Installing: /home/albert/umov_ws/install/arduino_msgs/local/lib/python3.10/dist-packages/arduino_msgs/arduino_msgs_s__rosidl_typesupport_fastrtps_c.cpython-310-x86_64-linux-gnu.so
[25.887s] -- Set non-toolchain portion of runtime path of "/home/albert/umov_ws/install/arduino_msgs/local/lib/python3.10/dist-packages/arduino_msgs/arduino_msgs_s__rosidl_typesupport_fastrtps_c.cpython-310-x86_64-linux-gnu.so" to ""
[25.888s] -- Installing: /home/albert/umov_ws/install/arduino_msgs/local/lib/python3.10/dist-packages/arduino_msgs/arduino_msgs_s__rosidl_typesupport_introspection_c.cpython-310-x86_64-linux-gnu.so
[25.889s] -- Set non-toolchain portion of runtime path of "/home/albert/umov_ws/install/arduino_msgs/local/lib/python3.10/dist-packages/arduino_msgs/arduino_msgs_s__rosidl_typesupport_introspection_c.cpython-310-x86_64-linux-gnu.so" to ""
[25.889s] -- Installing: /home/albert/umov_ws/install/arduino_msgs/local/lib/python3.10/dist-packages/arduino_msgs/arduino_msgs_s__rosidl_typesupport_c.cpython-310-x86_64-linux-gnu.so
[25.892s] -- Set non-toolchain portion of runtime path of "/home/albert/umov_ws/install/arduino_msgs/local/lib/python3.10/dist-packages/arduino_msgs/arduino_msgs_s__rosidl_typesupport_c.cpython-310-x86_64-linux-gnu.so" to ""
[25.892s] -- Installing: /home/albert/umov_ws/install/arduino_msgs/lib/libarduino_msgs__rosidl_generator_py.so
[25.892s] -- Set non-toolchain portion of runtime path of "/home/albert/umov_ws/install/arduino_msgs/lib/libarduino_msgs__rosidl_generator_py.so" to ""
[25.893s] -- Installing: /home/albert/umov_ws/install/arduino_msgs/share/arduino_msgs/srv/AddTwoInts.idl
[25.894s] -- Installing: /home/albert/umov_ws/install/arduino_msgs/share/arduino_msgs/srv/EulerToQuaternion.idl
[25.894s] -- Installing: /home/albert/umov_ws/install/arduino_msgs/share/arduino_msgs/srv/QuaternionToEuler.idl
[25.894s] -- Installing: /home/albert/umov_ws/install/arduino_msgs/share/arduino_msgs/action/Fibonacci.idl
[25.895s] -- Installing: /home/albert/umov_ws/install/arduino_msgs/share/arduino_msgs/action/ArduinoTask.idl
[25.895s] -- Installing: /home/albert/umov_ws/install/arduino_msgs/share/arduino_msgs/srv/AddTwoInts.srv
[25.895s] -- Installing: /home/albert/umov_ws/install/arduino_msgs/share/arduino_msgs/srv/AddTwoInts_Request.msg
[25.895s] -- Installing: /home/albert/umov_ws/install/arduino_msgs/share/arduino_msgs/srv/AddTwoInts_Response.msg
[25.896s] -- Installing: /home/albert/umov_ws/install/arduino_msgs/share/arduino_msgs/srv/EulerToQuaternion.srv
[25.896s] -- Installing: /home/albert/umov_ws/install/arduino_msgs/share/arduino_msgs/srv/EulerToQuaternion_Request.msg
[25.896s] -- Installing: /home/albert/umov_ws/install/arduino_msgs/share/arduino_msgs/srv/EulerToQuaternion_Response.msg
[25.897s] -- Installing: /home/albert/umov_ws/install/arduino_msgs/share/arduino_msgs/srv/QuaternionToEuler.srv
[25.897s] -- Installing: /home/albert/umov_ws/install/arduino_msgs/share/arduino_msgs/srv/QuaternionToEuler_Request.msg
[25.897s] -- Installing: /home/albert/umov_ws/install/arduino_msgs/share/arduino_msgs/srv/QuaternionToEuler_Response.msg
[25.898s] -- Installing: /home/albert/umov_ws/install/arduino_msgs/share/arduino_msgs/action/Fibonacci.action
[25.898s] -- Installing: /home/albert/umov_ws/install/arduino_msgs/share/arduino_msgs/action/ArduinoTask.action
[25.898s] -- Installing: /home/albert/umov_ws/install/arduino_msgs/share/ament_index/resource_index/package_run_dependencies/arduino_msgs
[25.899s] -- Installing: /home/albert/umov_ws/install/arduino_msgs/share/ament_index/resource_index/parent_prefix_path/arduino_msgs
[25.899s] -- Installing: /home/albert/umov_ws/install/arduino_msgs/share/arduino_msgs/environment/ament_prefix_path.sh
[25.899s] -- Installing: /home/albert/umov_ws/install/arduino_msgs/share/arduino_msgs/environment/ament_prefix_path.dsv
[25.900s] -- Installing: /home/albert/umov_ws/install/arduino_msgs/share/arduino_msgs/environment/path.sh
[25.900s] -- Installing: /home/albert/umov_ws/install/arduino_msgs/share/arduino_msgs/environment/path.dsv
[25.900s] -- Installing: /home/albert/umov_ws/install/arduino_msgs/share/arduino_msgs/local_setup.bash
[25.901s] -- Installing: /home/albert/umov_ws/install/arduino_msgs/share/arduino_msgs/local_setup.sh
[25.901s] -- Installing: /home/albert/umov_ws/install/arduino_msgs/share/arduino_msgs/local_setup.zsh
[25.901s] -- Installing: /home/albert/umov_ws/install/arduino_msgs/share/arduino_msgs/local_setup.dsv
[25.901s] -- Installing: /home/albert/umov_ws/install/arduino_msgs/share/arduino_msgs/package.dsv
[25.903s] -- Installing: /home/albert/umov_ws/install/arduino_msgs/share/ament_index/resource_index/packages/arduino_msgs
[25.903s] -- Installing: /home/albert/umov_ws/install/arduino_msgs/share/arduino_msgs/cmake/export_arduino_msgs__rosidl_generator_cExport.cmake
[25.903s] -- Installing: /home/albert/umov_ws/install/arduino_msgs/share/arduino_msgs/cmake/export_arduino_msgs__rosidl_generator_cExport-noconfig.cmake
[25.903s] -- Installing: /home/albert/umov_ws/install/arduino_msgs/share/arduino_msgs/cmake/export_arduino_msgs__rosidl_typesupport_fastrtps_cExport.cmake
[25.903s] -- Installing: /home/albert/umov_ws/install/arduino_msgs/share/arduino_msgs/cmake/export_arduino_msgs__rosidl_typesupport_fastrtps_cExport-noconfig.cmake
[25.904s] -- Installing: /home/albert/umov_ws/install/arduino_msgs/share/arduino_msgs/cmake/export_arduino_msgs__rosidl_generator_cppExport.cmake
[25.904s] -- Installing: /home/albert/umov_ws/install/arduino_msgs/share/arduino_msgs/cmake/export_arduino_msgs__rosidl_typesupport_fastrtps_cppExport.cmake
[25.904s] -- Installing: /home/albert/umov_ws/install/arduino_msgs/share/arduino_msgs/cmake/export_arduino_msgs__rosidl_typesupport_fastrtps_cppExport-noconfig.cmake
[25.905s] -- Installing: /home/albert/umov_ws/install/arduino_msgs/share/arduino_msgs/cmake/arduino_msgs__rosidl_typesupport_introspection_cExport.cmake
[25.905s] -- Installing: /home/albert/umov_ws/install/arduino_msgs/share/arduino_msgs/cmake/arduino_msgs__rosidl_typesupport_introspection_cExport-noconfig.cmake
[25.905s] -- Installing: /home/albert/umov_ws/install/arduino_msgs/share/arduino_msgs/cmake/arduino_msgs__rosidl_typesupport_cExport.cmake
[25.906s] -- Installing: /home/albert/umov_ws/install/arduino_msgs/share/arduino_msgs/cmake/arduino_msgs__rosidl_typesupport_cExport-noconfig.cmake
[25.906s] -- Installing: /home/albert/umov_ws/install/arduino_msgs/share/arduino_msgs/cmake/arduino_msgs__rosidl_typesupport_introspection_cppExport.cmake
[25.906s] -- Installing: /home/albert/umov_ws/install/arduino_msgs/share/arduino_msgs/cmake/arduino_msgs__rosidl_typesupport_introspection_cppExport-noconfig.cmake
[25.907s] -- Installing: /home/albert/umov_ws/install/arduino_msgs/share/arduino_msgs/cmake/arduino_msgs__rosidl_typesupport_cppExport.cmake
[25.907s] -- Installing: /home/albert/umov_ws/install/arduino_msgs/share/arduino_msgs/cmake/arduino_msgs__rosidl_typesupport_cppExport-noconfig.cmake
[25.907s] -- Installing: /home/albert/umov_ws/install/arduino_msgs/share/arduino_msgs/cmake/export_arduino_msgs__rosidl_generator_pyExport.cmake
[25.909s] -- Installing: /home/albert/umov_ws/install/arduino_msgs/share/arduino_msgs/cmake/export_arduino_msgs__rosidl_generator_pyExport-noconfig.cmake
[25.909s] -- Installing: /home/albert/umov_ws/install/arduino_msgs/share/arduino_msgs/cmake/rosidl_cmake-extras.cmake
[25.909s] -- Installing: /home/albert/umov_ws/install/arduino_msgs/share/arduino_msgs/cmake/ament_cmake_export_dependencies-extras.cmake
[25.909s] -- Installing: /home/albert/umov_ws/install/arduino_msgs/share/arduino_msgs/cmake/ament_cmake_export_include_directories-extras.cmake
[25.909s] -- Installing: /home/albert/umov_ws/install/arduino_msgs/share/arduino_msgs/cmake/ament_cmake_export_libraries-extras.cmake
[25.910s] -- Installing: /home/albert/umov_ws/install/arduino_msgs/share/arduino_msgs/cmake/ament_cmake_export_targets-extras.cmake
[25.910s] -- Installing: /home/albert/umov_ws/install/arduino_msgs/share/arduino_msgs/cmake/rosidl_cmake_export_typesupport_targets-extras.cmake
[25.910s] -- Installing: /home/albert/umov_ws/install/arduino_msgs/share/arduino_msgs/cmake/rosidl_cmake_export_typesupport_libraries-extras.cmake
[25.910s] -- Installing: /home/albert/umov_ws/install/arduino_msgs/share/arduino_msgs/cmake/arduino_msgsConfig.cmake
[25.910s] -- Installing: /home/albert/umov_ws/install/arduino_msgs/share/arduino_msgs/cmake/arduino_msgsConfig-version.cmake
[25.911s] -- Installing: /home/albert/umov_ws/install/arduino_msgs/share/arduino_msgs/package.xml
[25.915s] Invoked command in '/home/albert/umov_ws/build/arduino_msgs' returned '0': CMAKE_PREFIX_PATH=${CMAKE_PREFIX_PATH}:/home/albert/ag_arm_ws/install/arm_py:/home/albert/ws_moveit2/install/moveit_configs_utils:/home/albert/ws_moveit2/install/launch_param_builder:/home/albert/umov_ws/install/arduino_py_examples:/home/albert/udem2_ws/install/actions_py:/home/albert/udem2_ws/install/lifecycle_py:/home/albert/udem2_ws/install/executors_py:/home/albert/udem2_ws/install/components_py:/home/albert/udem_ws/install/turtlesim_catcher:/home/albert/udem_ws/install/my_py_pkg:/home/albert/udem_ws/install/lifecycle_py:/home/albert/bcdc_ws/install/agbot_teleop:/home/albert/bcdc_ws/install/agbot_py:/home/albert/arduinobot_ws/install/arduinobot_py_examples:/opt/ros/humble /home/albert/.local/bin/cmake --install /home/albert/umov_ws/build/arduino_msgs
