[0.093s] Invoking command in '/home/albert/umov_ws/build/arduino_bringup': CMAKE_PREFIX_PATH=${CMAKE_PREFIX_PATH}:/home/albert/ag_arm_ws/install/arm_py:/home/albert/ws_moveit2/install/moveit_configs_utils:/home/albert/ws_moveit2/install/launch_param_builder:/home/albert/umov_ws/install/arduino_py_examples:/home/albert/udem2_ws/install/actions_py:/home/albert/udem2_ws/install/lifecycle_py:/home/albert/udem2_ws/install/executors_py:/home/albert/udem2_ws/install/components_py:/home/albert/udem_ws/install/turtlesim_catcher:/home/albert/udem_ws/install/my_py_pkg:/home/albert/udem_ws/install/lifecycle_py:/home/albert/bcdc_ws/install/agbot_teleop:/home/albert/bcdc_ws/install/agbot_py:/home/albert/arduinobot_ws/install/arduinobot_py_examples:/opt/ros/humble /home/albert/.local/bin/cmake --build /home/albert/umov_ws/build/arduino_bringup -- -j8 -l8
[0.184s] Invoked command in '/home/albert/umov_ws/build/arduino_bringup' returned '0': CMAKE_PREFIX_PATH=${CMAKE_PREFIX_PATH}:/home/albert/ag_arm_ws/install/arm_py:/home/albert/ws_moveit2/install/moveit_configs_utils:/home/albert/ws_moveit2/install/launch_param_builder:/home/albert/umov_ws/install/arduino_py_examples:/home/albert/udem2_ws/install/actions_py:/home/albert/udem2_ws/install/lifecycle_py:/home/albert/udem2_ws/install/executors_py:/home/albert/udem2_ws/install/components_py:/home/albert/udem_ws/install/turtlesim_catcher:/home/albert/udem_ws/install/my_py_pkg:/home/albert/udem_ws/install/lifecycle_py:/home/albert/bcdc_ws/install/agbot_teleop:/home/albert/bcdc_ws/install/agbot_py:/home/albert/arduinobot_ws/install/arduinobot_py_examples:/opt/ros/humble /home/albert/.local/bin/cmake --build /home/albert/umov_ws/build/arduino_bringup -- -j8 -l8
[0.185s] Invoking command in '/home/albert/umov_ws/build/arduino_bringup': CMAKE_PREFIX_PATH=${CMAKE_PREFIX_PATH}:/home/albert/ag_arm_ws/install/arm_py:/home/albert/ws_moveit2/install/moveit_configs_utils:/home/albert/ws_moveit2/install/launch_param_builder:/home/albert/umov_ws/install/arduino_py_examples:/home/albert/udem2_ws/install/actions_py:/home/albert/udem2_ws/install/lifecycle_py:/home/albert/udem2_ws/install/executors_py:/home/albert/udem2_ws/install/components_py:/home/albert/udem_ws/install/turtlesim_catcher:/home/albert/udem_ws/install/my_py_pkg:/home/albert/udem_ws/install/lifecycle_py:/home/albert/bcdc_ws/install/agbot_teleop:/home/albert/bcdc_ws/install/agbot_py:/home/albert/arduinobot_ws/install/arduinobot_py_examples:/opt/ros/humble /home/albert/.local/bin/cmake --install /home/albert/umov_ws/build/arduino_bringup
[0.188s] -- Install configuration: ""
[0.188s] -- Up-to-date: /home/albert/umov_ws/install/arduino_bringup/share/arduino_bringup/launch
[0.189s] -- Up-to-date: /home/albert/umov_ws/install/arduino_bringup/share/arduino_bringup/launch/real_robot.launch.py
[0.191s] -- Up-to-date: /home/albert/umov_ws/install/arduino_bringup/share/arduino_bringup/launch/simulated_robot.launch.py
[0.191s] -- Up-to-date: /home/albert/umov_ws/install/arduino_bringup/share/ament_index/resource_index/package_run_dependencies/arduino_bringup
[0.192s] -- Up-to-date: /home/albert/umov_ws/install/arduino_bringup/share/ament_index/resource_index/parent_prefix_path/arduino_bringup
[0.192s] -- Up-to-date: /home/albert/umov_ws/install/arduino_bringup/share/arduino_bringup/environment/ament_prefix_path.sh
[0.192s] -- Up-to-date: /home/albert/umov_ws/install/arduino_bringup/share/arduino_bringup/environment/ament_prefix_path.dsv
[0.192s] -- Up-to-date: /home/albert/umov_ws/install/arduino_bringup/share/arduino_bringup/environment/path.sh
[0.199s] -- Up-to-date: /home/albert/umov_ws/install/arduino_bringup/share/arduino_bringup/environment/path.dsv
[0.199s] -- Up-to-date: /home/albert/umov_ws/install/arduino_bringup/share/arduino_bringup/local_setup.bash
[0.200s] -- Up-to-date: /home/albert/umov_ws/install/arduino_bringup/share/arduino_bringup/local_setup.sh
[0.200s] -- Up-to-date: /home/albert/umov_ws/install/arduino_bringup/share/arduino_bringup/local_setup.zsh
[0.200s] -- Up-to-date: /home/albert/umov_ws/install/arduino_bringup/share/arduino_bringup/local_setup.dsv
[0.200s] -- Installing: /home/albert/umov_ws/install/arduino_bringup/share/arduino_bringup/package.dsv
[0.201s] -- Up-to-date: /home/albert/umov_ws/install/arduino_bringup/share/ament_index/resource_index/packages/arduino_bringup
[0.201s] -- Up-to-date: /home/albert/umov_ws/install/arduino_bringup/share/arduino_bringup/cmake/arduino_bringupConfig.cmake
[0.201s] -- Up-to-date: /home/albert/umov_ws/install/arduino_bringup/share/arduino_bringup/cmake/arduino_bringupConfig-version.cmake
[0.201s] -- Up-to-date: /home/albert/umov_ws/install/arduino_bringup/share/arduino_bringup/package.xml
[0.319s] Invoked command in '/home/albert/umov_ws/build/arduino_bringup' returned '0': CMAKE_PREFIX_PATH=${CMAKE_PREFIX_PATH}:/home/albert/ag_arm_ws/install/arm_py:/home/albert/ws_moveit2/install/moveit_configs_utils:/home/albert/ws_moveit2/install/launch_param_builder:/home/albert/umov_ws/install/arduino_py_examples:/home/albert/udem2_ws/install/actions_py:/home/albert/udem2_ws/install/lifecycle_py:/home/albert/udem2_ws/install/executors_py:/home/albert/udem2_ws/install/components_py:/home/albert/udem_ws/install/turtlesim_catcher:/home/albert/udem_ws/install/my_py_pkg:/home/albert/udem_ws/install/lifecycle_py:/home/albert/bcdc_ws/install/agbot_teleop:/home/albert/bcdc_ws/install/agbot_py:/home/albert/arduinobot_ws/install/arduinobot_py_examples:/opt/ros/humble /home/albert/.local/bin/cmake --install /home/albert/umov_ws/build/arduino_bringup
